2026-02-10 20:35:14.821 | INFO     | pjrt_plugin_tt:setup_tt_pjrt_plugin_dir:42 - Using PJRT plugin directory: /localdev/jameszianxu/tt-xla/python_package/pjrt_plugin_tt
2026-02-10 20:35:14.821 | INFO     | pjrt_plugin_tt:setup_tt_metal_home:103 - Using TT-Metal from the source tree: /localdev/jameszianxu/tt-xla/third_party/tt-mlir/src/tt-mlir/third_party/tt-metal/src/tt-metal
2026-02-10 20:35:14.821 | WARNING  | torch_plugin_tt:__init__:38 - TT plugin is setting XLA_STABLEHLO_COMPILE to 1. This is required for TT PJRT plugin to work correctly.
============================= test session starts ==============================
platform linux -- Python 3.11.14, pytest-9.0.2, pluggy-1.6.0 -- /localdev/jameszianxu/tt-xla/venv/bin/python
cachedir: .pytest_cache
metadata: {'Python': '3.11.14', 'Platform': 'Linux-5.15.0-142-generic-x86_64-with-glibc2.35', 'Packages': {'pytest': '9.0.2', 'pluggy': '1.6.0'}, 'Plugins': {'split': '0.11.0', 'forked': '1.6.0', 'json-report': '1.5.0', 'anyio': '4.12.1', 'metadata': '3.1.1', 'jaxtyping': '0.3.7'}}
rootdir: /localdev/jameszianxu/tt-xla
configfile: pytest.ini
plugins: split-0.11.0, forked-1.6.0, json-report-1.5.0, anyio-4.12.1, metadata-3.1.1, jaxtyping-0.3.7
collecting ... collected 1 item

tests/torch/models/kimi_k2/test_kimi_k2.py::test_kimi_k2_attention_decode 2026-02-10 20:35:18.856 (   0.000s) [        C75E3480]   plugin_attributes.cc:60       1| PluginAttributes::PJRT_Plugin_Initialize
2026-02-10 20:35:18.856 (   0.000s) [        C75E3480]     client_instance.cc:514      1| ClientInstance::PJRT_Client_Create
2026-02-10 20:35:18.858 (   0.002s) [        C75E3480]     client_instance.cc:178      1| ClientInstance::ClientInstance
2026-02-10 20:35:18.858 (   0.002s) [        C75E3480]     client_instance.cc:199      1| ClientInstance::Initialize
2026-02-10 20:35:20.118 (   1.261s) [        C75E3480]              stubs.inc:103   WARN| STUB: PJRT_Client_TopologyDescription
2026-02-10 20:35:20.118 (   1.261s) [        C75E3480]      error_instance.cc:52       1| ErrorInstance::PJRT_Error_Message
2026-02-10 20:35:20.118 (   1.261s) [        C75E3480]      error_instance.cc:61       1| ErrorInstance::PJRT_Error_GetCode
2026-02-10 20:35:20.118 (   1.261s) [        C75E3480]      error_instance.cc:46       1| ErrorInstance::PJRT_Error_Destroy
2026-02-10 20:35:20.118 (   1.261s) [        C75E3480]     client_instance.cc:568      1| ClientInstance::PJRT_Client_PlatformVersion
2026-02-10 20:35:20.118 (   1.261s) [        C75E3480]     client_instance.cc:549      1| ClientInstance::PJRT_Client_PlatformName
2026-02-10 20:35:20.118 (   1.261s) [        C75E3480]     client_instance.cc:579      1| ClientInstance::PJRT_Client_Devices
2026-02-10 20:35:20.118 (   1.261s) [        C75E3480]     device_instance.cc:44       1| DeviceInstance::PJRT_Device_GetDescription
2026-02-10 20:35:20.118 (   1.261s) [        C75E3480]  device_description.cc:82       1| DeviceDescription::PJRT_DeviceDescription_Attributes
2026-02-10 20:35:20.118 (   1.261s) [        C75E3480]     device_instance.cc:44       1| DeviceInstance::PJRT_Device_GetDescription
2026-02-10 20:35:20.118 (   1.261s) [        C75E3480]  device_description.cc:82       1| DeviceDescription::PJRT_DeviceDescription_Attributes
2026-02-10 20:35:20.118 (   1.261s) [        C75E3480]     device_instance.cc:44       1| DeviceInstance::PJRT_Device_GetDescription
2026-02-10 20:35:20.118 (   1.261s) [        C75E3480]  device_description.cc:82       1| DeviceDescription::PJRT_DeviceDescription_Attributes
2026-02-10 20:35:20.118 (   1.261s) [        C75E3480]     device_instance.cc:44       1| DeviceInstance::PJRT_Device_GetDescription
2026-02-10 20:35:20.118 (   1.261s) [        C75E3480]  device_description.cc:82       1| DeviceDescription::PJRT_DeviceDescription_Attributes
2026-02-10 20:35:20.118 (   1.261s) [        C75E3480]     device_instance.cc:44       1| DeviceInstance::PJRT_Device_GetDescription
2026-02-10 20:35:20.118 (   1.261s) [        C75E3480]  device_description.cc:82       1| DeviceDescription::PJRT_DeviceDescription_Attributes
2026-02-10 20:35:20.118 (   1.261s) [        C75E3480]     device_instance.cc:44       1| DeviceInstance::PJRT_Device_GetDescription
2026-02-10 20:35:20.118 (   1.261s) [        C75E3480]  device_description.cc:82       1| DeviceDescription::PJRT_DeviceDescription_Attributes
2026-02-10 20:35:20.118 (   1.261s) [        C75E3480]     device_instance.cc:44       1| DeviceInstance::PJRT_Device_GetDescription
2026-02-10 20:35:20.118 (   1.261s) [        C75E3480]  device_description.cc:82       1| DeviceDescription::PJRT_DeviceDescription_Attributes
2026-02-10 20:35:20.118 (   1.261s) [        C75E3480]     device_instance.cc:44       1| DeviceInstance::PJRT_Device_GetDescription
2026-02-10 20:35:20.118 (   1.261s) [        C75E3480]  device_description.cc:82       1| DeviceDescription::PJRT_DeviceDescription_Attributes
2026-02-10 20:35:20.118 (   1.261s) [        C75E3480]     client_instance.cc:592      1| ClientInstance::PJRT_Client_AddressableDevices
2026-02-10 20:35:20.118 (   1.261s) [        C75E3480]     client_instance.cc:642      1| ClientInstance::PJRT_Client_AddressableMemories
2026-02-10 20:35:20.118 (   1.261s) [        C75E3480]     device_instance.cc:71       1| DeviceInstance::PJRT_Device_AddressableMemories
2026-02-10 20:35:20.118 (   1.261s) [        C75E3480]     device_instance.cc:71       1| DeviceInstance::PJRT_Device_AddressableMemories
2026-02-10 20:35:20.118 (   1.261s) [        C75E3480]     device_instance.cc:71       1| DeviceInstance::PJRT_Device_AddressableMemories
2026-02-10 20:35:20.118 (   1.261s) [        C75E3480]     device_instance.cc:71       1| DeviceInstance::PJRT_Device_AddressableMemories
2026-02-10 20:35:20.118 (   1.261s) [        C75E3480]     device_instance.cc:71       1| DeviceInstance::PJRT_Device_AddressableMemories
2026-02-10 20:35:20.118 (   1.261s) [        C75E3480]     device_instance.cc:71       1| DeviceInstance::PJRT_Device_AddressableMemories
2026-02-10 20:35:20.118 (   1.261s) [        C75E3480]     device_instance.cc:71       1| DeviceInstance::PJRT_Device_AddressableMemories
2026-02-10 20:35:20.118 (   1.261s) [        C75E3480]     device_instance.cc:71       1| DeviceInstance::PJRT_Device_AddressableMemories
2026-02-10 20:35:20.118 (   1.261s) [        C75E3480]     memory_instance.cc:124      1| MemoryInstance::PJRT_Memory_AddressableByDevices
2026-02-10 20:35:20.118 (   1.261s) [        C75E3480]     memory_instance.cc:124      1| MemoryInstance::PJRT_Memory_AddressableByDevices
2026-02-10 20:35:20.118 (   1.261s) [        C75E3480]     memory_instance.cc:124      1| MemoryInstance::PJRT_Memory_AddressableByDevices
2026-02-10 20:35:20.118 (   1.262s) [        C75E3480]     memory_instance.cc:124      1| MemoryInstance::PJRT_Memory_AddressableByDevices
2026-02-10 20:35:20.118 (   1.262s) [        C75E3480]     memory_instance.cc:124      1| MemoryInstance::PJRT_Memory_AddressableByDevices
2026-02-10 20:35:20.118 (   1.262s) [        C75E3480]     memory_instance.cc:124      1| MemoryInstance::PJRT_Memory_AddressableByDevices
2026-02-10 20:35:20.118 (   1.262s) [        C75E3480]     memory_instance.cc:124      1| MemoryInstance::PJRT_Memory_AddressableByDevices
2026-02-10 20:35:20.118 (   1.262s) [        C75E3480]     memory_instance.cc:124      1| MemoryInstance::PJRT_Memory_AddressableByDevices
2026-02-10 20:35:20.118 (   1.262s) [        C75E3480]     memory_instance.cc:124      1| MemoryInstance::PJRT_Memory_AddressableByDevices
2026-02-10 20:35:20.118 (   1.262s) [        C75E3480]   plugin_attributes.cc:66       1| PluginAttributes::PJRT_Plugin_Attributes
2026-02-10 20:35:20.118576: W torch_xla/csrc/runtime/profiler.cpp:88] Profiler API not found for PJRT plugin
2026-02-10 20:35:20.118 (   1.262s) [        C75E3480]  device_description.cc:63       1| DeviceDescription::PJRT_DeviceDescription_Id
2026-02-10 20:35:20.118 (   1.262s) [        C75E3480]  device_description.cc:63       1| DeviceDescription::PJRT_DeviceDescription_Id
2026-02-10 20:35:20.118 (   1.262s) [        C75E3480]  device_description.cc:63       1| DeviceDescription::PJRT_DeviceDescription_Id
2026-02-10 20:35:20.118 (   1.262s) [        C75E3480]  device_description.cc:63       1| DeviceDescription::PJRT_DeviceDescription_Id
2026-02-10 20:35:20.118 (   1.262s) [        C75E3480]  device_description.cc:63       1| DeviceDescription::PJRT_DeviceDescription_Id
2026-02-10 20:35:20.118 (   1.262s) [        C75E3480]  device_description.cc:63       1| DeviceDescription::PJRT_DeviceDescription_Id
2026-02-10 20:35:20.118 (   1.262s) [        C75E3480]  device_description.cc:63       1| DeviceDescription::PJRT_DeviceDescription_Id
2026-02-10 20:35:20.118 (   1.262s) [        C75E3480]  device_description.cc:63       1| DeviceDescription::PJRT_DeviceDescription_Id
2026-02-10 20:35:20.118 (   1.262s) [        C75E3480]  device_description.cc:63       1| DeviceDescription::PJRT_DeviceDescription_Id
2026-02-10 20:35:20.118 (   1.262s) [        C75E3480]  device_description.cc:63       1| DeviceDescription::PJRT_DeviceDescription_Id
2026-02-10 20:35:20.118 (   1.262s) [        C75E3480]  device_description.cc:63       1| DeviceDescription::PJRT_DeviceDescription_Id
2026-02-10 20:35:20.118 (   1.262s) [        C75E3480]  device_description.cc:63       1| DeviceDescription::PJRT_DeviceDescription_Id
2026-02-10 20:35:20.118 (   1.262s) [        C75E3480]  device_description.cc:63       1| DeviceDescription::PJRT_DeviceDescription_Id
2026-02-10 20:35:20.118 (   1.262s) [        C75E3480]  device_description.cc:63       1| DeviceDescription::PJRT_DeviceDescription_Id
2026-02-10 20:35:20.118 (   1.262s) [        C75E3480]  device_description.cc:63       1| DeviceDescription::PJRT_DeviceDescription_Id
2026-02-10 20:35:20.118 (   1.262s) [        C75E3480]  device_description.cc:63       1| DeviceDescription::PJRT_DeviceDescription_Id
2026-02-10 20:35:20.118 (   1.262s) [        C75E3480]  device_description.cc:63       1| DeviceDescription::PJRT_DeviceDescription_Id
2026-02-10 20:35:20.118 (   1.262s) [        C75E3480]  device_description.cc:63       1| DeviceDescription::PJRT_DeviceDescription_Id
2026-02-10 20:35:20.118 (   1.262s) [        C75E3480]  device_description.cc:63       1| DeviceDescription::PJRT_DeviceDescription_Id
2026-02-10 20:35:20.118 (   1.262s) [        C75E3480]  device_description.cc:63       1| DeviceDescription::PJRT_DeviceDescription_Id
2026-02-10 20:35:20.118 (   1.262s) [        C75E3480]  device_description.cc:63       1| DeviceDescription::PJRT_DeviceDescription_Id
2026-02-10 20:35:20.118 (   1.262s) [        C75E3480]  device_description.cc:63       1| DeviceDescription::PJRT_DeviceDescription_Id
2026-02-10 20:35:20.118 (   1.262s) [        C75E3480]  device_description.cc:63       1| DeviceDescription::PJRT_DeviceDescription_Id
2026-02-10 20:35:20.118 (   1.262s) [        C75E3480]  device_description.cc:63       1| DeviceDescription::PJRT_DeviceDescription_Id
2026-02-10 20:35:20.118 (   1.262s) [        C75E3480]  device_description.cc:63       1| DeviceDescription::PJRT_DeviceDescription_Id
2026-02-10 20:35:20.118 (   1.262s) [        C75E3480]  device_description.cc:63       1| DeviceDescription::PJRT_DeviceDescription_Id
2026-02-10 20:35:20.118 (   1.262s) [        C75E3480]  device_description.cc:63       1| DeviceDescription::PJRT_DeviceDescription_Id
2026-02-10 20:35:20.118 (   1.262s) [        C75E3480]  device_description.cc:63       1| DeviceDescription::PJRT_DeviceDescription_Id
2026-02-10 20:35:20.118 (   1.262s) [        C75E3480]  device_description.cc:63       1| DeviceDescription::PJRT_DeviceDescription_Id
2026-02-10 20:35:20.118 (   1.262s) [        C75E3480]  device_description.cc:63       1| DeviceDescription::PJRT_DeviceDescription_Id
2026-02-10 20:35:20.118 (   1.262s) [        C75E3480]  device_description.cc:63       1| DeviceDescription::PJRT_DeviceDescription_Id
2026-02-10 20:35:20.118 (   1.262s) [        C75E3480]  device_description.cc:63       1| DeviceDescription::PJRT_DeviceDescription_Id
2026-02-10 20:35:20.118 (   1.262s) [        C75E3480]  device_description.cc:63       1| DeviceDescription::PJRT_DeviceDescription_Id
2026-02-10 20:35:20.118 (   1.262s) [        C75E3480]  device_description.cc:63       1| DeviceDescription::PJRT_DeviceDescription_Id
2026-02-10 20:35:20.118 (   1.262s) [        C75E3480]  device_description.cc:63       1| DeviceDescription::PJRT_DeviceDescription_Id
2026-02-10 20:35:20.118 (   1.262s) [        C75E3480]  device_description.cc:63       1| DeviceDescription::PJRT_DeviceDescription_Id
2026-02-10 20:35:20.118 (   1.262s) [        C75E3480]  device_description.cc:63       1| DeviceDescription::PJRT_DeviceDescription_Id
2026-02-10 20:35:20.118 (   1.262s) [        C75E3480]  device_description.cc:63       1| DeviceDescription::PJRT_DeviceDescription_Id
2026-02-10 20:35:20.118 (   1.262s) [        C75E3480]  device_description.cc:63       1| DeviceDescription::PJRT_DeviceDescription_Id
2026-02-10 20:35:20.118 (   1.262s) [        C75E3480]  device_description.cc:63       1| DeviceDescription::PJRT_DeviceDescription_Id
2026-02-10 20:35:20.118 (   1.262s) [        C75E3480]  device_description.cc:63       1| DeviceDescription::PJRT_DeviceDescription_Id
2026-02-10 20:35:20.118 (   1.262s) [        C75E3480]  device_description.cc:63       1| DeviceDescription::PJRT_DeviceDescription_Id
2026-02-10 20:35:20.118 (   1.262s) [        C75E3480]  device_description.cc:63       1| DeviceDescription::PJRT_DeviceDescription_Id
2026-02-10 20:35:20.118 (   1.262s) [        C75E3480]  device_description.cc:63       1| DeviceDescription::PJRT_DeviceDescription_Id
2026-02-10 20:35:20.118 (   1.262s) [        C75E3480]  device_description.cc:63       1| DeviceDescription::PJRT_DeviceDescription_Id
2026-02-10 20:35:20.118 (   1.262s) [        C75E3480]  device_description.cc:63       1| DeviceDescription::PJRT_DeviceDescription_Id
2026-02-10 20:35:20.118 (   1.262s) [        C75E3480]  device_description.cc:63       1| DeviceDescription::PJRT_DeviceDescription_Id
2026-02-10 20:35:20.118 (   1.262s) [        C75E3480]  device_description.cc:63       1| DeviceDescription::PJRT_DeviceDescription_Id
2026-02-10 20:35:20.118 (   1.262s) [        C75E3480]  device_description.cc:63       1| DeviceDescription::PJRT_DeviceDescription_Id
2026-02-10 20:35:20.118 (   1.262s) [        C75E3480]  device_description.cc:63       1| DeviceDescription::PJRT_DeviceDescription_Id
2026-02-10 20:35:20.118 (   1.262s) [        C75E3480]  device_description.cc:63       1| DeviceDescription::PJRT_DeviceDescription_Id
2026-02-10 20:35:20.118 (   1.262s) [        C75E3480]  device_description.cc:63       1| DeviceDescription::PJRT_DeviceDescription_Id
2026-02-10 20:35:20.118 (   1.262s) [        C75E3480]  device_description.cc:63       1| DeviceDescription::PJRT_DeviceDescription_Id
2026-02-10 20:35:20.118 (   1.262s) [        C75E3480]  device_description.cc:63       1| DeviceDescription::PJRT_DeviceDescription_Id
2026-02-10 20:35:20.118 (   1.262s) [        C75E3480]  device_description.cc:63       1| DeviceDescription::PJRT_DeviceDescription_Id
2026-02-10 20:35:20.118 (   1.262s) [        C75E3480]  device_description.cc:63       1| DeviceDescription::PJRT_DeviceDescription_Id
2026-02-10 20:35:20.118 (   1.262s) [        C75E3480]  device_description.cc:63       1| DeviceDescription::PJRT_DeviceDescription_Id
2026-02-10 20:35:20.118 (   1.262s) [        C75E3480]  device_description.cc:63       1| DeviceDescription::PJRT_DeviceDescription_Id
2026-02-10 20:35:20.118 (   1.262s) [        C75E3480]  device_description.cc:63       1| DeviceDescription::PJRT_DeviceDescription_Id
2026-02-10 20:35:20.118 (   1.262s) [        C75E3480]  device_description.cc:63       1| DeviceDescription::PJRT_DeviceDescription_Id
2026-02-10 20:35:20.118 (   1.262s) [        C75E3480]  device_description.cc:120      1| DeviceDescription::PJRT_DeviceDescription_ToString
2026-02-10 20:35:20.118 (   1.262s) [        C75E3480]  device_description.cc:120      1| DeviceDescription::PJRT_DeviceDescription_ToString
2026-02-10 20:35:20.118 (   1.262s) [        C75E3480]  device_description.cc:120      1| DeviceDescription::PJRT_DeviceDescription_ToString
2026-02-10 20:35:20.118 (   1.262s) [        C75E3480]  device_description.cc:120      1| DeviceDescription::PJRT_DeviceDescription_ToString
2026-02-10 20:35:20.118 (   1.262s) [        C75E3480]  device_description.cc:120      1| DeviceDescription::PJRT_DeviceDescription_ToString
2026-02-10 20:35:20.118 (   1.262s) [        C75E3480]  device_description.cc:120      1| DeviceDescription::PJRT_DeviceDescription_ToString
2026-02-10 20:35:20.118 (   1.262s) [        C75E3480]  device_description.cc:120      1| DeviceDescription::PJRT_DeviceDescription_ToString
2026-02-10 20:35:20.118 (   1.262s) [        C75E3480]  device_description.cc:120      1| DeviceDescription::PJRT_DeviceDescription_ToString
2026-02-10 20:35:20.118 (   1.262s) [        C75E3480]  device_description.cc:63       1| DeviceDescription::PJRT_DeviceDescription_Id
2026-02-10 20:35:20.118 (   1.262s) [        C75E3480]  device_description.cc:63       1| DeviceDescription::PJRT_DeviceDescription_Id
2026-02-10 20:35:20.118 (   1.262s) [        C75E3480]  device_description.cc:63       1| DeviceDescription::PJRT_DeviceDescription_Id
2026-02-10 20:35:20.118 (   1.262s) [        C75E3480]  device_description.cc:63       1| DeviceDescription::PJRT_DeviceDescription_Id
2026-02-10 20:35:20.118 (   1.262s) [        C75E3480]  device_description.cc:63       1| DeviceDescription::PJRT_DeviceDescription_Id
2026-02-10 20:35:20.118 (   1.262s) [        C75E3480]  device_description.cc:63       1| DeviceDescription::PJRT_DeviceDescription_Id
2026-02-10 20:35:20.118 (   1.262s) [        C75E3480]  device_description.cc:63       1| DeviceDescription::PJRT_DeviceDescription_Id
2026-02-10 20:35:20.118 (   1.262s) [        C75E3480]  device_description.cc:63       1| DeviceDescription::PJRT_DeviceDescription_Id
2026-02-10 20:35:20.118 (   1.262s) [        C75E3480]  device_description.cc:63       1| DeviceDescription::PJRT_DeviceDescription_Id
2026-02-10 20:35:20.118 (   1.262s) [        C75E3480]  device_description.cc:63       1| DeviceDescription::PJRT_DeviceDescription_Id
2026-02-10 20:35:20.118 (   1.262s) [        C75E3480]  device_description.cc:63       1| DeviceDescription::PJRT_DeviceDescription_Id
2026-02-10 20:35:20.118 (   1.262s) [        C75E3480]  device_description.cc:63       1| DeviceDescription::PJRT_DeviceDescription_Id
2026-02-10 20:35:20.118 (   1.262s) [        C75E3480]  device_description.cc:63       1| DeviceDescription::PJRT_DeviceDescription_Id
2026-02-10 20:35:20.118 (   1.262s) [        C75E3480]  device_description.cc:63       1| DeviceDescription::PJRT_DeviceDescription_Id
2026-02-10 20:35:20.118 (   1.262s) [        C75E3480]  device_description.cc:63       1| DeviceDescription::PJRT_DeviceDescription_Id
2026-02-10 20:35:20.118 (   1.262s) [        C75E3480]  device_description.cc:63       1| DeviceDescription::PJRT_DeviceDescription_Id
2026-02-10 20:35:26.831 (   7.975s) [        C75E3480]  device_description.cc:63       1| DeviceDescription::PJRT_DeviceDescription_Id
2026-02-10 20:35:26.831 (   7.975s) [        C75E3480]  device_description.cc:63       1| DeviceDescription::PJRT_DeviceDescription_Id
2026-02-10 20:35:26.831 (   7.975s) [        C75E3480]  device_description.cc:63       1| DeviceDescription::PJRT_DeviceDescription_Id
2026-02-10 20:35:26.831 (   7.975s) [        C75E3480]  device_description.cc:63       1| DeviceDescription::PJRT_DeviceDescription_Id
2026-02-10 20:35:26.831 (   7.975s) [        C75E3480]  device_description.cc:63       1| DeviceDescription::PJRT_DeviceDescription_Id
2026-02-10 20:35:26.831 (   7.975s) [        C75E3480]  device_description.cc:63       1| DeviceDescription::PJRT_DeviceDescription_Id
2026-02-10 20:35:26.831 (   7.975s) [        C75E3480]  device_description.cc:63       1| DeviceDescription::PJRT_DeviceDescription_Id
2026-02-10 20:35:26.831 (   7.975s) [        C75E3480]  device_description.cc:63       1| DeviceDescription::PJRT_DeviceDescription_Id
2026-02-10 20:35:26.872 (   8.015s) [        C75E3480]  device_description.cc:63       1| DeviceDescription::PJRT_DeviceDescription_Id
2026-02-10 20:35:26.872 (   8.015s) [        C75E3480]  device_description.cc:63       1| DeviceDescription::PJRT_DeviceDescription_Id
2026-02-10 20:35:26.872 (   8.015s) [        C75E3480]  device_description.cc:63       1| DeviceDescription::PJRT_DeviceDescription_Id
2026-02-10 20:35:26.872 (   8.015s) [        C75E3480]  device_description.cc:63       1| DeviceDescription::PJRT_DeviceDescription_Id
2026-02-10 20:35:26.872 (   8.015s) [        C75E3480]  device_description.cc:63       1| DeviceDescription::PJRT_DeviceDescription_Id
2026-02-10 20:35:26.872 (   8.015s) [        C75E3480]  device_description.cc:63       1| DeviceDescription::PJRT_DeviceDescription_Id
2026-02-10 20:35:26.872 (   8.015s) [        C75E3480]  device_description.cc:63       1| DeviceDescription::PJRT_DeviceDescription_Id
2026-02-10 20:35:26.872 (   8.015s) [        C75E3480]  device_description.cc:63       1| DeviceDescription::PJRT_DeviceDescription_Id
2026-02-10 20:35:26.872 (   8.016s) [        C75E3480]     device_instance.cc:82       1| DeviceInstance::PJRT_Device_DefaultMemory
2026-02-10 20:35:26.872 (   8.016s) [        C75E3480]     client_instance.cc:704      1| ClientInstance::PJRT_Client_BufferFromHostBuffer
2026-02-10 20:35:26.872 (   8.016s) [        C75E3480]     memory_instance.cc:57       1| MemoryInstance::getDevice
2026-02-10 20:35:26.872 (   8.016s) [        C75E3480]     buffer_instance.cc:169      1| [JAMES][BufferInstance] UID: 0, Shape: [16, 1, 3584]
2026-02-10 20:35:26.873 (   8.016s) [        C75E3480]      event_instance.cc:223      1| EventInstance::PJRT_Event_OnReady
2026-02-10 20:35:26.873 (   8.016s) [        C75E3480]      event_instance.cc:172      1| EventInstance::PJRT_Event_Destroy
2026-02-10 20:35:26.873 (   8.016s) [        C75E3480]     device_instance.cc:82       1| DeviceInstance::PJRT_Device_DefaultMemory
2026-02-10 20:35:26.873 (   8.016s) [        C75E3480]     client_instance.cc:704      1| ClientInstance::PJRT_Client_BufferFromHostBuffer
2026-02-10 20:35:26.873 (   8.016s) [        C75E3480]     memory_instance.cc:57       1| MemoryInstance::getDevice
2026-02-10 20:35:26.873 (   8.017s) [        C75E3480]     buffer_instance.cc:169      1| [JAMES][BufferInstance] UID: 1, Shape: [16, 1, 3584]
2026-02-10 20:35:26.873 (   8.017s) [        C75E3480]      event_instance.cc:223      1| EventInstance::PJRT_Event_OnReady
2026-02-10 20:35:26.873 (   8.017s) [        C75E3480]      event_instance.cc:172      1| EventInstance::PJRT_Event_Destroy
2026-02-10 20:35:26.873 (   8.017s) [        C75E3480]     device_instance.cc:82       1| DeviceInstance::PJRT_Device_DefaultMemory
2026-02-10 20:35:26.873 (   8.017s) [        C75E3480]     client_instance.cc:704      1| ClientInstance::PJRT_Client_BufferFromHostBuffer
2026-02-10 20:35:26.873 (   8.017s) [        C75E3480]     memory_instance.cc:57       1| MemoryInstance::getDevice
2026-02-10 20:35:26.873 (   8.017s) [        C75E3480]     buffer_instance.cc:169      1| [JAMES][BufferInstance] UID: 2, Shape: [16, 1, 3584]
2026-02-10 20:35:26.873 (   8.017s) [        C75E3480]      event_instance.cc:223      1| EventInstance::PJRT_Event_OnReady
2026-02-10 20:35:26.873 (   8.017s) [        C75E3480]      event_instance.cc:172      1| EventInstance::PJRT_Event_Destroy
2026-02-10 20:35:26.873 (   8.017s) [        C75E3480]     device_instance.cc:82       1| DeviceInstance::PJRT_Device_DefaultMemory
2026-02-10 20:35:26.873 (   8.017s) [        C75E3480]     client_instance.cc:704      1| ClientInstance::PJRT_Client_BufferFromHostBuffer
2026-02-10 20:35:26.873 (   8.017s) [        C75E3480]     memory_instance.cc:57       1| MemoryInstance::getDevice
2026-02-10 20:35:26.873 (   8.017s) [        C75E3480]     buffer_instance.cc:169      1| [JAMES][BufferInstance] UID: 3, Shape: [16, 1, 3584]
2026-02-10 20:35:26.873 (   8.017s) [        C75E3480]      event_instance.cc:223      1| EventInstance::PJRT_Event_OnReady
2026-02-10 20:35:26.873 (   8.017s) [        C75E3480]      event_instance.cc:172      1| EventInstance::PJRT_Event_Destroy
2026-02-10 20:35:26.873 (   8.017s) [        C75E3480]     device_instance.cc:82       1| DeviceInstance::PJRT_Device_DefaultMemory
2026-02-10 20:35:26.873 (   8.017s) [        C75E3480]     client_instance.cc:704      1| ClientInstance::PJRT_Client_BufferFromHostBuffer
2026-02-10 20:35:26.873 (   8.017s) [        C75E3480]     memory_instance.cc:57       1| MemoryInstance::getDevice
2026-02-10 20:35:26.873 (   8.017s) [        C75E3480]     buffer_instance.cc:169      1| [JAMES][BufferInstance] UID: 4, Shape: [16, 1, 3584]
2026-02-10 20:35:26.873 (   8.017s) [        C75E3480]      event_instance.cc:223      1| EventInstance::PJRT_Event_OnReady
2026-02-10 20:35:26.873 (   8.017s) [        C75E3480]      event_instance.cc:172      1| EventInstance::PJRT_Event_Destroy
2026-02-10 20:35:26.873 (   8.017s) [        C75E3480]     device_instance.cc:82       1| DeviceInstance::PJRT_Device_DefaultMemory
2026-02-10 20:35:26.873 (   8.017s) [        C75E3480]     client_instance.cc:704      1| ClientInstance::PJRT_Client_BufferFromHostBuffer
2026-02-10 20:35:26.873 (   8.017s) [        C75E3480]     memory_instance.cc:57       1| MemoryInstance::getDevice
2026-02-10 20:35:26.873 (   8.017s) [        C75E3480]     buffer_instance.cc:169      1| [JAMES][BufferInstance] UID: 5, Shape: [16, 1, 3584]
2026-02-10 20:35:26.873 (   8.017s) [        C75E3480]      event_instance.cc:223      1| EventInstance::PJRT_Event_OnReady
2026-02-10 20:35:26.873 (   8.017s) [        C75E3480]      event_instance.cc:172      1| EventInstance::PJRT_Event_Destroy
2026-02-10 20:35:26.873 (   8.017s) [        C75E3480]     device_instance.cc:82       1| DeviceInstance::PJRT_Device_DefaultMemory
2026-02-10 20:35:26.873 (   8.017s) [        C75E3480]     client_instance.cc:704      1| ClientInstance::PJRT_Client_BufferFromHostBuffer
2026-02-10 20:35:26.873 (   8.017s) [        C75E3480]     memory_instance.cc:57       1| MemoryInstance::getDevice
2026-02-10 20:35:26.873 (   8.017s) [        C75E3480]     buffer_instance.cc:169      1| [JAMES][BufferInstance] UID: 6, Shape: [16, 1, 3584]
2026-02-10 20:35:26.873 (   8.017s) [        C75E3480]      event_instance.cc:223      1| EventInstance::PJRT_Event_OnReady
2026-02-10 20:35:26.873 (   8.017s) [        C75E3480]      event_instance.cc:172      1| EventInstance::PJRT_Event_Destroy
2026-02-10 20:35:26.873 (   8.017s) [        C75E3480]     device_instance.cc:82       1| DeviceInstance::PJRT_Device_DefaultMemory
2026-02-10 20:35:26.873 (   8.017s) [        C75E3480]     client_instance.cc:704      1| ClientInstance::PJRT_Client_BufferFromHostBuffer
2026-02-10 20:35:26.873 (   8.017s) [        C75E3480]     memory_instance.cc:57       1| MemoryInstance::getDevice
2026-02-10 20:35:26.873 (   8.017s) [        C75E3480]     buffer_instance.cc:169      1| [JAMES][BufferInstance] UID: 7, Shape: [16, 1, 3584]
2026-02-10 20:35:26.873 (   8.017s) [        C75E3480]      event_instance.cc:223      1| EventInstance::PJRT_Event_OnReady
2026-02-10 20:35:26.873 (   8.017s) [        C75E3480]      event_instance.cc:172      1| EventInstance::PJRT_Event_Destroy
2026-02-10 20:35:26.874 (   8.018s) [        C75E3480]  device_description.cc:63       1| DeviceDescription::PJRT_DeviceDescription_Id
2026-02-10 20:35:26.874 (   8.018s) [        C75E3480]  device_description.cc:63       1| DeviceDescription::PJRT_DeviceDescription_Id
2026-02-10 20:35:26.874 (   8.018s) [        C75E3480]  device_description.cc:63       1| DeviceDescription::PJRT_DeviceDescription_Id
2026-02-10 20:35:26.874 (   8.018s) [        C75E3480]  device_description.cc:63       1| DeviceDescription::PJRT_DeviceDescription_Id
2026-02-10 20:35:26.874 (   8.018s) [        C75E3480]  device_description.cc:63       1| DeviceDescription::PJRT_DeviceDescription_Id
2026-02-10 20:35:26.874 (   8.018s) [        C75E3480]  device_description.cc:63       1| DeviceDescription::PJRT_DeviceDescription_Id
2026-02-10 20:35:26.874 (   8.018s) [        C75E3480]  device_description.cc:63       1| DeviceDescription::PJRT_DeviceDescription_Id
2026-02-10 20:35:26.874 (   8.018s) [        C75E3480]  device_description.cc:63       1| DeviceDescription::PJRT_DeviceDescription_Id
2026-02-10 20:35:26.874 (   8.018s) [        C75E3480]     device_instance.cc:82       1| DeviceInstance::PJRT_Device_DefaultMemory
2026-02-10 20:35:26.874 (   8.018s) [        C75E3480]     client_instance.cc:704      1| ClientInstance::PJRT_Client_BufferFromHostBuffer
2026-02-10 20:35:26.874 (   8.018s) [        C75E3480]     memory_instance.cc:57       1| MemoryInstance::getDevice
2026-02-10 20:35:26.874 (   8.018s) [        C75E3480]     buffer_instance.cc:169      1| [JAMES][BufferInstance] UID: 8, Shape: [16, 1, 1, 1024]
2026-02-10 20:35:26.874 (   8.018s) [        C75E3480]      event_instance.cc:223      1| EventInstance::PJRT_Event_OnReady
2026-02-10 20:35:26.874 (   8.018s) [        C75E3480]      event_instance.cc:172      1| EventInstance::PJRT_Event_Destroy
2026-02-10 20:35:26.874 (   8.018s) [        C75E3480]     device_instance.cc:82       1| DeviceInstance::PJRT_Device_DefaultMemory
2026-02-10 20:35:26.874 (   8.018s) [        C75E3480]     client_instance.cc:704      1| ClientInstance::PJRT_Client_BufferFromHostBuffer
2026-02-10 20:35:26.874 (   8.018s) [        C75E3480]     memory_instance.cc:57       1| MemoryInstance::getDevice
2026-02-10 20:35:26.874 (   8.018s) [        C75E3480]     buffer_instance.cc:169      1| [JAMES][BufferInstance] UID: 9, Shape: [16, 1, 1, 1024]
2026-02-10 20:35:26.874 (   8.018s) [        C75E3480]      event_instance.cc:223      1| EventInstance::PJRT_Event_OnReady
2026-02-10 20:35:26.874 (   8.018s) [        C75E3480]      event_instance.cc:172      1| EventInstance::PJRT_Event_Destroy
2026-02-10 20:35:26.874 (   8.018s) [        C75E3480]     device_instance.cc:82       1| DeviceInstance::PJRT_Device_DefaultMemory
2026-02-10 20:35:26.874 (   8.018s) [        C75E3480]     client_instance.cc:704      1| ClientInstance::PJRT_Client_BufferFromHostBuffer
2026-02-10 20:35:26.874 (   8.018s) [        C75E3480]     memory_instance.cc:57       1| MemoryInstance::getDevice
2026-02-10 20:35:26.874 (   8.018s) [        C75E3480]     buffer_instance.cc:169      1| [JAMES][BufferInstance] UID: 10, Shape: [16, 1, 1, 1024]
2026-02-10 20:35:26.874 (   8.018s) [        C75E3480]      event_instance.cc:223      1| EventInstance::PJRT_Event_OnReady
2026-02-10 20:35:26.874 (   8.018s) [        C75E3480]      event_instance.cc:172      1| EventInstance::PJRT_Event_Destroy
2026-02-10 20:35:26.874 (   8.018s) [        C75E3480]     device_instance.cc:82       1| DeviceInstance::PJRT_Device_DefaultMemory
2026-02-10 20:35:26.874 (   8.018s) [        C75E3480]     client_instance.cc:704      1| ClientInstance::PJRT_Client_BufferFromHostBuffer
2026-02-10 20:35:26.874 (   8.018s) [        C75E3480]     memory_instance.cc:57       1| MemoryInstance::getDevice
2026-02-10 20:35:26.874 (   8.018s) [        C75E3480]     buffer_instance.cc:169      1| [JAMES][BufferInstance] UID: 11, Shape: [16, 1, 1, 1024]
2026-02-10 20:35:26.875 (   8.018s) [        C75E3480]      event_instance.cc:223      1| EventInstance::PJRT_Event_OnReady
2026-02-10 20:35:26.875 (   8.018s) [        C75E3480]      event_instance.cc:172      1| EventInstance::PJRT_Event_Destroy
2026-02-10 20:35:26.875 (   8.018s) [        C75E3480]     device_instance.cc:82       1| DeviceInstance::PJRT_Device_DefaultMemory
2026-02-10 20:35:26.875 (   8.018s) [        C75E3480]     client_instance.cc:704      1| ClientInstance::PJRT_Client_BufferFromHostBuffer
2026-02-10 20:35:26.875 (   8.018s) [        C75E3480]     memory_instance.cc:57       1| MemoryInstance::getDevice
2026-02-10 20:35:26.875 (   8.018s) [        C75E3480]     buffer_instance.cc:169      1| [JAMES][BufferInstance] UID: 12, Shape: [16, 1, 1, 1024]
2026-02-10 20:35:26.875 (   8.018s) [        C75E3480]      event_instance.cc:223      1| EventInstance::PJRT_Event_OnReady
2026-02-10 20:35:26.875 (   8.018s) [        C75E3480]      event_instance.cc:172      1| EventInstance::PJRT_Event_Destroy
2026-02-10 20:35:26.875 (   8.018s) [        C75E3480]     device_instance.cc:82       1| DeviceInstance::PJRT_Device_DefaultMemory
2026-02-10 20:35:26.875 (   8.018s) [        C75E3480]     client_instance.cc:704      1| ClientInstance::PJRT_Client_BufferFromHostBuffer
2026-02-10 20:35:26.875 (   8.018s) [        C75E3480]     memory_instance.cc:57       1| MemoryInstance::getDevice
2026-02-10 20:35:26.875 (   8.018s) [        C75E3480]     buffer_instance.cc:169      1| [JAMES][BufferInstance] UID: 13, Shape: [16, 1, 1, 1024]
2026-02-10 20:35:26.875 (   8.018s) [        C75E3480]      event_instance.cc:223      1| EventInstance::PJRT_Event_OnReady
2026-02-10 20:35:26.875 (   8.018s) [        C75E3480]      event_instance.cc:172      1| EventInstance::PJRT_Event_Destroy
2026-02-10 20:35:26.875 (   8.018s) [        C75E3480]     device_instance.cc:82       1| DeviceInstance::PJRT_Device_DefaultMemory
2026-02-10 20:35:26.875 (   8.018s) [        C75E3480]     client_instance.cc:704      1| ClientInstance::PJRT_Client_BufferFromHostBuffer
2026-02-10 20:35:26.875 (   8.018s) [        C75E3480]     memory_instance.cc:57       1| MemoryInstance::getDevice
2026-02-10 20:35:26.875 (   8.018s) [        C75E3480]     buffer_instance.cc:169      1| [JAMES][BufferInstance] UID: 14, Shape: [16, 1, 1, 1024]
2026-02-10 20:35:26.875 (   8.018s) [        C75E3480]      event_instance.cc:223      1| EventInstance::PJRT_Event_OnReady
2026-02-10 20:35:26.875 (   8.018s) [        C75E3480]      event_instance.cc:172      1| EventInstance::PJRT_Event_Destroy
2026-02-10 20:35:26.875 (   8.018s) [        C75E3480]     device_instance.cc:82       1| DeviceInstance::PJRT_Device_DefaultMemory
2026-02-10 20:35:26.875 (   8.018s) [        C75E3480]     client_instance.cc:704      1| ClientInstance::PJRT_Client_BufferFromHostBuffer
2026-02-10 20:35:26.875 (   8.018s) [        C75E3480]     memory_instance.cc:57       1| MemoryInstance::getDevice
2026-02-10 20:35:26.875 (   8.018s) [        C75E3480]     buffer_instance.cc:169      1| [JAMES][BufferInstance] UID: 15, Shape: [16, 1, 1, 1024]
2026-02-10 20:35:26.875 (   8.018s) [        C75E3480]      event_instance.cc:223      1| EventInstance::PJRT_Event_OnReady
2026-02-10 20:35:26.875 (   8.018s) [        C75E3480]      event_instance.cc:172      1| EventInstance::PJRT_Event_Destroy
2026-02-10 20:35:26.875 (   8.019s) [        C75E3480]  device_description.cc:63       1| DeviceDescription::PJRT_DeviceDescription_Id
2026-02-10 20:35:26.875 (   8.019s) [        C75E3480]  device_description.cc:63       1| DeviceDescription::PJRT_DeviceDescription_Id
2026-02-10 20:35:26.875 (   8.019s) [        C75E3480]  device_description.cc:63       1| DeviceDescription::PJRT_DeviceDescription_Id
2026-02-10 20:35:26.875 (   8.019s) [        C75E3480]  device_description.cc:63       1| DeviceDescription::PJRT_DeviceDescription_Id
2026-02-10 20:35:26.875 (   8.019s) [        C75E3480]  device_description.cc:63       1| DeviceDescription::PJRT_DeviceDescription_Id
2026-02-10 20:35:26.875 (   8.019s) [        C75E3480]  device_description.cc:63       1| DeviceDescription::PJRT_DeviceDescription_Id
2026-02-10 20:35:26.875 (   8.019s) [        C75E3480]  device_description.cc:63       1| DeviceDescription::PJRT_DeviceDescription_Id
2026-02-10 20:35:26.875 (   8.019s) [        C75E3480]  device_description.cc:63       1| DeviceDescription::PJRT_DeviceDescription_Id
2026-02-10 20:35:26.890 (   8.034s) [        C75E3480]     device_instance.cc:82       1| DeviceInstance::PJRT_Device_DefaultMemory
2026-02-10 20:35:26.890 (   8.034s) [        C75E3480]     client_instance.cc:704      1| ClientInstance::PJRT_Client_BufferFromHostBuffer
2026-02-10 20:35:26.890 (   8.034s) [        C75E3480]     memory_instance.cc:57       1| MemoryInstance::getDevice
2026-02-10 20:35:26.890 (   8.034s) [        C75E3480]     buffer_instance.cc:169      1| [JAMES][BufferInstance] UID: 16, Shape: [16, 1, 1024, 512]
2026-02-10 20:35:26.891 (   8.034s) [        C75E3480]      event_instance.cc:223      1| EventInstance::PJRT_Event_OnReady
2026-02-10 20:35:26.891 (   8.034s) [        C75E3480]      event_instance.cc:172      1| EventInstance::PJRT_Event_Destroy
2026-02-10 20:35:26.891 (   8.034s) [        C75E3480]     device_instance.cc:82       1| DeviceInstance::PJRT_Device_DefaultMemory
2026-02-10 20:35:26.891 (   8.034s) [        C75E3480]     client_instance.cc:704      1| ClientInstance::PJRT_Client_BufferFromHostBuffer
2026-02-10 20:35:26.891 (   8.034s) [        C75E3480]     memory_instance.cc:57       1| MemoryInstance::getDevice
2026-02-10 20:35:26.891 (   8.034s) [        C75E3480]     buffer_instance.cc:169      1| [JAMES][BufferInstance] UID: 17, Shape: [16, 1, 1024, 512]
2026-02-10 20:35:26.891 (   8.034s) [        C75E3480]      event_instance.cc:223      1| EventInstance::PJRT_Event_OnReady
2026-02-10 20:35:26.891 (   8.034s) [        C75E3480]      event_instance.cc:172      1| EventInstance::PJRT_Event_Destroy
2026-02-10 20:35:26.891 (   8.034s) [        C75E3480]     device_instance.cc:82       1| DeviceInstance::PJRT_Device_DefaultMemory
2026-02-10 20:35:26.891 (   8.034s) [        C75E3480]     client_instance.cc:704      1| ClientInstance::PJRT_Client_BufferFromHostBuffer
2026-02-10 20:35:26.891 (   8.034s) [        C75E3480]     memory_instance.cc:57       1| MemoryInstance::getDevice
2026-02-10 20:35:26.891 (   8.034s) [        C75E3480]     buffer_instance.cc:169      1| [JAMES][BufferInstance] UID: 18, Shape: [16, 1, 1024, 512]
2026-02-10 20:35:26.891 (   8.034s) [        C75E3480]      event_instance.cc:223      1| EventInstance::PJRT_Event_OnReady
2026-02-10 20:35:26.891 (   8.034s) [        C75E3480]      event_instance.cc:172      1| EventInstance::PJRT_Event_Destroy
2026-02-10 20:35:26.891 (   8.034s) [        C75E3480]     device_instance.cc:82       1| DeviceInstance::PJRT_Device_DefaultMemory
2026-02-10 20:35:26.891 (   8.034s) [        C75E3480]     client_instance.cc:704      1| ClientInstance::PJRT_Client_BufferFromHostBuffer
2026-02-10 20:35:26.891 (   8.034s) [        C75E3480]     memory_instance.cc:57       1| MemoryInstance::getDevice
2026-02-10 20:35:26.891 (   8.034s) [        C75E3480]     buffer_instance.cc:169      1| [JAMES][BufferInstance] UID: 19, Shape: [16, 1, 1024, 512]
2026-02-10 20:35:26.891 (   8.034s) [        C75E3480]      event_instance.cc:223      1| EventInstance::PJRT_Event_OnReady
2026-02-10 20:35:26.891 (   8.034s) [        C75E3480]      event_instance.cc:172      1| EventInstance::PJRT_Event_Destroy
2026-02-10 20:35:26.891 (   8.034s) [        C75E3480]     device_instance.cc:82       1| DeviceInstance::PJRT_Device_DefaultMemory
2026-02-10 20:35:26.891 (   8.034s) [        C75E3480]     client_instance.cc:704      1| ClientInstance::PJRT_Client_BufferFromHostBuffer
2026-02-10 20:35:26.891 (   8.034s) [        C75E3480]     memory_instance.cc:57       1| MemoryInstance::getDevice
2026-02-10 20:35:26.891 (   8.034s) [        C75E3480]     buffer_instance.cc:169      1| [JAMES][BufferInstance] UID: 20, Shape: [16, 1, 1024, 512]
2026-02-10 20:35:26.891 (   8.035s) [        C75E3480]      event_instance.cc:223      1| EventInstance::PJRT_Event_OnReady
2026-02-10 20:35:26.891 (   8.035s) [        C75E3480]      event_instance.cc:172      1| EventInstance::PJRT_Event_Destroy
2026-02-10 20:35:26.891 (   8.035s) [        C75E3480]     device_instance.cc:82       1| DeviceInstance::PJRT_Device_DefaultMemory
2026-02-10 20:35:26.891 (   8.035s) [        C75E3480]     client_instance.cc:704      1| ClientInstance::PJRT_Client_BufferFromHostBuffer
2026-02-10 20:35:26.891 (   8.035s) [        C75E3480]     memory_instance.cc:57       1| MemoryInstance::getDevice
2026-02-10 20:35:26.891 (   8.035s) [        C75E3480]     buffer_instance.cc:169      1| [JAMES][BufferInstance] UID: 21, Shape: [16, 1, 1024, 512]
2026-02-10 20:35:26.891 (   8.035s) [        C75E3480]      event_instance.cc:223      1| EventInstance::PJRT_Event_OnReady
2026-02-10 20:35:26.891 (   8.035s) [        C75E3480]      event_instance.cc:172      1| EventInstance::PJRT_Event_Destroy
2026-02-10 20:35:26.891 (   8.035s) [        C75E3480]     device_instance.cc:82       1| DeviceInstance::PJRT_Device_DefaultMemory
2026-02-10 20:35:26.891 (   8.035s) [        C75E3480]     client_instance.cc:704      1| ClientInstance::PJRT_Client_BufferFromHostBuffer
2026-02-10 20:35:26.891 (   8.035s) [        C75E3480]     memory_instance.cc:57       1| MemoryInstance::getDevice
2026-02-10 20:35:26.891 (   8.035s) [        C75E3480]     buffer_instance.cc:169      1| [JAMES][BufferInstance] UID: 22, Shape: [16, 1, 1024, 512]
2026-02-10 20:35:26.891 (   8.035s) [        C75E3480]      event_instance.cc:223      1| EventInstance::PJRT_Event_OnReady
2026-02-10 20:35:26.891 (   8.035s) [        C75E3480]      event_instance.cc:172      1| EventInstance::PJRT_Event_Destroy
2026-02-10 20:35:26.891 (   8.035s) [        C75E3480]     device_instance.cc:82       1| DeviceInstance::PJRT_Device_DefaultMemory
2026-02-10 20:35:26.891 (   8.035s) [        C75E3480]     client_instance.cc:704      1| ClientInstance::PJRT_Client_BufferFromHostBuffer
2026-02-10 20:35:26.891 (   8.035s) [        C75E3480]     memory_instance.cc:57       1| MemoryInstance::getDevice
2026-02-10 20:35:26.891 (   8.035s) [        C75E3480]     buffer_instance.cc:169      1| [JAMES][BufferInstance] UID: 23, Shape: [16, 1, 1024, 512]
2026-02-10 20:35:26.891 (   8.035s) [        C75E3480]      event_instance.cc:223      1| EventInstance::PJRT_Event_OnReady
2026-02-10 20:35:26.891 (   8.035s) [        C75E3480]      event_instance.cc:172      1| EventInstance::PJRT_Event_Destroy
2026-02-10 20:35:26.896 (   8.039s) [        C75E3480]  device_description.cc:63       1| DeviceDescription::PJRT_DeviceDescription_Id
2026-02-10 20:35:26.896 (   8.039s) [        C75E3480]  device_description.cc:63       1| DeviceDescription::PJRT_DeviceDescription_Id
2026-02-10 20:35:26.896 (   8.039s) [        C75E3480]  device_description.cc:63       1| DeviceDescription::PJRT_DeviceDescription_Id
2026-02-10 20:35:26.896 (   8.039s) [        C75E3480]  device_description.cc:63       1| DeviceDescription::PJRT_DeviceDescription_Id
2026-02-10 20:35:26.896 (   8.039s) [        C75E3480]  device_description.cc:63       1| DeviceDescription::PJRT_DeviceDescription_Id
2026-02-10 20:35:26.896 (   8.039s) [        C75E3480]  device_description.cc:63       1| DeviceDescription::PJRT_DeviceDescription_Id
2026-02-10 20:35:26.896 (   8.039s) [        C75E3480]  device_description.cc:63       1| DeviceDescription::PJRT_DeviceDescription_Id
2026-02-10 20:35:26.896 (   8.039s) [        C75E3480]  device_description.cc:63       1| DeviceDescription::PJRT_DeviceDescription_Id
2026-02-10 20:35:26.897 (   8.040s) [        C75E3480]     device_instance.cc:82       1| DeviceInstance::PJRT_Device_DefaultMemory
2026-02-10 20:35:26.897 (   8.040s) [        C75E3480]     client_instance.cc:704      1| ClientInstance::PJRT_Client_BufferFromHostBuffer
2026-02-10 20:35:26.897 (   8.040s) [        C75E3480]     memory_instance.cc:57       1| MemoryInstance::getDevice
2026-02-10 20:35:26.897 (   8.040s) [        C75E3480]     buffer_instance.cc:169      1| [JAMES][BufferInstance] UID: 24, Shape: [16, 1, 1024, 64]
2026-02-10 20:35:26.897 (   8.041s) [        C75E3480]      event_instance.cc:223      1| EventInstance::PJRT_Event_OnReady
2026-02-10 20:35:26.897 (   8.041s) [        C75E3480]      event_instance.cc:172      1| EventInstance::PJRT_Event_Destroy
2026-02-10 20:35:26.897 (   8.041s) [        C75E3480]     device_instance.cc:82       1| DeviceInstance::PJRT_Device_DefaultMemory
2026-02-10 20:35:26.897 (   8.041s) [        C75E3480]     client_instance.cc:704      1| ClientInstance::PJRT_Client_BufferFromHostBuffer
2026-02-10 20:35:26.897 (   8.041s) [        C75E3480]     memory_instance.cc:57       1| MemoryInstance::getDevice
2026-02-10 20:35:26.897 (   8.041s) [        C75E3480]     buffer_instance.cc:169      1| [JAMES][BufferInstance] UID: 25, Shape: [16, 1, 1024, 64]
2026-02-10 20:35:26.897 (   8.041s) [        C75E3480]      event_instance.cc:223      1| EventInstance::PJRT_Event_OnReady
2026-02-10 20:35:26.897 (   8.041s) [        C75E3480]      event_instance.cc:172      1| EventInstance::PJRT_Event_Destroy
2026-02-10 20:35:26.897 (   8.041s) [        C75E3480]     device_instance.cc:82       1| DeviceInstance::PJRT_Device_DefaultMemory
2026-02-10 20:35:26.897 (   8.041s) [        C75E3480]     client_instance.cc:704      1| ClientInstance::PJRT_Client_BufferFromHostBuffer
2026-02-10 20:35:26.897 (   8.041s) [        C75E3480]     memory_instance.cc:57       1| MemoryInstance::getDevice
2026-02-10 20:35:26.897 (   8.041s) [        C75E3480]     buffer_instance.cc:169      1| [JAMES][BufferInstance] UID: 26, Shape: [16, 1, 1024, 64]
2026-02-10 20:35:26.897 (   8.041s) [        C75E3480]      event_instance.cc:223      1| EventInstance::PJRT_Event_OnReady
2026-02-10 20:35:26.897 (   8.041s) [        C75E3480]      event_instance.cc:172      1| EventInstance::PJRT_Event_Destroy
2026-02-10 20:35:26.897 (   8.041s) [        C75E3480]     device_instance.cc:82       1| DeviceInstance::PJRT_Device_DefaultMemory
2026-02-10 20:35:26.897 (   8.041s) [        C75E3480]     client_instance.cc:704      1| ClientInstance::PJRT_Client_BufferFromHostBuffer
2026-02-10 20:35:26.897 (   8.041s) [        C75E3480]     memory_instance.cc:57       1| MemoryInstance::getDevice
2026-02-10 20:35:26.897 (   8.041s) [        C75E3480]     buffer_instance.cc:169      1| [JAMES][BufferInstance] UID: 27, Shape: [16, 1, 1024, 64]
2026-02-10 20:35:26.897 (   8.041s) [        C75E3480]      event_instance.cc:223      1| EventInstance::PJRT_Event_OnReady
2026-02-10 20:35:26.897 (   8.041s) [        C75E3480]      event_instance.cc:172      1| EventInstance::PJRT_Event_Destroy
2026-02-10 20:35:26.897 (   8.041s) [        C75E3480]     device_instance.cc:82       1| DeviceInstance::PJRT_Device_DefaultMemory
2026-02-10 20:35:26.897 (   8.041s) [        C75E3480]     client_instance.cc:704      1| ClientInstance::PJRT_Client_BufferFromHostBuffer
2026-02-10 20:35:26.897 (   8.041s) [        C75E3480]     memory_instance.cc:57       1| MemoryInstance::getDevice
2026-02-10 20:35:26.897 (   8.041s) [        C75E3480]     buffer_instance.cc:169      1| [JAMES][BufferInstance] UID: 28, Shape: [16, 1, 1024, 64]
2026-02-10 20:35:26.897 (   8.041s) [        C75E3480]      event_instance.cc:223      1| EventInstance::PJRT_Event_OnReady
2026-02-10 20:35:26.897 (   8.041s) [        C75E3480]      event_instance.cc:172      1| EventInstance::PJRT_Event_Destroy
2026-02-10 20:35:26.897 (   8.041s) [        C75E3480]     device_instance.cc:82       1| DeviceInstance::PJRT_Device_DefaultMemory
2026-02-10 20:35:26.897 (   8.041s) [        C75E3480]     client_instance.cc:704      1| ClientInstance::PJRT_Client_BufferFromHostBuffer
2026-02-10 20:35:26.897 (   8.041s) [        C75E3480]     memory_instance.cc:57       1| MemoryInstance::getDevice
2026-02-10 20:35:26.897 (   8.041s) [        C75E3480]     buffer_instance.cc:169      1| [JAMES][BufferInstance] UID: 29, Shape: [16, 1, 1024, 64]
2026-02-10 20:35:26.897 (   8.041s) [        C75E3480]      event_instance.cc:223      1| EventInstance::PJRT_Event_OnReady
2026-02-10 20:35:26.897 (   8.041s) [        C75E3480]      event_instance.cc:172      1| EventInstance::PJRT_Event_Destroy
2026-02-10 20:35:26.897 (   8.041s) [        C75E3480]     device_instance.cc:82       1| DeviceInstance::PJRT_Device_DefaultMemory
2026-02-10 20:35:26.897 (   8.041s) [        C75E3480]     client_instance.cc:704      1| ClientInstance::PJRT_Client_BufferFromHostBuffer
2026-02-10 20:35:26.897 (   8.041s) [        C75E3480]     memory_instance.cc:57       1| MemoryInstance::getDevice
2026-02-10 20:35:26.897 (   8.041s) [        C75E3480]     buffer_instance.cc:169      1| [JAMES][BufferInstance] UID: 30, Shape: [16, 1, 1024, 64]
2026-02-10 20:35:26.898 (   8.041s) [        C75E3480]      event_instance.cc:223      1| EventInstance::PJRT_Event_OnReady
2026-02-10 20:35:26.898 (   8.041s) [        C75E3480]      event_instance.cc:172      1| EventInstance::PJRT_Event_Destroy
2026-02-10 20:35:26.898 (   8.041s) [        C75E3480]     device_instance.cc:82       1| DeviceInstance::PJRT_Device_DefaultMemory
2026-02-10 20:35:26.898 (   8.041s) [        C75E3480]     client_instance.cc:704      1| ClientInstance::PJRT_Client_BufferFromHostBuffer
2026-02-10 20:35:26.898 (   8.041s) [        C75E3480]     memory_instance.cc:57       1| MemoryInstance::getDevice
2026-02-10 20:35:26.898 (   8.041s) [        C75E3480]     buffer_instance.cc:169      1| [JAMES][BufferInstance] UID: 31, Shape: [16, 1, 1024, 64]
2026-02-10 20:35:26.898 (   8.041s) [        C75E3480]      event_instance.cc:223      1| EventInstance::PJRT_Event_OnReady
2026-02-10 20:35:26.898 (   8.041s) [        C75E3480]      event_instance.cc:172      1| EventInstance::PJRT_Event_Destroy
2026-02-10 20:35:26.898 (   8.042s) [        C75E3480]  device_description.cc:63       1| DeviceDescription::PJRT_DeviceDescription_Id
2026-02-10 20:35:26.898 (   8.042s) [        C75E3480]  device_description.cc:63       1| DeviceDescription::PJRT_DeviceDescription_Id
2026-02-10 20:35:26.898 (   8.042s) [        C75E3480]  device_description.cc:63       1| DeviceDescription::PJRT_DeviceDescription_Id
2026-02-10 20:35:26.898 (   8.042s) [        C75E3480]  device_description.cc:63       1| DeviceDescription::PJRT_DeviceDescription_Id
2026-02-10 20:35:26.898 (   8.042s) [        C75E3480]  device_description.cc:63       1| DeviceDescription::PJRT_DeviceDescription_Id
2026-02-10 20:35:26.898 (   8.042s) [        C75E3480]  device_description.cc:63       1| DeviceDescription::PJRT_DeviceDescription_Id
2026-02-10 20:35:26.898 (   8.042s) [        C75E3480]  device_description.cc:63       1| DeviceDescription::PJRT_DeviceDescription_Id
2026-02-10 20:35:26.898 (   8.042s) [        C75E3480]  device_description.cc:63       1| DeviceDescription::PJRT_DeviceDescription_Id
2026-02-10 20:35:26.915 (   8.058s) [        C75E3480]     device_instance.cc:82       1| DeviceInstance::PJRT_Device_DefaultMemory
2026-02-10 20:35:26.915 (   8.058s) [        C75E3480]     client_instance.cc:704      1| ClientInstance::PJRT_Client_BufferFromHostBuffer
2026-02-10 20:35:26.915 (   8.058s) [        C75E3480]     memory_instance.cc:57       1| MemoryInstance::getDevice
2026-02-10 20:35:26.915 (   8.058s) [        C75E3480]     buffer_instance.cc:169      1| [JAMES][BufferInstance] UID: 32, Shape: [6144, 1536]
2026-02-10 20:35:26.915 (   8.058s) [        C75E3480]      event_instance.cc:223      1| EventInstance::PJRT_Event_OnReady
2026-02-10 20:35:26.915 (   8.058s) [        C75E3480]      event_instance.cc:172      1| EventInstance::PJRT_Event_Destroy
2026-02-10 20:35:26.915 (   8.058s) [        C75E3480]     device_instance.cc:82       1| DeviceInstance::PJRT_Device_DefaultMemory
2026-02-10 20:35:26.915 (   8.058s) [        C75E3480]     client_instance.cc:704      1| ClientInstance::PJRT_Client_BufferFromHostBuffer
2026-02-10 20:35:26.915 (   8.058s) [        C75E3480]     memory_instance.cc:57       1| MemoryInstance::getDevice
2026-02-10 20:35:26.915 (   8.058s) [        C75E3480]     buffer_instance.cc:169      1| [JAMES][BufferInstance] UID: 33, Shape: [6144, 1536]
2026-02-10 20:35:26.915 (   8.059s) [        C75E3480]      event_instance.cc:223      1| EventInstance::PJRT_Event_OnReady
2026-02-10 20:35:26.915 (   8.059s) [        C75E3480]      event_instance.cc:172      1| EventInstance::PJRT_Event_Destroy
2026-02-10 20:35:26.915 (   8.059s) [        C75E3480]     device_instance.cc:82       1| DeviceInstance::PJRT_Device_DefaultMemory
2026-02-10 20:35:26.915 (   8.059s) [        C75E3480]     client_instance.cc:704      1| ClientInstance::PJRT_Client_BufferFromHostBuffer
2026-02-10 20:35:26.915 (   8.059s) [        C75E3480]     memory_instance.cc:57       1| MemoryInstance::getDevice
2026-02-10 20:35:26.915 (   8.059s) [        C75E3480]     buffer_instance.cc:169      1| [JAMES][BufferInstance] UID: 34, Shape: [6144, 1536]
2026-02-10 20:35:26.915 (   8.059s) [        C75E3480]      event_instance.cc:223      1| EventInstance::PJRT_Event_OnReady
2026-02-10 20:35:26.915 (   8.059s) [        C75E3480]      event_instance.cc:172      1| EventInstance::PJRT_Event_Destroy
2026-02-10 20:35:26.915 (   8.059s) [        C75E3480]     device_instance.cc:82       1| DeviceInstance::PJRT_Device_DefaultMemory
2026-02-10 20:35:26.915 (   8.059s) [        C75E3480]     client_instance.cc:704      1| ClientInstance::PJRT_Client_BufferFromHostBuffer
2026-02-10 20:35:26.915 (   8.059s) [        C75E3480]     memory_instance.cc:57       1| MemoryInstance::getDevice
2026-02-10 20:35:26.915 (   8.059s) [        C75E3480]     buffer_instance.cc:169      1| [JAMES][BufferInstance] UID: 35, Shape: [6144, 1536]
2026-02-10 20:35:26.915 (   8.059s) [        C75E3480]      event_instance.cc:223      1| EventInstance::PJRT_Event_OnReady
2026-02-10 20:35:26.915 (   8.059s) [        C75E3480]      event_instance.cc:172      1| EventInstance::PJRT_Event_Destroy
2026-02-10 20:35:26.915 (   8.059s) [        C75E3480]     device_instance.cc:82       1| DeviceInstance::PJRT_Device_DefaultMemory
2026-02-10 20:35:26.915 (   8.059s) [        C75E3480]     client_instance.cc:704      1| ClientInstance::PJRT_Client_BufferFromHostBuffer
2026-02-10 20:35:26.915 (   8.059s) [        C75E3480]     memory_instance.cc:57       1| MemoryInstance::getDevice
2026-02-10 20:35:26.915 (   8.059s) [        C75E3480]     buffer_instance.cc:169      1| [JAMES][BufferInstance] UID: 36, Shape: [6144, 1536]
2026-02-10 20:35:26.915 (   8.059s) [        C75E3480]      event_instance.cc:223      1| EventInstance::PJRT_Event_OnReady
2026-02-10 20:35:26.915 (   8.059s) [        C75E3480]      event_instance.cc:172      1| EventInstance::PJRT_Event_Destroy
2026-02-10 20:35:26.915 (   8.059s) [        C75E3480]     device_instance.cc:82       1| DeviceInstance::PJRT_Device_DefaultMemory
2026-02-10 20:35:26.915 (   8.059s) [        C75E3480]     client_instance.cc:704      1| ClientInstance::PJRT_Client_BufferFromHostBuffer
2026-02-10 20:35:26.915 (   8.059s) [        C75E3480]     memory_instance.cc:57       1| MemoryInstance::getDevice
2026-02-10 20:35:26.915 (   8.059s) [        C75E3480]     buffer_instance.cc:169      1| [JAMES][BufferInstance] UID: 37, Shape: [6144, 1536]
2026-02-10 20:35:26.915 (   8.059s) [        C75E3480]      event_instance.cc:223      1| EventInstance::PJRT_Event_OnReady
2026-02-10 20:35:26.915 (   8.059s) [        C75E3480]      event_instance.cc:172      1| EventInstance::PJRT_Event_Destroy
2026-02-10 20:35:26.915 (   8.059s) [        C75E3480]     device_instance.cc:82       1| DeviceInstance::PJRT_Device_DefaultMemory
2026-02-10 20:35:26.915 (   8.059s) [        C75E3480]     client_instance.cc:704      1| ClientInstance::PJRT_Client_BufferFromHostBuffer
2026-02-10 20:35:26.915 (   8.059s) [        C75E3480]     memory_instance.cc:57       1| MemoryInstance::getDevice
2026-02-10 20:35:26.915 (   8.059s) [        C75E3480]     buffer_instance.cc:169      1| [JAMES][BufferInstance] UID: 38, Shape: [6144, 1536]
2026-02-10 20:35:26.915 (   8.059s) [        C75E3480]      event_instance.cc:223      1| EventInstance::PJRT_Event_OnReady
2026-02-10 20:35:26.915 (   8.059s) [        C75E3480]      event_instance.cc:172      1| EventInstance::PJRT_Event_Destroy
2026-02-10 20:35:26.915 (   8.059s) [        C75E3480]     device_instance.cc:82       1| DeviceInstance::PJRT_Device_DefaultMemory
2026-02-10 20:35:26.915 (   8.059s) [        C75E3480]     client_instance.cc:704      1| ClientInstance::PJRT_Client_BufferFromHostBuffer
2026-02-10 20:35:26.915 (   8.059s) [        C75E3480]     memory_instance.cc:57       1| MemoryInstance::getDevice
2026-02-10 20:35:26.915 (   8.059s) [        C75E3480]     buffer_instance.cc:169      1| [JAMES][BufferInstance] UID: 39, Shape: [6144, 1536]
2026-02-10 20:35:26.915 (   8.059s) [        C75E3480]      event_instance.cc:223      1| EventInstance::PJRT_Event_OnReady
2026-02-10 20:35:26.916 (   8.059s) [        C75E3480]      event_instance.cc:172      1| EventInstance::PJRT_Event_Destroy
2026-02-10 20:35:26.919 (   8.062s) [        C75E3480]  device_description.cc:63       1| DeviceDescription::PJRT_DeviceDescription_Id
2026-02-10 20:35:26.919 (   8.062s) [        C75E3480]  device_description.cc:63       1| DeviceDescription::PJRT_DeviceDescription_Id
2026-02-10 20:35:26.919 (   8.062s) [        C75E3480]  device_description.cc:63       1| DeviceDescription::PJRT_DeviceDescription_Id
2026-02-10 20:35:26.919 (   8.062s) [        C75E3480]  device_description.cc:63       1| DeviceDescription::PJRT_DeviceDescription_Id
2026-02-10 20:35:26.919 (   8.062s) [        C75E3480]  device_description.cc:63       1| DeviceDescription::PJRT_DeviceDescription_Id
2026-02-10 20:35:26.919 (   8.062s) [        C75E3480]  device_description.cc:63       1| DeviceDescription::PJRT_DeviceDescription_Id
2026-02-10 20:35:26.919 (   8.062s) [        C75E3480]  device_description.cc:63       1| DeviceDescription::PJRT_DeviceDescription_Id
2026-02-10 20:35:26.919 (   8.062s) [        C75E3480]  device_description.cc:63       1| DeviceDescription::PJRT_DeviceDescription_Id
2026-02-10 20:35:26.922 (   8.066s) [        C75E3480]     device_instance.cc:82       1| DeviceInstance::PJRT_Device_DefaultMemory
2026-02-10 20:35:26.922 (   8.066s) [        C75E3480]     client_instance.cc:704      1| ClientInstance::PJRT_Client_BufferFromHostBuffer
2026-02-10 20:35:26.922 (   8.066s) [        C75E3480]     memory_instance.cc:57       1| MemoryInstance::getDevice
2026-02-10 20:35:26.922 (   8.066s) [        C75E3480]     buffer_instance.cc:169      1| [JAMES][BufferInstance] UID: 40, Shape: [8192, 512]
2026-02-10 20:35:26.922 (   8.066s) [        C75E3480]      event_instance.cc:223      1| EventInstance::PJRT_Event_OnReady
2026-02-10 20:35:26.922 (   8.066s) [        C75E3480]      event_instance.cc:172      1| EventInstance::PJRT_Event_Destroy
2026-02-10 20:35:26.922 (   8.066s) [        C75E3480]     device_instance.cc:82       1| DeviceInstance::PJRT_Device_DefaultMemory
2026-02-10 20:35:26.922 (   8.066s) [        C75E3480]     client_instance.cc:704      1| ClientInstance::PJRT_Client_BufferFromHostBuffer
2026-02-10 20:35:26.922 (   8.066s) [        C75E3480]     memory_instance.cc:57       1| MemoryInstance::getDevice
2026-02-10 20:35:26.922 (   8.066s) [        C75E3480]     buffer_instance.cc:169      1| [JAMES][BufferInstance] UID: 41, Shape: [8192, 512]
2026-02-10 20:35:26.922 (   8.066s) [        C75E3480]      event_instance.cc:223      1| EventInstance::PJRT_Event_OnReady
2026-02-10 20:35:26.922 (   8.066s) [        C75E3480]      event_instance.cc:172      1| EventInstance::PJRT_Event_Destroy
2026-02-10 20:35:26.922 (   8.066s) [        C75E3480]     device_instance.cc:82       1| DeviceInstance::PJRT_Device_DefaultMemory
2026-02-10 20:35:26.922 (   8.066s) [        C75E3480]     client_instance.cc:704      1| ClientInstance::PJRT_Client_BufferFromHostBuffer
2026-02-10 20:35:26.922 (   8.066s) [        C75E3480]     memory_instance.cc:57       1| MemoryInstance::getDevice
2026-02-10 20:35:26.922 (   8.066s) [        C75E3480]     buffer_instance.cc:169      1| [JAMES][BufferInstance] UID: 42, Shape: [8192, 512]
2026-02-10 20:35:26.922 (   8.066s) [        C75E3480]      event_instance.cc:223      1| EventInstance::PJRT_Event_OnReady
2026-02-10 20:35:26.922 (   8.066s) [        C75E3480]      event_instance.cc:172      1| EventInstance::PJRT_Event_Destroy
2026-02-10 20:35:26.922 (   8.066s) [        C75E3480]     device_instance.cc:82       1| DeviceInstance::PJRT_Device_DefaultMemory
2026-02-10 20:35:26.922 (   8.066s) [        C75E3480]     client_instance.cc:704      1| ClientInstance::PJRT_Client_BufferFromHostBuffer
2026-02-10 20:35:26.923 (   8.066s) [        C75E3480]     memory_instance.cc:57       1| MemoryInstance::getDevice
2026-02-10 20:35:26.923 (   8.066s) [        C75E3480]     buffer_instance.cc:169      1| [JAMES][BufferInstance] UID: 43, Shape: [8192, 512]
2026-02-10 20:35:26.923 (   8.066s) [        C75E3480]      event_instance.cc:223      1| EventInstance::PJRT_Event_OnReady
2026-02-10 20:35:26.923 (   8.066s) [        C75E3480]      event_instance.cc:172      1| EventInstance::PJRT_Event_Destroy
2026-02-10 20:35:26.923 (   8.066s) [        C75E3480]     device_instance.cc:82       1| DeviceInstance::PJRT_Device_DefaultMemory
2026-02-10 20:35:26.923 (   8.066s) [        C75E3480]     client_instance.cc:704      1| ClientInstance::PJRT_Client_BufferFromHostBuffer
2026-02-10 20:35:26.923 (   8.066s) [        C75E3480]     memory_instance.cc:57       1| MemoryInstance::getDevice
2026-02-10 20:35:26.923 (   8.066s) [        C75E3480]     buffer_instance.cc:169      1| [JAMES][BufferInstance] UID: 44, Shape: [8192, 512]
2026-02-10 20:35:26.923 (   8.066s) [        C75E3480]      event_instance.cc:223      1| EventInstance::PJRT_Event_OnReady
2026-02-10 20:35:26.923 (   8.066s) [        C75E3480]      event_instance.cc:172      1| EventInstance::PJRT_Event_Destroy
2026-02-10 20:35:26.923 (   8.066s) [        C75E3480]     device_instance.cc:82       1| DeviceInstance::PJRT_Device_DefaultMemory
2026-02-10 20:35:26.923 (   8.066s) [        C75E3480]     client_instance.cc:704      1| ClientInstance::PJRT_Client_BufferFromHostBuffer
2026-02-10 20:35:26.923 (   8.066s) [        C75E3480]     memory_instance.cc:57       1| MemoryInstance::getDevice
2026-02-10 20:35:26.923 (   8.066s) [        C75E3480]     buffer_instance.cc:169      1| [JAMES][BufferInstance] UID: 45, Shape: [8192, 512]
2026-02-10 20:35:26.923 (   8.066s) [        C75E3480]      event_instance.cc:223      1| EventInstance::PJRT_Event_OnReady
2026-02-10 20:35:26.923 (   8.066s) [        C75E3480]      event_instance.cc:172      1| EventInstance::PJRT_Event_Destroy
2026-02-10 20:35:26.923 (   8.066s) [        C75E3480]     device_instance.cc:82       1| DeviceInstance::PJRT_Device_DefaultMemory
2026-02-10 20:35:26.923 (   8.066s) [        C75E3480]     client_instance.cc:704      1| ClientInstance::PJRT_Client_BufferFromHostBuffer
2026-02-10 20:35:26.923 (   8.066s) [        C75E3480]     memory_instance.cc:57       1| MemoryInstance::getDevice
2026-02-10 20:35:26.923 (   8.066s) [        C75E3480]     buffer_instance.cc:169      1| [JAMES][BufferInstance] UID: 46, Shape: [8192, 512]
2026-02-10 20:35:26.923 (   8.066s) [        C75E3480]      event_instance.cc:223      1| EventInstance::PJRT_Event_OnReady
2026-02-10 20:35:26.923 (   8.066s) [        C75E3480]      event_instance.cc:172      1| EventInstance::PJRT_Event_Destroy
2026-02-10 20:35:26.923 (   8.066s) [        C75E3480]     device_instance.cc:82       1| DeviceInstance::PJRT_Device_DefaultMemory
2026-02-10 20:35:26.923 (   8.066s) [        C75E3480]     client_instance.cc:704      1| ClientInstance::PJRT_Client_BufferFromHostBuffer
2026-02-10 20:35:26.923 (   8.066s) [        C75E3480]     memory_instance.cc:57       1| MemoryInstance::getDevice
2026-02-10 20:35:26.923 (   8.066s) [        C75E3480]     buffer_instance.cc:169      1| [JAMES][BufferInstance] UID: 47, Shape: [8192, 512]
2026-02-10 20:35:26.923 (   8.066s) [        C75E3480]      event_instance.cc:223      1| EventInstance::PJRT_Event_OnReady
2026-02-10 20:35:26.923 (   8.066s) [        C75E3480]      event_instance.cc:172      1| EventInstance::PJRT_Event_Destroy
2026-02-10 20:35:26.923 (   8.067s) [        C75E3480]  device_description.cc:63       1| DeviceDescription::PJRT_DeviceDescription_Id
2026-02-10 20:35:26.923 (   8.067s) [        C75E3480]  device_description.cc:63       1| DeviceDescription::PJRT_DeviceDescription_Id
2026-02-10 20:35:26.923 (   8.067s) [        C75E3480]  device_description.cc:63       1| DeviceDescription::PJRT_DeviceDescription_Id
2026-02-10 20:35:26.923 (   8.067s) [        C75E3480]  device_description.cc:63       1| DeviceDescription::PJRT_DeviceDescription_Id
2026-02-10 20:35:26.923 (   8.067s) [        C75E3480]  device_description.cc:63       1| DeviceDescription::PJRT_DeviceDescription_Id
2026-02-10 20:35:26.923 (   8.067s) [        C75E3480]  device_description.cc:63       1| DeviceDescription::PJRT_DeviceDescription_Id
2026-02-10 20:35:26.923 (   8.067s) [        C75E3480]  device_description.cc:63       1| DeviceDescription::PJRT_DeviceDescription_Id
2026-02-10 20:35:26.923 (   8.067s) [        C75E3480]  device_description.cc:63       1| DeviceDescription::PJRT_DeviceDescription_Id
2026-02-10 20:35:27.025 (   8.169s) [        C75E3480]     device_instance.cc:82       1| DeviceInstance::PJRT_Device_DefaultMemory
2026-02-10 20:35:27.025 (   8.169s) [        C75E3480]     client_instance.cc:704      1| ClientInstance::PJRT_Client_BufferFromHostBuffer
2026-02-10 20:35:27.025 (   8.169s) [        C75E3480]     memory_instance.cc:57       1| MemoryInstance::getDevice
2026-02-10 20:35:27.025 (   8.169s) [        C75E3480]     buffer_instance.cc:169      1| [JAMES][BufferInstance] UID: 48, Shape: [7168, 4096]
2026-02-10 20:35:27.026 (   8.169s) [        C75E3480]      event_instance.cc:223      1| EventInstance::PJRT_Event_OnReady
2026-02-10 20:35:27.026 (   8.169s) [        C75E3480]      event_instance.cc:172      1| EventInstance::PJRT_Event_Destroy
2026-02-10 20:35:27.026 (   8.169s) [        C75E3480]     device_instance.cc:82       1| DeviceInstance::PJRT_Device_DefaultMemory
2026-02-10 20:35:27.026 (   8.169s) [        C75E3480]     client_instance.cc:704      1| ClientInstance::PJRT_Client_BufferFromHostBuffer
2026-02-10 20:35:27.026 (   8.169s) [        C75E3480]     memory_instance.cc:57       1| MemoryInstance::getDevice
2026-02-10 20:35:27.026 (   8.169s) [        C75E3480]     buffer_instance.cc:169      1| [JAMES][BufferInstance] UID: 49, Shape: [7168, 4096]
2026-02-10 20:35:27.026 (   8.169s) [        C75E3480]      event_instance.cc:223      1| EventInstance::PJRT_Event_OnReady
2026-02-10 20:35:27.026 (   8.169s) [        C75E3480]      event_instance.cc:172      1| EventInstance::PJRT_Event_Destroy
2026-02-10 20:35:27.026 (   8.169s) [        C75E3480]     device_instance.cc:82       1| DeviceInstance::PJRT_Device_DefaultMemory
2026-02-10 20:35:27.026 (   8.169s) [        C75E3480]     client_instance.cc:704      1| ClientInstance::PJRT_Client_BufferFromHostBuffer
2026-02-10 20:35:27.026 (   8.169s) [        C75E3480]     memory_instance.cc:57       1| MemoryInstance::getDevice
2026-02-10 20:35:27.026 (   8.169s) [        C75E3480]     buffer_instance.cc:169      1| [JAMES][BufferInstance] UID: 50, Shape: [7168, 4096]
2026-02-10 20:35:27.026 (   8.169s) [        C75E3480]      event_instance.cc:223      1| EventInstance::PJRT_Event_OnReady
2026-02-10 20:35:27.026 (   8.169s) [        C75E3480]      event_instance.cc:172      1| EventInstance::PJRT_Event_Destroy
2026-02-10 20:35:27.026 (   8.169s) [        C75E3480]     device_instance.cc:82       1| DeviceInstance::PJRT_Device_DefaultMemory
2026-02-10 20:35:27.026 (   8.169s) [        C75E3480]     client_instance.cc:704      1| ClientInstance::PJRT_Client_BufferFromHostBuffer
2026-02-10 20:35:27.026 (   8.169s) [        C75E3480]     memory_instance.cc:57       1| MemoryInstance::getDevice
2026-02-10 20:35:27.026 (   8.169s) [        C75E3480]     buffer_instance.cc:169      1| [JAMES][BufferInstance] UID: 51, Shape: [7168, 4096]
2026-02-10 20:35:27.026 (   8.169s) [        C75E3480]      event_instance.cc:223      1| EventInstance::PJRT_Event_OnReady
2026-02-10 20:35:27.026 (   8.169s) [        C75E3480]      event_instance.cc:172      1| EventInstance::PJRT_Event_Destroy
2026-02-10 20:35:27.026 (   8.169s) [        C75E3480]     device_instance.cc:82       1| DeviceInstance::PJRT_Device_DefaultMemory
2026-02-10 20:35:27.026 (   8.169s) [        C75E3480]     client_instance.cc:704      1| ClientInstance::PJRT_Client_BufferFromHostBuffer
2026-02-10 20:35:27.026 (   8.169s) [        C75E3480]     memory_instance.cc:57       1| MemoryInstance::getDevice
2026-02-10 20:35:27.026 (   8.169s) [        C75E3480]     buffer_instance.cc:169      1| [JAMES][BufferInstance] UID: 52, Shape: [7168, 4096]
2026-02-10 20:35:27.026 (   8.169s) [        C75E3480]      event_instance.cc:223      1| EventInstance::PJRT_Event_OnReady
2026-02-10 20:35:27.026 (   8.169s) [        C75E3480]      event_instance.cc:172      1| EventInstance::PJRT_Event_Destroy
2026-02-10 20:35:27.026 (   8.169s) [        C75E3480]     device_instance.cc:82       1| DeviceInstance::PJRT_Device_DefaultMemory
2026-02-10 20:35:27.026 (   8.169s) [        C75E3480]     client_instance.cc:704      1| ClientInstance::PJRT_Client_BufferFromHostBuffer
2026-02-10 20:35:27.026 (   8.169s) [        C75E3480]     memory_instance.cc:57       1| MemoryInstance::getDevice
2026-02-10 20:35:27.026 (   8.169s) [        C75E3480]     buffer_instance.cc:169      1| [JAMES][BufferInstance] UID: 53, Shape: [7168, 4096]
2026-02-10 20:35:27.026 (   8.170s) [        C75E3480]      event_instance.cc:223      1| EventInstance::PJRT_Event_OnReady
2026-02-10 20:35:27.026 (   8.170s) [        C75E3480]      event_instance.cc:172      1| EventInstance::PJRT_Event_Destroy
2026-02-10 20:35:27.026 (   8.170s) [        C75E3480]     device_instance.cc:82       1| DeviceInstance::PJRT_Device_DefaultMemory
2026-02-10 20:35:27.026 (   8.170s) [        C75E3480]     client_instance.cc:704      1| ClientInstance::PJRT_Client_BufferFromHostBuffer
2026-02-10 20:35:27.026 (   8.170s) [        C75E3480]     memory_instance.cc:57       1| MemoryInstance::getDevice
2026-02-10 20:35:27.026 (   8.170s) [        C75E3480]     buffer_instance.cc:169      1| [JAMES][BufferInstance] UID: 54, Shape: [7168, 4096]
2026-02-10 20:35:27.026 (   8.170s) [        C75E3480]      event_instance.cc:223      1| EventInstance::PJRT_Event_OnReady
2026-02-10 20:35:27.026 (   8.170s) [        C75E3480]      event_instance.cc:172      1| EventInstance::PJRT_Event_Destroy
2026-02-10 20:35:27.026 (   8.170s) [        C75E3480]     device_instance.cc:82       1| DeviceInstance::PJRT_Device_DefaultMemory
2026-02-10 20:35:27.026 (   8.170s) [        C75E3480]     client_instance.cc:704      1| ClientInstance::PJRT_Client_BufferFromHostBuffer
2026-02-10 20:35:27.026 (   8.170s) [        C75E3480]     memory_instance.cc:57       1| MemoryInstance::getDevice
2026-02-10 20:35:27.026 (   8.170s) [        C75E3480]     buffer_instance.cc:169      1| [JAMES][BufferInstance] UID: 55, Shape: [7168, 4096]
2026-02-10 20:35:27.026 (   8.170s) [        C75E3480]      event_instance.cc:223      1| EventInstance::PJRT_Event_OnReady
2026-02-10 20:35:27.026 (   8.170s) [        C75E3480]      event_instance.cc:172      1| EventInstance::PJRT_Event_Destroy
2026-02-10 20:35:27.062 (   8.205s) [        C75E3480]  device_description.cc:63       1| DeviceDescription::PJRT_DeviceDescription_Id
2026-02-10 20:35:27.062 (   8.205s) [        C75E3480]  device_description.cc:63       1| DeviceDescription::PJRT_DeviceDescription_Id
2026-02-10 20:35:27.062 (   8.205s) [        C75E3480]  device_description.cc:63       1| DeviceDescription::PJRT_DeviceDescription_Id
2026-02-10 20:35:27.062 (   8.205s) [        C75E3480]  device_description.cc:63       1| DeviceDescription::PJRT_DeviceDescription_Id
2026-02-10 20:35:27.062 (   8.205s) [        C75E3480]  device_description.cc:63       1| DeviceDescription::PJRT_DeviceDescription_Id
2026-02-10 20:35:27.062 (   8.205s) [        C75E3480]  device_description.cc:63       1| DeviceDescription::PJRT_DeviceDescription_Id
2026-02-10 20:35:27.062 (   8.205s) [        C75E3480]  device_description.cc:63       1| DeviceDescription::PJRT_DeviceDescription_Id
2026-02-10 20:35:27.062 (   8.205s) [        C75E3480]  device_description.cc:63       1| DeviceDescription::PJRT_DeviceDescription_Id
2026-02-10 20:35:27.075 (   8.218s) [        C75E3480]     device_instance.cc:82       1| DeviceInstance::PJRT_Device_DefaultMemory
2026-02-10 20:35:27.075 (   8.218s) [        C75E3480]     client_instance.cc:704      1| ClientInstance::PJRT_Client_BufferFromHostBuffer
2026-02-10 20:35:27.075 (   8.218s) [        C75E3480]     memory_instance.cc:57       1| MemoryInstance::getDevice
2026-02-10 20:35:27.075 (   8.218s) [        C75E3480]     buffer_instance.cc:169      1| [JAMES][BufferInstance] UID: 56, Shape: [1536, 3584]
2026-02-10 20:35:27.075 (   8.219s) [        C75E3480]      event_instance.cc:223      1| EventInstance::PJRT_Event_OnReady
2026-02-10 20:35:27.075 (   8.219s) [        C75E3480]      event_instance.cc:172      1| EventInstance::PJRT_Event_Destroy
2026-02-10 20:35:27.075 (   8.219s) [        C75E3480]     device_instance.cc:82       1| DeviceInstance::PJRT_Device_DefaultMemory
2026-02-10 20:35:27.075 (   8.219s) [        C75E3480]     client_instance.cc:704      1| ClientInstance::PJRT_Client_BufferFromHostBuffer
2026-02-10 20:35:27.075 (   8.219s) [        C75E3480]     memory_instance.cc:57       1| MemoryInstance::getDevice
2026-02-10 20:35:27.075 (   8.219s) [        C75E3480]     buffer_instance.cc:169      1| [JAMES][BufferInstance] UID: 57, Shape: [1536, 3584]
2026-02-10 20:35:27.075 (   8.219s) [        C75E3480]      event_instance.cc:223      1| EventInstance::PJRT_Event_OnReady
2026-02-10 20:35:27.075 (   8.219s) [        C75E3480]      event_instance.cc:172      1| EventInstance::PJRT_Event_Destroy
2026-02-10 20:35:27.075 (   8.219s) [        C75E3480]     device_instance.cc:82       1| DeviceInstance::PJRT_Device_DefaultMemory
2026-02-10 20:35:27.075 (   8.219s) [        C75E3480]     client_instance.cc:704      1| ClientInstance::PJRT_Client_BufferFromHostBuffer
2026-02-10 20:35:27.075 (   8.219s) [        C75E3480]     memory_instance.cc:57       1| MemoryInstance::getDevice
2026-02-10 20:35:27.075 (   8.219s) [        C75E3480]     buffer_instance.cc:169      1| [JAMES][BufferInstance] UID: 58, Shape: [1536, 3584]
2026-02-10 20:35:27.075 (   8.219s) [        C75E3480]      event_instance.cc:223      1| EventInstance::PJRT_Event_OnReady
2026-02-10 20:35:27.075 (   8.219s) [        C75E3480]      event_instance.cc:172      1| EventInstance::PJRT_Event_Destroy
2026-02-10 20:35:27.075 (   8.219s) [        C75E3480]     device_instance.cc:82       1| DeviceInstance::PJRT_Device_DefaultMemory
2026-02-10 20:35:27.075 (   8.219s) [        C75E3480]     client_instance.cc:704      1| ClientInstance::PJRT_Client_BufferFromHostBuffer
2026-02-10 20:35:27.075 (   8.219s) [        C75E3480]     memory_instance.cc:57       1| MemoryInstance::getDevice
2026-02-10 20:35:27.075 (   8.219s) [        C75E3480]     buffer_instance.cc:169      1| [JAMES][BufferInstance] UID: 59, Shape: [1536, 3584]
2026-02-10 20:35:27.075 (   8.219s) [        C75E3480]      event_instance.cc:223      1| EventInstance::PJRT_Event_OnReady
2026-02-10 20:35:27.075 (   8.219s) [        C75E3480]      event_instance.cc:172      1| EventInstance::PJRT_Event_Destroy
2026-02-10 20:35:27.075 (   8.219s) [        C75E3480]     device_instance.cc:82       1| DeviceInstance::PJRT_Device_DefaultMemory
2026-02-10 20:35:27.075 (   8.219s) [        C75E3480]     client_instance.cc:704      1| ClientInstance::PJRT_Client_BufferFromHostBuffer
2026-02-10 20:35:27.075 (   8.219s) [        C75E3480]     memory_instance.cc:57       1| MemoryInstance::getDevice
2026-02-10 20:35:27.076 (   8.219s) [        C75E3480]     buffer_instance.cc:169      1| [JAMES][BufferInstance] UID: 60, Shape: [1536, 3584]
2026-02-10 20:35:27.076 (   8.219s) [        C75E3480]      event_instance.cc:223      1| EventInstance::PJRT_Event_OnReady
2026-02-10 20:35:27.076 (   8.219s) [        C75E3480]      event_instance.cc:172      1| EventInstance::PJRT_Event_Destroy
2026-02-10 20:35:27.076 (   8.219s) [        C75E3480]     device_instance.cc:82       1| DeviceInstance::PJRT_Device_DefaultMemory
2026-02-10 20:35:27.076 (   8.219s) [        C75E3480]     client_instance.cc:704      1| ClientInstance::PJRT_Client_BufferFromHostBuffer
2026-02-10 20:35:27.076 (   8.219s) [        C75E3480]     memory_instance.cc:57       1| MemoryInstance::getDevice
2026-02-10 20:35:27.076 (   8.219s) [        C75E3480]     buffer_instance.cc:169      1| [JAMES][BufferInstance] UID: 61, Shape: [1536, 3584]
2026-02-10 20:35:27.076 (   8.219s) [        C75E3480]      event_instance.cc:223      1| EventInstance::PJRT_Event_OnReady
2026-02-10 20:35:27.076 (   8.219s) [        C75E3480]      event_instance.cc:172      1| EventInstance::PJRT_Event_Destroy
2026-02-10 20:35:27.076 (   8.219s) [        C75E3480]     device_instance.cc:82       1| DeviceInstance::PJRT_Device_DefaultMemory
2026-02-10 20:35:27.076 (   8.219s) [        C75E3480]     client_instance.cc:704      1| ClientInstance::PJRT_Client_BufferFromHostBuffer
2026-02-10 20:35:27.076 (   8.219s) [        C75E3480]     memory_instance.cc:57       1| MemoryInstance::getDevice
2026-02-10 20:35:27.076 (   8.219s) [        C75E3480]     buffer_instance.cc:169      1| [JAMES][BufferInstance] UID: 62, Shape: [1536, 3584]
2026-02-10 20:35:27.076 (   8.219s) [        C75E3480]      event_instance.cc:223      1| EventInstance::PJRT_Event_OnReady
2026-02-10 20:35:27.076 (   8.219s) [        C75E3480]      event_instance.cc:172      1| EventInstance::PJRT_Event_Destroy
2026-02-10 20:35:27.076 (   8.219s) [        C75E3480]     device_instance.cc:82       1| DeviceInstance::PJRT_Device_DefaultMemory
2026-02-10 20:35:27.076 (   8.219s) [        C75E3480]     client_instance.cc:704      1| ClientInstance::PJRT_Client_BufferFromHostBuffer
2026-02-10 20:35:27.076 (   8.219s) [        C75E3480]     memory_instance.cc:57       1| MemoryInstance::getDevice
2026-02-10 20:35:27.076 (   8.219s) [        C75E3480]     buffer_instance.cc:169      1| [JAMES][BufferInstance] UID: 63, Shape: [1536, 3584]
2026-02-10 20:35:27.076 (   8.219s) [        C75E3480]      event_instance.cc:223      1| EventInstance::PJRT_Event_OnReady
2026-02-10 20:35:27.076 (   8.219s) [        C75E3480]      event_instance.cc:172      1| EventInstance::PJRT_Event_Destroy
2026-02-10 20:35:27.078 (   8.222s) [        C75E3480]  device_description.cc:63       1| DeviceDescription::PJRT_DeviceDescription_Id
2026-02-10 20:35:27.078 (   8.222s) [        C75E3480]  device_description.cc:63       1| DeviceDescription::PJRT_DeviceDescription_Id
2026-02-10 20:35:27.078 (   8.222s) [        C75E3480]  device_description.cc:63       1| DeviceDescription::PJRT_DeviceDescription_Id
2026-02-10 20:35:27.078 (   8.222s) [        C75E3480]  device_description.cc:63       1| DeviceDescription::PJRT_DeviceDescription_Id
2026-02-10 20:35:27.079 (   8.222s) [        C75E3480]  device_description.cc:63       1| DeviceDescription::PJRT_DeviceDescription_Id
2026-02-10 20:35:27.079 (   8.222s) [        C75E3480]  device_description.cc:63       1| DeviceDescription::PJRT_DeviceDescription_Id
2026-02-10 20:35:27.079 (   8.222s) [        C75E3480]  device_description.cc:63       1| DeviceDescription::PJRT_DeviceDescription_Id
2026-02-10 20:35:27.079 (   8.222s) [        C75E3480]  device_description.cc:63       1| DeviceDescription::PJRT_DeviceDescription_Id
2026-02-10 20:35:27.081 (   8.225s) [        C75E3480]     device_instance.cc:82       1| DeviceInstance::PJRT_Device_DefaultMemory
2026-02-10 20:35:27.081 (   8.225s) [        C75E3480]     client_instance.cc:704      1| ClientInstance::PJRT_Client_BufferFromHostBuffer
2026-02-10 20:35:27.081 (   8.225s) [        C75E3480]     memory_instance.cc:57       1| MemoryInstance::getDevice
2026-02-10 20:35:27.081 (   8.225s) [        C75E3480]     buffer_instance.cc:169      1| [JAMES][BufferInstance] UID: 64, Shape: [576, 3584]
2026-02-10 20:35:27.081 (   8.225s) [        C75E3480]      event_instance.cc:223      1| EventInstance::PJRT_Event_OnReady
2026-02-10 20:35:27.081 (   8.225s) [        C75E3480]      event_instance.cc:172      1| EventInstance::PJRT_Event_Destroy
2026-02-10 20:35:27.081 (   8.225s) [        C75E3480]     device_instance.cc:82       1| DeviceInstance::PJRT_Device_DefaultMemory
2026-02-10 20:35:27.081 (   8.225s) [        C75E3480]     client_instance.cc:704      1| ClientInstance::PJRT_Client_BufferFromHostBuffer
2026-02-10 20:35:27.081 (   8.225s) [        C75E3480]     memory_instance.cc:57       1| MemoryInstance::getDevice
2026-02-10 20:35:27.081 (   8.225s) [        C75E3480]     buffer_instance.cc:169      1| [JAMES][BufferInstance] UID: 65, Shape: [576, 3584]
2026-02-10 20:35:27.082 (   8.225s) [        C75E3480]      event_instance.cc:223      1| EventInstance::PJRT_Event_OnReady
2026-02-10 20:35:27.082 (   8.225s) [        C75E3480]      event_instance.cc:172      1| EventInstance::PJRT_Event_Destroy
2026-02-10 20:35:27.082 (   8.225s) [        C75E3480]     device_instance.cc:82       1| DeviceInstance::PJRT_Device_DefaultMemory
2026-02-10 20:35:27.082 (   8.225s) [        C75E3480]     client_instance.cc:704      1| ClientInstance::PJRT_Client_BufferFromHostBuffer
2026-02-10 20:35:27.082 (   8.225s) [        C75E3480]     memory_instance.cc:57       1| MemoryInstance::getDevice
2026-02-10 20:35:27.082 (   8.225s) [        C75E3480]     buffer_instance.cc:169      1| [JAMES][BufferInstance] UID: 66, Shape: [576, 3584]
2026-02-10 20:35:27.082 (   8.225s) [        C75E3480]      event_instance.cc:223      1| EventInstance::PJRT_Event_OnReady
2026-02-10 20:35:27.082 (   8.225s) [        C75E3480]      event_instance.cc:172      1| EventInstance::PJRT_Event_Destroy
2026-02-10 20:35:27.082 (   8.225s) [        C75E3480]     device_instance.cc:82       1| DeviceInstance::PJRT_Device_DefaultMemory
2026-02-10 20:35:27.082 (   8.225s) [        C75E3480]     client_instance.cc:704      1| ClientInstance::PJRT_Client_BufferFromHostBuffer
2026-02-10 20:35:27.082 (   8.225s) [        C75E3480]     memory_instance.cc:57       1| MemoryInstance::getDevice
2026-02-10 20:35:27.082 (   8.225s) [        C75E3480]     buffer_instance.cc:169      1| [JAMES][BufferInstance] UID: 67, Shape: [576, 3584]
2026-02-10 20:35:27.082 (   8.225s) [        C75E3480]      event_instance.cc:223      1| EventInstance::PJRT_Event_OnReady
2026-02-10 20:35:27.082 (   8.225s) [        C75E3480]      event_instance.cc:172      1| EventInstance::PJRT_Event_Destroy
2026-02-10 20:35:27.082 (   8.225s) [        C75E3480]     device_instance.cc:82       1| DeviceInstance::PJRT_Device_DefaultMemory
2026-02-10 20:35:27.082 (   8.225s) [        C75E3480]     client_instance.cc:704      1| ClientInstance::PJRT_Client_BufferFromHostBuffer
2026-02-10 20:35:27.082 (   8.225s) [        C75E3480]     memory_instance.cc:57       1| MemoryInstance::getDevice
2026-02-10 20:35:27.082 (   8.225s) [        C75E3480]     buffer_instance.cc:169      1| [JAMES][BufferInstance] UID: 68, Shape: [576, 3584]
2026-02-10 20:35:27.082 (   8.225s) [        C75E3480]      event_instance.cc:223      1| EventInstance::PJRT_Event_OnReady
2026-02-10 20:35:27.082 (   8.225s) [        C75E3480]      event_instance.cc:172      1| EventInstance::PJRT_Event_Destroy
2026-02-10 20:35:27.082 (   8.225s) [        C75E3480]     device_instance.cc:82       1| DeviceInstance::PJRT_Device_DefaultMemory
2026-02-10 20:35:27.082 (   8.225s) [        C75E3480]     client_instance.cc:704      1| ClientInstance::PJRT_Client_BufferFromHostBuffer
2026-02-10 20:35:27.082 (   8.225s) [        C75E3480]     memory_instance.cc:57       1| MemoryInstance::getDevice
2026-02-10 20:35:27.082 (   8.225s) [        C75E3480]     buffer_instance.cc:169      1| [JAMES][BufferInstance] UID: 69, Shape: [576, 3584]
2026-02-10 20:35:27.082 (   8.225s) [        C75E3480]      event_instance.cc:223      1| EventInstance::PJRT_Event_OnReady
2026-02-10 20:35:27.082 (   8.225s) [        C75E3480]      event_instance.cc:172      1| EventInstance::PJRT_Event_Destroy
2026-02-10 20:35:27.082 (   8.225s) [        C75E3480]     device_instance.cc:82       1| DeviceInstance::PJRT_Device_DefaultMemory
2026-02-10 20:35:27.082 (   8.225s) [        C75E3480]     client_instance.cc:704      1| ClientInstance::PJRT_Client_BufferFromHostBuffer
2026-02-10 20:35:27.082 (   8.225s) [        C75E3480]     memory_instance.cc:57       1| MemoryInstance::getDevice
2026-02-10 20:35:27.082 (   8.225s) [        C75E3480]     buffer_instance.cc:169      1| [JAMES][BufferInstance] UID: 70, Shape: [576, 3584]
2026-02-10 20:35:27.082 (   8.225s) [        C75E3480]      event_instance.cc:223      1| EventInstance::PJRT_Event_OnReady
2026-02-10 20:35:27.082 (   8.225s) [        C75E3480]      event_instance.cc:172      1| EventInstance::PJRT_Event_Destroy
2026-02-10 20:35:27.082 (   8.225s) [        C75E3480]     device_instance.cc:82       1| DeviceInstance::PJRT_Device_DefaultMemory
2026-02-10 20:35:27.082 (   8.225s) [        C75E3480]     client_instance.cc:704      1| ClientInstance::PJRT_Client_BufferFromHostBuffer
2026-02-10 20:35:27.082 (   8.225s) [        C75E3480]     memory_instance.cc:57       1| MemoryInstance::getDevice
2026-02-10 20:35:27.082 (   8.225s) [        C75E3480]     buffer_instance.cc:169      1| [JAMES][BufferInstance] UID: 71, Shape: [576, 3584]
2026-02-10 20:35:27.082 (   8.225s) [        C75E3480]      event_instance.cc:223      1| EventInstance::PJRT_Event_OnReady
2026-02-10 20:35:27.082 (   8.225s) [        C75E3480]      event_instance.cc:172      1| EventInstance::PJRT_Event_Destroy
2026-02-10 20:35:27.291 | DEBUG    | tt_torch.backend.passes:run_fusion_passes:27 - [Fusion] rms_norm_fusion: 2 match(es)
2026-02-10 20:35:28.315 | DEBUG    | tt_torch.backend.metadata_propagation:_extract_source_and_module_hierarchy_info:271 - Could not find file path or function name for node - location info will be unknown - this will affect codegen
2026-02-10 20:35:28.324 | DEBUG    | tt_torch.backend.metadata_propagation:_extract_source_and_module_hierarchy_info:271 - Could not find file path or function name for node - location info will be unknown - this will affect codegen
2026-02-10 20:35:29.654 (  10.797s) [        C75E3480]  device_description.cc:63       1| DeviceDescription::PJRT_DeviceDescription_Id
2026-02-10 20:35:29.654 (  10.797s) [        C75E3480]  device_description.cc:63       1| DeviceDescription::PJRT_DeviceDescription_Id
2026-02-10 20:35:29.654 (  10.797s) [        C75E3480]  device_description.cc:63       1| DeviceDescription::PJRT_DeviceDescription_Id
2026-02-10 20:35:29.654 (  10.797s) [        C75E3480]  device_description.cc:63       1| DeviceDescription::PJRT_DeviceDescription_Id
2026-02-10 20:35:29.654 (  10.797s) [        C75E3480]  device_description.cc:63       1| DeviceDescription::PJRT_DeviceDescription_Id
2026-02-10 20:35:29.654 (  10.797s) [        C75E3480]  device_description.cc:63       1| DeviceDescription::PJRT_DeviceDescription_Id
2026-02-10 20:35:29.654 (  10.797s) [        C75E3480]  device_description.cc:63       1| DeviceDescription::PJRT_DeviceDescription_Id
2026-02-10 20:35:29.654 (  10.797s) [        C75E3480]  device_description.cc:63       1| DeviceDescription::PJRT_DeviceDescription_Id
2026-02-10 20:35:29.654 (  10.798s) [        C75E3480]     device_instance.cc:82       1| DeviceInstance::PJRT_Device_DefaultMemory
2026-02-10 20:35:29.654 (  10.798s) [        C75E3480]     client_instance.cc:704      1| ClientInstance::PJRT_Client_BufferFromHostBuffer
2026-02-10 20:35:29.654 (  10.798s) [        C75E3480]     memory_instance.cc:57       1| MemoryInstance::getDevice
2026-02-10 20:35:29.654 (  10.798s) [        C75E3480]     buffer_instance.cc:169      1| [JAMES][BufferInstance] UID: 72, Shape: [1, 1]
2026-02-10 20:35:29.654 (  10.798s) [        C75E3480]      event_instance.cc:223      1| EventInstance::PJRT_Event_OnReady
2026-02-10 20:35:29.654 (  10.798s) [        C75E3480]      event_instance.cc:172      1| EventInstance::PJRT_Event_Destroy
2026-02-10 20:35:29.654 (  10.798s) [        C75E3480]     device_instance.cc:82       1| DeviceInstance::PJRT_Device_DefaultMemory
2026-02-10 20:35:29.654 (  10.798s) [        C75E3480]     client_instance.cc:704      1| ClientInstance::PJRT_Client_BufferFromHostBuffer
2026-02-10 20:35:29.654 (  10.798s) [        C75E3480]     memory_instance.cc:57       1| MemoryInstance::getDevice
2026-02-10 20:35:29.654 (  10.798s) [        C75E3480]     buffer_instance.cc:169      1| [JAMES][BufferInstance] UID: 73, Shape: [1, 1]
2026-02-10 20:35:29.654 (  10.798s) [        C75E3480]      event_instance.cc:223      1| EventInstance::PJRT_Event_OnReady
2026-02-10 20:35:29.654 (  10.798s) [        C75E3480]      event_instance.cc:172      1| EventInstance::PJRT_Event_Destroy
2026-02-10 20:35:29.654 (  10.798s) [        C75E3480]     device_instance.cc:82       1| DeviceInstance::PJRT_Device_DefaultMemory
2026-02-10 20:35:29.654 (  10.798s) [        C75E3480]     client_instance.cc:704      1| ClientInstance::PJRT_Client_BufferFromHostBuffer
2026-02-10 20:35:29.654 (  10.798s) [        C75E3480]     memory_instance.cc:57       1| MemoryInstance::getDevice
2026-02-10 20:35:29.654 (  10.798s) [        C75E3480]     buffer_instance.cc:169      1| [JAMES][BufferInstance] UID: 74, Shape: [1, 1]
2026-02-10 20:35:29.655 (  10.798s) [        C75E3480]      event_instance.cc:223      1| EventInstance::PJRT_Event_OnReady
2026-02-10 20:35:29.655 (  10.798s) [        C75E3480]      event_instance.cc:172      1| EventInstance::PJRT_Event_Destroy
2026-02-10 20:35:29.655 (  10.798s) [        C75E3480]     device_instance.cc:82       1| DeviceInstance::PJRT_Device_DefaultMemory
2026-02-10 20:35:29.655 (  10.798s) [        C75E3480]     client_instance.cc:704      1| ClientInstance::PJRT_Client_BufferFromHostBuffer
2026-02-10 20:35:29.655 (  10.798s) [        C75E3480]     memory_instance.cc:57       1| MemoryInstance::getDevice
2026-02-10 20:35:29.655 (  10.798s) [        C75E3480]     buffer_instance.cc:169      1| [JAMES][BufferInstance] UID: 75, Shape: [1, 1]
2026-02-10 20:35:29.655 (  10.798s) [        C75E3480]      event_instance.cc:223      1| EventInstance::PJRT_Event_OnReady
2026-02-10 20:35:29.655 (  10.798s) [        C75E3480]      event_instance.cc:172      1| EventInstance::PJRT_Event_Destroy
2026-02-10 20:35:29.655 (  10.798s) [        C75E3480]     device_instance.cc:82       1| DeviceInstance::PJRT_Device_DefaultMemory
2026-02-10 20:35:29.655 (  10.798s) [        C75E3480]     client_instance.cc:704      1| ClientInstance::PJRT_Client_BufferFromHostBuffer
2026-02-10 20:35:29.655 (  10.798s) [        C75E3480]     memory_instance.cc:57       1| MemoryInstance::getDevice
2026-02-10 20:35:29.655 (  10.798s) [        C75E3480]     buffer_instance.cc:169      1| [JAMES][BufferInstance] UID: 76, Shape: [1, 1]
2026-02-10 20:35:29.655 (  10.798s) [        C75E3480]      event_instance.cc:223      1| EventInstance::PJRT_Event_OnReady
2026-02-10 20:35:29.655 (  10.798s) [        C75E3480]      event_instance.cc:172      1| EventInstance::PJRT_Event_Destroy
2026-02-10 20:35:29.655 (  10.798s) [        C75E3480]     device_instance.cc:82       1| DeviceInstance::PJRT_Device_DefaultMemory
2026-02-10 20:35:29.655 (  10.798s) [        C75E3480]     client_instance.cc:704      1| ClientInstance::PJRT_Client_BufferFromHostBuffer
2026-02-10 20:35:29.655 (  10.798s) [        C75E3480]     memory_instance.cc:57       1| MemoryInstance::getDevice
2026-02-10 20:35:29.655 (  10.798s) [        C75E3480]     buffer_instance.cc:169      1| [JAMES][BufferInstance] UID: 77, Shape: [1, 1]
2026-02-10 20:35:29.655 (  10.798s) [        C75E3480]      event_instance.cc:223      1| EventInstance::PJRT_Event_OnReady
2026-02-10 20:35:29.655 (  10.798s) [        C75E3480]      event_instance.cc:172      1| EventInstance::PJRT_Event_Destroy
2026-02-10 20:35:29.655 (  10.798s) [        C75E3480]     device_instance.cc:82       1| DeviceInstance::PJRT_Device_DefaultMemory
2026-02-10 20:35:29.655 (  10.798s) [        C75E3480]     client_instance.cc:704      1| ClientInstance::PJRT_Client_BufferFromHostBuffer
2026-02-10 20:35:29.655 (  10.798s) [        C75E3480]     memory_instance.cc:57       1| MemoryInstance::getDevice
2026-02-10 20:35:29.655 (  10.798s) [        C75E3480]     buffer_instance.cc:169      1| [JAMES][BufferInstance] UID: 78, Shape: [1, 1]
2026-02-10 20:35:29.655 (  10.798s) [        C75E3480]      event_instance.cc:223      1| EventInstance::PJRT_Event_OnReady
2026-02-10 20:35:29.655 (  10.798s) [        C75E3480]      event_instance.cc:172      1| EventInstance::PJRT_Event_Destroy
2026-02-10 20:35:29.655 (  10.798s) [        C75E3480]     device_instance.cc:82       1| DeviceInstance::PJRT_Device_DefaultMemory
2026-02-10 20:35:29.655 (  10.798s) [        C75E3480]     client_instance.cc:704      1| ClientInstance::PJRT_Client_BufferFromHostBuffer
2026-02-10 20:35:29.655 (  10.798s) [        C75E3480]     memory_instance.cc:57       1| MemoryInstance::getDevice
2026-02-10 20:35:29.655 (  10.798s) [        C75E3480]     buffer_instance.cc:169      1| [JAMES][BufferInstance] UID: 79, Shape: [1, 1]
2026-02-10 20:35:29.655 (  10.798s) [        C75E3480]      event_instance.cc:223      1| EventInstance::PJRT_Event_OnReady
2026-02-10 20:35:29.655 (  10.798s) [        C75E3480]      event_instance.cc:172      1| EventInstance::PJRT_Event_Destroy
2026-02-10 20:35:29.655 (  10.798s) [        C75E3480]  device_description.cc:63       1| DeviceDescription::PJRT_DeviceDescription_Id
2026-02-10 20:35:29.655 (  10.798s) [        C75E3480]  device_description.cc:63       1| DeviceDescription::PJRT_DeviceDescription_Id
2026-02-10 20:35:29.655 (  10.798s) [        C75E3480]  device_description.cc:63       1| DeviceDescription::PJRT_DeviceDescription_Id
2026-02-10 20:35:29.655 (  10.798s) [        C75E3480]  device_description.cc:63       1| DeviceDescription::PJRT_DeviceDescription_Id
2026-02-10 20:35:29.655 (  10.798s) [        C75E3480]  device_description.cc:63       1| DeviceDescription::PJRT_DeviceDescription_Id
2026-02-10 20:35:29.655 (  10.798s) [        C75E3480]  device_description.cc:63       1| DeviceDescription::PJRT_DeviceDescription_Id
2026-02-10 20:35:29.655 (  10.798s) [        C75E3480]  device_description.cc:63       1| DeviceDescription::PJRT_DeviceDescription_Id
2026-02-10 20:35:29.655 (  10.798s) [        C75E3480]  device_description.cc:63       1| DeviceDescription::PJRT_DeviceDescription_Id
2026-02-10 20:35:29.655 (  10.798s) [        C75E3480]     device_instance.cc:82       1| DeviceInstance::PJRT_Device_DefaultMemory
2026-02-10 20:35:29.655 (  10.799s) [        C75E3480]     client_instance.cc:704      1| ClientInstance::PJRT_Client_BufferFromHostBuffer
2026-02-10 20:35:29.655 (  10.799s) [        C75E3480]     memory_instance.cc:57       1| MemoryInstance::getDevice
2026-02-10 20:35:29.655 (  10.799s) [        C75E3480]     buffer_instance.cc:169      1| [JAMES][BufferInstance] UID: 80, Shape: [1]
2026-02-10 20:35:29.655 (  10.799s) [        C75E3480]      event_instance.cc:223      1| EventInstance::PJRT_Event_OnReady
2026-02-10 20:35:29.655 (  10.799s) [        C75E3480]      event_instance.cc:172      1| EventInstance::PJRT_Event_Destroy
2026-02-10 20:35:29.655 (  10.799s) [        C75E3480]     device_instance.cc:82       1| DeviceInstance::PJRT_Device_DefaultMemory
2026-02-10 20:35:29.655 (  10.799s) [        C75E3480]     client_instance.cc:704      1| ClientInstance::PJRT_Client_BufferFromHostBuffer
2026-02-10 20:35:29.655 (  10.799s) [        C75E3480]     memory_instance.cc:57       1| MemoryInstance::getDevice
2026-02-10 20:35:29.655 (  10.799s) [        C75E3480]     buffer_instance.cc:169      1| [JAMES][BufferInstance] UID: 81, Shape: [1]
2026-02-10 20:35:29.655 (  10.799s) [        C75E3480]      event_instance.cc:223      1| EventInstance::PJRT_Event_OnReady
2026-02-10 20:35:29.655 (  10.799s) [        C75E3480]      event_instance.cc:172      1| EventInstance::PJRT_Event_Destroy
2026-02-10 20:35:29.655 (  10.799s) [        C75E3480]     device_instance.cc:82       1| DeviceInstance::PJRT_Device_DefaultMemory
2026-02-10 20:35:29.655 (  10.799s) [        C75E3480]     client_instance.cc:704      1| ClientInstance::PJRT_Client_BufferFromHostBuffer
2026-02-10 20:35:29.655 (  10.799s) [        C75E3480]     memory_instance.cc:57       1| MemoryInstance::getDevice
2026-02-10 20:35:29.655 (  10.799s) [        C75E3480]     buffer_instance.cc:169      1| [JAMES][BufferInstance] UID: 82, Shape: [1]
2026-02-10 20:35:29.655 (  10.799s) [        C75E3480]      event_instance.cc:223      1| EventInstance::PJRT_Event_OnReady
2026-02-10 20:35:29.655 (  10.799s) [        C75E3480]      event_instance.cc:172      1| EventInstance::PJRT_Event_Destroy
2026-02-10 20:35:29.655 (  10.799s) [        C75E3480]     device_instance.cc:82       1| DeviceInstance::PJRT_Device_DefaultMemory
2026-02-10 20:35:29.655 (  10.799s) [        C75E3480]     client_instance.cc:704      1| ClientInstance::PJRT_Client_BufferFromHostBuffer
2026-02-10 20:35:29.655 (  10.799s) [        C75E3480]     memory_instance.cc:57       1| MemoryInstance::getDevice
2026-02-10 20:35:29.655 (  10.799s) [        C75E3480]     buffer_instance.cc:169      1| [JAMES][BufferInstance] UID: 83, Shape: [1]
2026-02-10 20:35:29.655 (  10.799s) [        C75E3480]      event_instance.cc:223      1| EventInstance::PJRT_Event_OnReady
2026-02-10 20:35:29.655 (  10.799s) [        C75E3480]      event_instance.cc:172      1| EventInstance::PJRT_Event_Destroy
2026-02-10 20:35:29.655 (  10.799s) [        C75E3480]     device_instance.cc:82       1| DeviceInstance::PJRT_Device_DefaultMemory
2026-02-10 20:35:29.655 (  10.799s) [        C75E3480]     client_instance.cc:704      1| ClientInstance::PJRT_Client_BufferFromHostBuffer
2026-02-10 20:35:29.655 (  10.799s) [        C75E3480]     memory_instance.cc:57       1| MemoryInstance::getDevice
2026-02-10 20:35:29.655 (  10.799s) [        C75E3480]     buffer_instance.cc:169      1| [JAMES][BufferInstance] UID: 84, Shape: [1]
2026-02-10 20:35:29.655 (  10.799s) [        C75E3480]      event_instance.cc:223      1| EventInstance::PJRT_Event_OnReady
2026-02-10 20:35:29.655 (  10.799s) [        C75E3480]      event_instance.cc:172      1| EventInstance::PJRT_Event_Destroy
2026-02-10 20:35:29.655 (  10.799s) [        C75E3480]     device_instance.cc:82       1| DeviceInstance::PJRT_Device_DefaultMemory
2026-02-10 20:35:29.655 (  10.799s) [        C75E3480]     client_instance.cc:704      1| ClientInstance::PJRT_Client_BufferFromHostBuffer
2026-02-10 20:35:29.655 (  10.799s) [        C75E3480]     memory_instance.cc:57       1| MemoryInstance::getDevice
2026-02-10 20:35:29.655 (  10.799s) [        C75E3480]     buffer_instance.cc:169      1| [JAMES][BufferInstance] UID: 85, Shape: [1]
2026-02-10 20:35:29.655 (  10.799s) [        C75E3480]      event_instance.cc:223      1| EventInstance::PJRT_Event_OnReady
2026-02-10 20:35:29.655 (  10.799s) [        C75E3480]      event_instance.cc:172      1| EventInstance::PJRT_Event_Destroy
2026-02-10 20:35:29.655 (  10.799s) [        C75E3480]     device_instance.cc:82       1| DeviceInstance::PJRT_Device_DefaultMemory
2026-02-10 20:35:29.655 (  10.799s) [        C75E3480]     client_instance.cc:704      1| ClientInstance::PJRT_Client_BufferFromHostBuffer
2026-02-10 20:35:29.655 (  10.799s) [        C75E3480]     memory_instance.cc:57       1| MemoryInstance::getDevice
2026-02-10 20:35:29.655 (  10.799s) [        C75E3480]     buffer_instance.cc:169      1| [JAMES][BufferInstance] UID: 86, Shape: [1]
2026-02-10 20:35:29.655 (  10.799s) [        C75E3480]      event_instance.cc:223      1| EventInstance::PJRT_Event_OnReady
2026-02-10 20:35:29.655 (  10.799s) [        C75E3480]      event_instance.cc:172      1| EventInstance::PJRT_Event_Destroy
2026-02-10 20:35:29.655 (  10.799s) [        C75E3480]     device_instance.cc:82       1| DeviceInstance::PJRT_Device_DefaultMemory
2026-02-10 20:35:29.655 (  10.799s) [        C75E3480]     client_instance.cc:704      1| ClientInstance::PJRT_Client_BufferFromHostBuffer
2026-02-10 20:35:29.655 (  10.799s) [        C75E3480]     memory_instance.cc:57       1| MemoryInstance::getDevice
2026-02-10 20:35:29.656 (  10.799s) [        C75E3480]     buffer_instance.cc:169      1| [JAMES][BufferInstance] UID: 87, Shape: [1]
2026-02-10 20:35:29.656 (  10.799s) [        C75E3480]      event_instance.cc:223      1| EventInstance::PJRT_Event_OnReady
2026-02-10 20:35:29.656 (  10.799s) [        C75E3480]      event_instance.cc:172      1| EventInstance::PJRT_Event_Destroy
2026-02-10 20:35:29.656 (  10.799s) [        C75E3480]  device_description.cc:63       1| DeviceDescription::PJRT_DeviceDescription_Id
2026-02-10 20:35:29.656 (  10.799s) [        C75E3480]  device_description.cc:63       1| DeviceDescription::PJRT_DeviceDescription_Id
2026-02-10 20:35:29.656 (  10.799s) [        C75E3480]  device_description.cc:63       1| DeviceDescription::PJRT_DeviceDescription_Id
2026-02-10 20:35:29.656 (  10.799s) [        C75E3480]  device_description.cc:63       1| DeviceDescription::PJRT_DeviceDescription_Id
2026-02-10 20:35:29.656 (  10.799s) [        C75E3480]  device_description.cc:63       1| DeviceDescription::PJRT_DeviceDescription_Id
2026-02-10 20:35:29.656 (  10.799s) [        C75E3480]  device_description.cc:63       1| DeviceDescription::PJRT_DeviceDescription_Id
2026-02-10 20:35:29.656 (  10.799s) [        C75E3480]  device_description.cc:63       1| DeviceDescription::PJRT_DeviceDescription_Id
2026-02-10 20:35:29.656 (  10.799s) [        C75E3480]  device_description.cc:63       1| DeviceDescription::PJRT_DeviceDescription_Id
2026-02-10 20:35:29.656 (  10.799s) [        C75E3480]     device_instance.cc:82       1| DeviceInstance::PJRT_Device_DefaultMemory
2026-02-10 20:35:29.656 (  10.799s) [        C75E3480]     client_instance.cc:704      1| ClientInstance::PJRT_Client_BufferFromHostBuffer
2026-02-10 20:35:29.656 (  10.799s) [        C75E3480]     memory_instance.cc:57       1| MemoryInstance::getDevice
2026-02-10 20:35:29.656 (  10.799s) [        C75E3480]     buffer_instance.cc:169      1| [JAMES][BufferInstance] UID: 88, Shape: [1536]
2026-02-10 20:35:29.656 (  10.799s) [        C75E3480]      event_instance.cc:223      1| EventInstance::PJRT_Event_OnReady
2026-02-10 20:35:29.656 (  10.799s) [        C75E3480]      event_instance.cc:172      1| EventInstance::PJRT_Event_Destroy
2026-02-10 20:35:29.656 (  10.799s) [        C75E3480]     device_instance.cc:82       1| DeviceInstance::PJRT_Device_DefaultMemory
2026-02-10 20:35:29.656 (  10.799s) [        C75E3480]     client_instance.cc:704      1| ClientInstance::PJRT_Client_BufferFromHostBuffer
2026-02-10 20:35:29.656 (  10.799s) [        C75E3480]     memory_instance.cc:57       1| MemoryInstance::getDevice
2026-02-10 20:35:29.656 (  10.799s) [        C75E3480]     buffer_instance.cc:169      1| [JAMES][BufferInstance] UID: 89, Shape: [1536]
2026-02-10 20:35:29.656 (  10.799s) [        C75E3480]      event_instance.cc:223      1| EventInstance::PJRT_Event_OnReady
2026-02-10 20:35:29.656 (  10.799s) [        C75E3480]      event_instance.cc:172      1| EventInstance::PJRT_Event_Destroy
2026-02-10 20:35:29.656 (  10.799s) [        C75E3480]     device_instance.cc:82       1| DeviceInstance::PJRT_Device_DefaultMemory
2026-02-10 20:35:29.656 (  10.799s) [        C75E3480]     client_instance.cc:704      1| ClientInstance::PJRT_Client_BufferFromHostBuffer
2026-02-10 20:35:29.656 (  10.799s) [        C75E3480]     memory_instance.cc:57       1| MemoryInstance::getDevice
2026-02-10 20:35:29.656 (  10.799s) [        C75E3480]     buffer_instance.cc:169      1| [JAMES][BufferInstance] UID: 90, Shape: [1536]
2026-02-10 20:35:29.656 (  10.799s) [        C75E3480]      event_instance.cc:223      1| EventInstance::PJRT_Event_OnReady
2026-02-10 20:35:29.656 (  10.799s) [        C75E3480]      event_instance.cc:172      1| EventInstance::PJRT_Event_Destroy
2026-02-10 20:35:29.656 (  10.799s) [        C75E3480]     device_instance.cc:82       1| DeviceInstance::PJRT_Device_DefaultMemory
2026-02-10 20:35:29.656 (  10.799s) [        C75E3480]     client_instance.cc:704      1| ClientInstance::PJRT_Client_BufferFromHostBuffer
2026-02-10 20:35:29.656 (  10.799s) [        C75E3480]     memory_instance.cc:57       1| MemoryInstance::getDevice
2026-02-10 20:35:29.656 (  10.799s) [        C75E3480]     buffer_instance.cc:169      1| [JAMES][BufferInstance] UID: 91, Shape: [1536]
2026-02-10 20:35:29.656 (  10.799s) [        C75E3480]      event_instance.cc:223      1| EventInstance::PJRT_Event_OnReady
2026-02-10 20:35:29.656 (  10.799s) [        C75E3480]      event_instance.cc:172      1| EventInstance::PJRT_Event_Destroy
2026-02-10 20:35:29.656 (  10.799s) [        C75E3480]     device_instance.cc:82       1| DeviceInstance::PJRT_Device_DefaultMemory
2026-02-10 20:35:29.656 (  10.799s) [        C75E3480]     client_instance.cc:704      1| ClientInstance::PJRT_Client_BufferFromHostBuffer
2026-02-10 20:35:29.656 (  10.799s) [        C75E3480]     memory_instance.cc:57       1| MemoryInstance::getDevice
2026-02-10 20:35:29.656 (  10.799s) [        C75E3480]     buffer_instance.cc:169      1| [JAMES][BufferInstance] UID: 92, Shape: [1536]
2026-02-10 20:35:29.656 (  10.799s) [        C75E3480]      event_instance.cc:223      1| EventInstance::PJRT_Event_OnReady
2026-02-10 20:35:29.656 (  10.799s) [        C75E3480]      event_instance.cc:172      1| EventInstance::PJRT_Event_Destroy
2026-02-10 20:35:29.656 (  10.800s) [        C75E3480]     device_instance.cc:82       1| DeviceInstance::PJRT_Device_DefaultMemory
2026-02-10 20:35:29.656 (  10.800s) [        C75E3480]     client_instance.cc:704      1| ClientInstance::PJRT_Client_BufferFromHostBuffer
2026-02-10 20:35:29.656 (  10.800s) [        C75E3480]     memory_instance.cc:57       1| MemoryInstance::getDevice
2026-02-10 20:35:29.656 (  10.800s) [        C75E3480]     buffer_instance.cc:169      1| [JAMES][BufferInstance] UID: 93, Shape: [1536]
2026-02-10 20:35:29.656 (  10.800s) [        C75E3480]      event_instance.cc:223      1| EventInstance::PJRT_Event_OnReady
2026-02-10 20:35:29.656 (  10.800s) [        C75E3480]      event_instance.cc:172      1| EventInstance::PJRT_Event_Destroy
2026-02-10 20:35:29.656 (  10.800s) [        C75E3480]     device_instance.cc:82       1| DeviceInstance::PJRT_Device_DefaultMemory
2026-02-10 20:35:29.656 (  10.800s) [        C75E3480]     client_instance.cc:704      1| ClientInstance::PJRT_Client_BufferFromHostBuffer
2026-02-10 20:35:29.656 (  10.800s) [        C75E3480]     memory_instance.cc:57       1| MemoryInstance::getDevice
2026-02-10 20:35:29.656 (  10.800s) [        C75E3480]     buffer_instance.cc:169      1| [JAMES][BufferInstance] UID: 94, Shape: [1536]
2026-02-10 20:35:29.656 (  10.800s) [        C75E3480]      event_instance.cc:223      1| EventInstance::PJRT_Event_OnReady
2026-02-10 20:35:29.656 (  10.800s) [        C75E3480]      event_instance.cc:172      1| EventInstance::PJRT_Event_Destroy
2026-02-10 20:35:29.656 (  10.800s) [        C75E3480]     device_instance.cc:82       1| DeviceInstance::PJRT_Device_DefaultMemory
2026-02-10 20:35:29.656 (  10.800s) [        C75E3480]     client_instance.cc:704      1| ClientInstance::PJRT_Client_BufferFromHostBuffer
2026-02-10 20:35:29.656 (  10.800s) [        C75E3480]     memory_instance.cc:57       1| MemoryInstance::getDevice
2026-02-10 20:35:29.656 (  10.800s) [        C75E3480]     buffer_instance.cc:169      1| [JAMES][BufferInstance] UID: 95, Shape: [1536]
2026-02-10 20:35:29.656 (  10.800s) [        C75E3480]      event_instance.cc:223      1| EventInstance::PJRT_Event_OnReady
2026-02-10 20:35:29.656 (  10.800s) [        C75E3480]      event_instance.cc:172      1| EventInstance::PJRT_Event_Destroy
2026-02-10 20:35:29.656 (  10.800s) [        C75E3480]  device_description.cc:63       1| DeviceDescription::PJRT_DeviceDescription_Id
2026-02-10 20:35:29.656 (  10.800s) [        C75E3480]  device_description.cc:63       1| DeviceDescription::PJRT_DeviceDescription_Id
2026-02-10 20:35:29.656 (  10.800s) [        C75E3480]  device_description.cc:63       1| DeviceDescription::PJRT_DeviceDescription_Id
2026-02-10 20:35:29.656 (  10.800s) [        C75E3480]  device_description.cc:63       1| DeviceDescription::PJRT_DeviceDescription_Id
2026-02-10 20:35:29.656 (  10.800s) [        C75E3480]  device_description.cc:63       1| DeviceDescription::PJRT_DeviceDescription_Id
2026-02-10 20:35:29.656 (  10.800s) [        C75E3480]  device_description.cc:63       1| DeviceDescription::PJRT_DeviceDescription_Id
2026-02-10 20:35:29.656 (  10.800s) [        C75E3480]  device_description.cc:63       1| DeviceDescription::PJRT_DeviceDescription_Id
2026-02-10 20:35:29.656 (  10.800s) [        C75E3480]  device_description.cc:63       1| DeviceDescription::PJRT_DeviceDescription_Id
2026-02-10 20:35:29.656 (  10.800s) [        C75E3480]     device_instance.cc:82       1| DeviceInstance::PJRT_Device_DefaultMemory
2026-02-10 20:35:29.656 (  10.800s) [        C75E3480]     client_instance.cc:704      1| ClientInstance::PJRT_Client_BufferFromHostBuffer
2026-02-10 20:35:29.656 (  10.800s) [        C75E3480]     memory_instance.cc:57       1| MemoryInstance::getDevice
2026-02-10 20:35:29.656 (  10.800s) [        C75E3480]     buffer_instance.cc:169      1| [JAMES][BufferInstance] UID: 96, Shape: [512]
2026-02-10 20:35:29.656 (  10.800s) [        C75E3480]      event_instance.cc:223      1| EventInstance::PJRT_Event_OnReady
2026-02-10 20:35:29.656 (  10.800s) [        C75E3480]      event_instance.cc:172      1| EventInstance::PJRT_Event_Destroy
2026-02-10 20:35:29.656 (  10.800s) [        C75E3480]     device_instance.cc:82       1| DeviceInstance::PJRT_Device_DefaultMemory
2026-02-10 20:35:29.656 (  10.800s) [        C75E3480]     client_instance.cc:704      1| ClientInstance::PJRT_Client_BufferFromHostBuffer
2026-02-10 20:35:29.656 (  10.800s) [        C75E3480]     memory_instance.cc:57       1| MemoryInstance::getDevice
2026-02-10 20:35:29.656 (  10.800s) [        C75E3480]     buffer_instance.cc:169      1| [JAMES][BufferInstance] UID: 97, Shape: [512]
2026-02-10 20:35:29.656 (  10.800s) [        C75E3480]      event_instance.cc:223      1| EventInstance::PJRT_Event_OnReady
2026-02-10 20:35:29.656 (  10.800s) [        C75E3480]      event_instance.cc:172      1| EventInstance::PJRT_Event_Destroy
2026-02-10 20:35:29.656 (  10.800s) [        C75E3480]     device_instance.cc:82       1| DeviceInstance::PJRT_Device_DefaultMemory
2026-02-10 20:35:29.656 (  10.800s) [        C75E3480]     client_instance.cc:704      1| ClientInstance::PJRT_Client_BufferFromHostBuffer
2026-02-10 20:35:29.656 (  10.800s) [        C75E3480]     memory_instance.cc:57       1| MemoryInstance::getDevice
2026-02-10 20:35:29.656 (  10.800s) [        C75E3480]     buffer_instance.cc:169      1| [JAMES][BufferInstance] UID: 98, Shape: [512]
2026-02-10 20:35:29.656 (  10.800s) [        C75E3480]      event_instance.cc:223      1| EventInstance::PJRT_Event_OnReady
2026-02-10 20:35:29.656 (  10.800s) [        C75E3480]      event_instance.cc:172      1| EventInstance::PJRT_Event_Destroy
2026-02-10 20:35:29.656 (  10.800s) [        C75E3480]     device_instance.cc:82       1| DeviceInstance::PJRT_Device_DefaultMemory
2026-02-10 20:35:29.656 (  10.800s) [        C75E3480]     client_instance.cc:704      1| ClientInstance::PJRT_Client_BufferFromHostBuffer
2026-02-10 20:35:29.656 (  10.800s) [        C75E3480]     memory_instance.cc:57       1| MemoryInstance::getDevice
2026-02-10 20:35:29.656 (  10.800s) [        C75E3480]     buffer_instance.cc:169      1| [JAMES][BufferInstance] UID: 99, Shape: [512]
2026-02-10 20:35:29.657 (  10.800s) [        C75E3480]      event_instance.cc:223      1| EventInstance::PJRT_Event_OnReady
2026-02-10 20:35:29.657 (  10.800s) [        C75E3480]      event_instance.cc:172      1| EventInstance::PJRT_Event_Destroy
2026-02-10 20:35:29.657 (  10.800s) [        C75E3480]     device_instance.cc:82       1| DeviceInstance::PJRT_Device_DefaultMemory
2026-02-10 20:35:29.657 (  10.800s) [        C75E3480]     client_instance.cc:704      1| ClientInstance::PJRT_Client_BufferFromHostBuffer
2026-02-10 20:35:29.657 (  10.800s) [        C75E3480]     memory_instance.cc:57       1| MemoryInstance::getDevice
2026-02-10 20:35:29.657 (  10.800s) [        C75E3480]     buffer_instance.cc:169      1| [JAMES][BufferInstance] UID: 100, Shape: [512]
2026-02-10 20:35:29.657 (  10.800s) [        C75E3480]      event_instance.cc:223      1| EventInstance::PJRT_Event_OnReady
2026-02-10 20:35:29.657 (  10.800s) [        C75E3480]      event_instance.cc:172      1| EventInstance::PJRT_Event_Destroy
2026-02-10 20:35:29.657 (  10.800s) [        C75E3480]     device_instance.cc:82       1| DeviceInstance::PJRT_Device_DefaultMemory
2026-02-10 20:35:29.657 (  10.800s) [        C75E3480]     client_instance.cc:704      1| ClientInstance::PJRT_Client_BufferFromHostBuffer
2026-02-10 20:35:29.657 (  10.800s) [        C75E3480]     memory_instance.cc:57       1| MemoryInstance::getDevice
2026-02-10 20:35:29.657 (  10.800s) [        C75E3480]     buffer_instance.cc:169      1| [JAMES][BufferInstance] UID: 101, Shape: [512]
2026-02-10 20:35:29.657 (  10.800s) [        C75E3480]      event_instance.cc:223      1| EventInstance::PJRT_Event_OnReady
2026-02-10 20:35:29.657 (  10.800s) [        C75E3480]      event_instance.cc:172      1| EventInstance::PJRT_Event_Destroy
2026-02-10 20:35:29.657 (  10.800s) [        C75E3480]     device_instance.cc:82       1| DeviceInstance::PJRT_Device_DefaultMemory
2026-02-10 20:35:29.657 (  10.800s) [        C75E3480]     client_instance.cc:704      1| ClientInstance::PJRT_Client_BufferFromHostBuffer
2026-02-10 20:35:29.657 (  10.800s) [        C75E3480]     memory_instance.cc:57       1| MemoryInstance::getDevice
2026-02-10 20:35:29.657 (  10.800s) [        C75E3480]     buffer_instance.cc:169      1| [JAMES][BufferInstance] UID: 102, Shape: [512]
2026-02-10 20:35:29.657 (  10.800s) [        C75E3480]      event_instance.cc:223      1| EventInstance::PJRT_Event_OnReady
2026-02-10 20:35:29.657 (  10.800s) [        C75E3480]      event_instance.cc:172      1| EventInstance::PJRT_Event_Destroy
2026-02-10 20:35:29.657 (  10.800s) [        C75E3480]     device_instance.cc:82       1| DeviceInstance::PJRT_Device_DefaultMemory
2026-02-10 20:35:29.657 (  10.800s) [        C75E3480]     client_instance.cc:704      1| ClientInstance::PJRT_Client_BufferFromHostBuffer
2026-02-10 20:35:29.657 (  10.800s) [        C75E3480]     memory_instance.cc:57       1| MemoryInstance::getDevice
2026-02-10 20:35:29.657 (  10.800s) [        C75E3480]     buffer_instance.cc:169      1| [JAMES][BufferInstance] UID: 103, Shape: [512]
2026-02-10 20:35:29.657 (  10.800s) [        C75E3480]      event_instance.cc:223      1| EventInstance::PJRT_Event_OnReady
2026-02-10 20:35:29.657 (  10.800s) [        C75E3480]      event_instance.cc:172      1| EventInstance::PJRT_Event_Destroy
2026-02-10 20:35:29.657 (  10.800s) [        C75E3480]  device_description.cc:63       1| DeviceDescription::PJRT_DeviceDescription_Id
2026-02-10 20:35:29.657 (  10.800s) [        C75E3480]  device_description.cc:63       1| DeviceDescription::PJRT_DeviceDescription_Id
2026-02-10 20:35:29.657 (  10.800s) [        C75E3480]  device_description.cc:63       1| DeviceDescription::PJRT_DeviceDescription_Id
2026-02-10 20:35:29.657 (  10.800s) [        C75E3480]  device_description.cc:63       1| DeviceDescription::PJRT_DeviceDescription_Id
2026-02-10 20:35:29.657 (  10.800s) [        C75E3480]  device_description.cc:63       1| DeviceDescription::PJRT_DeviceDescription_Id
2026-02-10 20:35:29.657 (  10.800s) [        C75E3480]  device_description.cc:63       1| DeviceDescription::PJRT_DeviceDescription_Id
2026-02-10 20:35:29.657 (  10.800s) [        C75E3480]  device_description.cc:63       1| DeviceDescription::PJRT_DeviceDescription_Id
2026-02-10 20:35:29.657 (  10.800s) [        C75E3480]  device_description.cc:63       1| DeviceDescription::PJRT_DeviceDescription_Id
2026-02-10 20:35:29.657 (  10.800s) [        C75E3480]     device_instance.cc:82       1| DeviceInstance::PJRT_Device_DefaultMemory
2026-02-10 20:35:29.657 (  10.800s) [        C75E3480]     client_instance.cc:704      1| ClientInstance::PJRT_Client_BufferFromHostBuffer
2026-02-10 20:35:29.657 (  10.800s) [        C75E3480]     memory_instance.cc:57       1| MemoryInstance::getDevice
2026-02-10 20:35:29.657 (  10.800s) [        C75E3480]     buffer_instance.cc:169      1| [JAMES][BufferInstance] UID: 104, Shape: [32]
2026-02-10 20:35:29.657 (  10.800s) [        C75E3480]      event_instance.cc:223      1| EventInstance::PJRT_Event_OnReady
2026-02-10 20:35:29.657 (  10.800s) [        C75E3480]      event_instance.cc:172      1| EventInstance::PJRT_Event_Destroy
2026-02-10 20:35:29.657 (  10.800s) [        C75E3480]     device_instance.cc:82       1| DeviceInstance::PJRT_Device_DefaultMemory
2026-02-10 20:35:29.657 (  10.800s) [        C75E3480]     client_instance.cc:704      1| ClientInstance::PJRT_Client_BufferFromHostBuffer
2026-02-10 20:35:29.657 (  10.801s) [        C75E3480]     memory_instance.cc:57       1| MemoryInstance::getDevice
2026-02-10 20:35:29.657 (  10.801s) [        C75E3480]     buffer_instance.cc:169      1| [JAMES][BufferInstance] UID: 105, Shape: [32]
2026-02-10 20:35:29.657 (  10.801s) [        C75E3480]      event_instance.cc:223      1| EventInstance::PJRT_Event_OnReady
2026-02-10 20:35:29.657 (  10.801s) [        C75E3480]      event_instance.cc:172      1| EventInstance::PJRT_Event_Destroy
2026-02-10 20:35:29.657 (  10.801s) [        C75E3480]     device_instance.cc:82       1| DeviceInstance::PJRT_Device_DefaultMemory
2026-02-10 20:35:29.657 (  10.801s) [        C75E3480]     client_instance.cc:704      1| ClientInstance::PJRT_Client_BufferFromHostBuffer
2026-02-10 20:35:29.657 (  10.801s) [        C75E3480]     memory_instance.cc:57       1| MemoryInstance::getDevice
2026-02-10 20:35:29.657 (  10.801s) [        C75E3480]     buffer_instance.cc:169      1| [JAMES][BufferInstance] UID: 106, Shape: [32]
2026-02-10 20:35:29.657 (  10.801s) [        C75E3480]      event_instance.cc:223      1| EventInstance::PJRT_Event_OnReady
2026-02-10 20:35:29.657 (  10.801s) [        C75E3480]      event_instance.cc:172      1| EventInstance::PJRT_Event_Destroy
2026-02-10 20:35:29.657 (  10.801s) [        C75E3480]     device_instance.cc:82       1| DeviceInstance::PJRT_Device_DefaultMemory
2026-02-10 20:35:29.657 (  10.801s) [        C75E3480]     client_instance.cc:704      1| ClientInstance::PJRT_Client_BufferFromHostBuffer
2026-02-10 20:35:29.657 (  10.801s) [        C75E3480]     memory_instance.cc:57       1| MemoryInstance::getDevice
2026-02-10 20:35:29.657 (  10.801s) [        C75E3480]     buffer_instance.cc:169      1| [JAMES][BufferInstance] UID: 107, Shape: [32]
2026-02-10 20:35:29.657 (  10.801s) [        C75E3480]      event_instance.cc:223      1| EventInstance::PJRT_Event_OnReady
2026-02-10 20:35:29.657 (  10.801s) [        C75E3480]      event_instance.cc:172      1| EventInstance::PJRT_Event_Destroy
2026-02-10 20:35:29.657 (  10.801s) [        C75E3480]     device_instance.cc:82       1| DeviceInstance::PJRT_Device_DefaultMemory
2026-02-10 20:35:29.657 (  10.801s) [        C75E3480]     client_instance.cc:704      1| ClientInstance::PJRT_Client_BufferFromHostBuffer
2026-02-10 20:35:29.657 (  10.801s) [        C75E3480]     memory_instance.cc:57       1| MemoryInstance::getDevice
2026-02-10 20:35:29.657 (  10.801s) [        C75E3480]     buffer_instance.cc:169      1| [JAMES][BufferInstance] UID: 108, Shape: [32]
2026-02-10 20:35:29.657 (  10.801s) [        C75E3480]      event_instance.cc:223      1| EventInstance::PJRT_Event_OnReady
2026-02-10 20:35:29.657 (  10.801s) [        C75E3480]      event_instance.cc:172      1| EventInstance::PJRT_Event_Destroy
2026-02-10 20:35:29.657 (  10.801s) [        C75E3480]     device_instance.cc:82       1| DeviceInstance::PJRT_Device_DefaultMemory
2026-02-10 20:35:29.657 (  10.801s) [        C75E3480]     client_instance.cc:704      1| ClientInstance::PJRT_Client_BufferFromHostBuffer
2026-02-10 20:35:29.657 (  10.801s) [        C75E3480]     memory_instance.cc:57       1| MemoryInstance::getDevice
2026-02-10 20:35:29.657 (  10.801s) [        C75E3480]     buffer_instance.cc:169      1| [JAMES][BufferInstance] UID: 109, Shape: [32]
2026-02-10 20:35:29.657 (  10.801s) [        C75E3480]      event_instance.cc:223      1| EventInstance::PJRT_Event_OnReady
2026-02-10 20:35:29.657 (  10.801s) [        C75E3480]      event_instance.cc:172      1| EventInstance::PJRT_Event_Destroy
2026-02-10 20:35:29.657 (  10.801s) [        C75E3480]     device_instance.cc:82       1| DeviceInstance::PJRT_Device_DefaultMemory
2026-02-10 20:35:29.657 (  10.801s) [        C75E3480]     client_instance.cc:704      1| ClientInstance::PJRT_Client_BufferFromHostBuffer
2026-02-10 20:35:29.657 (  10.801s) [        C75E3480]     memory_instance.cc:57       1| MemoryInstance::getDevice
2026-02-10 20:35:29.657 (  10.801s) [        C75E3480]     buffer_instance.cc:169      1| [JAMES][BufferInstance] UID: 110, Shape: [32]
2026-02-10 20:35:29.657 (  10.801s) [        C75E3480]      event_instance.cc:223      1| EventInstance::PJRT_Event_OnReady
2026-02-10 20:35:29.657 (  10.801s) [        C75E3480]      event_instance.cc:172      1| EventInstance::PJRT_Event_Destroy
2026-02-10 20:35:29.657 (  10.801s) [        C75E3480]     device_instance.cc:82       1| DeviceInstance::PJRT_Device_DefaultMemory
2026-02-10 20:35:29.657 (  10.801s) [        C75E3480]     client_instance.cc:704      1| ClientInstance::PJRT_Client_BufferFromHostBuffer
2026-02-10 20:35:29.657 (  10.801s) [        C75E3480]     memory_instance.cc:57       1| MemoryInstance::getDevice
2026-02-10 20:35:29.657 (  10.801s) [        C75E3480]     buffer_instance.cc:169      1| [JAMES][BufferInstance] UID: 111, Shape: [32]
2026-02-10 20:35:29.657 (  10.801s) [        C75E3480]      event_instance.cc:223      1| EventInstance::PJRT_Event_OnReady
2026-02-10 20:35:29.657 (  10.801s) [        C75E3480]      event_instance.cc:172      1| EventInstance::PJRT_Event_Destroy
2026-02-10 20:35:29.657 (  10.801s) [        C75E3480]  device_description.cc:63       1| DeviceDescription::PJRT_DeviceDescription_Id
2026-02-10 20:35:29.657 (  10.801s) [        C75E3480]  device_description.cc:63       1| DeviceDescription::PJRT_DeviceDescription_Id
2026-02-10 20:35:29.657 (  10.801s) [        C75E3480]  device_description.cc:63       1| DeviceDescription::PJRT_DeviceDescription_Id
2026-02-10 20:35:29.657 (  10.801s) [        C75E3480]  device_description.cc:63       1| DeviceDescription::PJRT_DeviceDescription_Id
2026-02-10 20:35:29.657 (  10.801s) [        C75E3480]  device_description.cc:63       1| DeviceDescription::PJRT_DeviceDescription_Id
2026-02-10 20:35:29.657 (  10.801s) [        C75E3480]  device_description.cc:63       1| DeviceDescription::PJRT_DeviceDescription_Id
2026-02-10 20:35:29.657 (  10.801s) [        C75E3480]  device_description.cc:63       1| DeviceDescription::PJRT_DeviceDescription_Id
2026-02-10 20:35:29.657 (  10.801s) [        C75E3480]  device_description.cc:63       1| DeviceDescription::PJRT_DeviceDescription_Id
2026-02-10 20:35:29.658 (  10.802s) [        C75E3480]     device_instance.cc:82       1| DeviceInstance::PJRT_Device_DefaultMemory
2026-02-10 20:35:29.658 (  10.802s) [        C75E3480]     client_instance.cc:704      1| ClientInstance::PJRT_Client_BufferFromHostBuffer
2026-02-10 20:35:29.658 (  10.802s) [        C75E3480]     memory_instance.cc:57       1| MemoryInstance::getDevice
2026-02-10 20:35:29.658 (  10.802s) [        C75E3480]     buffer_instance.cc:169      1| [JAMES][BufferInstance] UID: 112, Shape: [1024, 64]
2026-02-10 20:35:29.658 (  10.802s) [        C75E3480]      event_instance.cc:223      1| EventInstance::PJRT_Event_OnReady
2026-02-10 20:35:29.658 (  10.802s) [        C75E3480]      event_instance.cc:172      1| EventInstance::PJRT_Event_Destroy
2026-02-10 20:35:29.658 (  10.802s) [        C75E3480]     device_instance.cc:82       1| DeviceInstance::PJRT_Device_DefaultMemory
2026-02-10 20:35:29.658 (  10.802s) [        C75E3480]     client_instance.cc:704      1| ClientInstance::PJRT_Client_BufferFromHostBuffer
2026-02-10 20:35:29.658 (  10.802s) [        C75E3480]     memory_instance.cc:57       1| MemoryInstance::getDevice
2026-02-10 20:35:29.658 (  10.802s) [        C75E3480]     buffer_instance.cc:169      1| [JAMES][BufferInstance] UID: 113, Shape: [1024, 64]
2026-02-10 20:35:29.658 (  10.802s) [        C75E3480]      event_instance.cc:223      1| EventInstance::PJRT_Event_OnReady
2026-02-10 20:35:29.658 (  10.802s) [        C75E3480]      event_instance.cc:172      1| EventInstance::PJRT_Event_Destroy
2026-02-10 20:35:29.658 (  10.802s) [        C75E3480]     device_instance.cc:82       1| DeviceInstance::PJRT_Device_DefaultMemory
2026-02-10 20:35:29.658 (  10.802s) [        C75E3480]     client_instance.cc:704      1| ClientInstance::PJRT_Client_BufferFromHostBuffer
2026-02-10 20:35:29.658 (  10.802s) [        C75E3480]     memory_instance.cc:57       1| MemoryInstance::getDevice
2026-02-10 20:35:29.658 (  10.802s) [        C75E3480]     buffer_instance.cc:169      1| [JAMES][BufferInstance] UID: 114, Shape: [1024, 64]
2026-02-10 20:35:29.659 (  10.802s) [        C75E3480]      event_instance.cc:223      1| EventInstance::PJRT_Event_OnReady
2026-02-10 20:35:29.659 (  10.802s) [        C75E3480]      event_instance.cc:172      1| EventInstance::PJRT_Event_Destroy
2026-02-10 20:35:29.659 (  10.802s) [        C75E3480]     device_instance.cc:82       1| DeviceInstance::PJRT_Device_DefaultMemory
2026-02-10 20:35:29.659 (  10.802s) [        C75E3480]     client_instance.cc:704      1| ClientInstance::PJRT_Client_BufferFromHostBuffer
2026-02-10 20:35:29.659 (  10.802s) [        C75E3480]     memory_instance.cc:57       1| MemoryInstance::getDevice
2026-02-10 20:35:29.659 (  10.802s) [        C75E3480]     buffer_instance.cc:169      1| [JAMES][BufferInstance] UID: 115, Shape: [1024, 64]
2026-02-10 20:35:29.659 (  10.802s) [        C75E3480]      event_instance.cc:223      1| EventInstance::PJRT_Event_OnReady
2026-02-10 20:35:29.659 (  10.802s) [        C75E3480]      event_instance.cc:172      1| EventInstance::PJRT_Event_Destroy
2026-02-10 20:35:29.659 (  10.802s) [        C75E3480]     device_instance.cc:82       1| DeviceInstance::PJRT_Device_DefaultMemory
2026-02-10 20:35:29.659 (  10.802s) [        C75E3480]     client_instance.cc:704      1| ClientInstance::PJRT_Client_BufferFromHostBuffer
2026-02-10 20:35:29.659 (  10.802s) [        C75E3480]     memory_instance.cc:57       1| MemoryInstance::getDevice
2026-02-10 20:35:29.659 (  10.802s) [        C75E3480]     buffer_instance.cc:169      1| [JAMES][BufferInstance] UID: 116, Shape: [1024, 64]
2026-02-10 20:35:29.659 (  10.802s) [        C75E3480]      event_instance.cc:223      1| EventInstance::PJRT_Event_OnReady
2026-02-10 20:35:29.659 (  10.802s) [        C75E3480]      event_instance.cc:172      1| EventInstance::PJRT_Event_Destroy
2026-02-10 20:35:29.659 (  10.802s) [        C75E3480]     device_instance.cc:82       1| DeviceInstance::PJRT_Device_DefaultMemory
2026-02-10 20:35:29.659 (  10.802s) [        C75E3480]     client_instance.cc:704      1| ClientInstance::PJRT_Client_BufferFromHostBuffer
2026-02-10 20:35:29.659 (  10.802s) [        C75E3480]     memory_instance.cc:57       1| MemoryInstance::getDevice
2026-02-10 20:35:29.659 (  10.802s) [        C75E3480]     buffer_instance.cc:169      1| [JAMES][BufferInstance] UID: 117, Shape: [1024, 64]
2026-02-10 20:35:29.659 (  10.802s) [        C75E3480]      event_instance.cc:223      1| EventInstance::PJRT_Event_OnReady
2026-02-10 20:35:29.659 (  10.802s) [        C75E3480]      event_instance.cc:172      1| EventInstance::PJRT_Event_Destroy
2026-02-10 20:35:29.659 (  10.802s) [        C75E3480]     device_instance.cc:82       1| DeviceInstance::PJRT_Device_DefaultMemory
2026-02-10 20:35:29.659 (  10.802s) [        C75E3480]     client_instance.cc:704      1| ClientInstance::PJRT_Client_BufferFromHostBuffer
2026-02-10 20:35:29.659 (  10.802s) [        C75E3480]     memory_instance.cc:57       1| MemoryInstance::getDevice
2026-02-10 20:35:29.659 (  10.802s) [        C75E3480]     buffer_instance.cc:169      1| [JAMES][BufferInstance] UID: 118, Shape: [1024, 64]
2026-02-10 20:35:29.659 (  10.802s) [        C75E3480]      event_instance.cc:223      1| EventInstance::PJRT_Event_OnReady
2026-02-10 20:35:29.659 (  10.802s) [        C75E3480]      event_instance.cc:172      1| EventInstance::PJRT_Event_Destroy
2026-02-10 20:35:29.659 (  10.802s) [        C75E3480]     device_instance.cc:82       1| DeviceInstance::PJRT_Device_DefaultMemory
2026-02-10 20:35:29.659 (  10.802s) [        C75E3480]     client_instance.cc:704      1| ClientInstance::PJRT_Client_BufferFromHostBuffer
2026-02-10 20:35:29.659 (  10.802s) [        C75E3480]     memory_instance.cc:57       1| MemoryInstance::getDevice
2026-02-10 20:35:29.659 (  10.802s) [        C75E3480]     buffer_instance.cc:169      1| [JAMES][BufferInstance] UID: 119, Shape: [1024, 64]
2026-02-10 20:35:29.659 (  10.802s) [        C75E3480]      event_instance.cc:223      1| EventInstance::PJRT_Event_OnReady
2026-02-10 20:35:29.659 (  10.802s) [        C75E3480]      event_instance.cc:172      1| EventInstance::PJRT_Event_Destroy
2026-02-10 20:35:29.659 (  10.802s) [        C75E3480]  device_description.cc:63       1| DeviceDescription::PJRT_DeviceDescription_Id
2026-02-10 20:35:29.659 (  10.802s) [        C75E3480]  device_description.cc:63       1| DeviceDescription::PJRT_DeviceDescription_Id
2026-02-10 20:35:29.659 (  10.802s) [        C75E3480]  device_description.cc:63       1| DeviceDescription::PJRT_DeviceDescription_Id
2026-02-10 20:35:29.659 (  10.802s) [        C75E3480]  device_description.cc:63       1| DeviceDescription::PJRT_DeviceDescription_Id
2026-02-10 20:35:29.659 (  10.802s) [        C75E3480]  device_description.cc:63       1| DeviceDescription::PJRT_DeviceDescription_Id
2026-02-10 20:35:29.659 (  10.802s) [        C75E3480]  device_description.cc:63       1| DeviceDescription::PJRT_DeviceDescription_Id
2026-02-10 20:35:29.659 (  10.802s) [        C75E3480]  device_description.cc:63       1| DeviceDescription::PJRT_DeviceDescription_Id
2026-02-10 20:35:29.659 (  10.802s) [        C75E3480]  device_description.cc:63       1| DeviceDescription::PJRT_DeviceDescription_Id
2026-02-10 20:35:29.659 (  10.803s) [        C75E3480]     device_instance.cc:82       1| DeviceInstance::PJRT_Device_DefaultMemory
2026-02-10 20:35:29.659 (  10.803s) [        C75E3480]     client_instance.cc:704      1| ClientInstance::PJRT_Client_BufferFromHostBuffer
2026-02-10 20:35:29.659 (  10.803s) [        C75E3480]     memory_instance.cc:57       1| MemoryInstance::getDevice
2026-02-10 20:35:29.659 (  10.803s) [        C75E3480]     buffer_instance.cc:169      1| [JAMES][BufferInstance] UID: 120, Shape: [1024, 64]
2026-02-10 20:35:29.659 (  10.803s) [        C75E3480]      event_instance.cc:223      1| EventInstance::PJRT_Event_OnReady
2026-02-10 20:35:29.659 (  10.803s) [        C75E3480]      event_instance.cc:172      1| EventInstance::PJRT_Event_Destroy
2026-02-10 20:35:29.659 (  10.803s) [        C75E3480]     device_instance.cc:82       1| DeviceInstance::PJRT_Device_DefaultMemory
2026-02-10 20:35:29.659 (  10.803s) [        C75E3480]     client_instance.cc:704      1| ClientInstance::PJRT_Client_BufferFromHostBuffer
2026-02-10 20:35:29.659 (  10.803s) [        C75E3480]     memory_instance.cc:57       1| MemoryInstance::getDevice
2026-02-10 20:35:29.659 (  10.803s) [        C75E3480]     buffer_instance.cc:169      1| [JAMES][BufferInstance] UID: 121, Shape: [1024, 64]
2026-02-10 20:35:29.659 (  10.803s) [        C75E3480]      event_instance.cc:223      1| EventInstance::PJRT_Event_OnReady
2026-02-10 20:35:29.659 (  10.803s) [        C75E3480]      event_instance.cc:172      1| EventInstance::PJRT_Event_Destroy
2026-02-10 20:35:29.659 (  10.803s) [        C75E3480]     device_instance.cc:82       1| DeviceInstance::PJRT_Device_DefaultMemory
2026-02-10 20:35:29.659 (  10.803s) [        C75E3480]     client_instance.cc:704      1| ClientInstance::PJRT_Client_BufferFromHostBuffer
2026-02-10 20:35:29.659 (  10.803s) [        C75E3480]     memory_instance.cc:57       1| MemoryInstance::getDevice
2026-02-10 20:35:29.659 (  10.803s) [        C75E3480]     buffer_instance.cc:169      1| [JAMES][BufferInstance] UID: 122, Shape: [1024, 64]
2026-02-10 20:35:29.659 (  10.803s) [        C75E3480]      event_instance.cc:223      1| EventInstance::PJRT_Event_OnReady
2026-02-10 20:35:29.659 (  10.803s) [        C75E3480]      event_instance.cc:172      1| EventInstance::PJRT_Event_Destroy
2026-02-10 20:35:29.659 (  10.803s) [        C75E3480]     device_instance.cc:82       1| DeviceInstance::PJRT_Device_DefaultMemory
2026-02-10 20:35:29.659 (  10.803s) [        C75E3480]     client_instance.cc:704      1| ClientInstance::PJRT_Client_BufferFromHostBuffer
2026-02-10 20:35:29.659 (  10.803s) [        C75E3480]     memory_instance.cc:57       1| MemoryInstance::getDevice
2026-02-10 20:35:29.659 (  10.803s) [        C75E3480]     buffer_instance.cc:169      1| [JAMES][BufferInstance] UID: 123, Shape: [1024, 64]
2026-02-10 20:35:29.659 (  10.803s) [        C75E3480]      event_instance.cc:223      1| EventInstance::PJRT_Event_OnReady
2026-02-10 20:35:29.659 (  10.803s) [        C75E3480]      event_instance.cc:172      1| EventInstance::PJRT_Event_Destroy
2026-02-10 20:35:29.659 (  10.803s) [        C75E3480]     device_instance.cc:82       1| DeviceInstance::PJRT_Device_DefaultMemory
2026-02-10 20:35:29.659 (  10.803s) [        C75E3480]     client_instance.cc:704      1| ClientInstance::PJRT_Client_BufferFromHostBuffer
2026-02-10 20:35:29.659 (  10.803s) [        C75E3480]     memory_instance.cc:57       1| MemoryInstance::getDevice
2026-02-10 20:35:29.659 (  10.803s) [        C75E3480]     buffer_instance.cc:169      1| [JAMES][BufferInstance] UID: 124, Shape: [1024, 64]
2026-02-10 20:35:29.660 (  10.803s) [        C75E3480]      event_instance.cc:223      1| EventInstance::PJRT_Event_OnReady
2026-02-10 20:35:29.660 (  10.803s) [        C75E3480]      event_instance.cc:172      1| EventInstance::PJRT_Event_Destroy
2026-02-10 20:35:29.660 (  10.803s) [        C75E3480]     device_instance.cc:82       1| DeviceInstance::PJRT_Device_DefaultMemory
2026-02-10 20:35:29.660 (  10.803s) [        C75E3480]     client_instance.cc:704      1| ClientInstance::PJRT_Client_BufferFromHostBuffer
2026-02-10 20:35:29.660 (  10.803s) [        C75E3480]     memory_instance.cc:57       1| MemoryInstance::getDevice
2026-02-10 20:35:29.660 (  10.803s) [        C75E3480]     buffer_instance.cc:169      1| [JAMES][BufferInstance] UID: 125, Shape: [1024, 64]
2026-02-10 20:35:29.660 (  10.803s) [        C75E3480]      event_instance.cc:223      1| EventInstance::PJRT_Event_OnReady
2026-02-10 20:35:29.660 (  10.803s) [        C75E3480]      event_instance.cc:172      1| EventInstance::PJRT_Event_Destroy
2026-02-10 20:35:29.660 (  10.803s) [        C75E3480]     device_instance.cc:82       1| DeviceInstance::PJRT_Device_DefaultMemory
2026-02-10 20:35:29.660 (  10.803s) [        C75E3480]     client_instance.cc:704      1| ClientInstance::PJRT_Client_BufferFromHostBuffer
2026-02-10 20:35:29.660 (  10.803s) [        C75E3480]     memory_instance.cc:57       1| MemoryInstance::getDevice
2026-02-10 20:35:29.660 (  10.803s) [        C75E3480]     buffer_instance.cc:169      1| [JAMES][BufferInstance] UID: 126, Shape: [1024, 64]
2026-02-10 20:35:29.660 (  10.803s) [        C75E3480]      event_instance.cc:223      1| EventInstance::PJRT_Event_OnReady
2026-02-10 20:35:29.660 (  10.803s) [        C75E3480]      event_instance.cc:172      1| EventInstance::PJRT_Event_Destroy
2026-02-10 20:35:29.660 (  10.803s) [        C75E3480]     device_instance.cc:82       1| DeviceInstance::PJRT_Device_DefaultMemory
2026-02-10 20:35:29.660 (  10.803s) [        C75E3480]     client_instance.cc:704      1| ClientInstance::PJRT_Client_BufferFromHostBuffer
2026-02-10 20:35:29.660 (  10.803s) [        C75E3480]     memory_instance.cc:57       1| MemoryInstance::getDevice
2026-02-10 20:35:29.660 (  10.803s) [        C75E3480]     buffer_instance.cc:169      1| [JAMES][BufferInstance] UID: 127, Shape: [1024, 64]
2026-02-10 20:35:29.660 (  10.803s) [        C75E3480]      event_instance.cc:223      1| EventInstance::PJRT_Event_OnReady
2026-02-10 20:35:29.660 (  10.803s) [        C75E3480]      event_instance.cc:172      1| EventInstance::PJRT_Event_Destroy
2026-02-10 20:35:29.687 (  10.830s) [        C75E3480]     buffer_instance.cc:495      1| BufferInstance::PJRT_Buffer_IsDeleted
2026-02-10 20:35:29.687 (  10.830s) [        C75E3480]     buffer_instance.cc:495      1| BufferInstance::PJRT_Buffer_IsDeleted
2026-02-10 20:35:29.687 (  10.830s) [        C75E3480]     buffer_instance.cc:495      1| BufferInstance::PJRT_Buffer_IsDeleted
2026-02-10 20:35:29.687 (  10.830s) [        C75E3480]     buffer_instance.cc:495      1| BufferInstance::PJRT_Buffer_IsDeleted
2026-02-10 20:35:29.687 (  10.830s) [        C75E3480]     buffer_instance.cc:495      1| BufferInstance::PJRT_Buffer_IsDeleted
2026-02-10 20:35:29.687 (  10.830s) [        C75E3480]     buffer_instance.cc:495      1| BufferInstance::PJRT_Buffer_IsDeleted
2026-02-10 20:35:29.687 (  10.830s) [        C75E3480]     buffer_instance.cc:495      1| BufferInstance::PJRT_Buffer_IsDeleted
2026-02-10 20:35:29.687 (  10.830s) [        C75E3480]     buffer_instance.cc:495      1| BufferInstance::PJRT_Buffer_IsDeleted
2026-02-10 20:35:29.687 (  10.830s) [        C75E3480]     buffer_instance.cc:495      1| BufferInstance::PJRT_Buffer_IsDeleted
2026-02-10 20:35:29.687 (  10.830s) [        C75E3480]     buffer_instance.cc:495      1| BufferInstance::PJRT_Buffer_IsDeleted
2026-02-10 20:35:29.687 (  10.830s) [        C75E3480]     buffer_instance.cc:495      1| BufferInstance::PJRT_Buffer_IsDeleted
2026-02-10 20:35:29.687 (  10.831s) [        C75E3480]     buffer_instance.cc:495      1| BufferInstance::PJRT_Buffer_IsDeleted
2026-02-10 20:35:29.687 (  10.831s) [        C75E3480]     buffer_instance.cc:495      1| BufferInstance::PJRT_Buffer_IsDeleted
2026-02-10 20:35:29.687 (  10.831s) [        C75E3480]     buffer_instance.cc:495      1| BufferInstance::PJRT_Buffer_IsDeleted
2026-02-10 20:35:29.687 (  10.831s) [        C75E3480]     buffer_instance.cc:495      1| BufferInstance::PJRT_Buffer_IsDeleted
2026-02-10 20:35:29.687 (  10.831s) [        C75E3480]     buffer_instance.cc:495      1| BufferInstance::PJRT_Buffer_IsDeleted
2026-02-10 20:35:29.687 (  10.831s) [        C75E3480]     buffer_instance.cc:495      1| BufferInstance::PJRT_Buffer_IsDeleted
2026-02-10 20:35:29.687 (  10.831s) [        C75E3480]     buffer_instance.cc:495      1| BufferInstance::PJRT_Buffer_IsDeleted
2026-02-10 20:35:29.687 (  10.831s) [        C75E3480]     buffer_instance.cc:495      1| BufferInstance::PJRT_Buffer_IsDeleted
2026-02-10 20:35:29.687 (  10.831s) [        C75E3480]     buffer_instance.cc:495      1| BufferInstance::PJRT_Buffer_IsDeleted
2026-02-10 20:35:29.687 (  10.831s) [        C75E3480]     buffer_instance.cc:495      1| BufferInstance::PJRT_Buffer_IsDeleted
2026-02-10 20:35:29.687 (  10.831s) [        C75E3480]     buffer_instance.cc:495      1| BufferInstance::PJRT_Buffer_IsDeleted
2026-02-10 20:35:29.687 (  10.831s) [        C75E3480]     buffer_instance.cc:495      1| BufferInstance::PJRT_Buffer_IsDeleted
2026-02-10 20:35:29.687 (  10.831s) [        C75E3480]     buffer_instance.cc:495      1| BufferInstance::PJRT_Buffer_IsDeleted
2026-02-10 20:35:29.687 (  10.831s) [        C75E3480]     buffer_instance.cc:495      1| BufferInstance::PJRT_Buffer_IsDeleted
2026-02-10 20:35:29.687 (  10.831s) [        C75E3480]     buffer_instance.cc:495      1| BufferInstance::PJRT_Buffer_IsDeleted
2026-02-10 20:35:29.687 (  10.831s) [        C75E3480]     buffer_instance.cc:495      1| BufferInstance::PJRT_Buffer_IsDeleted
2026-02-10 20:35:29.687 (  10.831s) [        C75E3480]     buffer_instance.cc:495      1| BufferInstance::PJRT_Buffer_IsDeleted
2026-02-10 20:35:29.687 (  10.831s) [        C75E3480]     buffer_instance.cc:495      1| BufferInstance::PJRT_Buffer_IsDeleted
2026-02-10 20:35:29.687 (  10.831s) [        C75E3480]     buffer_instance.cc:495      1| BufferInstance::PJRT_Buffer_IsDeleted
2026-02-10 20:35:29.687 (  10.831s) [        C75E3480]     buffer_instance.cc:495      1| BufferInstance::PJRT_Buffer_IsDeleted
2026-02-10 20:35:29.687 (  10.831s) [        C75E3480]     buffer_instance.cc:495      1| BufferInstance::PJRT_Buffer_IsDeleted
2026-02-10 20:35:29.687 (  10.831s) [        C75E3480]     buffer_instance.cc:495      1| BufferInstance::PJRT_Buffer_IsDeleted
2026-02-10 20:35:29.687 (  10.831s) [        C75E3480]     buffer_instance.cc:495      1| BufferInstance::PJRT_Buffer_IsDeleted
2026-02-10 20:35:29.687 (  10.831s) [        C75E3480]     buffer_instance.cc:495      1| BufferInstance::PJRT_Buffer_IsDeleted
2026-02-10 20:35:29.687 (  10.831s) [        C75E3480]     buffer_instance.cc:495      1| BufferInstance::PJRT_Buffer_IsDeleted
2026-02-10 20:35:29.687 (  10.831s) [        C75E3480]     buffer_instance.cc:495      1| BufferInstance::PJRT_Buffer_IsDeleted
2026-02-10 20:35:29.687 (  10.831s) [        C75E3480]     buffer_instance.cc:495      1| BufferInstance::PJRT_Buffer_IsDeleted
2026-02-10 20:35:29.687 (  10.831s) [        C75E3480]     buffer_instance.cc:495      1| BufferInstance::PJRT_Buffer_IsDeleted
2026-02-10 20:35:29.687 (  10.831s) [        C75E3480]     buffer_instance.cc:495      1| BufferInstance::PJRT_Buffer_IsDeleted
2026-02-10 20:35:29.687 (  10.831s) [        C75E3480]     buffer_instance.cc:495      1| BufferInstance::PJRT_Buffer_IsDeleted
2026-02-10 20:35:29.687 (  10.831s) [        C75E3480]     buffer_instance.cc:495      1| BufferInstance::PJRT_Buffer_IsDeleted
2026-02-10 20:35:29.687 (  10.831s) [        C75E3480]     buffer_instance.cc:495      1| BufferInstance::PJRT_Buffer_IsDeleted
2026-02-10 20:35:29.687 (  10.831s) [        C75E3480]     buffer_instance.cc:495      1| BufferInstance::PJRT_Buffer_IsDeleted
2026-02-10 20:35:29.687 (  10.831s) [        C75E3480]     buffer_instance.cc:495      1| BufferInstance::PJRT_Buffer_IsDeleted
2026-02-10 20:35:29.687 (  10.831s) [        C75E3480]     buffer_instance.cc:495      1| BufferInstance::PJRT_Buffer_IsDeleted
2026-02-10 20:35:29.687 (  10.831s) [        C75E3480]     buffer_instance.cc:495      1| BufferInstance::PJRT_Buffer_IsDeleted
2026-02-10 20:35:29.687 (  10.831s) [        C75E3480]     buffer_instance.cc:495      1| BufferInstance::PJRT_Buffer_IsDeleted
2026-02-10 20:35:29.687 (  10.831s) [        C75E3480]     buffer_instance.cc:495      1| BufferInstance::PJRT_Buffer_IsDeleted
2026-02-10 20:35:29.687 (  10.831s) [        C75E3480]     buffer_instance.cc:495      1| BufferInstance::PJRT_Buffer_IsDeleted
2026-02-10 20:35:29.687 (  10.831s) [        C75E3480]     buffer_instance.cc:495      1| BufferInstance::PJRT_Buffer_IsDeleted
2026-02-10 20:35:29.687 (  10.831s) [        C75E3480]     buffer_instance.cc:495      1| BufferInstance::PJRT_Buffer_IsDeleted
2026-02-10 20:35:29.687 (  10.831s) [        C75E3480]     buffer_instance.cc:495      1| BufferInstance::PJRT_Buffer_IsDeleted
2026-02-10 20:35:29.687 (  10.831s) [        C75E3480]     buffer_instance.cc:495      1| BufferInstance::PJRT_Buffer_IsDeleted
2026-02-10 20:35:29.687 (  10.831s) [        C75E3480]     buffer_instance.cc:495      1| BufferInstance::PJRT_Buffer_IsDeleted
2026-02-10 20:35:29.687 (  10.831s) [        C75E3480]     buffer_instance.cc:495      1| BufferInstance::PJRT_Buffer_IsDeleted
2026-02-10 20:35:29.687 (  10.831s) [        C75E3480]     buffer_instance.cc:495      1| BufferInstance::PJRT_Buffer_IsDeleted
2026-02-10 20:35:29.687 (  10.831s) [        C75E3480]     buffer_instance.cc:495      1| BufferInstance::PJRT_Buffer_IsDeleted
2026-02-10 20:35:29.687 (  10.831s) [        C75E3480]     buffer_instance.cc:495      1| BufferInstance::PJRT_Buffer_IsDeleted
2026-02-10 20:35:29.687 (  10.831s) [        C75E3480]     buffer_instance.cc:495      1| BufferInstance::PJRT_Buffer_IsDeleted
2026-02-10 20:35:29.687 (  10.831s) [        C75E3480]     buffer_instance.cc:495      1| BufferInstance::PJRT_Buffer_IsDeleted
2026-02-10 20:35:29.687 (  10.831s) [        C75E3480]     buffer_instance.cc:495      1| BufferInstance::PJRT_Buffer_IsDeleted
2026-02-10 20:35:29.687 (  10.831s) [        C75E3480]     buffer_instance.cc:495      1| BufferInstance::PJRT_Buffer_IsDeleted
2026-02-10 20:35:29.687 (  10.831s) [        C75E3480]     buffer_instance.cc:495      1| BufferInstance::PJRT_Buffer_IsDeleted
2026-02-10 20:35:29.687 (  10.831s) [        C75E3480]     buffer_instance.cc:495      1| BufferInstance::PJRT_Buffer_IsDeleted
2026-02-10 20:35:29.687 (  10.831s) [        C75E3480]     buffer_instance.cc:495      1| BufferInstance::PJRT_Buffer_IsDeleted
2026-02-10 20:35:29.687 (  10.831s) [        C75E3480]     buffer_instance.cc:495      1| BufferInstance::PJRT_Buffer_IsDeleted
2026-02-10 20:35:29.687 (  10.831s) [        C75E3480]     buffer_instance.cc:495      1| BufferInstance::PJRT_Buffer_IsDeleted
2026-02-10 20:35:29.687 (  10.831s) [        C75E3480]     buffer_instance.cc:495      1| BufferInstance::PJRT_Buffer_IsDeleted
2026-02-10 20:35:29.687 (  10.831s) [        C75E3480]     buffer_instance.cc:495      1| BufferInstance::PJRT_Buffer_IsDeleted
2026-02-10 20:35:29.687 (  10.831s) [        C75E3480]     buffer_instance.cc:495      1| BufferInstance::PJRT_Buffer_IsDeleted
2026-02-10 20:35:29.687 (  10.831s) [        C75E3480]     buffer_instance.cc:495      1| BufferInstance::PJRT_Buffer_IsDeleted
2026-02-10 20:35:29.687 (  10.831s) [        C75E3480]     buffer_instance.cc:495      1| BufferInstance::PJRT_Buffer_IsDeleted
2026-02-10 20:35:29.687 (  10.831s) [        C75E3480]     buffer_instance.cc:495      1| BufferInstance::PJRT_Buffer_IsDeleted
2026-02-10 20:35:29.687 (  10.831s) [        C75E3480]     buffer_instance.cc:495      1| BufferInstance::PJRT_Buffer_IsDeleted
2026-02-10 20:35:29.687 (  10.831s) [        C75E3480]     buffer_instance.cc:495      1| BufferInstance::PJRT_Buffer_IsDeleted
2026-02-10 20:35:29.687 (  10.831s) [        C75E3480]     buffer_instance.cc:495      1| BufferInstance::PJRT_Buffer_IsDeleted
2026-02-10 20:35:29.687 (  10.831s) [        C75E3480]     buffer_instance.cc:495      1| BufferInstance::PJRT_Buffer_IsDeleted
2026-02-10 20:35:29.687 (  10.831s) [        C75E3480]     buffer_instance.cc:495      1| BufferInstance::PJRT_Buffer_IsDeleted
2026-02-10 20:35:29.687 (  10.831s) [        C75E3480]     buffer_instance.cc:495      1| BufferInstance::PJRT_Buffer_IsDeleted
2026-02-10 20:35:29.687 (  10.831s) [        C75E3480]     buffer_instance.cc:495      1| BufferInstance::PJRT_Buffer_IsDeleted
2026-02-10 20:35:29.687 (  10.831s) [        C75E3480]     buffer_instance.cc:495      1| BufferInstance::PJRT_Buffer_IsDeleted
2026-02-10 20:35:29.687 (  10.831s) [        C75E3480]     buffer_instance.cc:495      1| BufferInstance::PJRT_Buffer_IsDeleted
2026-02-10 20:35:29.687 (  10.831s) [        C75E3480]     buffer_instance.cc:495      1| BufferInstance::PJRT_Buffer_IsDeleted
2026-02-10 20:35:29.687 (  10.831s) [        C75E3480]     buffer_instance.cc:495      1| BufferInstance::PJRT_Buffer_IsDeleted
2026-02-10 20:35:29.687 (  10.831s) [        C75E3480]     buffer_instance.cc:495      1| BufferInstance::PJRT_Buffer_IsDeleted
2026-02-10 20:35:29.687 (  10.831s) [        C75E3480]     buffer_instance.cc:495      1| BufferInstance::PJRT_Buffer_IsDeleted
2026-02-10 20:35:29.687 (  10.831s) [        C75E3480]     buffer_instance.cc:495      1| BufferInstance::PJRT_Buffer_IsDeleted
2026-02-10 20:35:29.687 (  10.831s) [        C75E3480]     buffer_instance.cc:495      1| BufferInstance::PJRT_Buffer_IsDeleted
2026-02-10 20:35:29.687 (  10.831s) [        C75E3480]     buffer_instance.cc:495      1| BufferInstance::PJRT_Buffer_IsDeleted
2026-02-10 20:35:29.687 (  10.831s) [        C75E3480]     buffer_instance.cc:495      1| BufferInstance::PJRT_Buffer_IsDeleted
2026-02-10 20:35:29.687 (  10.831s) [        C75E3480]     buffer_instance.cc:495      1| BufferInstance::PJRT_Buffer_IsDeleted
2026-02-10 20:35:29.687 (  10.831s) [        C75E3480]     buffer_instance.cc:495      1| BufferInstance::PJRT_Buffer_IsDeleted
2026-02-10 20:35:29.687 (  10.831s) [        C75E3480]     buffer_instance.cc:495      1| BufferInstance::PJRT_Buffer_IsDeleted
2026-02-10 20:35:29.687 (  10.831s) [        C75E3480]     buffer_instance.cc:495      1| BufferInstance::PJRT_Buffer_IsDeleted
2026-02-10 20:35:29.687 (  10.831s) [        C75E3480]     buffer_instance.cc:495      1| BufferInstance::PJRT_Buffer_IsDeleted
2026-02-10 20:35:29.687 (  10.831s) [        C75E3480]     buffer_instance.cc:495      1| BufferInstance::PJRT_Buffer_IsDeleted
2026-02-10 20:35:29.687 (  10.831s) [        C75E3480]     buffer_instance.cc:495      1| BufferInstance::PJRT_Buffer_IsDeleted
2026-02-10 20:35:29.687 (  10.831s) [        C75E3480]     buffer_instance.cc:495      1| BufferInstance::PJRT_Buffer_IsDeleted
2026-02-10 20:35:29.687 (  10.831s) [        C75E3480]     buffer_instance.cc:495      1| BufferInstance::PJRT_Buffer_IsDeleted
2026-02-10 20:35:29.687 (  10.831s) [        C75E3480]     buffer_instance.cc:495      1| BufferInstance::PJRT_Buffer_IsDeleted
2026-02-10 20:35:29.687 (  10.831s) [        C75E3480]     buffer_instance.cc:495      1| BufferInstance::PJRT_Buffer_IsDeleted
2026-02-10 20:35:29.687 (  10.831s) [        C75E3480]     buffer_instance.cc:495      1| BufferInstance::PJRT_Buffer_IsDeleted
2026-02-10 20:35:29.687 (  10.831s) [        C75E3480]     buffer_instance.cc:495      1| BufferInstance::PJRT_Buffer_IsDeleted
2026-02-10 20:35:29.687 (  10.831s) [        C75E3480]     buffer_instance.cc:495      1| BufferInstance::PJRT_Buffer_IsDeleted
2026-02-10 20:35:29.687 (  10.831s) [        C75E3480]     buffer_instance.cc:495      1| BufferInstance::PJRT_Buffer_IsDeleted
2026-02-10 20:35:29.687 (  10.831s) [        C75E3480]     buffer_instance.cc:495      1| BufferInstance::PJRT_Buffer_IsDeleted
2026-02-10 20:35:29.687 (  10.831s) [        C75E3480]     buffer_instance.cc:495      1| BufferInstance::PJRT_Buffer_IsDeleted
2026-02-10 20:35:29.687 (  10.831s) [        C75E3480]     buffer_instance.cc:495      1| BufferInstance::PJRT_Buffer_IsDeleted
2026-02-10 20:35:29.687 (  10.831s) [        C75E3480]     buffer_instance.cc:495      1| BufferInstance::PJRT_Buffer_IsDeleted
2026-02-10 20:35:29.687 (  10.831s) [        C75E3480]     buffer_instance.cc:495      1| BufferInstance::PJRT_Buffer_IsDeleted
2026-02-10 20:35:29.687 (  10.831s) [        C75E3480]     buffer_instance.cc:495      1| BufferInstance::PJRT_Buffer_IsDeleted
2026-02-10 20:35:29.687 (  10.831s) [        C75E3480]     buffer_instance.cc:495      1| BufferInstance::PJRT_Buffer_IsDeleted
2026-02-10 20:35:29.687 (  10.831s) [        C75E3480]     buffer_instance.cc:495      1| BufferInstance::PJRT_Buffer_IsDeleted
2026-02-10 20:35:29.687 (  10.831s) [        C75E3480]     buffer_instance.cc:495      1| BufferInstance::PJRT_Buffer_IsDeleted
2026-02-10 20:35:29.687 (  10.831s) [        C75E3480]     buffer_instance.cc:495      1| BufferInstance::PJRT_Buffer_IsDeleted
2026-02-10 20:35:29.687 (  10.831s) [        C75E3480]     buffer_instance.cc:495      1| BufferInstance::PJRT_Buffer_IsDeleted
2026-02-10 20:35:29.687 (  10.831s) [        C75E3480]     buffer_instance.cc:495      1| BufferInstance::PJRT_Buffer_IsDeleted
2026-02-10 20:35:29.687 (  10.831s) [        C75E3480]     buffer_instance.cc:495      1| BufferInstance::PJRT_Buffer_IsDeleted
2026-02-10 20:35:29.687 (  10.831s) [        C75E3480]     buffer_instance.cc:495      1| BufferInstance::PJRT_Buffer_IsDeleted
2026-02-10 20:35:29.687 (  10.831s) [        C75E3480]     buffer_instance.cc:495      1| BufferInstance::PJRT_Buffer_IsDeleted
2026-02-10 20:35:29.687 (  10.831s) [        C75E3480]     buffer_instance.cc:495      1| BufferInstance::PJRT_Buffer_IsDeleted
2026-02-10 20:35:29.687 (  10.831s) [        C75E3480]     buffer_instance.cc:495      1| BufferInstance::PJRT_Buffer_IsDeleted
2026-02-10 20:35:29.687 (  10.831s) [        C75E3480]     buffer_instance.cc:495      1| BufferInstance::PJRT_Buffer_IsDeleted
2026-02-10 20:35:29.687 (  10.831s) [        C75E3480]     buffer_instance.cc:495      1| BufferInstance::PJRT_Buffer_IsDeleted
2026-02-10 20:35:29.687 (  10.831s) [        C75E3480]     buffer_instance.cc:495      1| BufferInstance::PJRT_Buffer_IsDeleted
2026-02-10 20:35:29.687 (  10.831s) [        C75E3480]     buffer_instance.cc:495      1| BufferInstance::PJRT_Buffer_IsDeleted
2026-02-10 20:35:29.687 (  10.831s) [        C75E3480]     buffer_instance.cc:495      1| BufferInstance::PJRT_Buffer_IsDeleted
2026-02-10 20:35:29.687 (  10.831s) [        C75E3480]     buffer_instance.cc:495      1| BufferInstance::PJRT_Buffer_IsDeleted
2026-02-10 20:35:29.687 (  10.831s) [        C75E3480]     buffer_instance.cc:495      1| BufferInstance::PJRT_Buffer_IsDeleted
2026-02-10 20:35:29.687 (  10.831s) [        C75E3480]     buffer_instance.cc:495      1| BufferInstance::PJRT_Buffer_IsDeleted
2026-02-10 20:35:29.687 (  10.831s) [        C75E3480]     buffer_instance.cc:495      1| BufferInstance::PJRT_Buffer_IsDeleted
2026-02-10 20:35:29.687 (  10.831s) [        C75E3480]     buffer_instance.cc:495      1| BufferInstance::PJRT_Buffer_IsDeleted
2026-02-10 20:35:29.687 (  10.831s) [        C75E3480]     buffer_instance.cc:495      1| BufferInstance::PJRT_Buffer_IsDeleted
2026-02-10 20:35:29.687 (  10.831s) [        C75E3480]     buffer_instance.cc:495      1| BufferInstance::PJRT_Buffer_IsDeleted
2026-02-10 20:35:29.687 (  10.831s) [        C75E3480]     buffer_instance.cc:495      1| BufferInstance::PJRT_Buffer_IsDeleted
2026-02-10 20:35:29.687 (  10.831s) [        C75E3480]     buffer_instance.cc:495      1| BufferInstance::PJRT_Buffer_IsDeleted
2026-02-10 20:35:29.687 (  10.831s) [        C75E3480]     buffer_instance.cc:495      1| BufferInstance::PJRT_Buffer_IsDeleted
2026-02-10 20:35:29.687 (  10.831s) [        C75E3480]     buffer_instance.cc:495      1| BufferInstance::PJRT_Buffer_IsDeleted
2026-02-10 20:35:29.687 (  10.831s) [        C75E3480]     buffer_instance.cc:495      1| BufferInstance::PJRT_Buffer_IsDeleted
2026-02-10 20:35:29.687 (  10.831s) [        C75E3480]     buffer_instance.cc:495      1| BufferInstance::PJRT_Buffer_IsDeleted
2026-02-10 20:35:29.688 (  10.831s) [        C75E3480]     buffer_instance.cc:495      1| BufferInstance::PJRT_Buffer_IsDeleted
2026-02-10 20:35:29.688 (  10.831s) [        C75E3480]     buffer_instance.cc:495      1| BufferInstance::PJRT_Buffer_IsDeleted
2026-02-10 20:35:29.688 (  10.831s) [        C75E3480]     buffer_instance.cc:495      1| BufferInstance::PJRT_Buffer_IsDeleted
2026-02-10 20:35:29.688 (  10.831s) [        C75E3480]     buffer_instance.cc:495      1| BufferInstance::PJRT_Buffer_IsDeleted
2026-02-10 20:35:29.688 (  10.831s) [        C75E3480]     buffer_instance.cc:495      1| BufferInstance::PJRT_Buffer_IsDeleted
2026-02-10 20:35:29.688 (  10.831s) [        C75E3480]     buffer_instance.cc:495      1| BufferInstance::PJRT_Buffer_IsDeleted
2026-02-10 20:35:29.688 (  10.831s) [        C75E3480]     buffer_instance.cc:495      1| BufferInstance::PJRT_Buffer_IsDeleted
2026-02-10 20:35:29.688 (  10.831s) [        C75E3480]     buffer_instance.cc:495      1| BufferInstance::PJRT_Buffer_IsDeleted
2026-02-10 20:35:29.688 (  10.831s) [        C75E3480]     buffer_instance.cc:495      1| BufferInstance::PJRT_Buffer_IsDeleted
2026-02-10 20:35:29.688 (  10.831s) [        C75E3480]     buffer_instance.cc:495      1| BufferInstance::PJRT_Buffer_IsDeleted
2026-02-10 20:35:29.688 (  10.831s) [        C75E3480]     buffer_instance.cc:495      1| BufferInstance::PJRT_Buffer_IsDeleted
2026-02-10 20:35:29.688 (  10.831s) [        C75E3480]     buffer_instance.cc:495      1| BufferInstance::PJRT_Buffer_IsDeleted
2026-02-10 20:35:29.688 (  10.831s) [        C75E3480]     buffer_instance.cc:495      1| BufferInstance::PJRT_Buffer_IsDeleted
2026-02-10 20:35:29.688 (  10.831s) [        C75E3480]     buffer_instance.cc:495      1| BufferInstance::PJRT_Buffer_IsDeleted
2026-02-10 20:35:29.688 (  10.831s) [        C75E3480]     buffer_instance.cc:495      1| BufferInstance::PJRT_Buffer_IsDeleted
2026-02-10 20:35:29.688 (  10.831s) [        C75E3480]     buffer_instance.cc:495      1| BufferInstance::PJRT_Buffer_IsDeleted
2026-02-10 20:35:29.688 (  10.831s) [        C75E3480]     buffer_instance.cc:495      1| BufferInstance::PJRT_Buffer_IsDeleted
2026-02-10 20:35:29.688 (  10.831s) [        C75E3480]     buffer_instance.cc:495      1| BufferInstance::PJRT_Buffer_IsDeleted
2026-02-10 20:35:29.688 (  10.831s) [        C75E3480]     buffer_instance.cc:495      1| BufferInstance::PJRT_Buffer_IsDeleted
2026-02-10 20:35:29.688 (  10.831s) [        C75E3480]     buffer_instance.cc:495      1| BufferInstance::PJRT_Buffer_IsDeleted
2026-02-10 20:35:29.688 (  10.831s) [        C75E3480]     buffer_instance.cc:495      1| BufferInstance::PJRT_Buffer_IsDeleted
2026-02-10 20:35:29.688 (  10.831s) [        C75E3480]     buffer_instance.cc:495      1| BufferInstance::PJRT_Buffer_IsDeleted
2026-02-10 20:35:29.688 (  10.831s) [        C75E3480]     buffer_instance.cc:495      1| BufferInstance::PJRT_Buffer_IsDeleted
2026-02-10 20:35:29.688 (  10.831s) [        C75E3480]     buffer_instance.cc:495      1| BufferInstance::PJRT_Buffer_IsDeleted
2026-02-10 20:35:29.688 (  10.831s) [        C75E3480]     buffer_instance.cc:495      1| BufferInstance::PJRT_Buffer_IsDeleted
2026-02-10 20:35:29.688 (  10.831s) [        C75E3480]     buffer_instance.cc:495      1| BufferInstance::PJRT_Buffer_IsDeleted
2026-02-10 20:35:29.688 (  10.831s) [        C75E3480]     buffer_instance.cc:495      1| BufferInstance::PJRT_Buffer_IsDeleted
2026-02-10 20:35:29.688 (  10.831s) [        C75E3480]     buffer_instance.cc:495      1| BufferInstance::PJRT_Buffer_IsDeleted
2026-02-10 20:35:29.688 (  10.831s) [        C75E3480]     buffer_instance.cc:495      1| BufferInstance::PJRT_Buffer_IsDeleted
2026-02-10 20:35:29.688 (  10.831s) [        C75E3480]     buffer_instance.cc:495      1| BufferInstance::PJRT_Buffer_IsDeleted
2026-02-10 20:35:29.688 (  10.831s) [        C75E3480]     buffer_instance.cc:495      1| BufferInstance::PJRT_Buffer_IsDeleted
2026-02-10 20:35:29.688 (  10.831s) [        C75E3480]     buffer_instance.cc:495      1| BufferInstance::PJRT_Buffer_IsDeleted
2026-02-10 20:35:29.688 (  10.831s) [        C75E3480]     buffer_instance.cc:495      1| BufferInstance::PJRT_Buffer_IsDeleted
2026-02-10 20:35:29.688 (  10.831s) [        C75E3480]     buffer_instance.cc:495      1| BufferInstance::PJRT_Buffer_IsDeleted
2026-02-10 20:35:29.688 (  10.831s) [        C75E3480]     buffer_instance.cc:495      1| BufferInstance::PJRT_Buffer_IsDeleted
2026-02-10 20:35:29.688 (  10.831s) [        C75E3480]     buffer_instance.cc:495      1| BufferInstance::PJRT_Buffer_IsDeleted
2026-02-10 20:35:29.688 (  10.831s) [        C75E3480]     buffer_instance.cc:495      1| BufferInstance::PJRT_Buffer_IsDeleted
2026-02-10 20:35:29.688 (  10.831s) [        C75E3480]     buffer_instance.cc:495      1| BufferInstance::PJRT_Buffer_IsDeleted
2026-02-10 20:35:29.688 (  10.831s) [        C75E3480]     buffer_instance.cc:495      1| BufferInstance::PJRT_Buffer_IsDeleted
2026-02-10 20:35:29.688 (  10.831s) [        C75E3480]     buffer_instance.cc:495      1| BufferInstance::PJRT_Buffer_IsDeleted
2026-02-10 20:35:29.688 (  10.831s) [        C75E3480]     buffer_instance.cc:495      1| BufferInstance::PJRT_Buffer_IsDeleted
2026-02-10 20:35:29.688 (  10.831s) [        C75E3480]     buffer_instance.cc:495      1| BufferInstance::PJRT_Buffer_IsDeleted
2026-02-10 20:35:29.688 (  10.831s) [        C75E3480]     buffer_instance.cc:495      1| BufferInstance::PJRT_Buffer_IsDeleted
2026-02-10 20:35:29.688 (  10.831s) [        C75E3480]     buffer_instance.cc:495      1| BufferInstance::PJRT_Buffer_IsDeleted
2026-02-10 20:35:29.688 (  10.831s) [        C75E3480]     buffer_instance.cc:495      1| BufferInstance::PJRT_Buffer_IsDeleted
2026-02-10 20:35:29.688 (  10.831s) [        C75E3480]     buffer_instance.cc:495      1| BufferInstance::PJRT_Buffer_IsDeleted
2026-02-10 20:35:29.688 (  10.831s) [        C75E3480]     buffer_instance.cc:495      1| BufferInstance::PJRT_Buffer_IsDeleted
2026-02-10 20:35:29.688 (  10.831s) [        C75E3480]     buffer_instance.cc:495      1| BufferInstance::PJRT_Buffer_IsDeleted
2026-02-10 20:35:29.688 (  10.831s) [        C75E3480]     buffer_instance.cc:495      1| BufferInstance::PJRT_Buffer_IsDeleted
2026-02-10 20:35:29.688 (  10.831s) [        C75E3480]     buffer_instance.cc:495      1| BufferInstance::PJRT_Buffer_IsDeleted
2026-02-10 20:35:29.688 (  10.831s) [        C75E3480]     buffer_instance.cc:495      1| BufferInstance::PJRT_Buffer_IsDeleted
2026-02-10 20:35:29.688 (  10.831s) [        C75E3480]     buffer_instance.cc:495      1| BufferInstance::PJRT_Buffer_IsDeleted
2026-02-10 20:35:29.688 (  10.831s) [        C75E3480]     buffer_instance.cc:495      1| BufferInstance::PJRT_Buffer_IsDeleted
2026-02-10 20:35:29.688 (  10.831s) [        C75E3480]     buffer_instance.cc:495      1| BufferInstance::PJRT_Buffer_IsDeleted
2026-02-10 20:35:29.688 (  10.831s) [        C75E3480]     buffer_instance.cc:495      1| BufferInstance::PJRT_Buffer_IsDeleted
2026-02-10 20:35:29.688 (  10.831s) [        C75E3480]     buffer_instance.cc:495      1| BufferInstance::PJRT_Buffer_IsDeleted
2026-02-10 20:35:29.688 (  10.831s) [        C75E3480]     buffer_instance.cc:495      1| BufferInstance::PJRT_Buffer_IsDeleted
2026-02-10 20:35:29.688 (  10.831s) [        C75E3480]     buffer_instance.cc:495      1| BufferInstance::PJRT_Buffer_IsDeleted
2026-02-10 20:35:29.688 (  10.831s) [        C75E3480]     buffer_instance.cc:495      1| BufferInstance::PJRT_Buffer_IsDeleted
2026-02-10 20:35:29.688 (  10.831s) [        C75E3480]     buffer_instance.cc:495      1| BufferInstance::PJRT_Buffer_IsDeleted
2026-02-10 20:35:29.688 (  10.831s) [        C75E3480]     buffer_instance.cc:495      1| BufferInstance::PJRT_Buffer_IsDeleted
2026-02-10 20:35:29.688 (  10.831s) [        C75E3480]     buffer_instance.cc:495      1| BufferInstance::PJRT_Buffer_IsDeleted
2026-02-10 20:35:29.688 (  10.831s) [        C75E3480]     buffer_instance.cc:495      1| BufferInstance::PJRT_Buffer_IsDeleted
2026-02-10 20:35:29.688 (  10.831s) [        C75E3480]     buffer_instance.cc:495      1| BufferInstance::PJRT_Buffer_IsDeleted
2026-02-10 20:35:29.688 (  10.831s) [        C75E3480]     buffer_instance.cc:495      1| BufferInstance::PJRT_Buffer_IsDeleted
2026-02-10 20:35:29.688 (  10.831s) [        C75E3480]     buffer_instance.cc:495      1| BufferInstance::PJRT_Buffer_IsDeleted
2026-02-10 20:35:29.688 (  10.831s) [        C75E3480]     buffer_instance.cc:495      1| BufferInstance::PJRT_Buffer_IsDeleted
2026-02-10 20:35:29.688 (  10.831s) [        C75E3480]     buffer_instance.cc:495      1| BufferInstance::PJRT_Buffer_IsDeleted
2026-02-10 20:35:29.688 (  10.831s) [        C75E3480]     buffer_instance.cc:495      1| BufferInstance::PJRT_Buffer_IsDeleted
2026-02-10 20:35:29.688 (  10.831s) [        C75E3480]     buffer_instance.cc:495      1| BufferInstance::PJRT_Buffer_IsDeleted
2026-02-10 20:35:29.688 (  10.831s) [        C75E3480]     buffer_instance.cc:495      1| BufferInstance::PJRT_Buffer_IsDeleted
2026-02-10 20:35:29.688 (  10.831s) [        C75E3480]     buffer_instance.cc:495      1| BufferInstance::PJRT_Buffer_IsDeleted
2026-02-10 20:35:29.688 (  10.831s) [        C75E3480]     buffer_instance.cc:495      1| BufferInstance::PJRT_Buffer_IsDeleted
2026-02-10 20:35:29.688 (  10.831s) [        C75E3480]     buffer_instance.cc:495      1| BufferInstance::PJRT_Buffer_IsDeleted
2026-02-10 20:35:29.688 (  10.831s) [        C75E3480]     buffer_instance.cc:495      1| BufferInstance::PJRT_Buffer_IsDeleted
2026-02-10 20:35:29.688 (  10.831s) [        C75E3480]     buffer_instance.cc:495      1| BufferInstance::PJRT_Buffer_IsDeleted
2026-02-10 20:35:29.688 (  10.831s) [        C75E3480]     buffer_instance.cc:495      1| BufferInstance::PJRT_Buffer_IsDeleted
2026-02-10 20:35:29.688 (  10.831s) [        C75E3480]     buffer_instance.cc:495      1| BufferInstance::PJRT_Buffer_IsDeleted
2026-02-10 20:35:29.688 (  10.831s) [        C75E3480]     buffer_instance.cc:495      1| BufferInstance::PJRT_Buffer_IsDeleted
2026-02-10 20:35:29.688 (  10.831s) [        C75E3480]     buffer_instance.cc:495      1| BufferInstance::PJRT_Buffer_IsDeleted
2026-02-10 20:35:29.688 (  10.831s) [        C75E3480]     buffer_instance.cc:495      1| BufferInstance::PJRT_Buffer_IsDeleted
2026-02-10 20:35:29.688 (  10.831s) [        C75E3480]     buffer_instance.cc:495      1| BufferInstance::PJRT_Buffer_IsDeleted
2026-02-10 20:35:29.688 (  10.831s) [        C75E3480]     buffer_instance.cc:495      1| BufferInstance::PJRT_Buffer_IsDeleted
2026-02-10 20:35:29.688 (  10.831s) [        C75E3480]     buffer_instance.cc:495      1| BufferInstance::PJRT_Buffer_IsDeleted
2026-02-10 20:35:29.688 (  10.831s) [        C75E3480]     buffer_instance.cc:495      1| BufferInstance::PJRT_Buffer_IsDeleted
2026-02-10 20:35:29.688 (  10.831s) [        C75E3480]     buffer_instance.cc:495      1| BufferInstance::PJRT_Buffer_IsDeleted
2026-02-10 20:35:29.688 (  10.831s) [        C75E3480]     buffer_instance.cc:495      1| BufferInstance::PJRT_Buffer_IsDeleted
2026-02-10 20:35:29.688 (  10.831s) [        C75E3480]     buffer_instance.cc:495      1| BufferInstance::PJRT_Buffer_IsDeleted
2026-02-10 20:35:29.688 (  10.831s) [        C75E3480]     buffer_instance.cc:495      1| BufferInstance::PJRT_Buffer_IsDeleted
2026-02-10 20:35:29.688 (  10.831s) [        C75E3480]     buffer_instance.cc:495      1| BufferInstance::PJRT_Buffer_IsDeleted
2026-02-10 20:35:29.688 (  10.831s) [        C75E3480]     buffer_instance.cc:495      1| BufferInstance::PJRT_Buffer_IsDeleted
2026-02-10 20:35:29.688 (  10.831s) [        C75E3480]     buffer_instance.cc:495      1| BufferInstance::PJRT_Buffer_IsDeleted
2026-02-10 20:35:29.688 (  10.831s) [        C75E3480]     buffer_instance.cc:495      1| BufferInstance::PJRT_Buffer_IsDeleted
2026-02-10 20:35:29.688 (  10.831s) [        C75E3480]     buffer_instance.cc:495      1| BufferInstance::PJRT_Buffer_IsDeleted
2026-02-10 20:35:29.688 (  10.831s) [        C75E3480]     buffer_instance.cc:495      1| BufferInstance::PJRT_Buffer_IsDeleted
2026-02-10 20:35:29.688 (  10.831s) [        C75E3480]     buffer_instance.cc:495      1| BufferInstance::PJRT_Buffer_IsDeleted
2026-02-10 20:35:29.688 (  10.831s) [        C75E3480]     buffer_instance.cc:495      1| BufferInstance::PJRT_Buffer_IsDeleted
2026-02-10 20:35:29.688 (  10.831s) [        C75E3480]     buffer_instance.cc:495      1| BufferInstance::PJRT_Buffer_IsDeleted
2026-02-10 20:35:29.688 (  10.831s) [        C75E3480]     buffer_instance.cc:495      1| BufferInstance::PJRT_Buffer_IsDeleted
2026-02-10 20:35:29.688 (  10.831s) [        C75E3480]     buffer_instance.cc:495      1| BufferInstance::PJRT_Buffer_IsDeleted
2026-02-10 20:35:29.688 (  10.831s) [        C75E3480]     buffer_instance.cc:495      1| BufferInstance::PJRT_Buffer_IsDeleted
2026-02-10 20:35:29.688 (  10.831s) [        C75E3480]     buffer_instance.cc:495      1| BufferInstance::PJRT_Buffer_IsDeleted
2026-02-10 20:35:29.688 (  10.831s) [        C75E3480]     buffer_instance.cc:495      1| BufferInstance::PJRT_Buffer_IsDeleted
2026-02-10 20:35:29.688 (  10.831s) [        C75E3480]     buffer_instance.cc:495      1| BufferInstance::PJRT_Buffer_IsDeleted
2026-02-10 20:35:29.688 (  10.831s) [        C75E3480]     buffer_instance.cc:495      1| BufferInstance::PJRT_Buffer_IsDeleted
2026-02-10 20:35:29.688 (  10.831s) [        C75E3480]     buffer_instance.cc:495      1| BufferInstance::PJRT_Buffer_IsDeleted
2026-02-10 20:35:29.688 (  10.831s) [        C75E3480]     buffer_instance.cc:495      1| BufferInstance::PJRT_Buffer_IsDeleted
2026-02-10 20:35:29.688 (  10.831s) [        C75E3480]     buffer_instance.cc:495      1| BufferInstance::PJRT_Buffer_IsDeleted
2026-02-10 20:35:29.688 (  10.831s) [        C75E3480]     buffer_instance.cc:495      1| BufferInstance::PJRT_Buffer_IsDeleted
2026-02-10 20:35:29.688 (  10.831s) [        C75E3480]     buffer_instance.cc:495      1| BufferInstance::PJRT_Buffer_IsDeleted
2026-02-10 20:35:29.688 (  10.831s) [        C75E3480]     buffer_instance.cc:495      1| BufferInstance::PJRT_Buffer_IsDeleted
2026-02-10 20:35:29.688 (  10.831s) [        C75E3480]     buffer_instance.cc:495      1| BufferInstance::PJRT_Buffer_IsDeleted
2026-02-10 20:35:29.688 (  10.831s) [        C75E3480]     buffer_instance.cc:495      1| BufferInstance::PJRT_Buffer_IsDeleted
2026-02-10 20:35:29.688 (  10.831s) [        C75E3480]     buffer_instance.cc:495      1| BufferInstance::PJRT_Buffer_IsDeleted
2026-02-10 20:35:29.688 (  10.831s) [        C75E3480]     buffer_instance.cc:495      1| BufferInstance::PJRT_Buffer_IsDeleted
2026-02-10 20:35:29.688 (  10.831s) [        C75E3480]     buffer_instance.cc:495      1| BufferInstance::PJRT_Buffer_IsDeleted
2026-02-10 20:35:29.688 (  10.831s) [        C75E3480]     buffer_instance.cc:495      1| BufferInstance::PJRT_Buffer_IsDeleted
2026-02-10 20:35:29.688 (  10.831s) [        C75E3480]     buffer_instance.cc:495      1| BufferInstance::PJRT_Buffer_IsDeleted
2026-02-10 20:35:29.688 (  10.831s) [        C75E3480]     buffer_instance.cc:495      1| BufferInstance::PJRT_Buffer_IsDeleted
2026-02-10 20:35:29.688 (  10.831s) [        C75E3480]     buffer_instance.cc:495      1| BufferInstance::PJRT_Buffer_IsDeleted
2026-02-10 20:35:29.688 (  10.831s) [        C75E3480]     buffer_instance.cc:495      1| BufferInstance::PJRT_Buffer_IsDeleted
2026-02-10 20:35:29.688 (  10.831s) [        C75E3480]     buffer_instance.cc:495      1| BufferInstance::PJRT_Buffer_IsDeleted
2026-02-10 20:35:29.688 (  10.831s) [        C75E3480]     buffer_instance.cc:495      1| BufferInstance::PJRT_Buffer_IsDeleted
2026-02-10 20:35:29.688 (  10.831s) [        C75E3480]     buffer_instance.cc:495      1| BufferInstance::PJRT_Buffer_IsDeleted
2026-02-10 20:35:29.688 (  10.831s) [        C75E3480]     buffer_instance.cc:495      1| BufferInstance::PJRT_Buffer_IsDeleted
2026-02-10 20:35:29.688 (  10.831s) [        C75E3480]     buffer_instance.cc:495      1| BufferInstance::PJRT_Buffer_IsDeleted
2026-02-10 20:35:29.688 (  10.831s) [        C75E3480]     buffer_instance.cc:495      1| BufferInstance::PJRT_Buffer_IsDeleted
2026-02-10 20:35:29.688 (  10.831s) [        C75E3480]     buffer_instance.cc:495      1| BufferInstance::PJRT_Buffer_IsDeleted
2026-02-10 20:35:29.688 (  10.831s) [        C75E3480]     buffer_instance.cc:495      1| BufferInstance::PJRT_Buffer_IsDeleted
2026-02-10 20:35:29.688 (  10.831s) [        C75E3480]     buffer_instance.cc:495      1| BufferInstance::PJRT_Buffer_IsDeleted
2026-02-10 20:35:29.688 (  10.831s) [        C75E3480]     buffer_instance.cc:495      1| BufferInstance::PJRT_Buffer_IsDeleted
2026-02-10 20:35:29.688 (  10.831s) [        C75E3480]     buffer_instance.cc:495      1| BufferInstance::PJRT_Buffer_IsDeleted
2026-02-10 20:35:29.688 (  10.831s) [        C75E3480]     buffer_instance.cc:495      1| BufferInstance::PJRT_Buffer_IsDeleted
2026-02-10 20:35:29.688 (  10.831s) [        C75E3480]     buffer_instance.cc:495      1| BufferInstance::PJRT_Buffer_IsDeleted
2026-02-10 20:35:29.688 (  10.831s) [        C75E3480]     buffer_instance.cc:495      1| BufferInstance::PJRT_Buffer_IsDeleted
2026-02-10 20:35:29.688 (  10.831s) [        C75E3480]     buffer_instance.cc:495      1| BufferInstance::PJRT_Buffer_IsDeleted
2026-02-10 20:35:29.688 (  10.831s) [        C75E3480]     buffer_instance.cc:495      1| BufferInstance::PJRT_Buffer_IsDeleted
2026-02-10 20:35:29.688 (  10.831s) [        C75E3480]     buffer_instance.cc:495      1| BufferInstance::PJRT_Buffer_IsDeleted
2026-02-10 20:35:29.688 (  10.831s) [        C75E3480]     buffer_instance.cc:495      1| BufferInstance::PJRT_Buffer_IsDeleted
2026-02-10 20:35:29.688 (  10.831s) [        C75E3480]     buffer_instance.cc:495      1| BufferInstance::PJRT_Buffer_IsDeleted
2026-02-10 20:35:29.688 (  10.831s) [        C75E3480]     buffer_instance.cc:495      1| BufferInstance::PJRT_Buffer_IsDeleted
2026-02-10 20:35:29.688 (  10.831s) [        C75E3480]     buffer_instance.cc:495      1| BufferInstance::PJRT_Buffer_IsDeleted
2026-02-10 20:35:29.688 (  10.831s) [        C75E3480]     buffer_instance.cc:495      1| BufferInstance::PJRT_Buffer_IsDeleted
2026-02-10 20:35:29.688 (  10.831s) [        C75E3480]     buffer_instance.cc:495      1| BufferInstance::PJRT_Buffer_IsDeleted
2026-02-10 20:35:29.688 (  10.832s) [        C75E3480]     buffer_instance.cc:495      1| BufferInstance::PJRT_Buffer_IsDeleted
2026-02-10 20:35:29.688 (  10.832s) [        C75E3480]     buffer_instance.cc:495      1| BufferInstance::PJRT_Buffer_IsDeleted
2026-02-10 20:35:29.688 (  10.832s) [        C75E3480]     buffer_instance.cc:495      1| BufferInstance::PJRT_Buffer_IsDeleted
2026-02-10 20:35:29.688 (  10.832s) [        C75E3480]     buffer_instance.cc:495      1| BufferInstance::PJRT_Buffer_IsDeleted
2026-02-10 20:35:29.688 (  10.832s) [        C75E3480]     buffer_instance.cc:495      1| BufferInstance::PJRT_Buffer_IsDeleted
2026-02-10 20:35:29.688 (  10.832s) [        C75E3480]     buffer_instance.cc:495      1| BufferInstance::PJRT_Buffer_IsDeleted
2026-02-10 20:35:29.688 (  10.832s) [        C75E3480]     buffer_instance.cc:495      1| BufferInstance::PJRT_Buffer_IsDeleted
2026-02-10 20:35:29.688 (  10.832s) [        C75E3480]     buffer_instance.cc:495      1| BufferInstance::PJRT_Buffer_IsDeleted
2026-02-10 20:35:29.689 (  10.832s) [        C75E3480]     buffer_instance.cc:495      1| BufferInstance::PJRT_Buffer_IsDeleted
2026-02-10 20:35:29.689 (  10.832s) [        C75E3480]     buffer_instance.cc:495      1| BufferInstance::PJRT_Buffer_IsDeleted
2026-02-10 20:35:29.689 (  10.832s) [        C75E3480]     buffer_instance.cc:495      1| BufferInstance::PJRT_Buffer_IsDeleted
2026-02-10 20:35:29.689 (  10.832s) [        C75E3480]     buffer_instance.cc:495      1| BufferInstance::PJRT_Buffer_IsDeleted
2026-02-10 20:35:29.689 (  10.832s) [        C75E3480]     buffer_instance.cc:495      1| BufferInstance::PJRT_Buffer_IsDeleted
2026-02-10 20:35:29.689 (  10.832s) [        C75E3480]     buffer_instance.cc:495      1| BufferInstance::PJRT_Buffer_IsDeleted
2026-02-10 20:35:29.689 (  10.832s) [        C75E3480]     buffer_instance.cc:495      1| BufferInstance::PJRT_Buffer_IsDeleted
2026-02-10 20:35:29.710 (  10.853s) [        C75E3480]     client_instance.cc:655      1| ClientInstance::PJRT_Client_Compile
2026-02-10 20:35:29.710 (  10.854s) [        C75E3480]      module_builder.cc:223      1| ModuleBuilder::buildModule
2026-02-10 20:35:29.712 (  10.856s) [        C75E3480]      module_builder.cc:1121     1| MLIR Module vhlo:
#loc1 = loc("p0.1")
#loc2 = loc("p1.6")
#loc3 = loc("p2.13")
#loc4 = loc("p3.27")
#loc5 = loc("p4.36")
#loc6 = loc("p5.50")
#loc7 = loc("p6.80")
#loc8 = loc("p7.103")
#loc9 = loc("p8.111")
#loc10 = loc("p9.116")
#loc11 = loc("p10.121")
#loc12 = loc("p11.171")
#loc13 = loc("p12.181")
#loc14 = loc("p13.186")
#loc15 = loc("p14.195")
#loc34 = loc("scatter.33")
#loc64 = loc("scatter.109")
#loc124 = loc("reduce.275")
#loc129 = loc("reduce.284")
#loc143 = loc("custom-call.131")
#loc144 = loc("custom-call.125")
#loc147 = loc("reduce.141")
#loc160 = loc("custom-call.203")
#loc161 = loc("custom-call.190")
#loc164 = loc("reduce.213")
module @SyncTensorsGraph.296 attributes {mhlo.cross_program_prefetches = [], mhlo.frontend_attributes = {xla.sdy.meshes = "{mesh = #sdy.mesh<[\22_axis_0\22=2, \22_axis_1\22=4]>}"}, mhlo.input_output_alias = [], mhlo.is_dynamic = false, mhlo.use_auto_spmd_partitioning = false} {
  vhlo.func_v1 @main(%arg0: !vhlo.tensor_v1<576x7168x!vhlo.bf16_v1> loc("p0.1"), %arg1: !vhlo.tensor_v1<64x1x7168x!vhlo.bf16_v1> loc("p1.6"), %arg2: !vhlo.tensor_v1<1x!vhlo.i64_v1> loc("p2.13"), %arg3: !vhlo.tensor_v1<64x1x1024x512x!vhlo.bf16_v1> loc("p3.27"), %arg4: !vhlo.tensor_v1<1x1x!vhlo.i64_v1> loc("p4.36"), %arg5: !vhlo.tensor_v1<1024x64x!vhlo.bf16_v1> loc("p5.50"), %arg6: !vhlo.tensor_v1<1024x64x!vhlo.bf16_v1> loc("p6.80"), %arg7: !vhlo.tensor_v1<64x1x1024x64x!vhlo.bf16_v1> loc("p7.103"), %arg8: !vhlo.tensor_v1<7168x8192x!vhlo.bf16_v1> loc("p8.111"), %arg9: !vhlo.tensor_v1<16384x512x!vhlo.bf16_v1> loc("p9.116"), %arg10: !vhlo.tensor_v1<512x!vhlo.bf16_v1> loc("p10.121"), %arg11: !vhlo.tensor_v1<64x1x1x1024x!vhlo.bf16_v1> loc("p11.171"), %arg12: !vhlo.tensor_v1<12288x1536x!vhlo.bf16_v1> loc("p12.181"), %arg13: !vhlo.tensor_v1<1536x!vhlo.bf16_v1> loc("p13.186"), %arg14: !vhlo.tensor_v1<1536x7168x!vhlo.bf16_v1> loc("p14.195")) -> (!vhlo.tensor_v1<64x1x1024x512x!vhlo.bf16_v1>, !vhlo.tensor_v1<64x1x1024x64x!vhlo.bf16_v1>, !vhlo.tensor_v1<64x1x7168x!vhlo.bf16_v1>) {
    %0 = "vhlo.constant_v1"() <{value = #vhlo.tensor_v1<dense<0.000000e+00> : tensor<f32>>}> : () -> !vhlo.tensor_v1<!vhlo.f32_v1> loc(#loc)
    %1 = "vhlo.constant_v1"() <{value = #vhlo.tensor_v1<dense<0xFF800000> : tensor<f32>>}> : () -> !vhlo.tensor_v1<!vhlo.f32_v1> loc(#loc)
    %2 = "vhlo.constant_v1"() <{value = #vhlo.tensor_v1<dense<0> : tensor<1xi64>>}> : () -> !vhlo.tensor_v1<1x!vhlo.i64_v1> loc(#loc)
    %3 = "vhlo.constant_v1"() <{value = #vhlo.tensor_v1<dense<1024> : tensor<1xi64>>}> : () -> !vhlo.tensor_v1<1x!vhlo.i64_v1> loc(#loc)
    %4 = "vhlo.constant_v1"() <{value = #vhlo.tensor_v1<dense<0> : tensor<1x1xi64>>}> : () -> !vhlo.tensor_v1<1x1x!vhlo.i64_v1> loc(#loc)
    %5 = "vhlo.constant_v1"() <{value = #vhlo.tensor_v1<dense<1024> : tensor<1x1xi64>>}> : () -> !vhlo.tensor_v1<1x1x!vhlo.i64_v1> loc(#loc)
    %6 = "vhlo.constant_v1"() <{value = #vhlo.tensor_v1<dense<1.445310e-01> : tensor<bf16>>}> : () -> !vhlo.tensor_v1<!vhlo.bf16_v1> loc(#loc)
    %7 = "vhlo.broadcast_in_dim_v1"(%6) <{broadcast_dimensions = #vhlo.tensor_v1<dense<> : tensor<0xi64>>}> : (!vhlo.tensor_v1<!vhlo.bf16_v1>) -> !vhlo.tensor_v1<64x64x1x1024x!vhlo.bf16_v1> loc(#loc)
    %8 = "vhlo.custom_call_v1"(%arg3) <{api_version = #vhlo<api_version_v1 API_VERSION_UNSPECIFIED>, backend_config = #vhlo.string_v1<"">, call_target_name = #vhlo.string_v1<"tt.mark_argument">, called_computations = #vhlo.array_v1<[]>, has_side_effect = #vhlo.bool_v1<false>, operand_layouts = #vhlo.array_v1<[]>, output_operand_aliases = #vhlo.array_v1<[]>, result_layouts = #vhlo.array_v1<[]>}> {mhlo.frontend_attributes = #vhlo.dict_v1<{#vhlo.string_v1<"ttcore.argument_type"> = #vhlo.string_v1<"input">, #vhlo.string_v1<"ttir.name"> = #vhlo.string_v1<"args_3">}>} : (!vhlo.tensor_v1<64x1x1024x512x!vhlo.bf16_v1>) -> !vhlo.tensor_v1<64x1x1024x512x!vhlo.bf16_v1> loc(#loc16)
    %9 = "vhlo.reshape_v1"(%arg2) : (!vhlo.tensor_v1<1x!vhlo.i64_v1>) -> !vhlo.tensor_v1<1x1x1x!vhlo.i64_v1> loc(#loc17)
    %10 = "vhlo.custom_call_v1"(%9) <{api_version = #vhlo<api_version_v1 API_VERSION_UNSPECIFIED>, backend_config = #vhlo.string_v1<"">, call_target_name = #vhlo.string_v1<"tt.mark_argument">, called_computations = #vhlo.array_v1<[]>, has_side_effect = #vhlo.bool_v1<false>, operand_layouts = #vhlo.array_v1<[]>, output_operand_aliases = #vhlo.array_v1<[]>, result_layouts = #vhlo.array_v1<[]>}> {mhlo.frontend_attributes = #vhlo.dict_v1<{#vhlo.string_v1<"ttcore.argument_type"> = #vhlo.string_v1<"input">, #vhlo.string_v1<"ttir.name"> = #vhlo.string_v1<"args_2">}>} : (!vhlo.tensor_v1<1x1x1x!vhlo.i64_v1>) -> !vhlo.tensor_v1<1x1x1x!vhlo.i64_v1> loc(#loc18)
    %11 = "vhlo.reshape_v1"(%10) : (!vhlo.tensor_v1<1x1x1x!vhlo.i64_v1>) -> !vhlo.tensor_v1<1x!vhlo.i64_v1> loc(#loc19)
    %12 = "vhlo.compare_v1"(%11, %2) <{compare_type = #vhlo<comparison_type_v1 NOTYPE>, comparison_direction = #vhlo<comparison_direction_v1 LT>}> : (!vhlo.tensor_v1<1x!vhlo.i64_v1>, !vhlo.tensor_v1<1x!vhlo.i64_v1>) -> !vhlo.tensor_v1<1x!vhlo.bool_v1> loc(#loc20)
    %13 = "vhlo.add_v1"(%11, %3) : (!vhlo.tensor_v1<1x!vhlo.i64_v1>, !vhlo.tensor_v1<1x!vhlo.i64_v1>) -> !vhlo.tensor_v1<1x!vhlo.i64_v1> loc(#loc21)
    %14 = "vhlo.select_v1"(%12, %13, %11) : (!vhlo.tensor_v1<1x!vhlo.bool_v1>, !vhlo.tensor_v1<1x!vhlo.i64_v1>, !vhlo.tensor_v1<1x!vhlo.i64_v1>) -> !vhlo.tensor_v1<1x!vhlo.i64_v1> loc(#loc22)
    %15 = "vhlo.reshape_v1"(%14) : (!vhlo.tensor_v1<1x!vhlo.i64_v1>) -> !vhlo.tensor_v1<1x1x!vhlo.i64_v1> loc(#loc23)
    %16 = "vhlo.custom_call_v1"(%arg1) <{api_version = #vhlo<api_version_v1 API_VERSION_UNSPECIFIED>, backend_config = #vhlo.string_v1<"">, call_target_name = #vhlo.string_v1<"tt.mark_argument">, called_computations = #vhlo.array_v1<[]>, has_side_effect = #vhlo.bool_v1<false>, operand_layouts = #vhlo.array_v1<[]>, output_operand_aliases = #vhlo.array_v1<[]>, result_layouts = #vhlo.array_v1<[]>}> {mhlo.frontend_attributes = #vhlo.dict_v1<{#vhlo.string_v1<"ttcore.argument_type"> = #vhlo.string_v1<"input">, #vhlo.string_v1<"ttir.name"> = #vhlo.string_v1<"args_0">}>} : (!vhlo.tensor_v1<64x1x7168x!vhlo.bf16_v1>) -> !vhlo.tensor_v1<64x1x7168x!vhlo.bf16_v1> loc(#loc24)
    %17 = "vhlo.reshape_v1"(%16) : (!vhlo.tensor_v1<64x1x7168x!vhlo.bf16_v1>) -> !vhlo.tensor_v1<64x7168x!vhlo.bf16_v1> loc(#loc25)
    %18 = "vhlo.reshape_v1"(%arg0) : (!vhlo.tensor_v1<576x7168x!vhlo.bf16_v1>) -> !vhlo.tensor_v1<1x576x7168x!vhlo.bf16_v1> loc(#loc26)
    %19 = "vhlo.custom_call_v1"(%18) <{api_version = #vhlo<api_version_v1 API_VERSION_UNSPECIFIED>, backend_config = #vhlo.string_v1<"">, call_target_name = #vhlo.string_v1<"tt.mark_argument">, called_computations = #vhlo.array_v1<[]>, has_side_effect = #vhlo.bool_v1<false>, operand_layouts = #vhlo.array_v1<[]>, output_operand_aliases = #vhlo.array_v1<[]>, result_layouts = #vhlo.array_v1<[]>}> {mhlo.frontend_attributes = #vhlo.dict_v1<{#vhlo.string_v1<"ttcore.argument_type"> = #vhlo.string_v1<"parameter">, #vhlo.string_v1<"ttir.name"> = #vhlo.string_v1<"l__self___kv_a_proj_with_mqa_weight">}>} : (!vhlo.tensor_v1<1x576x7168x!vhlo.bf16_v1>) -> !vhlo.tensor_v1<1x576x7168x!vhlo.bf16_v1> loc(#loc27)
    %20 = "vhlo.reshape_v1"(%19) : (!vhlo.tensor_v1<1x576x7168x!vhlo.bf16_v1>) -> !vhlo.tensor_v1<576x7168x!vhlo.bf16_v1> loc(#loc28)
    %21 = "vhlo.transpose_v1"(%20) <{permutation = #vhlo.tensor_v1<dense<[1, 0]> : tensor<2xi64>>}> {result_layout = #vhlo.tensor_v1<dense<[0, 1]> : tensor<2xindex>>, xla_shape = #vhlo.string_v1<"bf16[7168,576]{0,1}">} : (!vhlo.tensor_v1<576x7168x!vhlo.bf16_v1>) -> !vhlo.tensor_v1<7168x576x!vhlo.bf16_v1> loc(#loc29)
    %22 = "vhlo.dot_general_v2"(%17, %21) <{accumulation_type = #vhlo.type_v1<!vhlo.none_v1>, allow_imprecise_accumulation = #vhlo.type_v1<!vhlo.none_v1>, lhs_batching_dimensions = #vhlo.tensor_v1<dense<> : tensor<0xi64>>, lhs_component_count = #vhlo.type_v1<!vhlo.none_v1>, lhs_contracting_dimensions = #vhlo.tensor_v1<dense<1> : tensor<1xi64>>, lhs_precision_type = #vhlo.type_v1<!vhlo.none_v1>, num_primitive_operations = #vhlo.type_v1<!vhlo.none_v1>, precision_config = #vhlo.array_v1<[#vhlo<precision_v1 DEFAULT>, #vhlo<precision_v1 DEFAULT>]>, rhs_batching_dimensions = #vhlo.tensor_v1<dense<> : tensor<0xi64>>, rhs_component_count = #vhlo.type_v1<!vhlo.none_v1>, rhs_contracting_dimensions = #vhlo.tensor_v1<dense<0> : tensor<1xi64>>, rhs_precision_type = #vhlo.type_v1<!vhlo.none_v1>}> : (!vhlo.tensor_v1<64x7168x!vhlo.bf16_v1>, !vhlo.tensor_v1<7168x576x!vhlo.bf16_v1>) -> !vhlo.tensor_v1<64x576x!vhlo.bf16_v1> loc(#loc30)
    %23 = "vhlo.reshape_v1"(%22) : (!vhlo.tensor_v1<64x576x!vhlo.bf16_v1>) -> !vhlo.tensor_v1<64x1x576x!vhlo.bf16_v1> loc(#loc31)
    %24 = "vhlo.slice_v1"(%23) <{limit_indices = #vhlo.tensor_v1<dense<[64, 1, 512]> : tensor<3xi64>>, start_indices = #vhlo.tensor_v1<dense<0> : tensor<3xi64>>, strides = #vhlo.tensor_v1<dense<1> : tensor<3xi64>>}> : (!vhlo.tensor_v1<64x1x576x!vhlo.bf16_v1>) -> !vhlo.tensor_v1<64x1x512x!vhlo.bf16_v1> loc(#loc32)
    %25 = "vhlo.reshape_v1"(%24) : (!vhlo.tensor_v1<64x1x512x!vhlo.bf16_v1>) -> !vhlo.tensor_v1<64x1x1x512x!vhlo.bf16_v1> loc(#loc33)
    %26 = "vhlo.scatter_v2"(%8, %15, %25) <{index_vector_dim = #vhlo.integer_v1<1 : i64>, indices_are_sorted = #vhlo.bool_v1<false>, input_batching_dims = #vhlo.tensor_v1<dense<> : tensor<0xi64>>, inserted_window_dims = #vhlo.tensor_v1<dense<2> : tensor<1xi64>>, scatter_dims_to_operand_dims = #vhlo.tensor_v1<dense<2> : tensor<1xi64>>, scatter_indices_batching_dims = #vhlo.tensor_v1<dense<> : tensor<0xi64>>, unique_indices = #vhlo.bool_v1<false>, update_window_dims = #vhlo.tensor_v1<dense<[0, 1, 3]> : tensor<3xi64>>}> ({
    ^bb0(%arg15: !vhlo.tensor_v1<!vhlo.bf16_v1> loc("scatter.33"), %arg16: !vhlo.tensor_v1<!vhlo.bf16_v1> loc("scatter.33")):
      "vhlo.return_v1"(%arg16) : (!vhlo.tensor_v1<!vhlo.bf16_v1>) -> () loc(#loc)
    }) : (!vhlo.tensor_v1<64x1x1024x512x!vhlo.bf16_v1>, !vhlo.tensor_v1<1x1x!vhlo.i64_v1>, !vhlo.tensor_v1<64x1x1x512x!vhlo.bf16_v1>) -> !vhlo.tensor_v1<64x1x1024x512x!vhlo.bf16_v1> loc(#loc34)
    %27 = "vhlo.custom_call_v1"(%arg7) <{api_version = #vhlo<api_version_v1 API_VERSION_UNSPECIFIED>, backend_config = #vhlo.string_v1<"">, call_target_name = #vhlo.string_v1<"tt.mark_argument">, called_computations = #vhlo.array_v1<[]>, has_side_effect = #vhlo.bool_v1<false>, operand_layouts = #vhlo.array_v1<[]>, output_operand_aliases = #vhlo.array_v1<[]>, result_layouts = #vhlo.array_v1<[]>}> {mhlo.frontend_attributes = #vhlo.dict_v1<{#vhlo.string_v1<"ttcore.argument_type"> = #vhlo.string_v1<"input">, #vhlo.string_v1<"ttir.name"> = #vhlo.string_v1<"args_4">}>} : (!vhlo.tensor_v1<64x1x1024x64x!vhlo.bf16_v1>) -> !vhlo.tensor_v1<64x1x1024x64x!vhlo.bf16_v1> loc(#loc35)
    %28 = "vhlo.slice_v1"(%23) <{limit_indices = #vhlo.tensor_v1<dense<[64, 1, 576]> : tensor<3xi64>>, start_indices = #vhlo.tensor_v1<dense<[0, 0, 512]> : tensor<3xi64>>, strides = #vhlo.tensor_v1<dense<1> : tensor<3xi64>>}> : (!vhlo.tensor_v1<64x1x576x!vhlo.bf16_v1>) -> !vhlo.tensor_v1<64x1x64x!vhlo.bf16_v1> loc(#loc36)
    %29 = "vhlo.reshape_v1"(%28) : (!vhlo.tensor_v1<64x1x64x!vhlo.bf16_v1>) -> !vhlo.tensor_v1<64x1x1x32x2x!vhlo.bf16_v1> loc(#loc37)
    %30 = "vhlo.transpose_v1"(%29) <{permutation = #vhlo.tensor_v1<dense<[0, 1, 2, 4, 3]> : tensor<5xi64>>}> {result_layout = #vhlo.tensor_v1<dense<[3, 4, 2, 1, 0]> : tensor<5xindex>>, xla_shape = #vhlo.string_v1<"bf16[64,1,1,2,32]{3,4,2,1,0}">} : (!vhlo.tensor_v1<64x1x1x32x2x!vhlo.bf16_v1>) -> !vhlo.tensor_v1<64x1x1x2x32x!vhlo.bf16_v1> loc(#loc38)
    %31 = "vhlo.reshape_v1"(%30) : (!vhlo.tensor_v1<64x1x1x2x32x!vhlo.bf16_v1>) -> !vhlo.tensor_v1<64x1x1x64x!vhlo.bf16_v1> loc(#loc39)
    %32 = "vhlo.reshape_v1"(%arg6) : (!vhlo.tensor_v1<1024x64x!vhlo.bf16_v1>) -> !vhlo.tensor_v1<1x1024x64x!vhlo.bf16_v1> loc(#loc40)
    %33 = "vhlo.custom_call_v1"(%32) <{api_version = #vhlo<api_version_v1 API_VERSION_UNSPECIFIED>, backend_config = #vhlo.string_v1<"">, call_target_name = #vhlo.string_v1<"tt.mark_argument">, called_computations = #vhlo.array_v1<[]>, has_side_effect = #vhlo.bool_v1<false>, operand_layouts = #vhlo.array_v1<[]>, output_operand_aliases = #vhlo.array_v1<[]>, result_layouts = #vhlo.array_v1<[]>}> {mhlo.frontend_attributes = #vhlo.dict_v1<{#vhlo.string_v1<"ttcore.argument_type"> = #vhlo.string_v1<"constant">, #vhlo.string_v1<"ttir.name"> = #vhlo.string_v1<"self___rotary_emb__buffers__cos_cached">}>} : (!vhlo.tensor_v1<1x1024x64x!vhlo.bf16_v1>) -> !vhlo.tensor_v1<1x1024x64x!vhlo.bf16_v1> loc(#loc41)
    %34 = "vhlo.reshape_v1"(%33) : (!vhlo.tensor_v1<1x1024x64x!vhlo.bf16_v1>) -> !vhlo.tensor_v1<1024x64x!vhlo.bf16_v1> loc(#loc42)
    %35 = "vhlo.reshape_v1"(%arg4) : (!vhlo.tensor_v1<1x1x!vhlo.i64_v1>) -> !vhlo.tensor_v1<1x1x1x!vhlo.i64_v1> loc(#loc43)
    %36 = "vhlo.custom_call_v1"(%35) <{api_version = #vhlo<api_version_v1 API_VERSION_UNSPECIFIED>, backend_config = #vhlo.string_v1<"">, call_target_name = #vhlo.string_v1<"tt.mark_argument">, called_computations = #vhlo.array_v1<[]>, has_side_effect = #vhlo.bool_v1<false>, operand_layouts = #vhlo.array_v1<[]>, output_operand_aliases = #vhlo.array_v1<[]>, result_layouts = #vhlo.array_v1<[]>}> {mhlo.frontend_attributes = #vhlo.dict_v1<{#vhlo.string_v1<"ttcore.argument_type"> = #vhlo.string_v1<"input">, #vhlo.string_v1<"ttir.name"> = #vhlo.string_v1<"args_1">}>} : (!vhlo.tensor_v1<1x1x1x!vhlo.i64_v1>) -> !vhlo.tensor_v1<1x1x1x!vhlo.i64_v1> loc(#loc44)
    %37 = "vhlo.reshape_v1"(%36) : (!vhlo.tensor_v1<1x1x1x!vhlo.i64_v1>) -> !vhlo.tensor_v1<1x1x!vhlo.i64_v1> loc(#loc45)
    %38 = "vhlo.compare_v1"(%37, %4) <{compare_type = #vhlo<comparison_type_v1 NOTYPE>, comparison_direction = #vhlo<comparison_direction_v1 LT>}> : (!vhlo.tensor_v1<1x1x!vhlo.i64_v1>, !vhlo.tensor_v1<1x1x!vhlo.i64_v1>) -> !vhlo.tensor_v1<1x1x!vhlo.bool_v1> loc(#loc46)
    %39 = "vhlo.add_v1"(%37, %5) : (!vhlo.tensor_v1<1x1x!vhlo.i64_v1>, !vhlo.tensor_v1<1x1x!vhlo.i64_v1>) -> !vhlo.tensor_v1<1x1x!vhlo.i64_v1> loc(#loc47)
    %40 = "vhlo.select_v1"(%38, %39, %37) : (!vhlo.tensor_v1<1x1x!vhlo.bool_v1>, !vhlo.tensor_v1<1x1x!vhlo.i64_v1>, !vhlo.tensor_v1<1x1x!vhlo.i64_v1>) -> !vhlo.tensor_v1<1x1x!vhlo.i64_v1> loc(#loc48)
    %41 = "vhlo.reshape_v1"(%40) : (!vhlo.tensor_v1<1x1x!vhlo.i64_v1>) -> !vhlo.tensor_v1<1x1x1x!vhlo.i64_v1> loc(#loc49)
    %42 = "vhlo.gather_v2"(%34, %41) <{collapsed_slice_dims = #vhlo.tensor_v1<dense<0> : tensor<1xi64>>, index_vector_dim = #vhlo.integer_v1<2 : i64>, indices_are_sorted = #vhlo.bool_v1<false>, offset_dims = #vhlo.tensor_v1<dense<2> : tensor<1xi64>>, operand_batching_dims = #vhlo.tensor_v1<dense<> : tensor<0xi64>>, slice_sizes = #vhlo.tensor_v1<dense<[1, 64]> : tensor<2xi64>>, start_index_map = #vhlo.tensor_v1<dense<0> : tensor<1xi64>>, start_indices_batching_dims = #vhlo.tensor_v1<dense<> : tensor<0xi64>>}> : (!vhlo.tensor_v1<1024x64x!vhlo.bf16_v1>, !vhlo.tensor_v1<1x1x1x!vhlo.i64_v1>) -> !vhlo.tensor_v1<1x1x64x!vhlo.bf16_v1> loc(#loc50)
    %43 = "vhlo.broadcast_in_dim_v1"(%42) <{broadcast_dimensions = #vhlo.tensor_v1<dense<[1, 2, 3]> : tensor<3xi64>>}> : (!vhlo.tensor_v1<1x1x64x!vhlo.bf16_v1>) -> !vhlo.tensor_v1<64x1x1x64x!vhlo.bf16_v1> loc(#loc51)
    %44 = "vhlo.multiply_v1"(%31, %43) : (!vhlo.tensor_v1<64x1x1x64x!vhlo.bf16_v1>, !vhlo.tensor_v1<64x1x1x64x!vhlo.bf16_v1>) -> !vhlo.tensor_v1<64x1x1x64x!vhlo.bf16_v1> loc(#loc52)
    %45 = "vhlo.slice_v1"(%31) <{limit_indices = #vhlo.tensor_v1<dense<[64, 1, 1, 64]> : tensor<4xi64>>, start_indices = #vhlo.tensor_v1<dense<[0, 0, 0, 32]> : tensor<4xi64>>, strides = #vhlo.tensor_v1<dense<1> : tensor<4xi64>>}> : (!vhlo.tensor_v1<64x1x1x64x!vhlo.bf16_v1>) -> !vhlo.tensor_v1<64x1x1x32x!vhlo.bf16_v1> loc(#loc53)
    %46 = "vhlo.negate_v1"(%45) : (!vhlo.tensor_v1<64x1x1x32x!vhlo.bf16_v1>) -> !vhlo.tensor_v1<64x1x1x32x!vhlo.bf16_v1> loc(#loc54)
    %47 = "vhlo.slice_v1"(%31) <{limit_indices = #vhlo.tensor_v1<dense<[64, 1, 1, 32]> : tensor<4xi64>>, start_indices = #vhlo.tensor_v1<dense<0> : tensor<4xi64>>, strides = #vhlo.tensor_v1<dense<1> : tensor<4xi64>>}> : (!vhlo.tensor_v1<64x1x1x64x!vhlo.bf16_v1>) -> !vhlo.tensor_v1<64x1x1x32x!vhlo.bf16_v1> loc(#loc55)
    %48 = "vhlo.concatenate_v1"(%46, %47) <{dimension = #vhlo.integer_v1<3 : i64>}> : (!vhlo.tensor_v1<64x1x1x32x!vhlo.bf16_v1>, !vhlo.tensor_v1<64x1x1x32x!vhlo.bf16_v1>) -> !vhlo.tensor_v1<64x1x1x64x!vhlo.bf16_v1> loc(#loc56)
    %49 = "vhlo.reshape_v1"(%arg5) : (!vhlo.tensor_v1<1024x64x!vhlo.bf16_v1>) -> !vhlo.tensor_v1<1x1024x64x!vhlo.bf16_v1> loc(#loc57)
    %50 = "vhlo.custom_call_v1"(%49) <{api_version = #vhlo<api_version_v1 API_VERSION_UNSPECIFIED>, backend_config = #vhlo.string_v1<"">, call_target_name = #vhlo.string_v1<"tt.mark_argument">, called_computations = #vhlo.array_v1<[]>, has_side_effect = #vhlo.bool_v1<false>, operand_layouts = #vhlo.array_v1<[]>, output_operand_aliases = #vhlo.array_v1<[]>, result_layouts = #vhlo.array_v1<[]>}> {mhlo.frontend_attributes = #vhlo.dict_v1<{#vhlo.string_v1<"ttcore.argument_type"> = #vhlo.string_v1<"constant">, #vhlo.string_v1<"ttir.name"> = #vhlo.string_v1<"self___rotary_emb__buffers__sin_cached">}>} : (!vhlo.tensor_v1<1x1024x64x!vhlo.bf16_v1>) -> !vhlo.tensor_v1<1x1024x64x!vhlo.bf16_v1> loc(#loc58)
    %51 = "vhlo.reshape_v1"(%50) : (!vhlo.tensor_v1<1x1024x64x!vhlo.bf16_v1>) -> !vhlo.tensor_v1<1024x64x!vhlo.bf16_v1> loc(#loc59)
    %52 = "vhlo.gather_v2"(%51, %41) <{collapsed_slice_dims = #vhlo.tensor_v1<dense<0> : tensor<1xi64>>, index_vector_dim = #vhlo.integer_v1<2 : i64>, indices_are_sorted = #vhlo.bool_v1<false>, offset_dims = #vhlo.tensor_v1<dense<2> : tensor<1xi64>>, operand_batching_dims = #vhlo.tensor_v1<dense<> : tensor<0xi64>>, slice_sizes = #vhlo.tensor_v1<dense<[1, 64]> : tensor<2xi64>>, start_index_map = #vhlo.tensor_v1<dense<0> : tensor<1xi64>>, start_indices_batching_dims = #vhlo.tensor_v1<dense<> : tensor<0xi64>>}> : (!vhlo.tensor_v1<1024x64x!vhlo.bf16_v1>, !vhlo.tensor_v1<1x1x1x!vhlo.i64_v1>) -> !vhlo.tensor_v1<1x1x64x!vhlo.bf16_v1> loc(#loc60)
    %53 = "vhlo.broadcast_in_dim_v1"(%52) <{broadcast_dimensions = #vhlo.tensor_v1<dense<[1, 2, 3]> : tensor<3xi64>>}> : (!vhlo.tensor_v1<1x1x64x!vhlo.bf16_v1>) -> !vhlo.tensor_v1<64x1x1x64x!vhlo.bf16_v1> loc(#loc61)
    %54 = "vhlo.multiply_v1"(%48, %53) : (!vhlo.tensor_v1<64x1x1x64x!vhlo.bf16_v1>, !vhlo.tensor_v1<64x1x1x64x!vhlo.bf16_v1>) -> !vhlo.tensor_v1<64x1x1x64x!vhlo.bf16_v1> loc(#loc62)
    %55 = "vhlo.add_v1"(%44, %54) : (!vhlo.tensor_v1<64x1x1x64x!vhlo.bf16_v1>, !vhlo.tensor_v1<64x1x1x64x!vhlo.bf16_v1>) -> !vhlo.tensor_v1<64x1x1x64x!vhlo.bf16_v1> loc(#loc63)
    %56 = "vhlo.scatter_v2"(%27, %15, %55) <{index_vector_dim = #vhlo.integer_v1<1 : i64>, indices_are_sorted = #vhlo.bool_v1<false>, input_batching_dims = #vhlo.tensor_v1<dense<> : tensor<0xi64>>, inserted_window_dims = #vhlo.tensor_v1<dense<2> : tensor<1xi64>>, scatter_dims_to_operand_dims = #vhlo.tensor_v1<dense<2> : tensor<1xi64>>, scatter_indices_batching_dims = #vhlo.tensor_v1<dense<> : tensor<0xi64>>, unique_indices = #vhlo.bool_v1<false>, update_window_dims = #vhlo.tensor_v1<dense<[0, 1, 3]> : tensor<3xi64>>}> ({
    ^bb0(%arg15: !vhlo.tensor_v1<!vhlo.bf16_v1> loc("scatter.109"), %arg16: !vhlo.tensor_v1<!vhlo.bf16_v1> loc("scatter.109")):
      "vhlo.return_v1"(%arg16) : (!vhlo.tensor_v1<!vhlo.bf16_v1>) -> () loc(#loc)
    }) : (!vhlo.tensor_v1<64x1x1024x64x!vhlo.bf16_v1>, !vhlo.tensor_v1<1x1x!vhlo.i64_v1>, !vhlo.tensor_v1<64x1x1x64x!vhlo.bf16_v1>) -> !vhlo.tensor_v1<64x1x1024x64x!vhlo.bf16_v1> loc(#loc64)
    %57 = "vhlo.reshape_v1"(%arg14) : (!vhlo.tensor_v1<1536x7168x!vhlo.bf16_v1>) -> !vhlo.tensor_v1<1x1536x7168x!vhlo.bf16_v1> loc(#loc65)
    %58 = "vhlo.custom_call_v1"(%57) <{api_version = #vhlo<api_version_v1 API_VERSION_UNSPECIFIED>, backend_config = #vhlo.string_v1<"">, call_target_name = #vhlo.string_v1<"tt.mark_argument">, called_computations = #vhlo.array_v1<[]>, has_side_effect = #vhlo.bool_v1<false>, operand_layouts = #vhlo.array_v1<[]>, output_operand_aliases = #vhlo.array_v1<[]>, result_layouts = #vhlo.array_v1<[]>}> {mhlo.frontend_attributes = #vhlo.dict_v1<{#vhlo.string_v1<"ttcore.argument_type"> = #vhlo.string_v1<"parameter">, #vhlo.string_v1<"ttir.name"> = #vhlo.string_v1<"l__self___q_a_proj_weight">}>} : (!vhlo.tensor_v1<1x1536x7168x!vhlo.bf16_v1>) -> !vhlo.tensor_v1<1x1536x7168x!vhlo.bf16_v1> loc(#loc66)
    %59 = "vhlo.reshape_v1"(%58) : (!vhlo.tensor_v1<1x1536x7168x!vhlo.bf16_v1>) -> !vhlo.tensor_v1<1536x7168x!vhlo.bf16_v1> loc(#loc67)
    %60 = "vhlo.transpose_v1"(%59) <{permutation = #vhlo.tensor_v1<dense<[1, 0]> : tensor<2xi64>>}> {result_layout = #vhlo.tensor_v1<dense<[0, 1]> : tensor<2xindex>>, xla_shape = #vhlo.string_v1<"bf16[7168,1536]{0,1}">} : (!vhlo.tensor_v1<1536x7168x!vhlo.bf16_v1>) -> !vhlo.tensor_v1<7168x1536x!vhlo.bf16_v1> loc(#loc68)
    %61 = "vhlo.dot_general_v2"(%17, %60) <{accumulation_type = #vhlo.type_v1<!vhlo.none_v1>, allow_imprecise_accumulation = #vhlo.type_v1<!vhlo.none_v1>, lhs_batching_dimensions = #vhlo.tensor_v1<dense<> : tensor<0xi64>>, lhs_component_count = #vhlo.type_v1<!vhlo.none_v1>, lhs_contracting_dimensions = #vhlo.tensor_v1<dense<1> : tensor<1xi64>>, lhs_precision_type = #vhlo.type_v1<!vhlo.none_v1>, num_primitive_operations = #vhlo.type_v1<!vhlo.none_v1>, precision_config = #vhlo.array_v1<[#vhlo<precision_v1 DEFAULT>, #vhlo<precision_v1 DEFAULT>]>, rhs_batching_dimensions = #vhlo.tensor_v1<dense<> : tensor<0xi64>>, rhs_component_count = #vhlo.type_v1<!vhlo.none_v1>, rhs_contracting_dimensions = #vhlo.tensor_v1<dense<0> : tensor<1xi64>>, rhs_precision_type = #vhlo.type_v1<!vhlo.none_v1>}> : (!vhlo.tensor_v1<64x7168x!vhlo.bf16_v1>, !vhlo.tensor_v1<7168x1536x!vhlo.bf16_v1>) -> !vhlo.tensor_v1<64x1536x!vhlo.bf16_v1> loc(#loc69)
    %62 = "vhlo.reshape_v1"(%61) : (!vhlo.tensor_v1<64x1536x!vhlo.bf16_v1>) -> !vhlo.tensor_v1<64x1x1536x!vhlo.bf16_v1> loc(#loc70)
    %63 = "vhlo.reshape_v1"(%arg13) : (!vhlo.tensor_v1<1536x!vhlo.bf16_v1>) -> !vhlo.tensor_v1<1x1x1536x!vhlo.bf16_v1> loc(#loc71)
    %64 = "vhlo.custom_call_v1"(%63) <{api_version = #vhlo<api_version_v1 API_VERSION_UNSPECIFIED>, backend_config = #vhlo.string_v1<"">, call_target_name = #vhlo.string_v1<"tt.mark_argument">, called_computations = #vhlo.array_v1<[]>, has_side_effect = #vhlo.bool_v1<false>, operand_layouts = #vhlo.array_v1<[]>, output_operand_aliases = #vhlo.array_v1<[]>, result_layouts = #vhlo.array_v1<[]>}> {mhlo.frontend_attributes = #vhlo.dict_v1<{#vhlo.string_v1<"ttcore.argument_type"> = #vhlo.string_v1<"parameter">, #vhlo.string_v1<"ttir.name"> = #vhlo.string_v1<"l__self___q_a_layernorm_weight">}>} : (!vhlo.tensor_v1<1x1x1536x!vhlo.bf16_v1>) -> !vhlo.tensor_v1<1x1x1536x!vhlo.bf16_v1> loc(#loc72)
    %65 = "vhlo.reshape_v1"(%64) : (!vhlo.tensor_v1<1x1x1536x!vhlo.bf16_v1>) -> !vhlo.tensor_v1<1536x!vhlo.bf16_v1> loc(#loc73)
    %66 = "vhlo.composite_v1"(%62, %65) <{composite_attributes = #vhlo.dict_v1<{#vhlo.string_v1<"epsilon"> = #vhlo.float_v1<9.99999997E-7 : !vhlo.f32_v1>, #vhlo.string_v1<"normalized_shape"> = #vhlo.tensor_v1<dense<1536> : tensor<1xi64>>}>, decomposition = #vhlo.string_v1<"tenstorrent.rms_norm.impl_0">, name = #vhlo.string_v1<"tenstorrent.rms_norm">, version = #vhlo.integer_v1<0 : i32>}> : (!vhlo.tensor_v1<64x1x1536x!vhlo.bf16_v1>, !vhlo.tensor_v1<1536x!vhlo.bf16_v1>) -> !vhlo.tensor_v1<64x1x1536x!vhlo.bf16_v1> loc(#loc74)
    %67 = "vhlo.reshape_v1"(%66) : (!vhlo.tensor_v1<64x1x1536x!vhlo.bf16_v1>) -> !vhlo.tensor_v1<64x1536x!vhlo.bf16_v1> loc(#loc75)
    %68 = "vhlo.reshape_v1"(%arg12) : (!vhlo.tensor_v1<12288x1536x!vhlo.bf16_v1>) -> !vhlo.tensor_v1<1x12288x1536x!vhlo.bf16_v1> loc(#loc76)
    %69 = "vhlo.custom_call_v1"(%68) <{api_version = #vhlo<api_version_v1 API_VERSION_UNSPECIFIED>, backend_config = #vhlo.string_v1<"">, call_target_name = #vhlo.string_v1<"tt.mark_argument">, called_computations = #vhlo.array_v1<[]>, has_side_effect = #vhlo.bool_v1<false>, operand_layouts = #vhlo.array_v1<[]>, output_operand_aliases = #vhlo.array_v1<[]>, result_layouts = #vhlo.array_v1<[]>}> {mhlo.frontend_attributes = #vhlo.dict_v1<{#vhlo.string_v1<"ttcore.argument_type"> = #vhlo.string_v1<"parameter">, #vhlo.string_v1<"ttir.name"> = #vhlo.string_v1<"l__self___q_b_proj_weight">}>} : (!vhlo.tensor_v1<1x12288x1536x!vhlo.bf16_v1>) -> !vhlo.tensor_v1<1x12288x1536x!vhlo.bf16_v1> loc(#loc77)
    %70 = "vhlo.reshape_v1"(%69) : (!vhlo.tensor_v1<1x12288x1536x!vhlo.bf16_v1>) -> !vhlo.tensor_v1<12288x1536x!vhlo.bf16_v1> loc(#loc78)
    %71 = "vhlo.transpose_v1"(%70) <{permutation = #vhlo.tensor_v1<dense<[1, 0]> : tensor<2xi64>>}> {result_layout = #vhlo.tensor_v1<dense<[0, 1]> : tensor<2xindex>>, xla_shape = #vhlo.string_v1<"bf16[1536,12288]{0,1}">} : (!vhlo.tensor_v1<12288x1536x!vhlo.bf16_v1>) -> !vhlo.tensor_v1<1536x12288x!vhlo.bf16_v1> loc(#loc79)
    %72 = "vhlo.dot_general_v2"(%67, %71) <{accumulation_type = #vhlo.type_v1<!vhlo.none_v1>, allow_imprecise_accumulation = #vhlo.type_v1<!vhlo.none_v1>, lhs_batching_dimensions = #vhlo.tensor_v1<dense<> : tensor<0xi64>>, lhs_component_count = #vhlo.type_v1<!vhlo.none_v1>, lhs_contracting_dimensions = #vhlo.tensor_v1<dense<1> : tensor<1xi64>>, lhs_precision_type = #vhlo.type_v1<!vhlo.none_v1>, num_primitive_operations = #vhlo.type_v1<!vhlo.none_v1>, precision_config = #vhlo.array_v1<[#vhlo<precision_v1 DEFAULT>, #vhlo<precision_v1 DEFAULT>]>, rhs_batching_dimensions = #vhlo.tensor_v1<dense<> : tensor<0xi64>>, rhs_component_count = #vhlo.type_v1<!vhlo.none_v1>, rhs_contracting_dimensions = #vhlo.tensor_v1<dense<0> : tensor<1xi64>>, rhs_precision_type = #vhlo.type_v1<!vhlo.none_v1>}> : (!vhlo.tensor_v1<64x1536x!vhlo.bf16_v1>, !vhlo.tensor_v1<1536x12288x!vhlo.bf16_v1>) -> !vhlo.tensor_v1<64x12288x!vhlo.bf16_v1> loc(#loc80)
    %73 = "vhlo.reshape_v1"(%72) : (!vhlo.tensor_v1<64x12288x!vhlo.bf16_v1>) -> !vhlo.tensor_v1<64x64x1x192x!vhlo.bf16_v1> loc(#loc81)
    %74 = "vhlo.slice_v1"(%73) <{limit_indices = #vhlo.tensor_v1<dense<[64, 64, 1, 128]> : tensor<4xi64>>, start_indices = #vhlo.tensor_v1<dense<0> : tensor<4xi64>>, strides = #vhlo.tensor_v1<dense<1> : tensor<4xi64>>}> : (!vhlo.tensor_v1<64x64x1x192x!vhlo.bf16_v1>) -> !vhlo.tensor_v1<64x64x1x128x!vhlo.bf16_v1> loc(#loc82)
    %75 = "vhlo.slice_v1"(%73) <{limit_indices = #vhlo.tensor_v1<dense<[64, 64, 1, 192]> : tensor<4xi64>>, start_indices = #vhlo.tensor_v1<dense<[0, 0, 0, 128]> : tensor<4xi64>>, strides = #vhlo.tensor_v1<dense<1> : tensor<4xi64>>}> : (!vhlo.tensor_v1<64x64x1x192x!vhlo.bf16_v1>) -> !vhlo.tensor_v1<64x64x1x64x!vhlo.bf16_v1> loc(#loc83)
    %76 = "vhlo.reshape_v1"(%75) : (!vhlo.tensor_v1<64x64x1x64x!vhlo.bf16_v1>) -> !vhlo.tensor_v1<64x64x1x32x2x!vhlo.bf16_v1> loc(#loc84)
    %77 = "vhlo.transpose_v1"(%76) <{permutation = #vhlo.tensor_v1<dense<[0, 1, 2, 4, 3]> : tensor<5xi64>>}> {result_layout = #vhlo.tensor_v1<dense<[3, 4, 2, 1, 0]> : tensor<5xindex>>, xla_shape = #vhlo.string_v1<"bf16[64,64,1,2,32]{3,4,2,1,0}">} : (!vhlo.tensor_v1<64x64x1x32x2x!vhlo.bf16_v1>) -> !vhlo.tensor_v1<64x64x1x2x32x!vhlo.bf16_v1> loc(#loc85)
    %78 = "vhlo.reshape_v1"(%77) : (!vhlo.tensor_v1<64x64x1x2x32x!vhlo.bf16_v1>) -> !vhlo.tensor_v1<64x64x1x64x!vhlo.bf16_v1> loc(#loc86)
    %79 = "vhlo.reshape_v1"(%42) : (!vhlo.tensor_v1<1x1x64x!vhlo.bf16_v1>) -> !vhlo.tensor_v1<1x64x!vhlo.bf16_v1> loc(#loc87)
    %80 = "vhlo.broadcast_in_dim_v1"(%79) <{broadcast_dimensions = #vhlo.tensor_v1<dense<[2, 3]> : tensor<2xi64>>}> : (!vhlo.tensor_v1<1x64x!vhlo.bf16_v1>) -> !vhlo.tensor_v1<64x64x1x64x!vhlo.bf16_v1> loc(#loc88)
    %81 = "vhlo.multiply_v1"(%78, %80) : (!vhlo.tensor_v1<64x64x1x64x!vhlo.bf16_v1>, !vhlo.tensor_v1<64x64x1x64x!vhlo.bf16_v1>) -> !vhlo.tensor_v1<64x64x1x64x!vhlo.bf16_v1> loc(#loc89)
    %82 = "vhlo.slice_v1"(%78) <{limit_indices = #vhlo.tensor_v1<dense<[64, 64, 1, 64]> : tensor<4xi64>>, start_indices = #vhlo.tensor_v1<dense<[0, 0, 0, 32]> : tensor<4xi64>>, strides = #vhlo.tensor_v1<dense<1> : tensor<4xi64>>}> : (!vhlo.tensor_v1<64x64x1x64x!vhlo.bf16_v1>) -> !vhlo.tensor_v1<64x64x1x32x!vhlo.bf16_v1> loc(#loc90)
    %83 = "vhlo.negate_v1"(%82) : (!vhlo.tensor_v1<64x64x1x32x!vhlo.bf16_v1>) -> !vhlo.tensor_v1<64x64x1x32x!vhlo.bf16_v1> loc(#loc91)
    %84 = "vhlo.slice_v1"(%78) <{limit_indices = #vhlo.tensor_v1<dense<[64, 64, 1, 32]> : tensor<4xi64>>, start_indices = #vhlo.tensor_v1<dense<0> : tensor<4xi64>>, strides = #vhlo.tensor_v1<dense<1> : tensor<4xi64>>}> : (!vhlo.tensor_v1<64x64x1x64x!vhlo.bf16_v1>) -> !vhlo.tensor_v1<64x64x1x32x!vhlo.bf16_v1> loc(#loc92)
    %85 = "vhlo.concatenate_v1"(%83, %84) <{dimension = #vhlo.integer_v1<3 : i64>}> : (!vhlo.tensor_v1<64x64x1x32x!vhlo.bf16_v1>, !vhlo.tensor_v1<64x64x1x32x!vhlo.bf16_v1>) -> !vhlo.tensor_v1<64x64x1x64x!vhlo.bf16_v1> loc(#loc93)
    %86 = "vhlo.reshape_v1"(%52) : (!vhlo.tensor_v1<1x1x64x!vhlo.bf16_v1>) -> !vhlo.tensor_v1<1x64x!vhlo.bf16_v1> loc(#loc94)
    %87 = "vhlo.broadcast_in_dim_v1"(%86) <{broadcast_dimensions = #vhlo.tensor_v1<dense<[2, 3]> : tensor<2xi64>>}> : (!vhlo.tensor_v1<1x64x!vhlo.bf16_v1>) -> !vhlo.tensor_v1<64x64x1x64x!vhlo.bf16_v1> loc(#loc95)
    %88 = "vhlo.multiply_v1"(%85, %87) : (!vhlo.tensor_v1<64x64x1x64x!vhlo.bf16_v1>, !vhlo.tensor_v1<64x64x1x64x!vhlo.bf16_v1>) -> !vhlo.tensor_v1<64x64x1x64x!vhlo.bf16_v1> loc(#loc96)
    %89 = "vhlo.add_v1"(%81, %88) : (!vhlo.tensor_v1<64x64x1x64x!vhlo.bf16_v1>, !vhlo.tensor_v1<64x64x1x64x!vhlo.bf16_v1>) -> !vhlo.tensor_v1<64x64x1x64x!vhlo.bf16_v1> loc(#loc97)
    %90 = "vhlo.concatenate_v1"(%74, %89) <{dimension = #vhlo.integer_v1<3 : i64>}> : (!vhlo.tensor_v1<64x64x1x128x!vhlo.bf16_v1>, !vhlo.tensor_v1<64x64x1x64x!vhlo.bf16_v1>) -> !vhlo.tensor_v1<64x64x1x192x!vhlo.bf16_v1> loc(#loc98)
    %91 = "vhlo.reshape_v1"(%26) : (!vhlo.tensor_v1<64x1x1024x512x!vhlo.bf16_v1>) -> !vhlo.tensor_v1<64x1024x512x!vhlo.bf16_v1> loc(#loc99)
    %92 = "vhlo.reshape_v1"(%arg10) : (!vhlo.tensor_v1<512x!vhlo.bf16_v1>) -> !vhlo.tensor_v1<1x1x512x!vhlo.bf16_v1> loc(#loc100)
    %93 = "vhlo.custom_call_v1"(%92) <{api_version = #vhlo<api_version_v1 API_VERSION_UNSPECIFIED>, backend_config = #vhlo.string_v1<"">, call_target_name = #vhlo.string_v1<"tt.mark_argument">, called_computations = #vhlo.array_v1<[]>, has_side_effect = #vhlo.bool_v1<false>, operand_layouts = #vhlo.array_v1<[]>, output_operand_aliases = #vhlo.array_v1<[]>, result_layouts = #vhlo.array_v1<[]>}> {mhlo.frontend_attributes = #vhlo.dict_v1<{#vhlo.string_v1<"ttcore.argument_type"> = #vhlo.string_v1<"parameter">, #vhlo.string_v1<"ttir.name"> = #vhlo.string_v1<"l__self___kv_a_layernorm_weight">}>} : (!vhlo.tensor_v1<1x1x512x!vhlo.bf16_v1>) -> !vhlo.tensor_v1<1x1x512x!vhlo.bf16_v1> loc(#loc101)
    %94 = "vhlo.reshape_v1"(%93) : (!vhlo.tensor_v1<1x1x512x!vhlo.bf16_v1>) -> !vhlo.tensor_v1<512x!vhlo.bf16_v1> loc(#loc102)
    %95 = "vhlo.composite_v1"(%91, %94) <{composite_attributes = #vhlo.dict_v1<{#vhlo.string_v1<"epsilon"> = #vhlo.float_v1<9.99999997E-7 : !vhlo.f32_v1>, #vhlo.string_v1<"normalized_shape"> = #vhlo.tensor_v1<dense<512> : tensor<1xi64>>}>, decomposition = #vhlo.string_v1<"tenstorrent.rms_norm.impl">, name = #vhlo.string_v1<"tenstorrent.rms_norm">, version = #vhlo.integer_v1<0 : i32>}> : (!vhlo.tensor_v1<64x1024x512x!vhlo.bf16_v1>, !vhlo.tensor_v1<512x!vhlo.bf16_v1>) -> !vhlo.tensor_v1<64x1024x512x!vhlo.bf16_v1> loc(#loc103)
    %96 = "vhlo.reshape_v1"(%95) : (!vhlo.tensor_v1<64x1024x512x!vhlo.bf16_v1>) -> !vhlo.tensor_v1<65536x512x!vhlo.bf16_v1> loc(#loc104)
    %97 = "vhlo.reshape_v1"(%arg9) : (!vhlo.tensor_v1<16384x512x!vhlo.bf16_v1>) -> !vhlo.tensor_v1<1x16384x512x!vhlo.bf16_v1> loc(#loc105)
    %98 = "vhlo.custom_call_v1"(%97) <{api_version = #vhlo<api_version_v1 API_VERSION_UNSPECIFIED>, backend_config = #vhlo.string_v1<"">, call_target_name = #vhlo.string_v1<"tt.mark_argument">, called_computations = #vhlo.array_v1<[]>, has_side_effect = #vhlo.bool_v1<false>, operand_layouts = #vhlo.array_v1<[]>, output_operand_aliases = #vhlo.array_v1<[]>, result_layouts = #vhlo.array_v1<[]>}> {mhlo.frontend_attributes = #vhlo.dict_v1<{#vhlo.string_v1<"ttcore.argument_type"> = #vhlo.string_v1<"parameter">, #vhlo.string_v1<"ttir.name"> = #vhlo.string_v1<"l__self___kv_b_proj_weight">}>} : (!vhlo.tensor_v1<1x16384x512x!vhlo.bf16_v1>) -> !vhlo.tensor_v1<1x16384x512x!vhlo.bf16_v1> loc(#loc106)
    %99 = "vhlo.reshape_v1"(%98) : (!vhlo.tensor_v1<1x16384x512x!vhlo.bf16_v1>) -> !vhlo.tensor_v1<16384x512x!vhlo.bf16_v1> loc(#loc107)
    %100 = "vhlo.transpose_v1"(%99) <{permutation = #vhlo.tensor_v1<dense<[1, 0]> : tensor<2xi64>>}> {result_layout = #vhlo.tensor_v1<dense<[0, 1]> : tensor<2xindex>>, xla_shape = #vhlo.string_v1<"bf16[512,16384]{0,1}">} : (!vhlo.tensor_v1<16384x512x!vhlo.bf16_v1>) -> !vhlo.tensor_v1<512x16384x!vhlo.bf16_v1> loc(#loc108)
    %101 = "vhlo.dot_general_v2"(%96, %100) <{accumulation_type = #vhlo.type_v1<!vhlo.none_v1>, allow_imprecise_accumulation = #vhlo.type_v1<!vhlo.none_v1>, lhs_batching_dimensions = #vhlo.tensor_v1<dense<> : tensor<0xi64>>, lhs_component_count = #vhlo.type_v1<!vhlo.none_v1>, lhs_contracting_dimensions = #vhlo.tensor_v1<dense<1> : tensor<1xi64>>, lhs_precision_type = #vhlo.type_v1<!vhlo.none_v1>, num_primitive_operations = #vhlo.type_v1<!vhlo.none_v1>, precision_config = #vhlo.array_v1<[#vhlo<precision_v1 DEFAULT>, #vhlo<precision_v1 DEFAULT>]>, rhs_batching_dimensions = #vhlo.tensor_v1<dense<> : tensor<0xi64>>, rhs_component_count = #vhlo.type_v1<!vhlo.none_v1>, rhs_contracting_dimensions = #vhlo.tensor_v1<dense<0> : tensor<1xi64>>, rhs_precision_type = #vhlo.type_v1<!vhlo.none_v1>}> : (!vhlo.tensor_v1<65536x512x!vhlo.bf16_v1>, !vhlo.tensor_v1<512x16384x!vhlo.bf16_v1>) -> !vhlo.tensor_v1<65536x16384x!vhlo.bf16_v1> loc(#loc109)
    %102 = "vhlo.reshape_v1"(%101) : (!vhlo.tensor_v1<65536x16384x!vhlo.bf16_v1>) -> !vhlo.tensor_v1<64x1024x64x256x!vhlo.bf16_v1> loc(#loc110)
    %103 = "vhlo.transpose_v1"(%102) <{permutation = #vhlo.tensor_v1<dense<[0, 2, 1, 3]> : tensor<4xi64>>}> {result_layout = #vhlo.tensor_v1<dense<[3, 1, 2, 0]> : tensor<4xindex>>, xla_shape = #vhlo.string_v1<"bf16[64,64,1024,256]{3,1,2,0}">} : (!vhlo.tensor_v1<64x1024x64x256x!vhlo.bf16_v1>) -> !vhlo.tensor_v1<64x64x1024x256x!vhlo.bf16_v1> loc(#loc111)
    %104 = "vhlo.slice_v1"(%103) <{limit_indices = #vhlo.tensor_v1<dense<[64, 64, 1024, 128]> : tensor<4xi64>>, start_indices = #vhlo.tensor_v1<dense<0> : tensor<4xi64>>, strides = #vhlo.tensor_v1<dense<1> : tensor<4xi64>>}> : (!vhlo.tensor_v1<64x64x1024x256x!vhlo.bf16_v1>) -> !vhlo.tensor_v1<64x64x1024x128x!vhlo.bf16_v1> loc(#loc112)
    %105 = "vhlo.reshape_v1"(%56) : (!vhlo.tensor_v1<64x1x1024x64x!vhlo.bf16_v1>) -> !vhlo.tensor_v1<64x1024x64x!vhlo.bf16_v1> loc(#loc113)
    %106 = "vhlo.broadcast_in_dim_v1"(%105) <{broadcast_dimensions = #vhlo.tensor_v1<dense<[0, 2, 3]> : tensor<3xi64>>}> : (!vhlo.tensor_v1<64x1024x64x!vhlo.bf16_v1>) -> !vhlo.tensor_v1<64x64x1024x64x!vhlo.bf16_v1> loc(#loc114)
    %107 = "vhlo.concatenate_v1"(%104, %106) <{dimension = #vhlo.integer_v1<3 : i64>}> : (!vhlo.tensor_v1<64x64x1024x128x!vhlo.bf16_v1>, !vhlo.tensor_v1<64x64x1024x64x!vhlo.bf16_v1>) -> !vhlo.tensor_v1<64x64x1024x192x!vhlo.bf16_v1> loc(#loc115)
    %108 = "vhlo.transpose_v1"(%107) <{permutation = #vhlo.tensor_v1<dense<[0, 1, 3, 2]> : tensor<4xi64>>}> {result_layout = #vhlo.tensor_v1<dense<[2, 3, 1, 0]> : tensor<4xindex>>, xla_shape = #vhlo.string_v1<"bf16[64,64,192,1024]{2,3,1,0}">} : (!vhlo.tensor_v1<64x64x1024x192x!vhlo.bf16_v1>) -> !vhlo.tensor_v1<64x64x192x1024x!vhlo.bf16_v1> loc(#loc116)
    %109 = "vhlo.dot_general_v2"(%90, %108) <{accumulation_type = #vhlo.type_v1<!vhlo.none_v1>, allow_imprecise_accumulation = #vhlo.type_v1<!vhlo.none_v1>, lhs_batching_dimensions = #vhlo.tensor_v1<dense<[0, 1]> : tensor<2xi64>>, lhs_component_count = #vhlo.type_v1<!vhlo.none_v1>, lhs_contracting_dimensions = #vhlo.tensor_v1<dense<3> : tensor<1xi64>>, lhs_precision_type = #vhlo.type_v1<!vhlo.none_v1>, num_primitive_operations = #vhlo.type_v1<!vhlo.none_v1>, precision_config = #vhlo.array_v1<[#vhlo<precision_v1 DEFAULT>, #vhlo<precision_v1 DEFAULT>]>, rhs_batching_dimensions = #vhlo.tensor_v1<dense<[0, 1]> : tensor<2xi64>>, rhs_component_count = #vhlo.type_v1<!vhlo.none_v1>, rhs_contracting_dimensions = #vhlo.tensor_v1<dense<2> : tensor<1xi64>>, rhs_precision_type = #vhlo.type_v1<!vhlo.none_v1>}> {mhlo.frontend_attributes = #vhlo.dict_v1<{#vhlo.string_v1<"grad_x"> = #vhlo.string_v1<"false">, #vhlo.string_v1<"grad_y"> = #vhlo.string_v1<"false">}>} : (!vhlo.tensor_v1<64x64x1x192x!vhlo.bf16_v1>, !vhlo.tensor_v1<64x64x192x1024x!vhlo.bf16_v1>) -> !vhlo.tensor_v1<64x64x1x1024x!vhlo.bf16_v1> loc(#loc117)
    %110 = "vhlo.multiply_v1"(%109, %7) : (!vhlo.tensor_v1<64x64x1x1024x!vhlo.bf16_v1>, !vhlo.tensor_v1<64x64x1x1024x!vhlo.bf16_v1>) -> !vhlo.tensor_v1<64x64x1x1024x!vhlo.bf16_v1> loc(#loc118)
    %111 = "vhlo.custom_call_v1"(%arg11) <{api_version = #vhlo<api_version_v1 API_VERSION_UNSPECIFIED>, backend_config = #vhlo.string_v1<"">, call_target_name = #vhlo.string_v1<"tt.mark_argument">, called_computations = #vhlo.array_v1<[]>, has_side_effect = #vhlo.bool_v1<false>, operand_layouts = #vhlo.array_v1<[]>, output_operand_aliases = #vhlo.array_v1<[]>, result_layouts = #vhlo.array_v1<[]>}> {mhlo.frontend_attributes = #vhlo.dict_v1<{#vhlo.string_v1<"ttcore.argument_type"> = #vhlo.string_v1<"input">, #vhlo.string_v1<"ttir.name"> = #vhlo.string_v1<"args_5">}>} : (!vhlo.tensor_v1<64x1x1x1024x!vhlo.bf16_v1>) -> !vhlo.tensor_v1<64x1x1x1024x!vhlo.bf16_v1> loc(#loc119)
    %112 = "vhlo.reshape_v1"(%111) : (!vhlo.tensor_v1<64x1x1x1024x!vhlo.bf16_v1>) -> !vhlo.tensor_v1<64x1x1024x!vhlo.bf16_v1> loc(#loc120)
    %113 = "vhlo.broadcast_in_dim_v1"(%112) <{broadcast_dimensions = #vhlo.tensor_v1<dense<[0, 2, 3]> : tensor<3xi64>>}> : (!vhlo.tensor_v1<64x1x1024x!vhlo.bf16_v1>) -> !vhlo.tensor_v1<64x64x1x1024x!vhlo.bf16_v1> loc(#loc121)
    %114 = "vhlo.add_v1"(%110, %113) : (!vhlo.tensor_v1<64x64x1x1024x!vhlo.bf16_v1>, !vhlo.tensor_v1<64x64x1x1024x!vhlo.bf16_v1>) -> !vhlo.tensor_v1<64x64x1x1024x!vhlo.bf16_v1> loc(#loc122)
    %115 = "vhlo.convert_v1"(%114) : (!vhlo.tensor_v1<64x64x1x1024x!vhlo.bf16_v1>) -> !vhlo.tensor_v1<64x64x1x1024x!vhlo.f32_v1> loc(#loc123)
    %116 = "vhlo.reduce_v1"(%115, %1) <{dimensions = #vhlo.tensor_v1<dense<3> : tensor<1xi64>>}> ({
    ^bb0(%arg15: !vhlo.tensor_v1<!vhlo.f32_v1> loc("reduce.275"), %arg16: !vhlo.tensor_v1<!vhlo.f32_v1> loc("reduce.275")):
      %133 = "vhlo.maximum_v1"(%arg15, %arg16) : (!vhlo.tensor_v1<!vhlo.f32_v1>, !vhlo.tensor_v1<!vhlo.f32_v1>) -> !vhlo.tensor_v1<!vhlo.f32_v1> loc(#loc125)
      "vhlo.return_v1"(%133) : (!vhlo.tensor_v1<!vhlo.f32_v1>) -> () loc(#loc)
    }) : (!vhlo.tensor_v1<64x64x1x1024x!vhlo.f32_v1>, !vhlo.tensor_v1<!vhlo.f32_v1>) -> !vhlo.tensor_v1<64x64x1x!vhlo.f32_v1> loc(#loc124)
    %117 = "vhlo.broadcast_in_dim_v1"(%116) <{broadcast_dimensions = #vhlo.tensor_v1<dense<[0, 1, 2]> : tensor<3xi64>>}> : (!vhlo.tensor_v1<64x64x1x!vhlo.f32_v1>) -> !vhlo.tensor_v1<64x64x1x1024x!vhlo.f32_v1> loc(#loc126)
    %118 = "vhlo.subtract_v1"(%115, %117) : (!vhlo.tensor_v1<64x64x1x1024x!vhlo.f32_v1>, !vhlo.tensor_v1<64x64x1x1024x!vhlo.f32_v1>) -> !vhlo.tensor_v1<64x64x1x1024x!vhlo.f32_v1> loc(#loc127)
    %119 = "vhlo.exponential_v2"(%118) <{result_accuracy = #vhlo.result_accuracy_v1<atol = 0.000000e+00, rtol = 0.000000e+00, ulps = 0, mode = #vhlo<result_accuracy_mode_v1 DEFAULT>>}> : (!vhlo.tensor_v1<64x64x1x1024x!vhlo.f32_v1>) -> !vhlo.tensor_v1<64x64x1x1024x!vhlo.f32_v1> loc(#loc128)
    %120 = "vhlo.reduce_v1"(%119, %0) <{dimensions = #vhlo.tensor_v1<dense<3> : tensor<1xi64>>}> ({
    ^bb0(%arg15: !vhlo.tensor_v1<!vhlo.f32_v1> loc("reduce.284"), %arg16: !vhlo.tensor_v1<!vhlo.f32_v1> loc("reduce.284")):
      %133 = "vhlo.add_v1"(%arg15, %arg16) : (!vhlo.tensor_v1<!vhlo.f32_v1>, !vhlo.tensor_v1<!vhlo.f32_v1>) -> !vhlo.tensor_v1<!vhlo.f32_v1> loc(#loc130)
      "vhlo.return_v1"(%133) : (!vhlo.tensor_v1<!vhlo.f32_v1>) -> () loc(#loc)
    }) : (!vhlo.tensor_v1<64x64x1x1024x!vhlo.f32_v1>, !vhlo.tensor_v1<!vhlo.f32_v1>) -> !vhlo.tensor_v1<64x64x1x!vhlo.f32_v1> loc(#loc129)
    %121 = "vhlo.broadcast_in_dim_v1"(%120) <{broadcast_dimensions = #vhlo.tensor_v1<dense<[0, 1, 2]> : tensor<3xi64>>}> : (!vhlo.tensor_v1<64x64x1x!vhlo.f32_v1>) -> !vhlo.tensor_v1<64x64x1x1024x!vhlo.f32_v1> loc(#loc131)
    %122 = "vhlo.divide_v1"(%119, %121) : (!vhlo.tensor_v1<64x64x1x1024x!vhlo.f32_v1>, !vhlo.tensor_v1<64x64x1x1024x!vhlo.f32_v1>) -> !vhlo.tensor_v1<64x64x1x1024x!vhlo.f32_v1> loc(#loc132)
    %123 = "vhlo.convert_v1"(%122) : (!vhlo.tensor_v1<64x64x1x1024x!vhlo.f32_v1>) -> !vhlo.tensor_v1<64x64x1x1024x!vhlo.bf16_v1> loc(#loc133)
    %124 = "vhlo.slice_v1"(%103) <{limit_indices = #vhlo.tensor_v1<dense<[64, 64, 1024, 256]> : tensor<4xi64>>, start_indices = #vhlo.tensor_v1<dense<[0, 0, 0, 128]> : tensor<4xi64>>, strides = #vhlo.tensor_v1<dense<1> : tensor<4xi64>>}> : (!vhlo.tensor_v1<64x64x1024x256x!vhlo.bf16_v1>) -> !vhlo.tensor_v1<64x64x1024x128x!vhlo.bf16_v1> loc(#loc134)
    %125 = "vhlo.dot_general_v2"(%123, %124) <{accumulation_type = #vhlo.type_v1<!vhlo.none_v1>, allow_imprecise_accumulation = #vhlo.type_v1<!vhlo.none_v1>, lhs_batching_dimensions = #vhlo.tensor_v1<dense<[0, 1]> : tensor<2xi64>>, lhs_component_count = #vhlo.type_v1<!vhlo.none_v1>, lhs_contracting_dimensions = #vhlo.tensor_v1<dense<3> : tensor<1xi64>>, lhs_precision_type = #vhlo.type_v1<!vhlo.none_v1>, num_primitive_operations = #vhlo.type_v1<!vhlo.none_v1>, precision_config = #vhlo.array_v1<[#vhlo<precision_v1 DEFAULT>, #vhlo<precision_v1 DEFAULT>]>, rhs_batching_dimensions = #vhlo.tensor_v1<dense<[0, 1]> : tensor<2xi64>>, rhs_component_count = #vhlo.type_v1<!vhlo.none_v1>, rhs_contracting_dimensions = #vhlo.tensor_v1<dense<2> : tensor<1xi64>>, rhs_precision_type = #vhlo.type_v1<!vhlo.none_v1>}> {mhlo.frontend_attributes = #vhlo.dict_v1<{#vhlo.string_v1<"grad_x"> = #vhlo.string_v1<"false">, #vhlo.string_v1<"grad_y"> = #vhlo.string_v1<"false">}>} : (!vhlo.tensor_v1<64x64x1x1024x!vhlo.bf16_v1>, !vhlo.tensor_v1<64x64x1024x128x!vhlo.bf16_v1>) -> !vhlo.tensor_v1<64x64x1x128x!vhlo.bf16_v1> loc(#loc135)
    %126 = "vhlo.reshape_v1"(%125) : (!vhlo.tensor_v1<64x64x1x128x!vhlo.bf16_v1>) -> !vhlo.tensor_v1<64x8192x!vhlo.bf16_v1> loc(#loc136)
    %127 = "vhlo.reshape_v1"(%arg8) : (!vhlo.tensor_v1<7168x8192x!vhlo.bf16_v1>) -> !vhlo.tensor_v1<1x7168x8192x!vhlo.bf16_v1> loc(#loc137)
    %128 = "vhlo.custom_call_v1"(%127) <{api_version = #vhlo<api_version_v1 API_VERSION_UNSPECIFIED>, backend_config = #vhlo.string_v1<"">, call_target_name = #vhlo.string_v1<"tt.mark_argument">, called_computations = #vhlo.array_v1<[]>, has_side_effect = #vhlo.bool_v1<false>, operand_layouts = #vhlo.array_v1<[]>, output_operand_aliases = #vhlo.array_v1<[]>, result_layouts = #vhlo.array_v1<[]>}> {mhlo.frontend_attributes = #vhlo.dict_v1<{#vhlo.string_v1<"ttcore.argument_type"> = #vhlo.string_v1<"parameter">, #vhlo.string_v1<"ttir.name"> = #vhlo.string_v1<"l__self___o_proj_weight">}>} : (!vhlo.tensor_v1<1x7168x8192x!vhlo.bf16_v1>) -> !vhlo.tensor_v1<1x7168x8192x!vhlo.bf16_v1> loc(#loc138)
    %129 = "vhlo.reshape_v1"(%128) : (!vhlo.tensor_v1<1x7168x8192x!vhlo.bf16_v1>) -> !vhlo.tensor_v1<7168x8192x!vhlo.bf16_v1> loc(#loc139)
    %130 = "vhlo.transpose_v1"(%129) <{permutation = #vhlo.tensor_v1<dense<[1, 0]> : tensor<2xi64>>}> {result_layout = #vhlo.tensor_v1<dense<[0, 1]> : tensor<2xindex>>, xla_shape = #vhlo.string_v1<"bf16[8192,7168]{0,1}">} : (!vhlo.tensor_v1<7168x8192x!vhlo.bf16_v1>) -> !vhlo.tensor_v1<8192x7168x!vhlo.bf16_v1> loc(#loc140)
    %131 = "vhlo.dot_general_v2"(%126, %130) <{accumulation_type = #vhlo.type_v1<!vhlo.none_v1>, allow_imprecise_accumulation = #vhlo.type_v1<!vhlo.none_v1>, lhs_batching_dimensions = #vhlo.tensor_v1<dense<> : tensor<0xi64>>, lhs_component_count = #vhlo.type_v1<!vhlo.none_v1>, lhs_contracting_dimensions = #vhlo.tensor_v1<dense<1> : tensor<1xi64>>, lhs_precision_type = #vhlo.type_v1<!vhlo.none_v1>, num_primitive_operations = #vhlo.type_v1<!vhlo.none_v1>, precision_config = #vhlo.array_v1<[#vhlo<precision_v1 DEFAULT>, #vhlo<precision_v1 DEFAULT>]>, rhs_batching_dimensions = #vhlo.tensor_v1<dense<> : tensor<0xi64>>, rhs_component_count = #vhlo.type_v1<!vhlo.none_v1>, rhs_contracting_dimensions = #vhlo.tensor_v1<dense<0> : tensor<1xi64>>, rhs_precision_type = #vhlo.type_v1<!vhlo.none_v1>}> : (!vhlo.tensor_v1<64x8192x!vhlo.bf16_v1>, !vhlo.tensor_v1<8192x7168x!vhlo.bf16_v1>) -> !vhlo.tensor_v1<64x7168x!vhlo.bf16_v1> loc(#loc141)
    %132 = "vhlo.reshape_v1"(%131) : (!vhlo.tensor_v1<64x7168x!vhlo.bf16_v1>) -> !vhlo.tensor_v1<64x1x7168x!vhlo.bf16_v1> loc(#loc142)
    "vhlo.return_v1"(%26, %56, %132) : (!vhlo.tensor_v1<64x1x1024x512x!vhlo.bf16_v1>, !vhlo.tensor_v1<64x1x1024x64x!vhlo.bf16_v1>, !vhlo.tensor_v1<64x1x7168x!vhlo.bf16_v1>) -> () loc(#loc)
  } {arg_attrs = #vhlo.array_v1<[#vhlo.dict_v1<{#vhlo.string_v1<"mhlo.frontend_attributes"> = #vhlo.dict_v1<{#vhlo.string_v1<"xla.sdy.sharding"> = #vhlo.string_v1<"#sdy.sharding<@mesh, [{}, {\22_axis_0\22}]>">}>, #vhlo.string_v1<"mhlo.sharding"> = #vhlo.string_v1<"{devices=[1,2,4]<=[8] last_tile_dim_replicate}">}>, #vhlo.dict_v1<{#vhlo.string_v1<"mhlo.frontend_attributes"> = #vhlo.dict_v1<{#vhlo.string_v1<"xla.sdy.sharding"> = #vhlo.string_v1<"#sdy.sharding<@mesh, [{\22_axis_1\22}, {}, {\22_axis_0\22}]>">}>, #vhlo.string_v1<"mhlo.sharding"> = #vhlo.string_v1<"{devices=[4,1,2]<=[2,4]T(1,0)}">}>, #vhlo.dict_v1<{#vhlo.string_v1<"mhlo.frontend_attributes"> = #vhlo.dict_v1<{#vhlo.string_v1<"xla.sdy.sharding"> = #vhlo.string_v1<"#sdy.sharding<@mesh, [{}]>">}>, #vhlo.string_v1<"mhlo.sharding"> = #vhlo.string_v1<"{replicated}">}>, #vhlo.dict_v1<{#vhlo.string_v1<"mhlo.frontend_attributes"> = #vhlo.dict_v1<{#vhlo.string_v1<"xla.sdy.sharding"> = #vhlo.string_v1<"#sdy.sharding<@mesh, [{\22_axis_1\22}, {}, {}, {}]>">}>, #vhlo.string_v1<"mhlo.sharding"> = #vhlo.string_v1<"{devices=[4,1,1,1,2]<=[2,4]T(1,0) last_tile_dim_replicate}">}>, #vhlo.dict_v1<{#vhlo.string_v1<"mhlo.frontend_attributes"> = #vhlo.dict_v1<{#vhlo.string_v1<"xla.sdy.sharding"> = #vhlo.string_v1<"#sdy.sharding<@mesh, [{}, {}]>">}>, #vhlo.string_v1<"mhlo.sharding"> = #vhlo.string_v1<"{replicated}">}>, #vhlo.dict_v1<{#vhlo.string_v1<"mhlo.frontend_attributes"> = #vhlo.dict_v1<{#vhlo.string_v1<"xla.sdy.sharding"> = #vhlo.string_v1<"#sdy.sharding<@mesh, [{}, {}]>">}>, #vhlo.string_v1<"mhlo.sharding"> = #vhlo.string_v1<"{replicated}">}>, #vhlo.dict_v1<{#vhlo.string_v1<"mhlo.frontend_attributes"> = #vhlo.dict_v1<{#vhlo.string_v1<"xla.sdy.sharding"> = #vhlo.string_v1<"#sdy.sharding<@mesh, [{}, {}]>">}>, #vhlo.string_v1<"mhlo.sharding"> = #vhlo.string_v1<"{replicated}">}>, #vhlo.dict_v1<{#vhlo.string_v1<"mhlo.frontend_attributes"> = #vhlo.dict_v1<{#vhlo.string_v1<"xla.sdy.sharding"> = #vhlo.string_v1<"#sdy.sharding<@mesh, [{\22_axis_1\22}, {}, {}, {}]>">}>, #vhlo.string_v1<"mhlo.sharding"> = #vhlo.string_v1<"{devices=[4,1,1,1,2]<=[2,4]T(1,0) last_tile_dim_replicate}">}>, #vhlo.dict_v1<{#vhlo.string_v1<"mhlo.frontend_attributes"> = #vhlo.dict_v1<{#vhlo.string_v1<"xla.sdy.sharding"> = #vhlo.string_v1<"#sdy.sharding<@mesh, [{}, {\22_axis_0\22}]>">}>, #vhlo.string_v1<"mhlo.sharding"> = #vhlo.string_v1<"{devices=[1,2,4]<=[8] last_tile_dim_replicate}">}>, #vhlo.dict_v1<{#vhlo.string_v1<"mhlo.frontend_attributes"> = #vhlo.dict_v1<{#vhlo.string_v1<"xla.sdy.sharding"> = #vhlo.string_v1<"#sdy.sharding<@mesh, [{\22_axis_0\22}, {}]>">}>, #vhlo.string_v1<"mhlo.sharding"> = #vhlo.string_v1<"{devices=[2,1,4]<=[8] last_tile_dim_replicate}">}>, #vhlo.dict_v1<{#vhlo.string_v1<"mhlo.frontend_attributes"> = #vhlo.dict_v1<{#vhlo.string_v1<"xla.sdy.sharding"> = #vhlo.string_v1<"#sdy.sharding<@mesh, [{}]>">}>, #vhlo.string_v1<"mhlo.sharding"> = #vhlo.string_v1<"{replicated}">}>, #vhlo.dict_v1<{#vhlo.string_v1<"mhlo.frontend_attributes"> = #vhlo.dict_v1<{#vhlo.string_v1<"xla.sdy.sharding"> = #vhlo.string_v1<"#sdy.sharding<@mesh, [{\22_axis_1\22}, {}, {}, {}]>">}>, #vhlo.string_v1<"mhlo.sharding"> = #vhlo.string_v1<"{devices=[4,1,1,1,2]<=[2,4]T(1,0) last_tile_dim_replicate}">}>, #vhlo.dict_v1<{#vhlo.string_v1<"mhlo.frontend_attributes"> = #vhlo.dict_v1<{#vhlo.string_v1<"xla.sdy.sharding"> = #vhlo.string_v1<"#sdy.sharding<@mesh, [{\22_axis_0\22}, {}]>">}>, #vhlo.string_v1<"mhlo.sharding"> = #vhlo.string_v1<"{devices=[2,1,4]<=[8] last_tile_dim_replicate}">}>, #vhlo.dict_v1<{#vhlo.string_v1<"mhlo.frontend_attributes"> = #vhlo.dict_v1<{#vhlo.string_v1<"xla.sdy.sharding"> = #vhlo.string_v1<"#sdy.sharding<@mesh, [{}]>">}>, #vhlo.string_v1<"mhlo.sharding"> = #vhlo.string_v1<"{replicated}">}>, #vhlo.dict_v1<{#vhlo.string_v1<"mhlo.frontend_attributes"> = #vhlo.dict_v1<{#vhlo.string_v1<"xla.sdy.sharding"> = #vhlo.string_v1<"#sdy.sharding<@mesh, [{}, {\22_axis_0\22}]>">}>, #vhlo.string_v1<"mhlo.sharding"> = #vhlo.string_v1<"{devices=[1,2,4]<=[8] last_tile_dim_replicate}">}>]>, res_attrs = #vhlo.array_v1<[]>, sym_visibility = #vhlo.string_v1<"">} loc(#loc)
  vhlo.func_v1 @tenstorrent.rms_norm.impl(%arg0: !vhlo.tensor_v1<64x1024x512x!vhlo.bf16_v1> loc("custom-call.131"), %arg1: !vhlo.tensor_v1<512x!vhlo.bf16_v1> loc("custom-call.125")) -> (!vhlo.tensor_v1<64x1024x512x!vhlo.bf16_v1>) {
    %0 = "vhlo.constant_v1"() <{value = #vhlo.tensor_v1<dense<0.000000e+00> : tensor<f32>>}> : () -> !vhlo.tensor_v1<!vhlo.f32_v1> loc(#loc)
    %1 = "vhlo.constant_v1"() <{value = #vhlo.tensor_v1<dense<2.000000e+00> : tensor<f32>>}> : () -> !vhlo.tensor_v1<!vhlo.f32_v1> loc(#loc)
    %2 = "vhlo.constant_v1"() <{value = #vhlo.tensor_v1<dense<0.001953125> : tensor<f32>>}> : () -> !vhlo.tensor_v1<!vhlo.f32_v1> loc(#loc)
    %3 = "vhlo.constant_v1"() <{value = #vhlo.tensor_v1<dense<9.99999997E-7> : tensor<f32>>}> : () -> !vhlo.tensor_v1<!vhlo.f32_v1> loc(#loc)
    %4 = "vhlo.broadcast_in_dim_v1"(%3) <{broadcast_dimensions = #vhlo.tensor_v1<dense<> : tensor<0xi64>>}> : (!vhlo.tensor_v1<!vhlo.f32_v1>) -> !vhlo.tensor_v1<64x1024x1x!vhlo.f32_v1> loc(#loc)
    %5 = "vhlo.broadcast_in_dim_v1"(%2) <{broadcast_dimensions = #vhlo.tensor_v1<dense<> : tensor<0xi64>>}> : (!vhlo.tensor_v1<!vhlo.f32_v1>) -> !vhlo.tensor_v1<64x1024x!vhlo.f32_v1> loc(#loc)
    %6 = "vhlo.broadcast_in_dim_v1"(%1) <{broadcast_dimensions = #vhlo.tensor_v1<dense<> : tensor<0xi64>>}> : (!vhlo.tensor_v1<!vhlo.f32_v1>) -> !vhlo.tensor_v1<64x1024x512x!vhlo.f32_v1> loc(#loc)
    %7 = "vhlo.convert_v1"(%arg0) : (!vhlo.tensor_v1<64x1024x512x!vhlo.bf16_v1>) -> !vhlo.tensor_v1<64x1024x512x!vhlo.f32_v1> loc(#loc145)
    %8 = "vhlo.power_v1"(%7, %6) : (!vhlo.tensor_v1<64x1024x512x!vhlo.f32_v1>, !vhlo.tensor_v1<64x1024x512x!vhlo.f32_v1>) -> !vhlo.tensor_v1<64x1024x512x!vhlo.f32_v1> loc(#loc146)
    %9 = "vhlo.reduce_v1"(%8, %0) <{dimensions = #vhlo.tensor_v1<dense<2> : tensor<1xi64>>}> ({
    ^bb0(%arg2: !vhlo.tensor_v1<!vhlo.f32_v1> loc("reduce.141"), %arg3: !vhlo.tensor_v1<!vhlo.f32_v1> loc("reduce.141")):
      %21 = "vhlo.add_v1"(%arg2, %arg3) : (!vhlo.tensor_v1<!vhlo.f32_v1>, !vhlo.tensor_v1<!vhlo.f32_v1>) -> !vhlo.tensor_v1<!vhlo.f32_v1> loc(#loc148)
      "vhlo.return_v1"(%21) : (!vhlo.tensor_v1<!vhlo.f32_v1>) -> () loc(#loc)
    }) : (!vhlo.tensor_v1<64x1024x512x!vhlo.f32_v1>, !vhlo.tensor_v1<!vhlo.f32_v1>) -> !vhlo.tensor_v1<64x1024x!vhlo.f32_v1> loc(#loc147)
    %10 = "vhlo.multiply_v1"(%9, %5) : (!vhlo.tensor_v1<64x1024x!vhlo.f32_v1>, !vhlo.tensor_v1<64x1024x!vhlo.f32_v1>) -> !vhlo.tensor_v1<64x1024x!vhlo.f32_v1> loc(#loc149)
    %11 = "vhlo.reshape_v1"(%10) : (!vhlo.tensor_v1<64x1024x!vhlo.f32_v1>) -> !vhlo.tensor_v1<64x1024x1x!vhlo.f32_v1> loc(#loc150)
    %12 = "vhlo.add_v1"(%11, %4) : (!vhlo.tensor_v1<64x1024x1x!vhlo.f32_v1>, !vhlo.tensor_v1<64x1024x1x!vhlo.f32_v1>) -> !vhlo.tensor_v1<64x1024x1x!vhlo.f32_v1> loc(#loc151)
    %13 = "vhlo.rsqrt_v2"(%12) <{result_accuracy = #vhlo.result_accuracy_v1<atol = 0.000000e+00, rtol = 0.000000e+00, ulps = 0, mode = #vhlo<result_accuracy_mode_v1 DEFAULT>>}> : (!vhlo.tensor_v1<64x1024x1x!vhlo.f32_v1>) -> !vhlo.tensor_v1<64x1024x1x!vhlo.f32_v1> loc(#loc152)
    %14 = "vhlo.reshape_v1"(%13) : (!vhlo.tensor_v1<64x1024x1x!vhlo.f32_v1>) -> !vhlo.tensor_v1<64x1024x!vhlo.f32_v1> loc(#loc153)
    %15 = "vhlo.broadcast_in_dim_v1"(%14) <{broadcast_dimensions = #vhlo.tensor_v1<dense<[0, 1]> : tensor<2xi64>>}> : (!vhlo.tensor_v1<64x1024x!vhlo.f32_v1>) -> !vhlo.tensor_v1<64x1024x512x!vhlo.f32_v1> loc(#loc154)
    %16 = "vhlo.multiply_v1"(%7, %15) : (!vhlo.tensor_v1<64x1024x512x!vhlo.f32_v1>, !vhlo.tensor_v1<64x1024x512x!vhlo.f32_v1>) -> !vhlo.tensor_v1<64x1024x512x!vhlo.f32_v1> loc(#loc155)
    %17 = "vhlo.convert_v1"(%arg1) : (!vhlo.tensor_v1<512x!vhlo.bf16_v1>) -> !vhlo.tensor_v1<512x!vhlo.f32_v1> loc(#loc156)
    %18 = "vhlo.broadcast_in_dim_v1"(%17) <{broadcast_dimensions = #vhlo.tensor_v1<dense<2> : tensor<1xi64>>}> : (!vhlo.tensor_v1<512x!vhlo.f32_v1>) -> !vhlo.tensor_v1<64x1024x512x!vhlo.f32_v1> loc(#loc157)
    %19 = "vhlo.multiply_v1"(%16, %18) : (!vhlo.tensor_v1<64x1024x512x!vhlo.f32_v1>, !vhlo.tensor_v1<64x1024x512x!vhlo.f32_v1>) -> !vhlo.tensor_v1<64x1024x512x!vhlo.f32_v1> loc(#loc158)
    %20 = "vhlo.convert_v1"(%19) : (!vhlo.tensor_v1<64x1024x512x!vhlo.f32_v1>) -> !vhlo.tensor_v1<64x1024x512x!vhlo.bf16_v1> loc(#loc159)
    "vhlo.return_v1"(%20) : (!vhlo.tensor_v1<64x1024x512x!vhlo.bf16_v1>) -> () loc(#loc)
  } {arg_attrs = #vhlo.array_v1<[]>, res_attrs = #vhlo.array_v1<[]>, sym_visibility = #vhlo.string_v1<"private">} loc(#loc)
  vhlo.func_v1 @tenstorrent.rms_norm.impl_0(%arg0: !vhlo.tensor_v1<64x1x1536x!vhlo.bf16_v1> loc("custom-call.203"), %arg1: !vhlo.tensor_v1<1536x!vhlo.bf16_v1> loc("custom-call.190")) -> (!vhlo.tensor_v1<64x1x1536x!vhlo.bf16_v1>) {
    %0 = "vhlo.constant_v1"() <{value = #vhlo.tensor_v1<dense<0.000000e+00> : tensor<f32>>}> : () -> !vhlo.tensor_v1<!vhlo.f32_v1> loc(#loc)
    %1 = "vhlo.constant_v1"() <{value = #vhlo.tensor_v1<dense<2.000000e+00> : tensor<f32>>}> : () -> !vhlo.tensor_v1<!vhlo.f32_v1> loc(#loc)
    %2 = "vhlo.constant_v1"() <{value = #vhlo.tensor_v1<dense<6.51041686E-4> : tensor<f32>>}> : () -> !vhlo.tensor_v1<!vhlo.f32_v1> loc(#loc)
    %3 = "vhlo.constant_v1"() <{value = #vhlo.tensor_v1<dense<9.99999997E-7> : tensor<f32>>}> : () -> !vhlo.tensor_v1<!vhlo.f32_v1> loc(#loc)
    %4 = "vhlo.broadcast_in_dim_v1"(%3) <{broadcast_dimensions = #vhlo.tensor_v1<dense<> : tensor<0xi64>>}> : (!vhlo.tensor_v1<!vhlo.f32_v1>) -> !vhlo.tensor_v1<64x1x1x!vhlo.f32_v1> loc(#loc)
    %5 = "vhlo.broadcast_in_dim_v1"(%2) <{broadcast_dimensions = #vhlo.tensor_v1<dense<> : tensor<0xi64>>}> : (!vhlo.tensor_v1<!vhlo.f32_v1>) -> !vhlo.tensor_v1<64x1x!vhlo.f32_v1> loc(#loc)
    %6 = "vhlo.broadcast_in_dim_v1"(%1) <{broadcast_dimensions = #vhlo.tensor_v1<dense<> : tensor<0xi64>>}> : (!vhlo.tensor_v1<!vhlo.f32_v1>) -> !vhlo.tensor_v1<64x1x1536x!vhlo.f32_v1> loc(#loc)
    %7 = "vhlo.convert_v1"(%arg0) : (!vhlo.tensor_v1<64x1x1536x!vhlo.bf16_v1>) -> !vhlo.tensor_v1<64x1x1536x!vhlo.f32_v1> loc(#loc162)
    %8 = "vhlo.power_v1"(%7, %6) : (!vhlo.tensor_v1<64x1x1536x!vhlo.f32_v1>, !vhlo.tensor_v1<64x1x1536x!vhlo.f32_v1>) -> !vhlo.tensor_v1<64x1x1536x!vhlo.f32_v1> loc(#loc163)
    %9 = "vhlo.reduce_v1"(%8, %0) <{dimensions = #vhlo.tensor_v1<dense<2> : tensor<1xi64>>}> ({
    ^bb0(%arg2: !vhlo.tensor_v1<!vhlo.f32_v1> loc("reduce.213"), %arg3: !vhlo.tensor_v1<!vhlo.f32_v1> loc("reduce.213")):
      %21 = "vhlo.add_v1"(%arg2, %arg3) : (!vhlo.tensor_v1<!vhlo.f32_v1>, !vhlo.tensor_v1<!vhlo.f32_v1>) -> !vhlo.tensor_v1<!vhlo.f32_v1> loc(#loc165)
      "vhlo.return_v1"(%21) : (!vhlo.tensor_v1<!vhlo.f32_v1>) -> () loc(#loc)
    }) : (!vhlo.tensor_v1<64x1x1536x!vhlo.f32_v1>, !vhlo.tensor_v1<!vhlo.f32_v1>) -> !vhlo.tensor_v1<64x1x!vhlo.f32_v1> loc(#loc164)
    %10 = "vhlo.multiply_v1"(%9, %5) : (!vhlo.tensor_v1<64x1x!vhlo.f32_v1>, !vhlo.tensor_v1<64x1x!vhlo.f32_v1>) -> !vhlo.tensor_v1<64x1x!vhlo.f32_v1> loc(#loc166)
    %11 = "vhlo.reshape_v1"(%10) : (!vhlo.tensor_v1<64x1x!vhlo.f32_v1>) -> !vhlo.tensor_v1<64x1x1x!vhlo.f32_v1> loc(#loc167)
    %12 = "vhlo.add_v1"(%11, %4) : (!vhlo.tensor_v1<64x1x1x!vhlo.f32_v1>, !vhlo.tensor_v1<64x1x1x!vhlo.f32_v1>) -> !vhlo.tensor_v1<64x1x1x!vhlo.f32_v1> loc(#loc168)
    %13 = "vhlo.rsqrt_v2"(%12) <{result_accuracy = #vhlo.result_accuracy_v1<atol = 0.000000e+00, rtol = 0.000000e+00, ulps = 0, mode = #vhlo<result_accuracy_mode_v1 DEFAULT>>}> : (!vhlo.tensor_v1<64x1x1x!vhlo.f32_v1>) -> !vhlo.tensor_v1<64x1x1x!vhlo.f32_v1> loc(#loc169)
    %14 = "vhlo.reshape_v1"(%13) : (!vhlo.tensor_v1<64x1x1x!vhlo.f32_v1>) -> !vhlo.tensor_v1<64x1x!vhlo.f32_v1> loc(#loc170)
    %15 = "vhlo.broadcast_in_dim_v1"(%14) <{broadcast_dimensions = #vhlo.tensor_v1<dense<[0, 1]> : tensor<2xi64>>}> : (!vhlo.tensor_v1<64x1x!vhlo.f32_v1>) -> !vhlo.tensor_v1<64x1x1536x!vhlo.f32_v1> loc(#loc171)
    %16 = "vhlo.multiply_v1"(%7, %15) : (!vhlo.tensor_v1<64x1x1536x!vhlo.f32_v1>, !vhlo.tensor_v1<64x1x1536x!vhlo.f32_v1>) -> !vhlo.tensor_v1<64x1x1536x!vhlo.f32_v1> loc(#loc172)
    %17 = "vhlo.convert_v1"(%arg1) : (!vhlo.tensor_v1<1536x!vhlo.bf16_v1>) -> !vhlo.tensor_v1<1536x!vhlo.f32_v1> loc(#loc173)
    %18 = "vhlo.broadcast_in_dim_v1"(%17) <{broadcast_dimensions = #vhlo.tensor_v1<dense<2> : tensor<1xi64>>}> : (!vhlo.tensor_v1<1536x!vhlo.f32_v1>) -> !vhlo.tensor_v1<64x1x1536x!vhlo.f32_v1> loc(#loc174)
    %19 = "vhlo.multiply_v1"(%16, %18) : (!vhlo.tensor_v1<64x1x1536x!vhlo.f32_v1>, !vhlo.tensor_v1<64x1x1536x!vhlo.f32_v1>) -> !vhlo.tensor_v1<64x1x1536x!vhlo.f32_v1> loc(#loc175)
    %20 = "vhlo.convert_v1"(%19) : (!vhlo.tensor_v1<64x1x1536x!vhlo.f32_v1>) -> !vhlo.tensor_v1<64x1x1536x!vhlo.bf16_v1> loc(#loc176)
    "vhlo.return_v1"(%20) : (!vhlo.tensor_v1<64x1x1536x!vhlo.bf16_v1>) -> () loc(#loc)
  } {arg_attrs = #vhlo.array_v1<[]>, res_attrs = #vhlo.array_v1<[]>, sym_visibility = #vhlo.string_v1<"private">} loc(#loc)
} loc(#loc)
#loc = loc(unknown)
#loc16 = loc("custom-call.28")
#loc17 = loc("reshape.14")
#loc18 = loc("custom-call.15")
#loc19 = loc("reshape.16")
#loc20 = loc("compare.23")
#loc21 = loc("add.20")
#loc22 = loc("select.24")
#loc23 = loc("reshape.25")
#loc24 = loc("custom-call.7")
#loc25 = loc("reshape.8")
#loc26 = loc("reshape.2")
#loc27 = loc("custom-call.3")
#loc28 = loc("reshape.4")
#loc29 = loc("transpose.5")
#loc30 = loc("dot.9")
#loc31 = loc("reshape.10")
#loc32 = loc("slice.11")
#loc33 = loc("reshape.12")
#loc35 = loc("custom-call.104")
#loc36 = loc("slice.57")
#loc37 = loc("reshape.60")
#loc38 = loc("transpose.61")
#loc39 = loc("reshape.62")
#loc40 = loc("reshape.81")
#loc41 = loc("custom-call.82")
#loc42 = loc("reshape.83")
#loc43 = loc("reshape.37")
#loc44 = loc("custom-call.38")
#loc45 = loc("reshape.39")
#loc46 = loc("compare.76")
#loc47 = loc("add.73")
#loc48 = loc("select.77")
#loc49 = loc("reshape.78")
#loc50 = loc("gather.85")
#loc51 = loc("broadcast.88")
#loc52 = loc("multiply.89")
#loc53 = loc("slice.64")
#loc54 = loc("negate.65")
#loc55 = loc("slice.63")
#loc56 = loc("concatenate.66")
#loc57 = loc("reshape.51")
#loc58 = loc("custom-call.52")
#loc59 = loc("reshape.53")
#loc60 = loc("gather.55")
#loc61 = loc("broadcast.68")
#loc62 = loc("multiply.69")
#loc63 = loc("add.92")
#loc65 = loc("reshape.196")
#loc66 = loc("custom-call.197")
#loc67 = loc("reshape.198")
#loc68 = loc("transpose.199")
#loc69 = loc("dot.201")
#loc70 = loc("reshape.202")
#loc71 = loc("reshape.187")
#loc72 = loc("custom-call.188")
#loc73 = loc("reshape.189")
#loc74 = loc("custom-call.235")
#loc75 = loc("reshape.236")
#loc76 = loc("reshape.182")
#loc77 = loc("custom-call.183")
#loc78 = loc("reshape.184")
#loc79 = loc("transpose.185")
#loc80 = loc("dot.237")
#loc81 = loc("transpose.240")
#loc82 = loc("slice.258")
#loc83 = loc("slice.241")
#loc84 = loc("reshape.242")
#loc85 = loc("transpose.243")
#loc86 = loc("reshape.244")
#loc87 = loc("reshape.252")
#loc88 = loc("broadcast.253")
#loc89 = loc("multiply.254")
#loc90 = loc("slice.246")
#loc91 = loc("negate.247")
#loc92 = loc("slice.245")
#loc93 = loc("concatenate.248")
#loc94 = loc("reshape.249")
#loc95 = loc("broadcast.250")
#loc96 = loc("multiply.251")
#loc97 = loc("add.257")
#loc98 = loc("concatenate.259")
#loc99 = loc("reshape.130")
#loc100 = loc("reshape.122")
#loc101 = loc("custom-call.123")
#loc102 = loc("reshape.124")
#loc103 = loc("custom-call.163")
#loc104 = loc("reshape.164")
#loc105 = loc("reshape.117")
#loc106 = loc("custom-call.118")
#loc107 = loc("reshape.119")
#loc108 = loc("transpose.120")
#loc109 = loc("dot.165")
#loc110 = loc("reshape.167")
#loc111 = loc("transpose.168")
#loc112 = loc("slice.177")
#loc113 = loc("reshape.175")
#loc114 = loc("broadcast.176")
#loc115 = loc("concatenate.178")
#loc116 = loc("transpose.179")
#loc117 = loc("dot.260")
#loc118 = loc("multiply.263")
#loc119 = loc("custom-call.172")
#loc120 = loc("reshape.266")
#loc121 = loc("broadcast.267")
#loc122 = loc("add.268")
#loc123 = loc("convert.269")
#loc125 = loc("maximum.274")
#loc126 = loc("broadcast.276")
#loc127 = loc("subtract.277")
#loc128 = loc("exponential.278")
#loc130 = loc("add.283")
#loc131 = loc("broadcast.285")
#loc132 = loc("divide.286")
#loc133 = loc("convert.287")
#loc134 = loc("slice.169")
#loc135 = loc("dot.288")
#loc136 = loc("reshape.292")
#loc137 = loc("reshape.112")
#loc138 = loc("custom-call.113")
#loc139 = loc("reshape.114")
#loc140 = loc("transpose.115")
#loc141 = loc("dot.293")
#loc142 = loc("reshape.294")
#loc145 = loc("convert.132")
#loc146 = loc("power.134")
#loc148 = loc("add.140")
#loc149 = loc("multiply.150")
#loc150 = loc("reshape.151")
#loc151 = loc("add.155")
#loc152 = loc("rsqrt.156")
#loc153 = loc("reshape.157")
#loc154 = loc("broadcast.158")
#loc155 = loc("multiply.159")
#loc156 = loc("convert.126")
#loc157 = loc("broadcast.160")
#loc158 = loc("multiply.161")
#loc159 = loc("convert.162")
#loc162 = loc("convert.204")
#loc163 = loc("power.206")
#loc165 = loc("add.212")
#loc166 = loc("multiply.222")
#loc167 = loc("reshape.223")
#loc168 = loc("add.227")
#loc169 = loc("rsqrt.228")
#loc170 = loc("reshape.229")
#loc171 = loc("broadcast.230")
#loc172 = loc("multiply.231")
#loc173 = loc("convert.191")
#loc174 = loc("broadcast.232")
#loc175 = loc("multiply.233")
#loc176 = loc("convert.234")
------------------ END OF MLIR MODULE ------------------
2026-02-10 20:35:29.725 (  10.869s) [        C75E3480]      module_builder.cc:1121     1| MLIR Module shlo:
#loc1 = loc("p0.1")
#loc2 = loc("p1.6")
#loc3 = loc("p2.13")
#loc4 = loc("p3.27")
#loc5 = loc("p4.36")
#loc6 = loc("p5.50")
#loc7 = loc("p6.80")
#loc8 = loc("p7.103")
#loc9 = loc("p8.111")
#loc10 = loc("p9.116")
#loc11 = loc("p10.121")
#loc12 = loc("p11.171")
#loc13 = loc("p12.181")
#loc14 = loc("p13.186")
#loc15 = loc("p14.195")
#loc34 = loc("scatter.33")
#loc64 = loc("scatter.109")
#loc141 = loc("custom-call.131")
#loc142 = loc("custom-call.125")
#loc157 = loc("custom-call.203")
#loc158 = loc("custom-call.190")
module @SyncTensorsGraph.296 attributes {mhlo.cross_program_prefetches = [], mhlo.frontend_attributes = {xla.sdy.meshes = "{mesh = #sdy.mesh<[\22_axis_0\22=2, \22_axis_1\22=4]>}"}, mhlo.input_output_alias = [], mhlo.is_dynamic = false, mhlo.use_auto_spmd_partitioning = false} {
  func.func @main(%arg0: tensor<576x7168xbf16> {mhlo.frontend_attributes = {xla.sdy.sharding = "#sdy.sharding<@mesh, [{}, {\22_axis_0\22}]>"}, mhlo.sharding = "{devices=[1,2,4]<=[8] last_tile_dim_replicate}"} loc("p0.1"), %arg1: tensor<64x1x7168xbf16> {mhlo.frontend_attributes = {xla.sdy.sharding = "#sdy.sharding<@mesh, [{\22_axis_1\22}, {}, {\22_axis_0\22}]>"}, mhlo.sharding = "{devices=[4,1,2]<=[2,4]T(1,0)}"} loc("p1.6"), %arg2: tensor<1xi64> {mhlo.frontend_attributes = {xla.sdy.sharding = "#sdy.sharding<@mesh, [{}]>"}, mhlo.sharding = "{replicated}"} loc("p2.13"), %arg3: tensor<64x1x1024x512xbf16> {mhlo.frontend_attributes = {xla.sdy.sharding = "#sdy.sharding<@mesh, [{\22_axis_1\22}, {}, {}, {}]>"}, mhlo.sharding = "{devices=[4,1,1,1,2]<=[2,4]T(1,0) last_tile_dim_replicate}"} loc("p3.27"), %arg4: tensor<1x1xi64> {mhlo.frontend_attributes = {xla.sdy.sharding = "#sdy.sharding<@mesh, [{}, {}]>"}, mhlo.sharding = "{replicated}"} loc("p4.36"), %arg5: tensor<1024x64xbf16> {mhlo.frontend_attributes = {xla.sdy.sharding = "#sdy.sharding<@mesh, [{}, {}]>"}, mhlo.sharding = "{replicated}"} loc("p5.50"), %arg6: tensor<1024x64xbf16> {mhlo.frontend_attributes = {xla.sdy.sharding = "#sdy.sharding<@mesh, [{}, {}]>"}, mhlo.sharding = "{replicated}"} loc("p6.80"), %arg7: tensor<64x1x1024x64xbf16> {mhlo.frontend_attributes = {xla.sdy.sharding = "#sdy.sharding<@mesh, [{\22_axis_1\22}, {}, {}, {}]>"}, mhlo.sharding = "{devices=[4,1,1,1,2]<=[2,4]T(1,0) last_tile_dim_replicate}"} loc("p7.103"), %arg8: tensor<7168x8192xbf16> {mhlo.frontend_attributes = {xla.sdy.sharding = "#sdy.sharding<@mesh, [{}, {\22_axis_0\22}]>"}, mhlo.sharding = "{devices=[1,2,4]<=[8] last_tile_dim_replicate}"} loc("p8.111"), %arg9: tensor<16384x512xbf16> {mhlo.frontend_attributes = {xla.sdy.sharding = "#sdy.sharding<@mesh, [{\22_axis_0\22}, {}]>"}, mhlo.sharding = "{devices=[2,1,4]<=[8] last_tile_dim_replicate}"} loc("p9.116"), %arg10: tensor<512xbf16> {mhlo.frontend_attributes = {xla.sdy.sharding = "#sdy.sharding<@mesh, [{}]>"}, mhlo.sharding = "{replicated}"} loc("p10.121"), %arg11: tensor<64x1x1x1024xbf16> {mhlo.frontend_attributes = {xla.sdy.sharding = "#sdy.sharding<@mesh, [{\22_axis_1\22}, {}, {}, {}]>"}, mhlo.sharding = "{devices=[4,1,1,1,2]<=[2,4]T(1,0) last_tile_dim_replicate}"} loc("p11.171"), %arg12: tensor<12288x1536xbf16> {mhlo.frontend_attributes = {xla.sdy.sharding = "#sdy.sharding<@mesh, [{\22_axis_0\22}, {}]>"}, mhlo.sharding = "{devices=[2,1,4]<=[8] last_tile_dim_replicate}"} loc("p12.181"), %arg13: tensor<1536xbf16> {mhlo.frontend_attributes = {xla.sdy.sharding = "#sdy.sharding<@mesh, [{}]>"}, mhlo.sharding = "{replicated}"} loc("p13.186"), %arg14: tensor<1536x7168xbf16> {mhlo.frontend_attributes = {xla.sdy.sharding = "#sdy.sharding<@mesh, [{}, {\22_axis_0\22}]>"}, mhlo.sharding = "{devices=[1,2,4]<=[8] last_tile_dim_replicate}"} loc("p14.195")) -> (tensor<64x1x1024x512xbf16>, tensor<64x1x1024x64xbf16>, tensor<64x1x7168xbf16>) {
    %cst = stablehlo.constant dense<0.000000e+00> : tensor<f32> loc(#loc)
    %cst_0 = stablehlo.constant dense<0xFF800000> : tensor<f32> loc(#loc)
    %c = stablehlo.constant dense<0> : tensor<1xi64> loc(#loc)
    %c_1 = stablehlo.constant dense<1024> : tensor<1xi64> loc(#loc)
    %c_2 = stablehlo.constant dense<0> : tensor<1x1xi64> loc(#loc)
    %c_3 = stablehlo.constant dense<1024> : tensor<1x1xi64> loc(#loc)
    %cst_4 = stablehlo.constant dense<1.445310e-01> : tensor<bf16> loc(#loc)
    %0 = stablehlo.broadcast_in_dim %cst_4, dims = [] : (tensor<bf16>) -> tensor<64x64x1x1024xbf16> loc(#loc)
    %1 = stablehlo.custom_call @tt.mark_argument(%arg3) {api_version = 0 : i32, mhlo.frontend_attributes = {ttcore.argument_type = "input", ttir.name = "args_3"}} : (tensor<64x1x1024x512xbf16>) -> tensor<64x1x1024x512xbf16> loc(#loc16)
    %2 = stablehlo.reshape %arg2 : (tensor<1xi64>) -> tensor<1x1x1xi64> loc(#loc17)
    %3 = stablehlo.custom_call @tt.mark_argument(%2) {api_version = 0 : i32, mhlo.frontend_attributes = {ttcore.argument_type = "input", ttir.name = "args_2"}} : (tensor<1x1x1xi64>) -> tensor<1x1x1xi64> loc(#loc18)
    %4 = stablehlo.reshape %3 : (tensor<1x1x1xi64>) -> tensor<1xi64> loc(#loc19)
    %5 = stablehlo.compare  LT, %4, %c : (tensor<1xi64>, tensor<1xi64>) -> tensor<1xi1> loc(#loc20)
    %6 = stablehlo.add %4, %c_1 : tensor<1xi64> loc(#loc21)
    %7 = stablehlo.select %5, %6, %4 : tensor<1xi1>, tensor<1xi64> loc(#loc22)
    %8 = stablehlo.reshape %7 : (tensor<1xi64>) -> tensor<1x1xi64> loc(#loc23)
    %9 = stablehlo.custom_call @tt.mark_argument(%arg1) {api_version = 0 : i32, mhlo.frontend_attributes = {ttcore.argument_type = "input", ttir.name = "args_0"}} : (tensor<64x1x7168xbf16>) -> tensor<64x1x7168xbf16> loc(#loc24)
    %10 = stablehlo.reshape %9 : (tensor<64x1x7168xbf16>) -> tensor<64x7168xbf16> loc(#loc25)
    %11 = stablehlo.reshape %arg0 : (tensor<576x7168xbf16>) -> tensor<1x576x7168xbf16> loc(#loc26)
    %12 = stablehlo.custom_call @tt.mark_argument(%11) {api_version = 0 : i32, mhlo.frontend_attributes = {ttcore.argument_type = "parameter", ttir.name = "l__self___kv_a_proj_with_mqa_weight"}} : (tensor<1x576x7168xbf16>) -> tensor<1x576x7168xbf16> loc(#loc27)
    %13 = stablehlo.reshape %12 : (tensor<1x576x7168xbf16>) -> tensor<576x7168xbf16> loc(#loc28)
    %14 = stablehlo.transpose %13, dims = [1, 0] {result_layout = dense<[0, 1]> : tensor<2xindex>, xla_shape = "bf16[7168,576]{0,1}"} : (tensor<576x7168xbf16>) -> tensor<7168x576xbf16> loc(#loc29)
    %15 = stablehlo.dot_general %10, %14, contracting_dims = [1] x [0] : (tensor<64x7168xbf16>, tensor<7168x576xbf16>) -> tensor<64x576xbf16> loc(#loc30)
    %16 = stablehlo.reshape %15 : (tensor<64x576xbf16>) -> tensor<64x1x576xbf16> loc(#loc31)
    %17 = stablehlo.slice %16 [0:64, 0:1, 0:512] : (tensor<64x1x576xbf16>) -> tensor<64x1x512xbf16> loc(#loc32)
    %18 = stablehlo.reshape %17 : (tensor<64x1x512xbf16>) -> tensor<64x1x1x512xbf16> loc(#loc33)
    %19 = "stablehlo.scatter"(%1, %8, %18) <{scatter_dimension_numbers = #stablehlo.scatter<update_window_dims = [0, 1, 3], inserted_window_dims = [2], scatter_dims_to_operand_dims = [2], index_vector_dim = 1>}> ({
    ^bb0(%arg15: tensor<bf16> loc("scatter.33"), %arg16: tensor<bf16> loc("scatter.33")):
      stablehlo.return %arg16 : tensor<bf16> loc(#loc)
    }) : (tensor<64x1x1024x512xbf16>, tensor<1x1xi64>, tensor<64x1x1x512xbf16>) -> tensor<64x1x1024x512xbf16> loc(#loc34)
    %20 = stablehlo.custom_call @tt.mark_argument(%arg7) {api_version = 0 : i32, mhlo.frontend_attributes = {ttcore.argument_type = "input", ttir.name = "args_4"}} : (tensor<64x1x1024x64xbf16>) -> tensor<64x1x1024x64xbf16> loc(#loc35)
    %21 = stablehlo.slice %16 [0:64, 0:1, 512:576] : (tensor<64x1x576xbf16>) -> tensor<64x1x64xbf16> loc(#loc36)
    %22 = stablehlo.reshape %21 : (tensor<64x1x64xbf16>) -> tensor<64x1x1x32x2xbf16> loc(#loc37)
    %23 = stablehlo.transpose %22, dims = [0, 1, 2, 4, 3] {result_layout = dense<[3, 4, 2, 1, 0]> : tensor<5xindex>, xla_shape = "bf16[64,1,1,2,32]{3,4,2,1,0}"} : (tensor<64x1x1x32x2xbf16>) -> tensor<64x1x1x2x32xbf16> loc(#loc38)
    %24 = stablehlo.reshape %23 : (tensor<64x1x1x2x32xbf16>) -> tensor<64x1x1x64xbf16> loc(#loc39)
    %25 = stablehlo.reshape %arg6 : (tensor<1024x64xbf16>) -> tensor<1x1024x64xbf16> loc(#loc40)
    %26 = stablehlo.custom_call @tt.mark_argument(%25) {api_version = 0 : i32, mhlo.frontend_attributes = {ttcore.argument_type = "constant", ttir.name = "self___rotary_emb__buffers__cos_cached"}} : (tensor<1x1024x64xbf16>) -> tensor<1x1024x64xbf16> loc(#loc41)
    %27 = stablehlo.reshape %26 : (tensor<1x1024x64xbf16>) -> tensor<1024x64xbf16> loc(#loc42)
    %28 = stablehlo.reshape %arg4 : (tensor<1x1xi64>) -> tensor<1x1x1xi64> loc(#loc43)
    %29 = stablehlo.custom_call @tt.mark_argument(%28) {api_version = 0 : i32, mhlo.frontend_attributes = {ttcore.argument_type = "input", ttir.name = "args_1"}} : (tensor<1x1x1xi64>) -> tensor<1x1x1xi64> loc(#loc44)
    %30 = stablehlo.reshape %29 : (tensor<1x1x1xi64>) -> tensor<1x1xi64> loc(#loc45)
    %31 = stablehlo.compare  LT, %30, %c_2 : (tensor<1x1xi64>, tensor<1x1xi64>) -> tensor<1x1xi1> loc(#loc46)
    %32 = stablehlo.add %30, %c_3 : tensor<1x1xi64> loc(#loc47)
    %33 = stablehlo.select %31, %32, %30 : tensor<1x1xi1>, tensor<1x1xi64> loc(#loc48)
    %34 = stablehlo.reshape %33 : (tensor<1x1xi64>) -> tensor<1x1x1xi64> loc(#loc49)
    %35 = "stablehlo.gather"(%27, %34) <{dimension_numbers = #stablehlo.gather<offset_dims = [2], collapsed_slice_dims = [0], start_index_map = [0], index_vector_dim = 2>, slice_sizes = array<i64: 1, 64>}> : (tensor<1024x64xbf16>, tensor<1x1x1xi64>) -> tensor<1x1x64xbf16> loc(#loc50)
    %36 = stablehlo.broadcast_in_dim %35, dims = [1, 2, 3] : (tensor<1x1x64xbf16>) -> tensor<64x1x1x64xbf16> loc(#loc51)
    %37 = stablehlo.multiply %24, %36 : tensor<64x1x1x64xbf16> loc(#loc52)
    %38 = stablehlo.slice %24 [0:64, 0:1, 0:1, 32:64] : (tensor<64x1x1x64xbf16>) -> tensor<64x1x1x32xbf16> loc(#loc53)
    %39 = stablehlo.negate %38 : tensor<64x1x1x32xbf16> loc(#loc54)
    %40 = stablehlo.slice %24 [0:64, 0:1, 0:1, 0:32] : (tensor<64x1x1x64xbf16>) -> tensor<64x1x1x32xbf16> loc(#loc55)
    %41 = stablehlo.concatenate %39, %40, dim = 3 : (tensor<64x1x1x32xbf16>, tensor<64x1x1x32xbf16>) -> tensor<64x1x1x64xbf16> loc(#loc56)
    %42 = stablehlo.reshape %arg5 : (tensor<1024x64xbf16>) -> tensor<1x1024x64xbf16> loc(#loc57)
    %43 = stablehlo.custom_call @tt.mark_argument(%42) {api_version = 0 : i32, mhlo.frontend_attributes = {ttcore.argument_type = "constant", ttir.name = "self___rotary_emb__buffers__sin_cached"}} : (tensor<1x1024x64xbf16>) -> tensor<1x1024x64xbf16> loc(#loc58)
    %44 = stablehlo.reshape %43 : (tensor<1x1024x64xbf16>) -> tensor<1024x64xbf16> loc(#loc59)
    %45 = "stablehlo.gather"(%44, %34) <{dimension_numbers = #stablehlo.gather<offset_dims = [2], collapsed_slice_dims = [0], start_index_map = [0], index_vector_dim = 2>, slice_sizes = array<i64: 1, 64>}> : (tensor<1024x64xbf16>, tensor<1x1x1xi64>) -> tensor<1x1x64xbf16> loc(#loc60)
    %46 = stablehlo.broadcast_in_dim %45, dims = [1, 2, 3] : (tensor<1x1x64xbf16>) -> tensor<64x1x1x64xbf16> loc(#loc61)
    %47 = stablehlo.multiply %41, %46 : tensor<64x1x1x64xbf16> loc(#loc62)
    %48 = stablehlo.add %37, %47 : tensor<64x1x1x64xbf16> loc(#loc63)
    %49 = "stablehlo.scatter"(%20, %8, %48) <{scatter_dimension_numbers = #stablehlo.scatter<update_window_dims = [0, 1, 3], inserted_window_dims = [2], scatter_dims_to_operand_dims = [2], index_vector_dim = 1>}> ({
    ^bb0(%arg15: tensor<bf16> loc("scatter.109"), %arg16: tensor<bf16> loc("scatter.109")):
      stablehlo.return %arg16 : tensor<bf16> loc(#loc)
    }) : (tensor<64x1x1024x64xbf16>, tensor<1x1xi64>, tensor<64x1x1x64xbf16>) -> tensor<64x1x1024x64xbf16> loc(#loc64)
    %50 = stablehlo.reshape %arg14 : (tensor<1536x7168xbf16>) -> tensor<1x1536x7168xbf16> loc(#loc65)
    %51 = stablehlo.custom_call @tt.mark_argument(%50) {api_version = 0 : i32, mhlo.frontend_attributes = {ttcore.argument_type = "parameter", ttir.name = "l__self___q_a_proj_weight"}} : (tensor<1x1536x7168xbf16>) -> tensor<1x1536x7168xbf16> loc(#loc66)
    %52 = stablehlo.reshape %51 : (tensor<1x1536x7168xbf16>) -> tensor<1536x7168xbf16> loc(#loc67)
    %53 = stablehlo.transpose %52, dims = [1, 0] {result_layout = dense<[0, 1]> : tensor<2xindex>, xla_shape = "bf16[7168,1536]{0,1}"} : (tensor<1536x7168xbf16>) -> tensor<7168x1536xbf16> loc(#loc68)
    %54 = stablehlo.dot_general %10, %53, contracting_dims = [1] x [0] : (tensor<64x7168xbf16>, tensor<7168x1536xbf16>) -> tensor<64x1536xbf16> loc(#loc69)
    %55 = stablehlo.reshape %54 : (tensor<64x1536xbf16>) -> tensor<64x1x1536xbf16> loc(#loc70)
    %56 = stablehlo.reshape %arg13 : (tensor<1536xbf16>) -> tensor<1x1x1536xbf16> loc(#loc71)
    %57 = stablehlo.custom_call @tt.mark_argument(%56) {api_version = 0 : i32, mhlo.frontend_attributes = {ttcore.argument_type = "parameter", ttir.name = "l__self___q_a_layernorm_weight"}} : (tensor<1x1x1536xbf16>) -> tensor<1x1x1536xbf16> loc(#loc72)
    %58 = stablehlo.reshape %57 : (tensor<1x1x1536xbf16>) -> tensor<1536xbf16> loc(#loc73)
    %59 = stablehlo.composite "tenstorrent.rms_norm" %55, %58 {composite_attributes = {epsilon = 9.99999997E-7 : f32, normalized_shape = dense<1536> : tensor<1xi64>}, decomposition = @tenstorrent.rms_norm.impl_0} : (tensor<64x1x1536xbf16>, tensor<1536xbf16>) -> tensor<64x1x1536xbf16> loc(#loc74)
    %60 = stablehlo.reshape %59 : (tensor<64x1x1536xbf16>) -> tensor<64x1536xbf16> loc(#loc75)
    %61 = stablehlo.reshape %arg12 : (tensor<12288x1536xbf16>) -> tensor<1x12288x1536xbf16> loc(#loc76)
    %62 = stablehlo.custom_call @tt.mark_argument(%61) {api_version = 0 : i32, mhlo.frontend_attributes = {ttcore.argument_type = "parameter", ttir.name = "l__self___q_b_proj_weight"}} : (tensor<1x12288x1536xbf16>) -> tensor<1x12288x1536xbf16> loc(#loc77)
    %63 = stablehlo.reshape %62 : (tensor<1x12288x1536xbf16>) -> tensor<12288x1536xbf16> loc(#loc78)
    %64 = stablehlo.transpose %63, dims = [1, 0] {result_layout = dense<[0, 1]> : tensor<2xindex>, xla_shape = "bf16[1536,12288]{0,1}"} : (tensor<12288x1536xbf16>) -> tensor<1536x12288xbf16> loc(#loc79)
    %65 = stablehlo.dot_general %60, %64, contracting_dims = [1] x [0] : (tensor<64x1536xbf16>, tensor<1536x12288xbf16>) -> tensor<64x12288xbf16> loc(#loc80)
    %66 = stablehlo.reshape %65 : (tensor<64x12288xbf16>) -> tensor<64x64x1x192xbf16> loc(#loc81)
    %67 = stablehlo.slice %66 [0:64, 0:64, 0:1, 0:128] : (tensor<64x64x1x192xbf16>) -> tensor<64x64x1x128xbf16> loc(#loc82)
    %68 = stablehlo.slice %66 [0:64, 0:64, 0:1, 128:192] : (tensor<64x64x1x192xbf16>) -> tensor<64x64x1x64xbf16> loc(#loc83)
    %69 = stablehlo.reshape %68 : (tensor<64x64x1x64xbf16>) -> tensor<64x64x1x32x2xbf16> loc(#loc84)
    %70 = stablehlo.transpose %69, dims = [0, 1, 2, 4, 3] {result_layout = dense<[3, 4, 2, 1, 0]> : tensor<5xindex>, xla_shape = "bf16[64,64,1,2,32]{3,4,2,1,0}"} : (tensor<64x64x1x32x2xbf16>) -> tensor<64x64x1x2x32xbf16> loc(#loc85)
    %71 = stablehlo.reshape %70 : (tensor<64x64x1x2x32xbf16>) -> tensor<64x64x1x64xbf16> loc(#loc86)
    %72 = stablehlo.reshape %35 : (tensor<1x1x64xbf16>) -> tensor<1x64xbf16> loc(#loc87)
    %73 = stablehlo.broadcast_in_dim %72, dims = [2, 3] : (tensor<1x64xbf16>) -> tensor<64x64x1x64xbf16> loc(#loc88)
    %74 = stablehlo.multiply %71, %73 : tensor<64x64x1x64xbf16> loc(#loc89)
    %75 = stablehlo.slice %71 [0:64, 0:64, 0:1, 32:64] : (tensor<64x64x1x64xbf16>) -> tensor<64x64x1x32xbf16> loc(#loc90)
    %76 = stablehlo.negate %75 : tensor<64x64x1x32xbf16> loc(#loc91)
    %77 = stablehlo.slice %71 [0:64, 0:64, 0:1, 0:32] : (tensor<64x64x1x64xbf16>) -> tensor<64x64x1x32xbf16> loc(#loc92)
    %78 = stablehlo.concatenate %76, %77, dim = 3 : (tensor<64x64x1x32xbf16>, tensor<64x64x1x32xbf16>) -> tensor<64x64x1x64xbf16> loc(#loc93)
    %79 = stablehlo.reshape %45 : (tensor<1x1x64xbf16>) -> tensor<1x64xbf16> loc(#loc94)
    %80 = stablehlo.broadcast_in_dim %79, dims = [2, 3] : (tensor<1x64xbf16>) -> tensor<64x64x1x64xbf16> loc(#loc95)
    %81 = stablehlo.multiply %78, %80 : tensor<64x64x1x64xbf16> loc(#loc96)
    %82 = stablehlo.add %74, %81 : tensor<64x64x1x64xbf16> loc(#loc97)
    %83 = stablehlo.concatenate %67, %82, dim = 3 : (tensor<64x64x1x128xbf16>, tensor<64x64x1x64xbf16>) -> tensor<64x64x1x192xbf16> loc(#loc98)
    %84 = stablehlo.reshape %19 : (tensor<64x1x1024x512xbf16>) -> tensor<64x1024x512xbf16> loc(#loc99)
    %85 = stablehlo.reshape %arg10 : (tensor<512xbf16>) -> tensor<1x1x512xbf16> loc(#loc100)
    %86 = stablehlo.custom_call @tt.mark_argument(%85) {api_version = 0 : i32, mhlo.frontend_attributes = {ttcore.argument_type = "parameter", ttir.name = "l__self___kv_a_layernorm_weight"}} : (tensor<1x1x512xbf16>) -> tensor<1x1x512xbf16> loc(#loc101)
    %87 = stablehlo.reshape %86 : (tensor<1x1x512xbf16>) -> tensor<512xbf16> loc(#loc102)
    %88 = stablehlo.composite "tenstorrent.rms_norm" %84, %87 {composite_attributes = {epsilon = 9.99999997E-7 : f32, normalized_shape = dense<512> : tensor<1xi64>}, decomposition = @tenstorrent.rms_norm.impl} : (tensor<64x1024x512xbf16>, tensor<512xbf16>) -> tensor<64x1024x512xbf16> loc(#loc103)
    %89 = stablehlo.reshape %88 : (tensor<64x1024x512xbf16>) -> tensor<65536x512xbf16> loc(#loc104)
    %90 = stablehlo.reshape %arg9 : (tensor<16384x512xbf16>) -> tensor<1x16384x512xbf16> loc(#loc105)
    %91 = stablehlo.custom_call @tt.mark_argument(%90) {api_version = 0 : i32, mhlo.frontend_attributes = {ttcore.argument_type = "parameter", ttir.name = "l__self___kv_b_proj_weight"}} : (tensor<1x16384x512xbf16>) -> tensor<1x16384x512xbf16> loc(#loc106)
    %92 = stablehlo.reshape %91 : (tensor<1x16384x512xbf16>) -> tensor<16384x512xbf16> loc(#loc107)
    %93 = stablehlo.transpose %92, dims = [1, 0] {result_layout = dense<[0, 1]> : tensor<2xindex>, xla_shape = "bf16[512,16384]{0,1}"} : (tensor<16384x512xbf16>) -> tensor<512x16384xbf16> loc(#loc108)
    %94 = stablehlo.dot_general %89, %93, contracting_dims = [1] x [0] : (tensor<65536x512xbf16>, tensor<512x16384xbf16>) -> tensor<65536x16384xbf16> loc(#loc109)
    %95 = stablehlo.reshape %94 : (tensor<65536x16384xbf16>) -> tensor<64x1024x64x256xbf16> loc(#loc110)
    %96 = stablehlo.transpose %95, dims = [0, 2, 1, 3] {result_layout = dense<[3, 1, 2, 0]> : tensor<4xindex>, xla_shape = "bf16[64,64,1024,256]{3,1,2,0}"} : (tensor<64x1024x64x256xbf16>) -> tensor<64x64x1024x256xbf16> loc(#loc111)
    %97 = stablehlo.slice %96 [0:64, 0:64, 0:1024, 0:128] : (tensor<64x64x1024x256xbf16>) -> tensor<64x64x1024x128xbf16> loc(#loc112)
    %98 = stablehlo.reshape %49 : (tensor<64x1x1024x64xbf16>) -> tensor<64x1024x64xbf16> loc(#loc113)
    %99 = stablehlo.broadcast_in_dim %98, dims = [0, 2, 3] : (tensor<64x1024x64xbf16>) -> tensor<64x64x1024x64xbf16> loc(#loc114)
    %100 = stablehlo.concatenate %97, %99, dim = 3 : (tensor<64x64x1024x128xbf16>, tensor<64x64x1024x64xbf16>) -> tensor<64x64x1024x192xbf16> loc(#loc115)
    %101 = stablehlo.transpose %100, dims = [0, 1, 3, 2] {result_layout = dense<[2, 3, 1, 0]> : tensor<4xindex>, xla_shape = "bf16[64,64,192,1024]{2,3,1,0}"} : (tensor<64x64x1024x192xbf16>) -> tensor<64x64x192x1024xbf16> loc(#loc116)
    %102 = stablehlo.dot_general %83, %101, batching_dims = [0, 1] x [0, 1], contracting_dims = [3] x [2] {mhlo.frontend_attributes = {grad_x = "false", grad_y = "false"}} : (tensor<64x64x1x192xbf16>, tensor<64x64x192x1024xbf16>) -> tensor<64x64x1x1024xbf16> loc(#loc117)
    %103 = stablehlo.multiply %102, %0 : tensor<64x64x1x1024xbf16> loc(#loc118)
    %104 = stablehlo.custom_call @tt.mark_argument(%arg11) {api_version = 0 : i32, mhlo.frontend_attributes = {ttcore.argument_type = "input", ttir.name = "args_5"}} : (tensor<64x1x1x1024xbf16>) -> tensor<64x1x1x1024xbf16> loc(#loc119)
    %105 = stablehlo.reshape %104 : (tensor<64x1x1x1024xbf16>) -> tensor<64x1x1024xbf16> loc(#loc120)
    %106 = stablehlo.broadcast_in_dim %105, dims = [0, 2, 3] : (tensor<64x1x1024xbf16>) -> tensor<64x64x1x1024xbf16> loc(#loc121)
    %107 = stablehlo.add %103, %106 : tensor<64x64x1x1024xbf16> loc(#loc122)
    %108 = stablehlo.convert %107 : (tensor<64x64x1x1024xbf16>) -> tensor<64x64x1x1024xf32> loc(#loc123)
    %109 = stablehlo.reduce(%108 init: %cst_0) applies stablehlo.maximum across dimensions = [3] : (tensor<64x64x1x1024xf32>, tensor<f32>) -> tensor<64x64x1xf32> loc(#loc124)
    %110 = stablehlo.broadcast_in_dim %109, dims = [0, 1, 2] : (tensor<64x64x1xf32>) -> tensor<64x64x1x1024xf32> loc(#loc125)
    %111 = stablehlo.subtract %108, %110 : tensor<64x64x1x1024xf32> loc(#loc126)
    %112 = stablehlo.exponential %111 : tensor<64x64x1x1024xf32> loc(#loc127)
    %113 = stablehlo.reduce(%112 init: %cst) applies stablehlo.add across dimensions = [3] : (tensor<64x64x1x1024xf32>, tensor<f32>) -> tensor<64x64x1xf32> loc(#loc128)
    %114 = stablehlo.broadcast_in_dim %113, dims = [0, 1, 2] : (tensor<64x64x1xf32>) -> tensor<64x64x1x1024xf32> loc(#loc129)
    %115 = stablehlo.divide %112, %114 : tensor<64x64x1x1024xf32> loc(#loc130)
    %116 = stablehlo.convert %115 : (tensor<64x64x1x1024xf32>) -> tensor<64x64x1x1024xbf16> loc(#loc131)
    %117 = stablehlo.slice %96 [0:64, 0:64, 0:1024, 128:256] : (tensor<64x64x1024x256xbf16>) -> tensor<64x64x1024x128xbf16> loc(#loc132)
    %118 = stablehlo.dot_general %116, %117, batching_dims = [0, 1] x [0, 1], contracting_dims = [3] x [2] {mhlo.frontend_attributes = {grad_x = "false", grad_y = "false"}} : (tensor<64x64x1x1024xbf16>, tensor<64x64x1024x128xbf16>) -> tensor<64x64x1x128xbf16> loc(#loc133)
    %119 = stablehlo.reshape %118 : (tensor<64x64x1x128xbf16>) -> tensor<64x8192xbf16> loc(#loc134)
    %120 = stablehlo.reshape %arg8 : (tensor<7168x8192xbf16>) -> tensor<1x7168x8192xbf16> loc(#loc135)
    %121 = stablehlo.custom_call @tt.mark_argument(%120) {api_version = 0 : i32, mhlo.frontend_attributes = {ttcore.argument_type = "parameter", ttir.name = "l__self___o_proj_weight"}} : (tensor<1x7168x8192xbf16>) -> tensor<1x7168x8192xbf16> loc(#loc136)
    %122 = stablehlo.reshape %121 : (tensor<1x7168x8192xbf16>) -> tensor<7168x8192xbf16> loc(#loc137)
    %123 = stablehlo.transpose %122, dims = [1, 0] {result_layout = dense<[0, 1]> : tensor<2xindex>, xla_shape = "bf16[8192,7168]{0,1}"} : (tensor<7168x8192xbf16>) -> tensor<8192x7168xbf16> loc(#loc138)
    %124 = stablehlo.dot_general %119, %123, contracting_dims = [1] x [0] : (tensor<64x8192xbf16>, tensor<8192x7168xbf16>) -> tensor<64x7168xbf16> loc(#loc139)
    %125 = stablehlo.reshape %124 : (tensor<64x7168xbf16>) -> tensor<64x1x7168xbf16> loc(#loc140)
    return %19, %49, %125 : tensor<64x1x1024x512xbf16>, tensor<64x1x1024x64xbf16>, tensor<64x1x7168xbf16> loc(#loc)
  } loc(#loc)
  func.func private @tenstorrent.rms_norm.impl(%arg0: tensor<64x1024x512xbf16> loc("custom-call.131"), %arg1: tensor<512xbf16> loc("custom-call.125")) -> tensor<64x1024x512xbf16> {
    %cst = stablehlo.constant dense<0.000000e+00> : tensor<f32> loc(#loc)
    %cst_0 = stablehlo.constant dense<2.000000e+00> : tensor<f32> loc(#loc)
    %cst_1 = stablehlo.constant dense<0.001953125> : tensor<f32> loc(#loc)
    %cst_2 = stablehlo.constant dense<9.99999997E-7> : tensor<f32> loc(#loc)
    %0 = stablehlo.broadcast_in_dim %cst_2, dims = [] : (tensor<f32>) -> tensor<64x1024x1xf32> loc(#loc)
    %1 = stablehlo.broadcast_in_dim %cst_1, dims = [] : (tensor<f32>) -> tensor<64x1024xf32> loc(#loc)
    %2 = stablehlo.broadcast_in_dim %cst_0, dims = [] : (tensor<f32>) -> tensor<64x1024x512xf32> loc(#loc)
    %3 = stablehlo.convert %arg0 : (tensor<64x1024x512xbf16>) -> tensor<64x1024x512xf32> loc(#loc143)
    %4 = stablehlo.power %3, %2 : tensor<64x1024x512xf32> loc(#loc144)
    %5 = stablehlo.reduce(%4 init: %cst) applies stablehlo.add across dimensions = [2] : (tensor<64x1024x512xf32>, tensor<f32>) -> tensor<64x1024xf32> loc(#loc145)
    %6 = stablehlo.multiply %5, %1 : tensor<64x1024xf32> loc(#loc146)
    %7 = stablehlo.reshape %6 : (tensor<64x1024xf32>) -> tensor<64x1024x1xf32> loc(#loc147)
    %8 = stablehlo.add %7, %0 : tensor<64x1024x1xf32> loc(#loc148)
    %9 = stablehlo.rsqrt %8 : tensor<64x1024x1xf32> loc(#loc149)
    %10 = stablehlo.reshape %9 : (tensor<64x1024x1xf32>) -> tensor<64x1024xf32> loc(#loc150)
    %11 = stablehlo.broadcast_in_dim %10, dims = [0, 1] : (tensor<64x1024xf32>) -> tensor<64x1024x512xf32> loc(#loc151)
    %12 = stablehlo.multiply %3, %11 : tensor<64x1024x512xf32> loc(#loc152)
    %13 = stablehlo.convert %arg1 : (tensor<512xbf16>) -> tensor<512xf32> loc(#loc153)
    %14 = stablehlo.broadcast_in_dim %13, dims = [2] : (tensor<512xf32>) -> tensor<64x1024x512xf32> loc(#loc154)
    %15 = stablehlo.multiply %12, %14 : tensor<64x1024x512xf32> loc(#loc155)
    %16 = stablehlo.convert %15 : (tensor<64x1024x512xf32>) -> tensor<64x1024x512xbf16> loc(#loc156)
    return %16 : tensor<64x1024x512xbf16> loc(#loc)
  } loc(#loc)
  func.func private @tenstorrent.rms_norm.impl_0(%arg0: tensor<64x1x1536xbf16> loc("custom-call.203"), %arg1: tensor<1536xbf16> loc("custom-call.190")) -> tensor<64x1x1536xbf16> {
    %cst = stablehlo.constant dense<0.000000e+00> : tensor<f32> loc(#loc)
    %cst_0 = stablehlo.constant dense<2.000000e+00> : tensor<f32> loc(#loc)
    %cst_1 = stablehlo.constant dense<6.51041686E-4> : tensor<f32> loc(#loc)
    %cst_2 = stablehlo.constant dense<9.99999997E-7> : tensor<f32> loc(#loc)
    %0 = stablehlo.broadcast_in_dim %cst_2, dims = [] : (tensor<f32>) -> tensor<64x1x1xf32> loc(#loc)
    %1 = stablehlo.broadcast_in_dim %cst_1, dims = [] : (tensor<f32>) -> tensor<64x1xf32> loc(#loc)
    %2 = stablehlo.broadcast_in_dim %cst_0, dims = [] : (tensor<f32>) -> tensor<64x1x1536xf32> loc(#loc)
    %3 = stablehlo.convert %arg0 : (tensor<64x1x1536xbf16>) -> tensor<64x1x1536xf32> loc(#loc159)
    %4 = stablehlo.power %3, %2 : tensor<64x1x1536xf32> loc(#loc160)
    %5 = stablehlo.reduce(%4 init: %cst) applies stablehlo.add across dimensions = [2] : (tensor<64x1x1536xf32>, tensor<f32>) -> tensor<64x1xf32> loc(#loc161)
    %6 = stablehlo.multiply %5, %1 : tensor<64x1xf32> loc(#loc162)
    %7 = stablehlo.reshape %6 : (tensor<64x1xf32>) -> tensor<64x1x1xf32> loc(#loc163)
    %8 = stablehlo.add %7, %0 : tensor<64x1x1xf32> loc(#loc164)
    %9 = stablehlo.rsqrt %8 : tensor<64x1x1xf32> loc(#loc165)
    %10 = stablehlo.reshape %9 : (tensor<64x1x1xf32>) -> tensor<64x1xf32> loc(#loc166)
    %11 = stablehlo.broadcast_in_dim %10, dims = [0, 1] : (tensor<64x1xf32>) -> tensor<64x1x1536xf32> loc(#loc167)
    %12 = stablehlo.multiply %3, %11 : tensor<64x1x1536xf32> loc(#loc168)
    %13 = stablehlo.convert %arg1 : (tensor<1536xbf16>) -> tensor<1536xf32> loc(#loc169)
    %14 = stablehlo.broadcast_in_dim %13, dims = [2] : (tensor<1536xf32>) -> tensor<64x1x1536xf32> loc(#loc170)
    %15 = stablehlo.multiply %12, %14 : tensor<64x1x1536xf32> loc(#loc171)
    %16 = stablehlo.convert %15 : (tensor<64x1x1536xf32>) -> tensor<64x1x1536xbf16> loc(#loc172)
    return %16 : tensor<64x1x1536xbf16> loc(#loc)
  } loc(#loc)
} loc(#loc)
#loc = loc(unknown)
#loc16 = loc("custom-call.28")
#loc17 = loc("reshape.14")
#loc18 = loc("custom-call.15")
#loc19 = loc("reshape.16")
#loc20 = loc("compare.23")
#loc21 = loc("add.20")
#loc22 = loc("select.24")
#loc23 = loc("reshape.25")
#loc24 = loc("custom-call.7")
#loc25 = loc("reshape.8")
#loc26 = loc("reshape.2")
#loc27 = loc("custom-call.3")
#loc28 = loc("reshape.4")
#loc29 = loc("transpose.5")
#loc30 = loc("dot.9")
#loc31 = loc("reshape.10")
#loc32 = loc("slice.11")
#loc33 = loc("reshape.12")
#loc35 = loc("custom-call.104")
#loc36 = loc("slice.57")
#loc37 = loc("reshape.60")
#loc38 = loc("transpose.61")
#loc39 = loc("reshape.62")
#loc40 = loc("reshape.81")
#loc41 = loc("custom-call.82")
#loc42 = loc("reshape.83")
#loc43 = loc("reshape.37")
#loc44 = loc("custom-call.38")
#loc45 = loc("reshape.39")
#loc46 = loc("compare.76")
#loc47 = loc("add.73")
#loc48 = loc("select.77")
#loc49 = loc("reshape.78")
#loc50 = loc("gather.85")
#loc51 = loc("broadcast.88")
#loc52 = loc("multiply.89")
#loc53 = loc("slice.64")
#loc54 = loc("negate.65")
#loc55 = loc("slice.63")
#loc56 = loc("concatenate.66")
#loc57 = loc("reshape.51")
#loc58 = loc("custom-call.52")
#loc59 = loc("reshape.53")
#loc60 = loc("gather.55")
#loc61 = loc("broadcast.68")
#loc62 = loc("multiply.69")
#loc63 = loc("add.92")
#loc65 = loc("reshape.196")
#loc66 = loc("custom-call.197")
#loc67 = loc("reshape.198")
#loc68 = loc("transpose.199")
#loc69 = loc("dot.201")
#loc70 = loc("reshape.202")
#loc71 = loc("reshape.187")
#loc72 = loc("custom-call.188")
#loc73 = loc("reshape.189")
#loc74 = loc("custom-call.235")
#loc75 = loc("reshape.236")
#loc76 = loc("reshape.182")
#loc77 = loc("custom-call.183")
#loc78 = loc("reshape.184")
#loc79 = loc("transpose.185")
#loc80 = loc("dot.237")
#loc81 = loc("transpose.240")
#loc82 = loc("slice.258")
#loc83 = loc("slice.241")
#loc84 = loc("reshape.242")
#loc85 = loc("transpose.243")
#loc86 = loc("reshape.244")
#loc87 = loc("reshape.252")
#loc88 = loc("broadcast.253")
#loc89 = loc("multiply.254")
#loc90 = loc("slice.246")
#loc91 = loc("negate.247")
#loc92 = loc("slice.245")
#loc93 = loc("concatenate.248")
#loc94 = loc("reshape.249")
#loc95 = loc("broadcast.250")
#loc96 = loc("multiply.251")
#loc97 = loc("add.257")
#loc98 = loc("concatenate.259")
#loc99 = loc("reshape.130")
#loc100 = loc("reshape.122")
#loc101 = loc("custom-call.123")
#loc102 = loc("reshape.124")
#loc103 = loc("custom-call.163")
#loc104 = loc("reshape.164")
#loc105 = loc("reshape.117")
#loc106 = loc("custom-call.118")
#loc107 = loc("reshape.119")
#loc108 = loc("transpose.120")
#loc109 = loc("dot.165")
#loc110 = loc("reshape.167")
#loc111 = loc("transpose.168")
#loc112 = loc("slice.177")
#loc113 = loc("reshape.175")
#loc114 = loc("broadcast.176")
#loc115 = loc("concatenate.178")
#loc116 = loc("transpose.179")
#loc117 = loc("dot.260")
#loc118 = loc("multiply.263")
#loc119 = loc("custom-call.172")
#loc120 = loc("reshape.266")
#loc121 = loc("broadcast.267")
#loc122 = loc("add.268")
#loc123 = loc("convert.269")
#loc124 = loc("reduce.275")
#loc125 = loc("broadcast.276")
#loc126 = loc("subtract.277")
#loc127 = loc("exponential.278")
#loc128 = loc("reduce.284")
#loc129 = loc("broadcast.285")
#loc130 = loc("divide.286")
#loc131 = loc("convert.287")
#loc132 = loc("slice.169")
#loc133 = loc("dot.288")
#loc134 = loc("reshape.292")
#loc135 = loc("reshape.112")
#loc136 = loc("custom-call.113")
#loc137 = loc("reshape.114")
#loc138 = loc("transpose.115")
#loc139 = loc("dot.293")
#loc140 = loc("reshape.294")
#loc143 = loc("convert.132")
#loc144 = loc("power.134")
#loc145 = loc("reduce.141")
#loc146 = loc("multiply.150")
#loc147 = loc("reshape.151")
#loc148 = loc("add.155")
#loc149 = loc("rsqrt.156")
#loc150 = loc("reshape.157")
#loc151 = loc("broadcast.158")
#loc152 = loc("multiply.159")
#loc153 = loc("convert.126")
#loc154 = loc("broadcast.160")
#loc155 = loc("multiply.161")
#loc156 = loc("convert.162")
#loc159 = loc("convert.204")
#loc160 = loc("power.206")
#loc161 = loc("reduce.213")
#loc162 = loc("multiply.222")
#loc163 = loc("reshape.223")
#loc164 = loc("add.227")
#loc165 = loc("rsqrt.228")
#loc166 = loc("reshape.229")
#loc167 = loc("broadcast.230")
#loc168 = loc("multiply.231")
#loc169 = loc("convert.191")
#loc170 = loc("broadcast.232")
#loc171 = loc("multiply.233")
#loc172 = loc("convert.234")
------------------ END OF MLIR MODULE ------------------
2026-02-10 20:35:29.732 (  10.876s) [        C75E3480]      module_builder.cc:1121     1| MLIR Module shlo_frontend:
#loc1 = loc("p0.1")
#loc2 = loc("p1.6")
#loc3 = loc("p2.13")
#loc4 = loc("p3.27")
#loc5 = loc("p4.36")
#loc6 = loc("p5.50")
#loc7 = loc("p6.80")
#loc8 = loc("p7.103")
#loc9 = loc("p8.111")
#loc10 = loc("p9.116")
#loc11 = loc("p10.121")
#loc12 = loc("p11.171")
#loc13 = loc("p12.181")
#loc14 = loc("p13.186")
#loc15 = loc("p14.195")
#loc30 = loc("scatter.33")
#loc56 = loc("scatter.109")
#loc126 = loc("custom-call.131")
#loc127 = loc("custom-call.125")
#loc142 = loc("custom-call.203")
#loc143 = loc("custom-call.190")
module @SyncTensorsGraph.296 attributes {mhlo.cross_program_prefetches = [], mhlo.frontend_attributes = {xla.sdy.meshes = "{mesh = #sdy.mesh<[\22_axis_0\22=2, \22_axis_1\22=4]>}"}, mhlo.input_output_alias = [], mhlo.is_dynamic = false, mhlo.use_auto_spmd_partitioning = false} {
  func.func @main(%arg0: tensor<576x7168xbf16> {mhlo.frontend_attributes = {xla.sdy.sharding = "#sdy.sharding<@mesh, [{}, {\22_axis_0\22}]>"}, mhlo.sharding = "{devices=[1,2,4]<=[8] last_tile_dim_replicate}", ttcore.argument_type = #ttcore.argument_type<parameter>, ttir.name = "l__self___kv_a_proj_with_mqa_weight"} loc("p0.1"), %arg1: tensor<64x1x7168xbf16> {mhlo.frontend_attributes = {xla.sdy.sharding = "#sdy.sharding<@mesh, [{\22_axis_1\22}, {}, {\22_axis_0\22}]>"}, mhlo.sharding = "{devices=[4,1,2]<=[2,4]T(1,0)}", ttcore.argument_type = #ttcore.argument_type<input>, ttir.name = "args_0"} loc("p1.6"), %arg2: tensor<1xi64> {mhlo.frontend_attributes = {xla.sdy.sharding = "#sdy.sharding<@mesh, [{}]>"}, mhlo.sharding = "{replicated}", ttcore.argument_type = #ttcore.argument_type<input>, ttir.name = "args_2"} loc("p2.13"), %arg3: tensor<64x1x1024x512xbf16> {mhlo.frontend_attributes = {xla.sdy.sharding = "#sdy.sharding<@mesh, [{\22_axis_1\22}, {}, {}, {}]>"}, mhlo.sharding = "{devices=[4,1,1,1,2]<=[2,4]T(1,0) last_tile_dim_replicate}", ttcore.argument_type = #ttcore.argument_type<input>, ttir.name = "args_3"} loc("p3.27"), %arg4: tensor<1x1xi64> {mhlo.frontend_attributes = {xla.sdy.sharding = "#sdy.sharding<@mesh, [{}, {}]>"}, mhlo.sharding = "{replicated}", ttcore.argument_type = #ttcore.argument_type<input>, ttir.name = "args_1"} loc("p4.36"), %arg5: tensor<1024x64xbf16> {mhlo.frontend_attributes = {xla.sdy.sharding = "#sdy.sharding<@mesh, [{}, {}]>"}, mhlo.sharding = "{replicated}", ttcore.argument_type = #ttcore.argument_type<constant>, ttir.name = "self___rotary_emb__buffers__sin_cached"} loc("p5.50"), %arg6: tensor<1024x64xbf16> {mhlo.frontend_attributes = {xla.sdy.sharding = "#sdy.sharding<@mesh, [{}, {}]>"}, mhlo.sharding = "{replicated}", ttcore.argument_type = #ttcore.argument_type<constant>, ttir.name = "self___rotary_emb__buffers__cos_cached"} loc("p6.80"), %arg7: tensor<64x1x1024x64xbf16> {mhlo.frontend_attributes = {xla.sdy.sharding = "#sdy.sharding<@mesh, [{\22_axis_1\22}, {}, {}, {}]>"}, mhlo.sharding = "{devices=[4,1,1,1,2]<=[2,4]T(1,0) last_tile_dim_replicate}", ttcore.argument_type = #ttcore.argument_type<input>, ttir.name = "args_4"} loc("p7.103"), %arg8: tensor<7168x8192xbf16> {mhlo.frontend_attributes = {xla.sdy.sharding = "#sdy.sharding<@mesh, [{}, {\22_axis_0\22}]>"}, mhlo.sharding = "{devices=[1,2,4]<=[8] last_tile_dim_replicate}", ttcore.argument_type = #ttcore.argument_type<parameter>, ttir.name = "l__self___o_proj_weight"} loc("p8.111"), %arg9: tensor<16384x512xbf16> {mhlo.frontend_attributes = {xla.sdy.sharding = "#sdy.sharding<@mesh, [{\22_axis_0\22}, {}]>"}, mhlo.sharding = "{devices=[2,1,4]<=[8] last_tile_dim_replicate}", ttcore.argument_type = #ttcore.argument_type<parameter>, ttir.name = "l__self___kv_b_proj_weight"} loc("p9.116"), %arg10: tensor<512xbf16> {mhlo.frontend_attributes = {xla.sdy.sharding = "#sdy.sharding<@mesh, [{}]>"}, mhlo.sharding = "{replicated}", ttcore.argument_type = #ttcore.argument_type<parameter>, ttir.name = "l__self___kv_a_layernorm_weight"} loc("p10.121"), %arg11: tensor<64x1x1x1024xbf16> {mhlo.frontend_attributes = {xla.sdy.sharding = "#sdy.sharding<@mesh, [{\22_axis_1\22}, {}, {}, {}]>"}, mhlo.sharding = "{devices=[4,1,1,1,2]<=[2,4]T(1,0) last_tile_dim_replicate}", ttcore.argument_type = #ttcore.argument_type<input>, ttir.name = "args_5"} loc("p11.171"), %arg12: tensor<12288x1536xbf16> {mhlo.frontend_attributes = {xla.sdy.sharding = "#sdy.sharding<@mesh, [{\22_axis_0\22}, {}]>"}, mhlo.sharding = "{devices=[2,1,4]<=[8] last_tile_dim_replicate}", ttcore.argument_type = #ttcore.argument_type<parameter>, ttir.name = "l__self___q_b_proj_weight"} loc("p12.181"), %arg13: tensor<1536xbf16> {mhlo.frontend_attributes = {xla.sdy.sharding = "#sdy.sharding<@mesh, [{}]>"}, mhlo.sharding = "{replicated}", ttcore.argument_type = #ttcore.argument_type<parameter>, ttir.name = "l__self___q_a_layernorm_weight"} loc("p13.186"), %arg14: tensor<1536x7168xbf16> {mhlo.frontend_attributes = {xla.sdy.sharding = "#sdy.sharding<@mesh, [{}, {\22_axis_0\22}]>"}, mhlo.sharding = "{devices=[1,2,4]<=[8] last_tile_dim_replicate}", ttcore.argument_type = #ttcore.argument_type<parameter>, ttir.name = "l__self___q_a_proj_weight"} loc("p14.195")) -> (tensor<64x1x1024x512xbf16>, tensor<64x1x1024x64xbf16>, tensor<64x1x7168xbf16>) {
    %cst = stablehlo.constant dense<0.000000e+00> : tensor<f32> loc(#loc)
    %cst_0 = stablehlo.constant dense<0xFF800000> : tensor<f32> loc(#loc)
    %c = stablehlo.constant dense<0> : tensor<1xi64> loc(#loc)
    %c_1 = stablehlo.constant dense<1024> : tensor<1xi64> loc(#loc)
    %c_2 = stablehlo.constant dense<0> : tensor<1x1xi64> loc(#loc)
    %c_3 = stablehlo.constant dense<1024> : tensor<1x1xi64> loc(#loc)
    %cst_4 = stablehlo.constant dense<1.445310e-01> : tensor<bf16> loc(#loc)
    %0 = stablehlo.broadcast_in_dim %cst_4, dims = [] : (tensor<bf16>) -> tensor<64x64x1x1024xbf16> loc(#loc)
    %1 = stablehlo.reshape %arg2 : (tensor<1xi64>) -> tensor<1x1x1xi64> loc(#loc16)
    %2 = stablehlo.reshape %1 : (tensor<1x1x1xi64>) -> tensor<1xi64> loc(#loc17)
    %3 = stablehlo.compare  LT, %2, %c : (tensor<1xi64>, tensor<1xi64>) -> tensor<1xi1> loc(#loc18)
    %4 = stablehlo.add %2, %c_1 : tensor<1xi64> loc(#loc19)
    %5 = stablehlo.select %3, %4, %2 : tensor<1xi1>, tensor<1xi64> loc(#loc20)
    %6 = stablehlo.reshape %5 : (tensor<1xi64>) -> tensor<1x1xi64> loc(#loc21)
    %7 = stablehlo.reshape %arg1 : (tensor<64x1x7168xbf16>) -> tensor<64x7168xbf16> loc(#loc22)
    %8 = stablehlo.reshape %arg0 : (tensor<576x7168xbf16>) -> tensor<1x576x7168xbf16> loc(#loc23)
    %9 = stablehlo.reshape %8 : (tensor<1x576x7168xbf16>) -> tensor<576x7168xbf16> loc(#loc24)
    %10 = stablehlo.transpose %9, dims = [1, 0] {result_layout = dense<[0, 1]> : tensor<2xindex>, xla_shape = "bf16[7168,576]{0,1}"} : (tensor<576x7168xbf16>) -> tensor<7168x576xbf16> loc(#loc25)
    %11 = stablehlo.dot_general %7, %10, contracting_dims = [1] x [0] : (tensor<64x7168xbf16>, tensor<7168x576xbf16>) -> tensor<64x576xbf16> loc(#loc26)
    %12 = stablehlo.reshape %11 : (tensor<64x576xbf16>) -> tensor<64x1x576xbf16> loc(#loc27)
    %13 = stablehlo.slice %12 [0:64, 0:1, 0:512] : (tensor<64x1x576xbf16>) -> tensor<64x1x512xbf16> loc(#loc28)
    %14 = stablehlo.reshape %13 : (tensor<64x1x512xbf16>) -> tensor<64x1x1x512xbf16> loc(#loc29)
    %15 = "stablehlo.scatter"(%arg3, %6, %14) <{scatter_dimension_numbers = #stablehlo.scatter<update_window_dims = [0, 1, 3], inserted_window_dims = [2], scatter_dims_to_operand_dims = [2], index_vector_dim = 1>}> ({
    ^bb0(%arg15: tensor<bf16> loc("scatter.33"), %arg16: tensor<bf16> loc("scatter.33")):
      stablehlo.return %arg16 : tensor<bf16> loc(#loc)
    }) : (tensor<64x1x1024x512xbf16>, tensor<1x1xi64>, tensor<64x1x1x512xbf16>) -> tensor<64x1x1024x512xbf16> loc(#loc30)
    %16 = stablehlo.slice %12 [0:64, 0:1, 512:576] : (tensor<64x1x576xbf16>) -> tensor<64x1x64xbf16> loc(#loc31)
    %17 = stablehlo.reshape %16 : (tensor<64x1x64xbf16>) -> tensor<64x1x1x32x2xbf16> loc(#loc32)
    %18 = stablehlo.transpose %17, dims = [0, 1, 2, 4, 3] {result_layout = dense<[3, 4, 2, 1, 0]> : tensor<5xindex>, xla_shape = "bf16[64,1,1,2,32]{3,4,2,1,0}"} : (tensor<64x1x1x32x2xbf16>) -> tensor<64x1x1x2x32xbf16> loc(#loc33)
    %19 = stablehlo.reshape %18 : (tensor<64x1x1x2x32xbf16>) -> tensor<64x1x1x64xbf16> loc(#loc34)
    %20 = stablehlo.reshape %arg6 : (tensor<1024x64xbf16>) -> tensor<1x1024x64xbf16> loc(#loc35)
    %21 = stablehlo.reshape %20 : (tensor<1x1024x64xbf16>) -> tensor<1024x64xbf16> loc(#loc36)
    %22 = stablehlo.reshape %arg4 : (tensor<1x1xi64>) -> tensor<1x1x1xi64> loc(#loc37)
    %23 = stablehlo.reshape %22 : (tensor<1x1x1xi64>) -> tensor<1x1xi64> loc(#loc38)
    %24 = stablehlo.compare  LT, %23, %c_2 : (tensor<1x1xi64>, tensor<1x1xi64>) -> tensor<1x1xi1> loc(#loc39)
    %25 = stablehlo.add %23, %c_3 : tensor<1x1xi64> loc(#loc40)
    %26 = stablehlo.select %24, %25, %23 : tensor<1x1xi1>, tensor<1x1xi64> loc(#loc41)
    %27 = stablehlo.reshape %26 : (tensor<1x1xi64>) -> tensor<1x1x1xi64> loc(#loc42)
    %28 = "stablehlo.gather"(%21, %27) <{dimension_numbers = #stablehlo.gather<offset_dims = [2], collapsed_slice_dims = [0], start_index_map = [0], index_vector_dim = 2>, slice_sizes = array<i64: 1, 64>}> : (tensor<1024x64xbf16>, tensor<1x1x1xi64>) -> tensor<1x1x64xbf16> loc(#loc43)
    %29 = stablehlo.broadcast_in_dim %28, dims = [1, 2, 3] : (tensor<1x1x64xbf16>) -> tensor<64x1x1x64xbf16> loc(#loc44)
    %30 = stablehlo.multiply %19, %29 : tensor<64x1x1x64xbf16> loc(#loc45)
    %31 = stablehlo.slice %19 [0:64, 0:1, 0:1, 32:64] : (tensor<64x1x1x64xbf16>) -> tensor<64x1x1x32xbf16> loc(#loc46)
    %32 = stablehlo.negate %31 : tensor<64x1x1x32xbf16> loc(#loc47)
    %33 = stablehlo.slice %19 [0:64, 0:1, 0:1, 0:32] : (tensor<64x1x1x64xbf16>) -> tensor<64x1x1x32xbf16> loc(#loc48)
    %34 = stablehlo.concatenate %32, %33, dim = 3 : (tensor<64x1x1x32xbf16>, tensor<64x1x1x32xbf16>) -> tensor<64x1x1x64xbf16> loc(#loc49)
    %35 = stablehlo.reshape %arg5 : (tensor<1024x64xbf16>) -> tensor<1x1024x64xbf16> loc(#loc50)
    %36 = stablehlo.reshape %35 : (tensor<1x1024x64xbf16>) -> tensor<1024x64xbf16> loc(#loc51)
    %37 = "stablehlo.gather"(%36, %27) <{dimension_numbers = #stablehlo.gather<offset_dims = [2], collapsed_slice_dims = [0], start_index_map = [0], index_vector_dim = 2>, slice_sizes = array<i64: 1, 64>}> : (tensor<1024x64xbf16>, tensor<1x1x1xi64>) -> tensor<1x1x64xbf16> loc(#loc52)
    %38 = stablehlo.broadcast_in_dim %37, dims = [1, 2, 3] : (tensor<1x1x64xbf16>) -> tensor<64x1x1x64xbf16> loc(#loc53)
    %39 = stablehlo.multiply %34, %38 : tensor<64x1x1x64xbf16> loc(#loc54)
    %40 = stablehlo.add %30, %39 : tensor<64x1x1x64xbf16> loc(#loc55)
    %41 = "stablehlo.scatter"(%arg7, %6, %40) <{scatter_dimension_numbers = #stablehlo.scatter<update_window_dims = [0, 1, 3], inserted_window_dims = [2], scatter_dims_to_operand_dims = [2], index_vector_dim = 1>}> ({
    ^bb0(%arg15: tensor<bf16> loc("scatter.109"), %arg16: tensor<bf16> loc("scatter.109")):
      stablehlo.return %arg16 : tensor<bf16> loc(#loc)
    }) : (tensor<64x1x1024x64xbf16>, tensor<1x1xi64>, tensor<64x1x1x64xbf16>) -> tensor<64x1x1024x64xbf16> loc(#loc56)
    %42 = stablehlo.reshape %arg14 : (tensor<1536x7168xbf16>) -> tensor<1x1536x7168xbf16> loc(#loc57)
    %43 = stablehlo.reshape %42 : (tensor<1x1536x7168xbf16>) -> tensor<1536x7168xbf16> loc(#loc58)
    %44 = stablehlo.transpose %43, dims = [1, 0] {result_layout = dense<[0, 1]> : tensor<2xindex>, xla_shape = "bf16[7168,1536]{0,1}"} : (tensor<1536x7168xbf16>) -> tensor<7168x1536xbf16> loc(#loc59)
    %45 = stablehlo.dot_general %7, %44, contracting_dims = [1] x [0] : (tensor<64x7168xbf16>, tensor<7168x1536xbf16>) -> tensor<64x1536xbf16> loc(#loc60)
    %46 = stablehlo.reshape %45 : (tensor<64x1536xbf16>) -> tensor<64x1x1536xbf16> loc(#loc61)
    %47 = stablehlo.reshape %arg13 : (tensor<1536xbf16>) -> tensor<1x1x1536xbf16> loc(#loc62)
    %48 = stablehlo.reshape %47 : (tensor<1x1x1536xbf16>) -> tensor<1536xbf16> loc(#loc63)
    %49 = stablehlo.composite "tenstorrent.rms_norm" %46, %48 {composite_attributes = {epsilon = 9.99999997E-7 : f32, normalized_shape = dense<1536> : tensor<1xi64>}, decomposition = @tenstorrent.rms_norm.impl_0} : (tensor<64x1x1536xbf16>, tensor<1536xbf16>) -> tensor<64x1x1536xbf16> loc(#loc64)
    %50 = stablehlo.reshape %49 : (tensor<64x1x1536xbf16>) -> tensor<64x1536xbf16> loc(#loc65)
    %51 = stablehlo.reshape %arg12 : (tensor<12288x1536xbf16>) -> tensor<1x12288x1536xbf16> loc(#loc66)
    %52 = stablehlo.reshape %51 : (tensor<1x12288x1536xbf16>) -> tensor<12288x1536xbf16> loc(#loc67)
    %53 = stablehlo.transpose %52, dims = [1, 0] {result_layout = dense<[0, 1]> : tensor<2xindex>, xla_shape = "bf16[1536,12288]{0,1}"} : (tensor<12288x1536xbf16>) -> tensor<1536x12288xbf16> loc(#loc68)
    %54 = stablehlo.dot_general %50, %53, contracting_dims = [1] x [0] : (tensor<64x1536xbf16>, tensor<1536x12288xbf16>) -> tensor<64x12288xbf16> loc(#loc69)
    %55 = stablehlo.reshape %54 : (tensor<64x12288xbf16>) -> tensor<64x64x1x192xbf16> loc(#loc70)
    %56 = stablehlo.slice %55 [0:64, 0:64, 0:1, 0:128] : (tensor<64x64x1x192xbf16>) -> tensor<64x64x1x128xbf16> loc(#loc71)
    %57 = stablehlo.slice %55 [0:64, 0:64, 0:1, 128:192] : (tensor<64x64x1x192xbf16>) -> tensor<64x64x1x64xbf16> loc(#loc72)
    %58 = stablehlo.reshape %57 : (tensor<64x64x1x64xbf16>) -> tensor<64x64x1x32x2xbf16> loc(#loc73)
    %59 = stablehlo.transpose %58, dims = [0, 1, 2, 4, 3] {result_layout = dense<[3, 4, 2, 1, 0]> : tensor<5xindex>, xla_shape = "bf16[64,64,1,2,32]{3,4,2,1,0}"} : (tensor<64x64x1x32x2xbf16>) -> tensor<64x64x1x2x32xbf16> loc(#loc74)
    %60 = stablehlo.reshape %59 : (tensor<64x64x1x2x32xbf16>) -> tensor<64x64x1x64xbf16> loc(#loc75)
    %61 = stablehlo.reshape %28 : (tensor<1x1x64xbf16>) -> tensor<1x64xbf16> loc(#loc76)
    %62 = stablehlo.broadcast_in_dim %61, dims = [2, 3] : (tensor<1x64xbf16>) -> tensor<64x64x1x64xbf16> loc(#loc77)
    %63 = stablehlo.multiply %60, %62 : tensor<64x64x1x64xbf16> loc(#loc78)
    %64 = stablehlo.slice %60 [0:64, 0:64, 0:1, 32:64] : (tensor<64x64x1x64xbf16>) -> tensor<64x64x1x32xbf16> loc(#loc79)
    %65 = stablehlo.negate %64 : tensor<64x64x1x32xbf16> loc(#loc80)
    %66 = stablehlo.slice %60 [0:64, 0:64, 0:1, 0:32] : (tensor<64x64x1x64xbf16>) -> tensor<64x64x1x32xbf16> loc(#loc81)
    %67 = stablehlo.concatenate %65, %66, dim = 3 : (tensor<64x64x1x32xbf16>, tensor<64x64x1x32xbf16>) -> tensor<64x64x1x64xbf16> loc(#loc82)
    %68 = stablehlo.reshape %37 : (tensor<1x1x64xbf16>) -> tensor<1x64xbf16> loc(#loc83)
    %69 = stablehlo.broadcast_in_dim %68, dims = [2, 3] : (tensor<1x64xbf16>) -> tensor<64x64x1x64xbf16> loc(#loc84)
    %70 = stablehlo.multiply %67, %69 : tensor<64x64x1x64xbf16> loc(#loc85)
    %71 = stablehlo.add %63, %70 : tensor<64x64x1x64xbf16> loc(#loc86)
    %72 = stablehlo.concatenate %56, %71, dim = 3 : (tensor<64x64x1x128xbf16>, tensor<64x64x1x64xbf16>) -> tensor<64x64x1x192xbf16> loc(#loc87)
    %73 = stablehlo.reshape %15 : (tensor<64x1x1024x512xbf16>) -> tensor<64x1024x512xbf16> loc(#loc88)
    %74 = stablehlo.reshape %arg10 : (tensor<512xbf16>) -> tensor<1x1x512xbf16> loc(#loc89)
    %75 = stablehlo.reshape %74 : (tensor<1x1x512xbf16>) -> tensor<512xbf16> loc(#loc90)
    %76 = stablehlo.composite "tenstorrent.rms_norm" %73, %75 {composite_attributes = {epsilon = 9.99999997E-7 : f32, normalized_shape = dense<512> : tensor<1xi64>}, decomposition = @tenstorrent.rms_norm.impl} : (tensor<64x1024x512xbf16>, tensor<512xbf16>) -> tensor<64x1024x512xbf16> loc(#loc91)
    %77 = stablehlo.reshape %76 : (tensor<64x1024x512xbf16>) -> tensor<65536x512xbf16> loc(#loc92)
    %78 = stablehlo.reshape %arg9 : (tensor<16384x512xbf16>) -> tensor<1x16384x512xbf16> loc(#loc93)
    %79 = stablehlo.reshape %78 : (tensor<1x16384x512xbf16>) -> tensor<16384x512xbf16> loc(#loc94)
    %80 = stablehlo.transpose %79, dims = [1, 0] {result_layout = dense<[0, 1]> : tensor<2xindex>, xla_shape = "bf16[512,16384]{0,1}"} : (tensor<16384x512xbf16>) -> tensor<512x16384xbf16> loc(#loc95)
    %81 = stablehlo.dot_general %77, %80, contracting_dims = [1] x [0] : (tensor<65536x512xbf16>, tensor<512x16384xbf16>) -> tensor<65536x16384xbf16> loc(#loc96)
    %82 = stablehlo.reshape %81 : (tensor<65536x16384xbf16>) -> tensor<64x1024x64x256xbf16> loc(#loc97)
    %83 = stablehlo.transpose %82, dims = [0, 2, 1, 3] {result_layout = dense<[3, 1, 2, 0]> : tensor<4xindex>, xla_shape = "bf16[64,64,1024,256]{3,1,2,0}"} : (tensor<64x1024x64x256xbf16>) -> tensor<64x64x1024x256xbf16> loc(#loc98)
    %84 = stablehlo.slice %83 [0:64, 0:64, 0:1024, 0:128] : (tensor<64x64x1024x256xbf16>) -> tensor<64x64x1024x128xbf16> loc(#loc99)
    %85 = stablehlo.reshape %41 : (tensor<64x1x1024x64xbf16>) -> tensor<64x1024x64xbf16> loc(#loc100)
    %86 = stablehlo.broadcast_in_dim %85, dims = [0, 2, 3] : (tensor<64x1024x64xbf16>) -> tensor<64x64x1024x64xbf16> loc(#loc101)
    %87 = stablehlo.concatenate %84, %86, dim = 3 : (tensor<64x64x1024x128xbf16>, tensor<64x64x1024x64xbf16>) -> tensor<64x64x1024x192xbf16> loc(#loc102)
    %88 = stablehlo.transpose %87, dims = [0, 1, 3, 2] {result_layout = dense<[2, 3, 1, 0]> : tensor<4xindex>, xla_shape = "bf16[64,64,192,1024]{2,3,1,0}"} : (tensor<64x64x1024x192xbf16>) -> tensor<64x64x192x1024xbf16> loc(#loc103)
    %89 = stablehlo.dot_general %72, %88, batching_dims = [0, 1] x [0, 1], contracting_dims = [3] x [2] {mhlo.frontend_attributes = {grad_x = "false", grad_y = "false"}} : (tensor<64x64x1x192xbf16>, tensor<64x64x192x1024xbf16>) -> tensor<64x64x1x1024xbf16> loc(#loc104)
    %90 = stablehlo.multiply %89, %0 : tensor<64x64x1x1024xbf16> loc(#loc105)
    %91 = stablehlo.reshape %arg11 : (tensor<64x1x1x1024xbf16>) -> tensor<64x1x1024xbf16> loc(#loc106)
    %92 = stablehlo.broadcast_in_dim %91, dims = [0, 2, 3] : (tensor<64x1x1024xbf16>) -> tensor<64x64x1x1024xbf16> loc(#loc107)
    %93 = stablehlo.add %90, %92 : tensor<64x64x1x1024xbf16> loc(#loc108)
    %94 = stablehlo.convert %93 : (tensor<64x64x1x1024xbf16>) -> tensor<64x64x1x1024xf32> loc(#loc109)
    %95 = stablehlo.reduce(%94 init: %cst_0) applies stablehlo.maximum across dimensions = [3] : (tensor<64x64x1x1024xf32>, tensor<f32>) -> tensor<64x64x1xf32> loc(#loc110)
    %96 = stablehlo.broadcast_in_dim %95, dims = [0, 1, 2] : (tensor<64x64x1xf32>) -> tensor<64x64x1x1024xf32> loc(#loc111)
    %97 = stablehlo.subtract %94, %96 : tensor<64x64x1x1024xf32> loc(#loc112)
    %98 = stablehlo.exponential %97 : tensor<64x64x1x1024xf32> loc(#loc113)
    %99 = stablehlo.reduce(%98 init: %cst) applies stablehlo.add across dimensions = [3] : (tensor<64x64x1x1024xf32>, tensor<f32>) -> tensor<64x64x1xf32> loc(#loc114)
    %100 = stablehlo.broadcast_in_dim %99, dims = [0, 1, 2] : (tensor<64x64x1xf32>) -> tensor<64x64x1x1024xf32> loc(#loc115)
    %101 = stablehlo.divide %98, %100 : tensor<64x64x1x1024xf32> loc(#loc116)
    %102 = stablehlo.convert %101 : (tensor<64x64x1x1024xf32>) -> tensor<64x64x1x1024xbf16> loc(#loc117)
    %103 = stablehlo.slice %83 [0:64, 0:64, 0:1024, 128:256] : (tensor<64x64x1024x256xbf16>) -> tensor<64x64x1024x128xbf16> loc(#loc118)
    %104 = stablehlo.dot_general %102, %103, batching_dims = [0, 1] x [0, 1], contracting_dims = [3] x [2] {mhlo.frontend_attributes = {grad_x = "false", grad_y = "false"}} : (tensor<64x64x1x1024xbf16>, tensor<64x64x1024x128xbf16>) -> tensor<64x64x1x128xbf16> loc(#loc119)
    %105 = stablehlo.reshape %104 : (tensor<64x64x1x128xbf16>) -> tensor<64x8192xbf16> loc(#loc120)
    %106 = stablehlo.reshape %arg8 : (tensor<7168x8192xbf16>) -> tensor<1x7168x8192xbf16> loc(#loc121)
    %107 = stablehlo.reshape %106 : (tensor<1x7168x8192xbf16>) -> tensor<7168x8192xbf16> loc(#loc122)
    %108 = stablehlo.transpose %107, dims = [1, 0] {result_layout = dense<[0, 1]> : tensor<2xindex>, xla_shape = "bf16[8192,7168]{0,1}"} : (tensor<7168x8192xbf16>) -> tensor<8192x7168xbf16> loc(#loc123)
    %109 = stablehlo.dot_general %105, %108, contracting_dims = [1] x [0] : (tensor<64x8192xbf16>, tensor<8192x7168xbf16>) -> tensor<64x7168xbf16> loc(#loc124)
    %110 = stablehlo.reshape %109 : (tensor<64x7168xbf16>) -> tensor<64x1x7168xbf16> loc(#loc125)
    return %15, %41, %110 : tensor<64x1x1024x512xbf16>, tensor<64x1x1024x64xbf16>, tensor<64x1x7168xbf16> loc(#loc)
  } loc(#loc)
  func.func private @tenstorrent.rms_norm.impl(%arg0: tensor<64x1024x512xbf16> {ttcore.argument_type = #ttcore.argument_type<input>} loc("custom-call.131"), %arg1: tensor<512xbf16> {ttcore.argument_type = #ttcore.argument_type<input>} loc("custom-call.125")) -> tensor<64x1024x512xbf16> {
    %cst = stablehlo.constant dense<0.000000e+00> : tensor<f32> loc(#loc)
    %cst_0 = stablehlo.constant dense<2.000000e+00> : tensor<f32> loc(#loc)
    %cst_1 = stablehlo.constant dense<0.001953125> : tensor<f32> loc(#loc)
    %cst_2 = stablehlo.constant dense<9.99999997E-7> : tensor<f32> loc(#loc)
    %0 = stablehlo.broadcast_in_dim %cst_2, dims = [] : (tensor<f32>) -> tensor<64x1024x1xf32> loc(#loc)
    %1 = stablehlo.broadcast_in_dim %cst_1, dims = [] : (tensor<f32>) -> tensor<64x1024xf32> loc(#loc)
    %2 = stablehlo.broadcast_in_dim %cst_0, dims = [] : (tensor<f32>) -> tensor<64x1024x512xf32> loc(#loc)
    %3 = stablehlo.convert %arg0 : (tensor<64x1024x512xbf16>) -> tensor<64x1024x512xf32> loc(#loc128)
    %4 = stablehlo.power %3, %2 : tensor<64x1024x512xf32> loc(#loc129)
    %5 = stablehlo.reduce(%4 init: %cst) applies stablehlo.add across dimensions = [2] : (tensor<64x1024x512xf32>, tensor<f32>) -> tensor<64x1024xf32> loc(#loc130)
    %6 = stablehlo.multiply %5, %1 : tensor<64x1024xf32> loc(#loc131)
    %7 = stablehlo.reshape %6 : (tensor<64x1024xf32>) -> tensor<64x1024x1xf32> loc(#loc132)
    %8 = stablehlo.add %7, %0 : tensor<64x1024x1xf32> loc(#loc133)
    %9 = stablehlo.rsqrt %8 : tensor<64x1024x1xf32> loc(#loc134)
    %10 = stablehlo.reshape %9 : (tensor<64x1024x1xf32>) -> tensor<64x1024xf32> loc(#loc135)
    %11 = stablehlo.broadcast_in_dim %10, dims = [0, 1] : (tensor<64x1024xf32>) -> tensor<64x1024x512xf32> loc(#loc136)
    %12 = stablehlo.multiply %3, %11 : tensor<64x1024x512xf32> loc(#loc137)
    %13 = stablehlo.convert %arg1 : (tensor<512xbf16>) -> tensor<512xf32> loc(#loc138)
    %14 = stablehlo.broadcast_in_dim %13, dims = [2] : (tensor<512xf32>) -> tensor<64x1024x512xf32> loc(#loc139)
    %15 = stablehlo.multiply %12, %14 : tensor<64x1024x512xf32> loc(#loc140)
    %16 = stablehlo.convert %15 : (tensor<64x1024x512xf32>) -> tensor<64x1024x512xbf16> loc(#loc141)
    return %16 : tensor<64x1024x512xbf16> loc(#loc)
  } loc(#loc)
  func.func private @tenstorrent.rms_norm.impl_0(%arg0: tensor<64x1x1536xbf16> {ttcore.argument_type = #ttcore.argument_type<input>} loc("custom-call.203"), %arg1: tensor<1536xbf16> {ttcore.argument_type = #ttcore.argument_type<input>} loc("custom-call.190")) -> tensor<64x1x1536xbf16> {
    %cst = stablehlo.constant dense<0.000000e+00> : tensor<f32> loc(#loc)
    %cst_0 = stablehlo.constant dense<2.000000e+00> : tensor<f32> loc(#loc)
    %cst_1 = stablehlo.constant dense<6.51041686E-4> : tensor<f32> loc(#loc)
    %cst_2 = stablehlo.constant dense<9.99999997E-7> : tensor<f32> loc(#loc)
    %0 = stablehlo.broadcast_in_dim %cst_2, dims = [] : (tensor<f32>) -> tensor<64x1x1xf32> loc(#loc)
    %1 = stablehlo.broadcast_in_dim %cst_1, dims = [] : (tensor<f32>) -> tensor<64x1xf32> loc(#loc)
    %2 = stablehlo.broadcast_in_dim %cst_0, dims = [] : (tensor<f32>) -> tensor<64x1x1536xf32> loc(#loc)
    %3 = stablehlo.convert %arg0 : (tensor<64x1x1536xbf16>) -> tensor<64x1x1536xf32> loc(#loc144)
    %4 = stablehlo.power %3, %2 : tensor<64x1x1536xf32> loc(#loc145)
    %5 = stablehlo.reduce(%4 init: %cst) applies stablehlo.add across dimensions = [2] : (tensor<64x1x1536xf32>, tensor<f32>) -> tensor<64x1xf32> loc(#loc146)
    %6 = stablehlo.multiply %5, %1 : tensor<64x1xf32> loc(#loc147)
    %7 = stablehlo.reshape %6 : (tensor<64x1xf32>) -> tensor<64x1x1xf32> loc(#loc148)
    %8 = stablehlo.add %7, %0 : tensor<64x1x1xf32> loc(#loc149)
    %9 = stablehlo.rsqrt %8 : tensor<64x1x1xf32> loc(#loc150)
    %10 = stablehlo.reshape %9 : (tensor<64x1x1xf32>) -> tensor<64x1xf32> loc(#loc151)
    %11 = stablehlo.broadcast_in_dim %10, dims = [0, 1] : (tensor<64x1xf32>) -> tensor<64x1x1536xf32> loc(#loc152)
    %12 = stablehlo.multiply %3, %11 : tensor<64x1x1536xf32> loc(#loc153)
    %13 = stablehlo.convert %arg1 : (tensor<1536xbf16>) -> tensor<1536xf32> loc(#loc154)
    %14 = stablehlo.broadcast_in_dim %13, dims = [2] : (tensor<1536xf32>) -> tensor<64x1x1536xf32> loc(#loc155)
    %15 = stablehlo.multiply %12, %14 : tensor<64x1x1536xf32> loc(#loc156)
    %16 = stablehlo.convert %15 : (tensor<64x1x1536xf32>) -> tensor<64x1x1536xbf16> loc(#loc157)
    return %16 : tensor<64x1x1536xbf16> loc(#loc)
  } loc(#loc)
} loc(#loc)
#loc = loc(unknown)
#loc16 = loc("reshape.14")
#loc17 = loc("reshape.16")
#loc18 = loc("compare.23")
#loc19 = loc("add.20")
#loc20 = loc("select.24")
#loc21 = loc("reshape.25")
#loc22 = loc("reshape.8")
#loc23 = loc("reshape.2")
#loc24 = loc("reshape.4")
#loc25 = loc("transpose.5")
#loc26 = loc("dot.9")
#loc27 = loc("reshape.10")
#loc28 = loc("slice.11")
#loc29 = loc("reshape.12")
#loc31 = loc("slice.57")
#loc32 = loc("reshape.60")
#loc33 = loc("transpose.61")
#loc34 = loc("reshape.62")
#loc35 = loc("reshape.81")
#loc36 = loc("reshape.83")
#loc37 = loc("reshape.37")
#loc38 = loc("reshape.39")
#loc39 = loc("compare.76")
#loc40 = loc("add.73")
#loc41 = loc("select.77")
#loc42 = loc("reshape.78")
#loc43 = loc("gather.85")
#loc44 = loc("broadcast.88")
#loc45 = loc("multiply.89")
#loc46 = loc("slice.64")
#loc47 = loc("negate.65")
#loc48 = loc("slice.63")
#loc49 = loc("concatenate.66")
#loc50 = loc("reshape.51")
#loc51 = loc("reshape.53")
#loc52 = loc("gather.55")
#loc53 = loc("broadcast.68")
#loc54 = loc("multiply.69")
#loc55 = loc("add.92")
#loc57 = loc("reshape.196")
#loc58 = loc("reshape.198")
#loc59 = loc("transpose.199")
#loc60 = loc("dot.201")
#loc61 = loc("reshape.202")
#loc62 = loc("reshape.187")
#loc63 = loc("reshape.189")
#loc64 = loc("custom-call.235")
#loc65 = loc("reshape.236")
#loc66 = loc("reshape.182")
#loc67 = loc("reshape.184")
#loc68 = loc("transpose.185")
#loc69 = loc("dot.237")
#loc70 = loc("transpose.240")
#loc71 = loc("slice.258")
#loc72 = loc("slice.241")
#loc73 = loc("reshape.242")
#loc74 = loc("transpose.243")
#loc75 = loc("reshape.244")
#loc76 = loc("reshape.252")
#loc77 = loc("broadcast.253")
#loc78 = loc("multiply.254")
#loc79 = loc("slice.246")
#loc80 = loc("negate.247")
#loc81 = loc("slice.245")
#loc82 = loc("concatenate.248")
#loc83 = loc("reshape.249")
#loc84 = loc("broadcast.250")
#loc85 = loc("multiply.251")
#loc86 = loc("add.257")
#loc87 = loc("concatenate.259")
#loc88 = loc("reshape.130")
#loc89 = loc("reshape.122")
#loc90 = loc("reshape.124")
#loc91 = loc("custom-call.163")
#loc92 = loc("reshape.164")
#loc93 = loc("reshape.117")
#loc94 = loc("reshape.119")
#loc95 = loc("transpose.120")
#loc96 = loc("dot.165")
#loc97 = loc("reshape.167")
#loc98 = loc("transpose.168")
#loc99 = loc("slice.177")
#loc100 = loc("reshape.175")
#loc101 = loc("broadcast.176")
#loc102 = loc("concatenate.178")
#loc103 = loc("transpose.179")
#loc104 = loc("dot.260")
#loc105 = loc("multiply.263")
#loc106 = loc("reshape.266")
#loc107 = loc("broadcast.267")
#loc108 = loc("add.268")
#loc109 = loc("convert.269")
#loc110 = loc("reduce.275")
#loc111 = loc("broadcast.276")
#loc112 = loc("subtract.277")
#loc113 = loc("exponential.278")
#loc114 = loc("reduce.284")
#loc115 = loc("broadcast.285")
#loc116 = loc("divide.286")
#loc117 = loc("convert.287")
#loc118 = loc("slice.169")
#loc119 = loc("dot.288")
#loc120 = loc("reshape.292")
#loc121 = loc("reshape.112")
#loc122 = loc("reshape.114")
#loc123 = loc("transpose.115")
#loc124 = loc("dot.293")
#loc125 = loc("reshape.294")
#loc128 = loc("convert.132")
#loc129 = loc("power.134")
#loc130 = loc("reduce.141")
#loc131 = loc("multiply.150")
#loc132 = loc("reshape.151")
#loc133 = loc("add.155")
#loc134 = loc("rsqrt.156")
#loc135 = loc("reshape.157")
#loc136 = loc("broadcast.158")
#loc137 = loc("multiply.159")
#loc138 = loc("convert.126")
#loc139 = loc("broadcast.160")
#loc140 = loc("multiply.161")
#loc141 = loc("convert.162")
#loc144 = loc("convert.204")
#loc145 = loc("power.206")
#loc146 = loc("reduce.213")
#loc147 = loc("multiply.222")
#loc148 = loc("reshape.223")
#loc149 = loc("add.227")
#loc150 = loc("rsqrt.228")
#loc151 = loc("reshape.229")
#loc152 = loc("broadcast.230")
#loc153 = loc("multiply.231")
#loc154 = loc("convert.191")
#loc155 = loc("broadcast.232")
#loc156 = loc("multiply.233")
#loc157 = loc("convert.234")
------------------ END OF MLIR MODULE ------------------
2026-02-10 20:35:29.755 (  10.899s) [        C75E3480]      module_builder.cc:1121     1| MLIR Module shlo_compiler:
#loc = loc(unknown)
#loc1 = loc("p0.1")
#loc2 = loc("p1.6")
#loc3 = loc("p2.13")
#loc4 = loc("p3.27")
#loc5 = loc("p4.36")
#loc6 = loc("p5.50")
#loc7 = loc("p6.80")
#loc8 = loc("p7.103")
#loc9 = loc("p8.111")
#loc10 = loc("p9.116")
#loc11 = loc("p10.121")
#loc12 = loc("p11.171")
#loc13 = loc("p12.181")
#loc14 = loc("p13.186")
#loc15 = loc("p14.195")
#loc26 = loc("dot.9")
#loc30 = loc("scatter.33")
#loc56 = loc("scatter.109")
#loc60 = loc("dot.201")
#loc122 = loc("dot.293")
module @SyncTensorsGraph.296 attributes {mhlo.cross_program_prefetches = [], mhlo.input_output_alias = [], mhlo.is_dynamic = false, mhlo.use_auto_spmd_partitioning = false} {
  sdy.mesh @mesh = <["_axis_0"=2, "_axis_1"=4]> loc(#loc)
  func.func @main(%arg0: tensor<576x7168xbf16> {ttcore.argument_type = #ttcore.argument_type<parameter>, ttcore.runtime_tensor_sharding = #ttcore<runtime_tensor_sharding shard_status = <presharded>, local_shape = tensor<576x3584xbf16>>, ttir.name = "l__self___kv_a_proj_with_mqa_weight"} loc("p0.1"), %arg1: tensor<64x1x7168xbf16> {ttcore.argument_type = #ttcore.argument_type<input>, ttcore.runtime_tensor_sharding = #ttcore<runtime_tensor_sharding shard_status = <presharded>, local_shape = tensor<16x1x3584xbf16>>, ttir.name = "args_0"} loc("p1.6"), %arg2: tensor<1xi64> {ttcore.argument_type = #ttcore.argument_type<input>, ttcore.runtime_tensor_sharding = #ttcore<runtime_tensor_sharding shard_status = <presharded>, local_shape = tensor<1xi64>>, ttir.name = "args_2"} loc("p2.13"), %arg3: tensor<64x1x1024x512xbf16> {ttcore.argument_type = #ttcore.argument_type<input>, ttcore.runtime_tensor_sharding = #ttcore<runtime_tensor_sharding shard_status = <presharded>, local_shape = tensor<16x1x1024x512xbf16>>, ttir.name = "args_3"} loc("p3.27"), %arg4: tensor<1x1xi64> {ttcore.argument_type = #ttcore.argument_type<input>, ttcore.runtime_tensor_sharding = #ttcore<runtime_tensor_sharding shard_status = <presharded>, local_shape = tensor<1x1xi64>>, ttir.name = "args_1"} loc("p4.36"), %arg5: tensor<1024x64xbf16> {ttcore.argument_type = #ttcore.argument_type<constant>, ttcore.runtime_tensor_sharding = #ttcore<runtime_tensor_sharding shard_status = <presharded>, local_shape = tensor<1024x64xbf16>>, ttir.name = "self___rotary_emb__buffers__sin_cached"} loc("p5.50"), %arg6: tensor<1024x64xbf16> {ttcore.argument_type = #ttcore.argument_type<constant>, ttcore.runtime_tensor_sharding = #ttcore<runtime_tensor_sharding shard_status = <presharded>, local_shape = tensor<1024x64xbf16>>, ttir.name = "self___rotary_emb__buffers__cos_cached"} loc("p6.80"), %arg7: tensor<64x1x1024x64xbf16> {ttcore.argument_type = #ttcore.argument_type<input>, ttcore.runtime_tensor_sharding = #ttcore<runtime_tensor_sharding shard_status = <presharded>, local_shape = tensor<16x1x1024x64xbf16>>, ttir.name = "args_4"} loc("p7.103"), %arg8: tensor<7168x8192xbf16> {ttcore.argument_type = #ttcore.argument_type<parameter>, ttcore.runtime_tensor_sharding = #ttcore<runtime_tensor_sharding shard_status = <presharded>, local_shape = tensor<7168x4096xbf16>>, ttir.name = "l__self___o_proj_weight"} loc("p8.111"), %arg9: tensor<16384x512xbf16> {ttcore.argument_type = #ttcore.argument_type<parameter>, ttcore.runtime_tensor_sharding = #ttcore<runtime_tensor_sharding shard_status = <presharded>, local_shape = tensor<8192x512xbf16>>, ttir.name = "l__self___kv_b_proj_weight"} loc("p9.116"), %arg10: tensor<512xbf16> {ttcore.argument_type = #ttcore.argument_type<parameter>, ttcore.runtime_tensor_sharding = #ttcore<runtime_tensor_sharding shard_status = <presharded>, local_shape = tensor<512xbf16>>, ttir.name = "l__self___kv_a_layernorm_weight"} loc("p10.121"), %arg11: tensor<64x1x1x1024xbf16> {ttcore.argument_type = #ttcore.argument_type<input>, ttcore.runtime_tensor_sharding = #ttcore<runtime_tensor_sharding shard_status = <presharded>, local_shape = tensor<16x1x1x1024xbf16>>, ttir.name = "args_5"} loc("p11.171"), %arg12: tensor<12288x1536xbf16> {ttcore.argument_type = #ttcore.argument_type<parameter>, ttcore.runtime_tensor_sharding = #ttcore<runtime_tensor_sharding shard_status = <presharded>, local_shape = tensor<6144x1536xbf16>>, ttir.name = "l__self___q_b_proj_weight"} loc("p12.181"), %arg13: tensor<1536xbf16> {ttcore.argument_type = #ttcore.argument_type<parameter>, ttcore.runtime_tensor_sharding = #ttcore<runtime_tensor_sharding shard_status = <presharded>, local_shape = tensor<1536xbf16>>, ttir.name = "l__self___q_a_layernorm_weight"} loc("p13.186"), %arg14: tensor<1536x7168xbf16> {ttcore.argument_type = #ttcore.argument_type<parameter>, ttcore.runtime_tensor_sharding = #ttcore<runtime_tensor_sharding shard_status = <presharded>, local_shape = tensor<1536x3584xbf16>>, ttir.name = "l__self___q_a_proj_weight"} loc("p14.195")) -> (tensor<64x1x1024x512xbf16> {ttcore.runtime_tensor_sharding = #ttcore<runtime_tensor_sharding shard_status = <unsharded>, local_shape = tensor<64x1x1024x512xbf16>>}, tensor<64x1x1024x64xbf16> {ttcore.runtime_tensor_sharding = #ttcore<runtime_tensor_sharding shard_status = <unsharded>, local_shape = tensor<64x1x1024x64xbf16>>}, tensor<64x1x7168xbf16> {ttcore.runtime_tensor_sharding = #ttcore<runtime_tensor_sharding shard_status = <unsharded>, local_shape = tensor<64x1x7168xbf16>>}) {
    %0:3 = sdy.manual_computation(%arg0, %arg1, %arg2, %arg3, %arg4, %arg5, %arg6, %arg7, %arg8, %arg9, %arg10, %arg11, %arg12, %arg13, %arg14) in_shardings=[<@mesh, [{}, {"_axis_0"}]>, <@mesh, [{"_axis_1"}, {}, {"_axis_0"}]>, <@mesh, [{}]>, <@mesh, [{"_axis_1"}, {}, {}, {}]>, <@mesh, [{}, {}]>, <@mesh, [{}, {}]>, <@mesh, [{}, {}]>, <@mesh, [{"_axis_1"}, {}, {}, {}]>, <@mesh, [{}, {"_axis_0"}]>, <@mesh, [{"_axis_0"}, {}]>, <@mesh, [{}]>, <@mesh, [{"_axis_1"}, {}, {}, {}]>, <@mesh, [{"_axis_0"}, {}]>, <@mesh, [{}]>, <@mesh, [{}, {"_axis_0"}]>] out_shardings=[<@mesh, [{"_axis_1"}, {}, {}, {}]>, <@mesh, [{"_axis_1"}, {}, {}, {}]>, <@mesh, [{"_axis_1"}, {}, {}]>] manual_axes={"_axis_0", "_axis_1"} (%arg15: tensor<576x3584xbf16> loc("p0.1"), %arg16: tensor<16x1x3584xbf16> loc("p1.6"), %arg17: tensor<1xi64> loc("p2.13"), %arg18: tensor<16x1x1024x512xbf16> loc("p3.27"), %arg19: tensor<1x1xi64> loc("p4.36"), %arg20: tensor<1024x64xbf16> loc("p5.50"), %arg21: tensor<1024x64xbf16> loc("p6.80"), %arg22: tensor<16x1x1024x64xbf16> loc("p7.103"), %arg23: tensor<7168x4096xbf16> loc("p8.111"), %arg24: tensor<8192x512xbf16> loc("p9.116"), %arg25: tensor<512xbf16> loc("p10.121"), %arg26: tensor<16x1x1x1024xbf16> loc("p11.171"), %arg27: tensor<6144x1536xbf16> loc("p12.181"), %arg28: tensor<1536xbf16> loc("p13.186"), %arg29: tensor<1536x3584xbf16> loc("p14.195")) {
      %cst = stablehlo.constant dense<0.000000e+00> : tensor<f32> loc(#loc)
      %cst_0 = stablehlo.constant dense<0xFF800000> : tensor<f32> loc(#loc)
      %c = stablehlo.constant dense<0> : tensor<1xi64> loc(#loc)
      %c_1 = stablehlo.constant dense<1024> : tensor<1xi64> loc(#loc)
      %c_2 = stablehlo.constant dense<0> : tensor<1x1xi64> loc(#loc)
      %c_3 = stablehlo.constant dense<1024> : tensor<1x1xi64> loc(#loc)
      %cst_4 = stablehlo.constant dense<1.445310e-01> : tensor<bf16> loc(#loc)
      %1 = stablehlo.broadcast_in_dim %cst_4, dims = [] : (tensor<bf16>) -> tensor<16x32x1x1024xbf16> loc(#loc)
      %2 = stablehlo.reshape %arg17 : (tensor<1xi64>) -> tensor<1x1x1xi64> loc(#loc16)
      %3 = stablehlo.reshape %2 : (tensor<1x1x1xi64>) -> tensor<1xi64> loc(#loc17)
      %4 = stablehlo.compare  LT, %3, %c : (tensor<1xi64>, tensor<1xi64>) -> tensor<1xi1> loc(#loc18)
      %5 = stablehlo.add %3, %c_1 : tensor<1xi64> loc(#loc19)
      %6 = stablehlo.select %4, %5, %3 : tensor<1xi1>, tensor<1xi64> loc(#loc20)
      %7 = stablehlo.reshape %6 : (tensor<1xi64>) -> tensor<1x1xi64> loc(#loc21)
      %8 = stablehlo.reshape %arg16 : (tensor<16x1x3584xbf16>) -> tensor<16x3584xbf16> loc(#loc22)
      %9 = stablehlo.reshape %arg15 : (tensor<576x3584xbf16>) -> tensor<1x576x3584xbf16> loc(#loc23)
      %10 = stablehlo.reshape %9 : (tensor<1x576x3584xbf16>) -> tensor<576x3584xbf16> loc(#loc24)
      %11 = stablehlo.transpose %10, dims = [1, 0] {result_layout = dense<[0, 1]> : tensor<2xindex>, xla_shape = "bf16[7168,576]{0,1}"} : (tensor<576x3584xbf16>) -> tensor<3584x576xbf16> loc(#loc25)
      %12 = stablehlo.dot_general %8, %11, contracting_dims = [1] x [0] : (tensor<16x3584xbf16>, tensor<3584x576xbf16>) -> tensor<16x576xbf16> loc(#loc26)
      %13 = "stablehlo.all_reduce"(%12) <{channel_handle = #stablehlo.channel_handle<handle = 1, type = 1>, replica_groups = dense<[[0, 4], [1, 5], [2, 6], [3, 7]]> : tensor<4x2xi64>}> ({
      ^bb0(%arg30: tensor<bf16> loc("dot.9"), %arg31: tensor<bf16> loc("dot.9")):
        %115 = stablehlo.add %arg30, %arg31 : tensor<bf16> loc(#loc26)
        stablehlo.return %115 : tensor<bf16> loc(#loc26)
      }) : (tensor<16x576xbf16>) -> tensor<16x576xbf16> loc(#loc26)
      %14 = stablehlo.reshape %13 : (tensor<16x576xbf16>) -> tensor<16x1x576xbf16> loc(#loc27)
      %15 = stablehlo.slice %14 [0:16, 0:1, 0:512] : (tensor<16x1x576xbf16>) -> tensor<16x1x512xbf16> loc(#loc28)
      %16 = stablehlo.reshape %15 : (tensor<16x1x512xbf16>) -> tensor<16x1x1x512xbf16> loc(#loc29)
      %17 = "stablehlo.scatter"(%arg18, %7, %16) <{scatter_dimension_numbers = #stablehlo.scatter<update_window_dims = [0, 1, 3], inserted_window_dims = [2], scatter_dims_to_operand_dims = [2], index_vector_dim = 1>}> ({
      ^bb0(%arg30: tensor<bf16> loc("scatter.33"), %arg31: tensor<bf16> loc("scatter.33")):
        stablehlo.return %arg31 : tensor<bf16> loc(#loc)
      }) : (tensor<16x1x1024x512xbf16>, tensor<1x1xi64>, tensor<16x1x1x512xbf16>) -> tensor<16x1x1024x512xbf16> loc(#loc30)
      %18 = stablehlo.slice %14 [0:16, 0:1, 512:576] : (tensor<16x1x576xbf16>) -> tensor<16x1x64xbf16> loc(#loc31)
      %19 = stablehlo.reshape %18 : (tensor<16x1x64xbf16>) -> tensor<16x1x1x32x2xbf16> loc(#loc32)
      %20 = stablehlo.transpose %19, dims = [0, 1, 2, 4, 3] {result_layout = dense<[3, 4, 2, 1, 0]> : tensor<5xindex>, xla_shape = "bf16[64,1,1,2,32]{3,4,2,1,0}"} : (tensor<16x1x1x32x2xbf16>) -> tensor<16x1x1x2x32xbf16> loc(#loc33)
      %21 = stablehlo.reshape %20 : (tensor<16x1x1x2x32xbf16>) -> tensor<16x1x1x64xbf16> loc(#loc34)
      %22 = stablehlo.reshape %arg21 : (tensor<1024x64xbf16>) -> tensor<1x1024x64xbf16> loc(#loc35)
      %23 = stablehlo.reshape %22 : (tensor<1x1024x64xbf16>) -> tensor<1024x64xbf16> loc(#loc36)
      %24 = stablehlo.reshape %arg19 : (tensor<1x1xi64>) -> tensor<1x1x1xi64> loc(#loc37)
      %25 = stablehlo.reshape %24 : (tensor<1x1x1xi64>) -> tensor<1x1xi64> loc(#loc38)
      %26 = stablehlo.compare  LT, %25, %c_2 : (tensor<1x1xi64>, tensor<1x1xi64>) -> tensor<1x1xi1> loc(#loc39)
      %27 = stablehlo.add %25, %c_3 : tensor<1x1xi64> loc(#loc40)
      %28 = stablehlo.select %26, %27, %25 : tensor<1x1xi1>, tensor<1x1xi64> loc(#loc41)
      %29 = stablehlo.reshape %28 : (tensor<1x1xi64>) -> tensor<1x1x1xi64> loc(#loc42)
      %30 = "stablehlo.gather"(%23, %29) <{dimension_numbers = #stablehlo.gather<offset_dims = [2], collapsed_slice_dims = [0], start_index_map = [0], index_vector_dim = 2>, slice_sizes = array<i64: 1, 64>}> : (tensor<1024x64xbf16>, tensor<1x1x1xi64>) -> tensor<1x1x64xbf16> loc(#loc43)
      %31 = stablehlo.broadcast_in_dim %30, dims = [1, 2, 3] : (tensor<1x1x64xbf16>) -> tensor<16x1x1x64xbf16> loc(#loc44)
      %32 = stablehlo.multiply %21, %31 : tensor<16x1x1x64xbf16> loc(#loc45)
      %33 = stablehlo.slice %21 [0:16, 0:1, 0:1, 32:64] : (tensor<16x1x1x64xbf16>) -> tensor<16x1x1x32xbf16> loc(#loc46)
      %34 = stablehlo.negate %33 : tensor<16x1x1x32xbf16> loc(#loc47)
      %35 = stablehlo.slice %21 [0:16, 0:1, 0:1, 0:32] : (tensor<16x1x1x64xbf16>) -> tensor<16x1x1x32xbf16> loc(#loc48)
      %36 = stablehlo.concatenate %34, %35, dim = 3 : (tensor<16x1x1x32xbf16>, tensor<16x1x1x32xbf16>) -> tensor<16x1x1x64xbf16> loc(#loc49)
      %37 = stablehlo.reshape %arg20 : (tensor<1024x64xbf16>) -> tensor<1x1024x64xbf16> loc(#loc50)
      %38 = stablehlo.reshape %37 : (tensor<1x1024x64xbf16>) -> tensor<1024x64xbf16> loc(#loc51)
      %39 = "stablehlo.gather"(%38, %29) <{dimension_numbers = #stablehlo.gather<offset_dims = [2], collapsed_slice_dims = [0], start_index_map = [0], index_vector_dim = 2>, slice_sizes = array<i64: 1, 64>}> : (tensor<1024x64xbf16>, tensor<1x1x1xi64>) -> tensor<1x1x64xbf16> loc(#loc52)
      %40 = stablehlo.broadcast_in_dim %39, dims = [1, 2, 3] : (tensor<1x1x64xbf16>) -> tensor<16x1x1x64xbf16> loc(#loc53)
      %41 = stablehlo.multiply %36, %40 : tensor<16x1x1x64xbf16> loc(#loc54)
      %42 = stablehlo.add %32, %41 : tensor<16x1x1x64xbf16> loc(#loc55)
      %43 = "stablehlo.scatter"(%arg22, %7, %42) <{scatter_dimension_numbers = #stablehlo.scatter<update_window_dims = [0, 1, 3], inserted_window_dims = [2], scatter_dims_to_operand_dims = [2], index_vector_dim = 1>}> ({
      ^bb0(%arg30: tensor<bf16> loc("scatter.109"), %arg31: tensor<bf16> loc("scatter.109")):
        stablehlo.return %arg31 : tensor<bf16> loc(#loc)
      }) : (tensor<16x1x1024x64xbf16>, tensor<1x1xi64>, tensor<16x1x1x64xbf16>) -> tensor<16x1x1024x64xbf16> loc(#loc56)
      %44 = stablehlo.reshape %arg29 : (tensor<1536x3584xbf16>) -> tensor<1x1536x3584xbf16> loc(#loc57)
      %45 = stablehlo.reshape %44 : (tensor<1x1536x3584xbf16>) -> tensor<1536x3584xbf16> loc(#loc58)
      %46 = stablehlo.transpose %45, dims = [1, 0] {result_layout = dense<[0, 1]> : tensor<2xindex>, xla_shape = "bf16[7168,1536]{0,1}"} : (tensor<1536x3584xbf16>) -> tensor<3584x1536xbf16> loc(#loc59)
      %47 = stablehlo.dot_general %8, %46, contracting_dims = [1] x [0] : (tensor<16x3584xbf16>, tensor<3584x1536xbf16>) -> tensor<16x1536xbf16> loc(#loc60)
      %48 = "stablehlo.all_reduce"(%47) <{channel_handle = #stablehlo.channel_handle<handle = 1, type = 1>, replica_groups = dense<[[0, 4], [1, 5], [2, 6], [3, 7]]> : tensor<4x2xi64>}> ({
      ^bb0(%arg30: tensor<bf16> loc("dot.201"), %arg31: tensor<bf16> loc("dot.201")):
        %115 = stablehlo.add %arg30, %arg31 : tensor<bf16> loc(#loc60)
        stablehlo.return %115 : tensor<bf16> loc(#loc60)
      }) : (tensor<16x1536xbf16>) -> tensor<16x1536xbf16> loc(#loc60)
      %49 = stablehlo.reshape %48 : (tensor<16x1536xbf16>) -> tensor<16x1x1536xbf16> loc(#loc61)
      %50 = stablehlo.reshape %arg28 : (tensor<1536xbf16>) -> tensor<1x1x1536xbf16> loc(#loc62)
      %51 = stablehlo.reshape %50 : (tensor<1x1x1536xbf16>) -> tensor<1536xbf16> loc(#loc63)
      %52 = stablehlo.composite "tenstorrent.rms_norm" %49, %51 {composite_attributes = {epsilon = 9.99999997E-7 : f32, normalized_shape = dense<1536> : tensor<1xi64>}, decomposition = @outlined_composite_tenstorrent.rms_norm.impl_0} : (tensor<16x1x1536xbf16>, tensor<1536xbf16>) -> tensor<16x1x1536xbf16> loc(#loc)
      %53 = stablehlo.reshape %52 : (tensor<16x1x1536xbf16>) -> tensor<16x1536xbf16> loc(#loc64)
      %54 = stablehlo.reshape %arg27 : (tensor<6144x1536xbf16>) -> tensor<1x6144x1536xbf16> loc(#loc65)
      %55 = stablehlo.reshape %54 : (tensor<1x6144x1536xbf16>) -> tensor<6144x1536xbf16> loc(#loc66)
      %56 = stablehlo.transpose %55, dims = [1, 0] {result_layout = dense<[0, 1]> : tensor<2xindex>, xla_shape = "bf16[1536,12288]{0,1}"} : (tensor<6144x1536xbf16>) -> tensor<1536x6144xbf16> loc(#loc67)
      %57 = stablehlo.dot_general %53, %56, contracting_dims = [1] x [0] : (tensor<16x1536xbf16>, tensor<1536x6144xbf16>) -> tensor<16x6144xbf16> loc(#loc68)
      %58 = stablehlo.reshape %57 : (tensor<16x6144xbf16>) -> tensor<16x32x1x192xbf16> loc(#loc69)
      %59 = stablehlo.slice %58 [0:16, 0:32, 0:1, 0:128] : (tensor<16x32x1x192xbf16>) -> tensor<16x32x1x128xbf16> loc(#loc70)
      %60 = stablehlo.slice %58 [0:16, 0:32, 0:1, 128:192] : (tensor<16x32x1x192xbf16>) -> tensor<16x32x1x64xbf16> loc(#loc71)
      %61 = stablehlo.reshape %60 : (tensor<16x32x1x64xbf16>) -> tensor<16x32x1x32x2xbf16> loc(#loc72)
      %62 = stablehlo.transpose %61, dims = [0, 1, 2, 4, 3] {result_layout = dense<[3, 4, 2, 1, 0]> : tensor<5xindex>, xla_shape = "bf16[64,64,1,2,32]{3,4,2,1,0}"} : (tensor<16x32x1x32x2xbf16>) -> tensor<16x32x1x2x32xbf16> loc(#loc73)
      %63 = stablehlo.reshape %62 : (tensor<16x32x1x2x32xbf16>) -> tensor<16x32x1x64xbf16> loc(#loc74)
      %64 = stablehlo.reshape %30 : (tensor<1x1x64xbf16>) -> tensor<1x64xbf16> loc(#loc75)
      %65 = stablehlo.broadcast_in_dim %64, dims = [2, 3] : (tensor<1x64xbf16>) -> tensor<16x32x1x64xbf16> loc(#loc76)
      %66 = stablehlo.multiply %63, %65 : tensor<16x32x1x64xbf16> loc(#loc77)
      %67 = stablehlo.slice %63 [0:16, 0:32, 0:1, 32:64] : (tensor<16x32x1x64xbf16>) -> tensor<16x32x1x32xbf16> loc(#loc78)
      %68 = stablehlo.negate %67 : tensor<16x32x1x32xbf16> loc(#loc79)
      %69 = stablehlo.slice %63 [0:16, 0:32, 0:1, 0:32] : (tensor<16x32x1x64xbf16>) -> tensor<16x32x1x32xbf16> loc(#loc80)
      %70 = stablehlo.concatenate %68, %69, dim = 3 : (tensor<16x32x1x32xbf16>, tensor<16x32x1x32xbf16>) -> tensor<16x32x1x64xbf16> loc(#loc81)
      %71 = stablehlo.reshape %39 : (tensor<1x1x64xbf16>) -> tensor<1x64xbf16> loc(#loc82)
      %72 = stablehlo.broadcast_in_dim %71, dims = [2, 3] : (tensor<1x64xbf16>) -> tensor<16x32x1x64xbf16> loc(#loc83)
      %73 = stablehlo.multiply %70, %72 : tensor<16x32x1x64xbf16> loc(#loc84)
      %74 = stablehlo.add %66, %73 : tensor<16x32x1x64xbf16> loc(#loc85)
      %75 = stablehlo.concatenate %59, %74, dim = 3 : (tensor<16x32x1x128xbf16>, tensor<16x32x1x64xbf16>) -> tensor<16x32x1x192xbf16> loc(#loc86)
      %76 = stablehlo.reshape %17 : (tensor<16x1x1024x512xbf16>) -> tensor<16x1024x512xbf16> loc(#loc87)
      %77 = stablehlo.reshape %arg25 : (tensor<512xbf16>) -> tensor<1x1x512xbf16> loc(#loc88)
      %78 = stablehlo.reshape %77 : (tensor<1x1x512xbf16>) -> tensor<512xbf16> loc(#loc89)
      %79 = stablehlo.composite "tenstorrent.rms_norm" %76, %78 {composite_attributes = {epsilon = 9.99999997E-7 : f32, normalized_shape = dense<512> : tensor<1xi64>}, decomposition = @outlined_composite_tenstorrent.rms_norm.impl} : (tensor<16x1024x512xbf16>, tensor<512xbf16>) -> tensor<16x1024x512xbf16> loc(#loc)
      %80 = stablehlo.reshape %79 : (tensor<16x1024x512xbf16>) -> tensor<16384x512xbf16> loc(#loc90)
      %81 = stablehlo.reshape %arg24 : (tensor<8192x512xbf16>) -> tensor<1x8192x512xbf16> loc(#loc91)
      %82 = stablehlo.reshape %81 : (tensor<1x8192x512xbf16>) -> tensor<8192x512xbf16> loc(#loc92)
      %83 = stablehlo.transpose %82, dims = [1, 0] {result_layout = dense<[0, 1]> : tensor<2xindex>, xla_shape = "bf16[512,16384]{0,1}"} : (tensor<8192x512xbf16>) -> tensor<512x8192xbf16> loc(#loc93)
      %84 = stablehlo.dot_general %80, %83, contracting_dims = [1] x [0] : (tensor<16384x512xbf16>, tensor<512x8192xbf16>) -> tensor<16384x8192xbf16> loc(#loc94)
      %85 = stablehlo.reshape %84 : (tensor<16384x8192xbf16>) -> tensor<16x1024x32x256xbf16> loc(#loc95)
      %86 = stablehlo.transpose %85, dims = [0, 2, 1, 3] {result_layout = dense<[3, 1, 2, 0]> : tensor<4xindex>, xla_shape = "bf16[64,64,1024,256]{3,1,2,0}"} : (tensor<16x1024x32x256xbf16>) -> tensor<16x32x1024x256xbf16> loc(#loc96)
      %87 = stablehlo.slice %86 [0:16, 0:32, 0:1024, 0:128] : (tensor<16x32x1024x256xbf16>) -> tensor<16x32x1024x128xbf16> loc(#loc97)
      %88 = stablehlo.reshape %43 : (tensor<16x1x1024x64xbf16>) -> tensor<16x1024x64xbf16> loc(#loc98)
      %89 = stablehlo.broadcast_in_dim %88, dims = [0, 2, 3] : (tensor<16x1024x64xbf16>) -> tensor<16x32x1024x64xbf16> loc(#loc99)
      %90 = stablehlo.concatenate %87, %89, dim = 3 : (tensor<16x32x1024x128xbf16>, tensor<16x32x1024x64xbf16>) -> tensor<16x32x1024x192xbf16> loc(#loc100)
      %91 = stablehlo.transpose %90, dims = [0, 1, 3, 2] {result_layout = dense<[2, 3, 1, 0]> : tensor<4xindex>, xla_shape = "bf16[64,64,192,1024]{2,3,1,0}"} : (tensor<16x32x1024x192xbf16>) -> tensor<16x32x192x1024xbf16> loc(#loc101)
      %92 = stablehlo.dot_general %75, %91, batching_dims = [0, 1] x [0, 1], contracting_dims = [3] x [2] {mhlo.frontend_attributes = {grad_x = "false", grad_y = "false"}} : (tensor<16x32x1x192xbf16>, tensor<16x32x192x1024xbf16>) -> tensor<16x32x1x1024xbf16> loc(#loc102)
      %93 = stablehlo.multiply %92, %1 : tensor<16x32x1x1024xbf16> loc(#loc103)
      %94 = stablehlo.reshape %arg26 : (tensor<16x1x1x1024xbf16>) -> tensor<16x1x1024xbf16> loc(#loc104)
      %95 = stablehlo.broadcast_in_dim %94, dims = [0, 2, 3] : (tensor<16x1x1024xbf16>) -> tensor<16x32x1x1024xbf16> loc(#loc105)
      %96 = stablehlo.add %93, %95 : tensor<16x32x1x1024xbf16> loc(#loc106)
      %97 = stablehlo.convert %96 : (tensor<16x32x1x1024xbf16>) -> tensor<16x32x1x1024xf32> loc(#loc107)
      %98 = stablehlo.reduce(%97 init: %cst_0) applies stablehlo.maximum across dimensions = [3] : (tensor<16x32x1x1024xf32>, tensor<f32>) -> tensor<16x32x1xf32> loc(#loc108)
      %99 = stablehlo.broadcast_in_dim %98, dims = [0, 1, 2] : (tensor<16x32x1xf32>) -> tensor<16x32x1x1024xf32> loc(#loc109)
      %100 = stablehlo.subtract %97, %99 : tensor<16x32x1x1024xf32> loc(#loc110)
      %101 = stablehlo.exponential %100 : tensor<16x32x1x1024xf32> loc(#loc111)
      %102 = stablehlo.reduce(%101 init: %cst) applies stablehlo.add across dimensions = [3] : (tensor<16x32x1x1024xf32>, tensor<f32>) -> tensor<16x32x1xf32> loc(#loc112)
      %103 = stablehlo.broadcast_in_dim %102, dims = [0, 1, 2] : (tensor<16x32x1xf32>) -> tensor<16x32x1x1024xf32> loc(#loc113)
      %104 = stablehlo.divide %101, %103 : tensor<16x32x1x1024xf32> loc(#loc114)
      %105 = stablehlo.convert %104 : (tensor<16x32x1x1024xf32>) -> tensor<16x32x1x1024xbf16> loc(#loc115)
      %106 = stablehlo.slice %86 [0:16, 0:32, 0:1024, 128:256] : (tensor<16x32x1024x256xbf16>) -> tensor<16x32x1024x128xbf16> loc(#loc116)
      %107 = stablehlo.dot_general %105, %106, batching_dims = [0, 1] x [0, 1], contracting_dims = [3] x [2] {mhlo.frontend_attributes = {grad_x = "false", grad_y = "false"}} : (tensor<16x32x1x1024xbf16>, tensor<16x32x1024x128xbf16>) -> tensor<16x32x1x128xbf16> loc(#loc117)
      %108 = stablehlo.reshape %107 : (tensor<16x32x1x128xbf16>) -> tensor<16x4096xbf16> loc(#loc118)
      %109 = stablehlo.reshape %arg23 : (tensor<7168x4096xbf16>) -> tensor<1x7168x4096xbf16> loc(#loc119)
      %110 = stablehlo.reshape %109 : (tensor<1x7168x4096xbf16>) -> tensor<7168x4096xbf16> loc(#loc120)
      %111 = stablehlo.transpose %110, dims = [1, 0] {result_layout = dense<[0, 1]> : tensor<2xindex>, xla_shape = "bf16[8192,7168]{0,1}"} : (tensor<7168x4096xbf16>) -> tensor<4096x7168xbf16> loc(#loc121)
      %112 = stablehlo.dot_general %108, %111, contracting_dims = [1] x [0] : (tensor<16x4096xbf16>, tensor<4096x7168xbf16>) -> tensor<16x7168xbf16> loc(#loc122)
      %113 = "stablehlo.all_reduce"(%112) <{channel_handle = #stablehlo.channel_handle<handle = 1, type = 1>, replica_groups = dense<[[0, 4], [1, 5], [2, 6], [3, 7]]> : tensor<4x2xi64>}> ({
      ^bb0(%arg30: tensor<bf16> loc("dot.293"), %arg31: tensor<bf16> loc("dot.293")):
        %115 = stablehlo.add %arg30, %arg31 : tensor<bf16> loc(#loc122)
        stablehlo.return %115 : tensor<bf16> loc(#loc122)
      }) : (tensor<16x7168xbf16>) -> tensor<16x7168xbf16> loc(#loc122)
      %114 = stablehlo.reshape %113 : (tensor<16x7168xbf16>) -> tensor<16x1x7168xbf16> loc(#loc123)
      sdy.return %17, %43, %114 : tensor<16x1x1024x512xbf16>, tensor<16x1x1024x64xbf16>, tensor<16x1x7168xbf16> loc(#loc)
    } : (tensor<576x7168xbf16>, tensor<64x1x7168xbf16>, tensor<1xi64>, tensor<64x1x1024x512xbf16>, tensor<1x1xi64>, tensor<1024x64xbf16>, tensor<1024x64xbf16>, tensor<64x1x1024x64xbf16>, tensor<7168x8192xbf16>, tensor<16384x512xbf16>, tensor<512xbf16>, tensor<64x1x1x1024xbf16>, tensor<12288x1536xbf16>, tensor<1536xbf16>, tensor<1536x7168xbf16>) -> (tensor<64x1x1024x512xbf16>, tensor<64x1x1024x64xbf16>, tensor<64x1x7168xbf16>) loc(#loc)
    return %0#0, %0#1, %0#2 : tensor<64x1x1024x512xbf16>, tensor<64x1x1024x64xbf16>, tensor<64x1x7168xbf16> loc(#loc)
  } loc(#loc)
  func.func private @outlined_composite_tenstorrent.rms_norm.impl(%arg0: tensor<16x1024x512xbf16> loc(unknown), %arg1: tensor<512xbf16> loc(unknown)) -> tensor<16x1024x512xbf16> {
    %cst = stablehlo.constant {reoutline.comp_attrs = {epsilon = 9.99999997E-7 : f32, normalized_shape = dense<512> : tensor<1xi64>}, reoutline.orig_name = "tenstorrent.rms_norm"} dense<0.000000e+00> : tensor<f32> loc(#loc)
    %cst_0 = stablehlo.constant dense<2.000000e+00> : tensor<f32> loc(#loc)
    %cst_1 = stablehlo.constant dense<0.001953125> : tensor<f32> loc(#loc)
    %cst_2 = stablehlo.constant dense<9.99999997E-7> : tensor<f32> loc(#loc)
    %0 = stablehlo.broadcast_in_dim %cst_2, dims = [] : (tensor<f32>) -> tensor<16x1024x1xf32> loc(#loc)
    %1 = stablehlo.broadcast_in_dim %cst_1, dims = [] : (tensor<f32>) -> tensor<16x1024xf32> loc(#loc)
    %2 = stablehlo.broadcast_in_dim %cst_0, dims = [] : (tensor<f32>) -> tensor<16x1024x512xf32> loc(#loc)
    %3 = stablehlo.convert %arg0 : (tensor<16x1024x512xbf16>) -> tensor<16x1024x512xf32> loc(#loc124)
    %4 = stablehlo.power %3, %2 : tensor<16x1024x512xf32> loc(#loc125)
    %5 = stablehlo.reduce(%4 init: %cst) applies stablehlo.add across dimensions = [2] : (tensor<16x1024x512xf32>, tensor<f32>) -> tensor<16x1024xf32> loc(#loc126)
    %6 = stablehlo.multiply %5, %1 : tensor<16x1024xf32> loc(#loc127)
    %7 = stablehlo.reshape %6 : (tensor<16x1024xf32>) -> tensor<16x1024x1xf32> loc(#loc128)
    %8 = stablehlo.add %7, %0 : tensor<16x1024x1xf32> loc(#loc129)
    %9 = stablehlo.rsqrt %8 : tensor<16x1024x1xf32> loc(#loc130)
    %10 = stablehlo.reshape %9 : (tensor<16x1024x1xf32>) -> tensor<16x1024xf32> loc(#loc131)
    %11 = stablehlo.broadcast_in_dim %10, dims = [0, 1] : (tensor<16x1024xf32>) -> tensor<16x1024x512xf32> loc(#loc132)
    %12 = stablehlo.multiply %3, %11 : tensor<16x1024x512xf32> loc(#loc133)
    %13 = stablehlo.convert %arg1 : (tensor<512xbf16>) -> tensor<512xf32> loc(#loc134)
    %14 = stablehlo.broadcast_in_dim %13, dims = [2] : (tensor<512xf32>) -> tensor<16x1024x512xf32> loc(#loc135)
    %15 = stablehlo.multiply %12, %14 : tensor<16x1024x512xf32> loc(#loc136)
    %16 = stablehlo.convert %15 : (tensor<16x1024x512xf32>) -> tensor<16x1024x512xbf16> loc(#loc137)
    return %16 : tensor<16x1024x512xbf16> loc(#loc)
  } loc(#loc)
  func.func private @outlined_composite_tenstorrent.rms_norm.impl_0(%arg0: tensor<16x1x1536xbf16> loc(unknown), %arg1: tensor<1536xbf16> loc(unknown)) -> tensor<16x1x1536xbf16> {
    %cst = stablehlo.constant {reoutline.comp_attrs = {epsilon = 9.99999997E-7 : f32, normalized_shape = dense<1536> : tensor<1xi64>}, reoutline.orig_name = "tenstorrent.rms_norm"} dense<0.000000e+00> : tensor<f32> loc(#loc)
    %cst_0 = stablehlo.constant dense<2.000000e+00> : tensor<f32> loc(#loc)
    %cst_1 = stablehlo.constant dense<6.51041686E-4> : tensor<f32> loc(#loc)
    %cst_2 = stablehlo.constant dense<9.99999997E-7> : tensor<f32> loc(#loc)
    %0 = stablehlo.broadcast_in_dim %cst_2, dims = [] : (tensor<f32>) -> tensor<16x1x1xf32> loc(#loc)
    %1 = stablehlo.broadcast_in_dim %cst_1, dims = [] : (tensor<f32>) -> tensor<16x1xf32> loc(#loc)
    %2 = stablehlo.broadcast_in_dim %cst_0, dims = [] : (tensor<f32>) -> tensor<16x1x1536xf32> loc(#loc)
    %3 = stablehlo.convert %arg0 : (tensor<16x1x1536xbf16>) -> tensor<16x1x1536xf32> loc(#loc138)
    %4 = stablehlo.power %3, %2 : tensor<16x1x1536xf32> loc(#loc139)
    %5 = stablehlo.reduce(%4 init: %cst) applies stablehlo.add across dimensions = [2] : (tensor<16x1x1536xf32>, tensor<f32>) -> tensor<16x1xf32> loc(#loc140)
    %6 = stablehlo.multiply %5, %1 : tensor<16x1xf32> loc(#loc141)
    %7 = stablehlo.reshape %6 : (tensor<16x1xf32>) -> tensor<16x1x1xf32> loc(#loc142)
    %8 = stablehlo.add %7, %0 : tensor<16x1x1xf32> loc(#loc143)
    %9 = stablehlo.rsqrt %8 : tensor<16x1x1xf32> loc(#loc144)
    %10 = stablehlo.reshape %9 : (tensor<16x1x1xf32>) -> tensor<16x1xf32> loc(#loc145)
    %11 = stablehlo.broadcast_in_dim %10, dims = [0, 1] : (tensor<16x1xf32>) -> tensor<16x1x1536xf32> loc(#loc146)
    %12 = stablehlo.multiply %3, %11 : tensor<16x1x1536xf32> loc(#loc147)
    %13 = stablehlo.convert %arg1 : (tensor<1536xbf16>) -> tensor<1536xf32> loc(#loc148)
    %14 = stablehlo.broadcast_in_dim %13, dims = [2] : (tensor<1536xf32>) -> tensor<16x1x1536xf32> loc(#loc149)
    %15 = stablehlo.multiply %12, %14 : tensor<16x1x1536xf32> loc(#loc150)
    %16 = stablehlo.convert %15 : (tensor<16x1x1536xf32>) -> tensor<16x1x1536xbf16> loc(#loc151)
    return %16 : tensor<16x1x1536xbf16> loc(#loc)
  } loc(#loc)
} loc(#loc)
#loc16 = loc("reshape.14")
#loc17 = loc("reshape.16")
#loc18 = loc("compare.23")
#loc19 = loc("add.20")
#loc20 = loc("select.24")
#loc21 = loc("reshape.25")
#loc22 = loc("reshape.8")
#loc23 = loc("reshape.2")
#loc24 = loc("reshape.4")
#loc25 = loc("transpose.5")
#loc27 = loc("reshape.10")
#loc28 = loc("slice.11")
#loc29 = loc("reshape.12")
#loc31 = loc("slice.57")
#loc32 = loc("reshape.60")
#loc33 = loc("transpose.61")
#loc34 = loc("reshape.62")
#loc35 = loc("reshape.81")
#loc36 = loc("reshape.83")
#loc37 = loc("reshape.37")
#loc38 = loc("reshape.39")
#loc39 = loc("compare.76")
#loc40 = loc("add.73")
#loc41 = loc("select.77")
#loc42 = loc("reshape.78")
#loc43 = loc("gather.85")
#loc44 = loc("broadcast.88")
#loc45 = loc("multiply.89")
#loc46 = loc("slice.64")
#loc47 = loc("negate.65")
#loc48 = loc("slice.63")
#loc49 = loc("concatenate.66")
#loc50 = loc("reshape.51")
#loc51 = loc("reshape.53")
#loc52 = loc("gather.55")
#loc53 = loc("broadcast.68")
#loc54 = loc("multiply.69")
#loc55 = loc("add.92")
#loc57 = loc("reshape.196")
#loc58 = loc("reshape.198")
#loc59 = loc("transpose.199")
#loc61 = loc("reshape.202")
#loc62 = loc("reshape.187")
#loc63 = loc("reshape.189")
#loc64 = loc("reshape.236")
#loc65 = loc("reshape.182")
#loc66 = loc("reshape.184")
#loc67 = loc("transpose.185")
#loc68 = loc("dot.237")
#loc69 = loc("transpose.240")
#loc70 = loc("slice.258")
#loc71 = loc("slice.241")
#loc72 = loc("reshape.242")
#loc73 = loc("transpose.243")
#loc74 = loc("reshape.244")
#loc75 = loc("reshape.252")
#loc76 = loc("broadcast.253")
#loc77 = loc("multiply.254")
#loc78 = loc("slice.246")
#loc79 = loc("negate.247")
#loc80 = loc("slice.245")
#loc81 = loc("concatenate.248")
#loc82 = loc("reshape.249")
#loc83 = loc("broadcast.250")
#loc84 = loc("multiply.251")
#loc85 = loc("add.257")
#loc86 = loc("concatenate.259")
#loc87 = loc("reshape.130")
#loc88 = loc("reshape.122")
#loc89 = loc("reshape.124")
#loc90 = loc("reshape.164")
#loc91 = loc("reshape.117")
#loc92 = loc("reshape.119")
#loc93 = loc("transpose.120")
#loc94 = loc("dot.165")
#loc95 = loc("reshape.167")
#loc96 = loc("transpose.168")
#loc97 = loc("slice.177")
#loc98 = loc("reshape.175")
#loc99 = loc("broadcast.176")
#loc100 = loc("concatenate.178")
#loc101 = loc("transpose.179")
#loc102 = loc("dot.260")
#loc103 = loc("multiply.263")
#loc104 = loc("reshape.266")
#loc105 = loc("broadcast.267")
#loc106 = loc("add.268")
#loc107 = loc("convert.269")
#loc108 = loc("reduce.275")
#loc109 = loc("broadcast.276")
#loc110 = loc("subtract.277")
#loc111 = loc("exponential.278")
#loc112 = loc("reduce.284")
#loc113 = loc("broadcast.285")
#loc114 = loc("divide.286")
#loc115 = loc("convert.287")
#loc116 = loc("slice.169")
#loc117 = loc("dot.288")
#loc118 = loc("reshape.292")
#loc119 = loc("reshape.112")
#loc120 = loc("reshape.114")
#loc121 = loc("transpose.115")
#loc123 = loc("reshape.294")
#loc124 = loc("convert.132")
#loc125 = loc("power.134")
#loc126 = loc("reduce.141")
#loc127 = loc("multiply.150")
#loc128 = loc("reshape.151")
#loc129 = loc("add.155")
#loc130 = loc("rsqrt.156")
#loc131 = loc("reshape.157")
#loc132 = loc("broadcast.158")
#loc133 = loc("multiply.159")
#loc134 = loc("convert.126")
#loc135 = loc("broadcast.160")
#loc136 = loc("multiply.161")
#loc137 = loc("convert.162")
#loc138 = loc("convert.204")
#loc139 = loc("power.206")
#loc140 = loc("reduce.213")
#loc141 = loc("multiply.222")
#loc142 = loc("reshape.223")
#loc143 = loc("add.227")
#loc144 = loc("rsqrt.228")
#loc145 = loc("reshape.229")
#loc146 = loc("broadcast.230")
#loc147 = loc("multiply.231")
#loc148 = loc("convert.191")
#loc149 = loc("broadcast.232")
#loc150 = loc("multiply.233")
#loc151 = loc("convert.234")
------------------ END OF MLIR MODULE ------------------
2026-02-10 20:35:29.760 (  10.903s) [        C75E3480]      module_builder.cc:303      1| SHLO compiler pipeline run completed - is using shardy output shardings: 1
2026-02-10 20:35:29.762 (  10.905s) [        C75E3480]      module_builder.cc:1121     1| MLIR Module shlo_compiler_cleaned:
#loc = loc(unknown)
module @SyncTensorsGraph.296 attributes {mhlo.cross_program_prefetches = [], mhlo.input_output_alias = [], mhlo.is_dynamic = false, mhlo.spmd_output_sharding = "{{devices=[4,1,1,1,2]<=[2,4]T(1,0) last_tile_dim_replicate},{devices=[4,1,1,1,2]<=[2,4]T(1,0) last_tile_dim_replicate},{devices=[4,1,1,2]<=[2,4]T(1,0) last_tile_dim_replicate}}", mhlo.use_auto_spmd_partitioning = false} {
  func.func @main(%arg0: tensor<576x7168xbf16> loc(unknown), %arg1: tensor<64x1x7168xbf16> loc(unknown), %arg2: tensor<1xi64> loc(unknown), %arg3: tensor<64x1x1024x512xbf16> loc(unknown), %arg4: tensor<1x1xi64> loc(unknown), %arg5: tensor<1024x64xbf16> loc(unknown), %arg6: tensor<1024x64xbf16> loc(unknown), %arg7: tensor<64x1x1024x64xbf16> loc(unknown), %arg8: tensor<7168x8192xbf16> loc(unknown), %arg9: tensor<16384x512xbf16> loc(unknown), %arg10: tensor<512xbf16> loc(unknown), %arg11: tensor<64x1x1x1024xbf16> loc(unknown), %arg12: tensor<12288x1536xbf16> loc(unknown), %arg13: tensor<1536xbf16> loc(unknown), %arg14: tensor<1536x7168xbf16> loc(unknown)) -> (tensor<64x1x1024x512xbf16>, tensor<64x1x1024x64xbf16>, tensor<64x1x7168xbf16>) {
    %cst = stablehlo.constant dense<0.000000e+00> : tensor<64x1x1024x512xbf16> loc(#loc)
    %cst_0 = stablehlo.constant dense<0.000000e+00> : tensor<64x1x1024x64xbf16> loc(#loc)
    %cst_1 = stablehlo.constant dense<0.000000e+00> : tensor<64x1x7168xbf16> loc(#loc)
    return %cst, %cst_0, %cst_1 : tensor<64x1x1024x512xbf16>, tensor<64x1x1024x64xbf16>, tensor<64x1x7168xbf16> loc(#loc)
  } loc(#loc)
  func.func private @outlined_composite_tenstorrent.rms_norm.impl(%arg0: tensor<16x1024x512xbf16> loc(unknown), %arg1: tensor<512xbf16> loc(unknown)) -> tensor<16x1024x512xbf16> {
    %cst = stablehlo.constant {reoutline.comp_attrs = {epsilon = 9.99999997E-7 : f32, normalized_shape = dense<512> : tensor<1xi64>}, reoutline.orig_name = "tenstorrent.rms_norm"} dense<0.000000e+00> : tensor<f32> loc(#loc)
    %cst_0 = stablehlo.constant dense<2.000000e+00> : tensor<f32> loc(#loc)
    %cst_1 = stablehlo.constant dense<0.001953125> : tensor<f32> loc(#loc)
    %cst_2 = stablehlo.constant dense<9.99999997E-7> : tensor<f32> loc(#loc)
    %0 = stablehlo.broadcast_in_dim %cst_2, dims = [] : (tensor<f32>) -> tensor<16x1024x1xf32> loc(#loc)
    %1 = stablehlo.broadcast_in_dim %cst_1, dims = [] : (tensor<f32>) -> tensor<16x1024xf32> loc(#loc)
    %2 = stablehlo.broadcast_in_dim %cst_0, dims = [] : (tensor<f32>) -> tensor<16x1024x512xf32> loc(#loc)
    %3 = stablehlo.convert %arg0 : (tensor<16x1024x512xbf16>) -> tensor<16x1024x512xf32> loc(#loc)
    %4 = stablehlo.power %3, %2 : tensor<16x1024x512xf32> loc(#loc)
    %5 = stablehlo.reduce(%4 init: %cst) applies stablehlo.add across dimensions = [2] : (tensor<16x1024x512xf32>, tensor<f32>) -> tensor<16x1024xf32> loc(#loc)
    %6 = stablehlo.multiply %5, %1 : tensor<16x1024xf32> loc(#loc)
    %7 = stablehlo.reshape %6 : (tensor<16x1024xf32>) -> tensor<16x1024x1xf32> loc(#loc)
    %8 = stablehlo.add %7, %0 : tensor<16x1024x1xf32> loc(#loc)
    %9 = stablehlo.rsqrt %8 : tensor<16x1024x1xf32> loc(#loc)
    %10 = stablehlo.reshape %9 : (tensor<16x1024x1xf32>) -> tensor<16x1024xf32> loc(#loc)
    %11 = stablehlo.broadcast_in_dim %10, dims = [0, 1] : (tensor<16x1024xf32>) -> tensor<16x1024x512xf32> loc(#loc)
    %12 = stablehlo.multiply %3, %11 : tensor<16x1024x512xf32> loc(#loc)
    %13 = stablehlo.convert %arg1 : (tensor<512xbf16>) -> tensor<512xf32> loc(#loc)
    %14 = stablehlo.broadcast_in_dim %13, dims = [2] : (tensor<512xf32>) -> tensor<16x1024x512xf32> loc(#loc)
    %15 = stablehlo.multiply %12, %14 : tensor<16x1024x512xf32> loc(#loc)
    %16 = stablehlo.convert %15 : (tensor<16x1024x512xf32>) -> tensor<16x1024x512xbf16> loc(#loc)
    return %16 : tensor<16x1024x512xbf16> loc(#loc)
  } loc(#loc)
  func.func private @outlined_composite_tenstorrent.rms_norm.impl_0(%arg0: tensor<16x1x1536xbf16> loc(unknown), %arg1: tensor<1536xbf16> loc(unknown)) -> tensor<16x1x1536xbf16> {
    %cst = stablehlo.constant {reoutline.comp_attrs = {epsilon = 9.99999997E-7 : f32, normalized_shape = dense<1536> : tensor<1xi64>}, reoutline.orig_name = "tenstorrent.rms_norm"} dense<0.000000e+00> : tensor<f32> loc(#loc)
    %cst_0 = stablehlo.constant dense<2.000000e+00> : tensor<f32> loc(#loc)
    %cst_1 = stablehlo.constant dense<6.51041686E-4> : tensor<f32> loc(#loc)
    %cst_2 = stablehlo.constant dense<9.99999997E-7> : tensor<f32> loc(#loc)
    %0 = stablehlo.broadcast_in_dim %cst_2, dims = [] : (tensor<f32>) -> tensor<16x1x1xf32> loc(#loc)
    %1 = stablehlo.broadcast_in_dim %cst_1, dims = [] : (tensor<f32>) -> tensor<16x1xf32> loc(#loc)
    %2 = stablehlo.broadcast_in_dim %cst_0, dims = [] : (tensor<f32>) -> tensor<16x1x1536xf32> loc(#loc)
    %3 = stablehlo.convert %arg0 : (tensor<16x1x1536xbf16>) -> tensor<16x1x1536xf32> loc(#loc)
    %4 = stablehlo.power %3, %2 : tensor<16x1x1536xf32> loc(#loc)
    %5 = stablehlo.reduce(%4 init: %cst) applies stablehlo.add across dimensions = [2] : (tensor<16x1x1536xf32>, tensor<f32>) -> tensor<16x1xf32> loc(#loc)
    %6 = stablehlo.multiply %5, %1 : tensor<16x1xf32> loc(#loc)
    %7 = stablehlo.reshape %6 : (tensor<16x1xf32>) -> tensor<16x1x1xf32> loc(#loc)
    %8 = stablehlo.add %7, %0 : tensor<16x1x1xf32> loc(#loc)
    %9 = stablehlo.rsqrt %8 : tensor<16x1x1xf32> loc(#loc)
    %10 = stablehlo.reshape %9 : (tensor<16x1x1xf32>) -> tensor<16x1xf32> loc(#loc)
    %11 = stablehlo.broadcast_in_dim %10, dims = [0, 1] : (tensor<16x1xf32>) -> tensor<16x1x1536xf32> loc(#loc)
    %12 = stablehlo.multiply %3, %11 : tensor<16x1x1536xf32> loc(#loc)
    %13 = stablehlo.convert %arg1 : (tensor<1536xbf16>) -> tensor<1536xf32> loc(#loc)
    %14 = stablehlo.broadcast_in_dim %13, dims = [2] : (tensor<1536xf32>) -> tensor<16x1x1536xf32> loc(#loc)
    %15 = stablehlo.multiply %12, %14 : tensor<16x1x1536xf32> loc(#loc)
    %16 = stablehlo.convert %15 : (tensor<16x1x1536xf32>) -> tensor<16x1x1536xbf16> loc(#loc)
    return %16 : tensor<16x1x1536xbf16> loc(#loc)
  } loc(#loc)
} loc(#loc)
------------------ END OF MLIR MODULE ------------------
2026-02-10 20:35:29.772 (  10.915s) [        C75E3480]      module_builder.cc:1121     1| MLIR Module ttir:
#loc1 = loc("p0.1")
#loc2 = loc("p1.6")
#loc3 = loc("p2.13")
#loc4 = loc("p3.27")
#loc5 = loc("p4.36")
#loc6 = loc("p5.50")
#loc7 = loc("p6.80")
#loc8 = loc("p7.103")
#loc9 = loc("p8.111")
#loc10 = loc("p9.116")
#loc11 = loc("p10.121")
#loc12 = loc("p11.171")
#loc13 = loc("p12.181")
#loc14 = loc("p13.186")
#loc15 = loc("p14.195")
module @SyncTensorsGraph.296 attributes {mhlo.cross_program_prefetches = [], mhlo.input_output_alias = [], mhlo.is_dynamic = false, mhlo.use_auto_spmd_partitioning = false, ttcore.meshes = #ttcore.meshes<[<"mesh" = 2x4>]>} {
  ttcore.device_module {
    builtin.module @SyncTensorsGraph.296 attributes {mhlo.cross_program_prefetches = [], mhlo.input_output_alias = [], mhlo.is_dynamic = false, mhlo.use_auto_spmd_partitioning = false, ttcore.meshes = #ttcore.meshes<[<"mesh" = 2x4>]>} {
      func.func @main(%arg0: tensor<576x7168xbf16> {ttcore.argument_type = #ttcore.argument_type<parameter>, ttcore.runtime_tensor_sharding = #ttcore<runtime_tensor_sharding shard_status = <presharded>, local_shape = tensor<576x3584xbf16>>, ttir.name = "l__self___kv_a_proj_with_mqa_weight"} loc("p0.1"), %arg1: tensor<64x1x7168xbf16> {ttcore.argument_type = #ttcore.argument_type<input>, ttcore.runtime_tensor_sharding = #ttcore<runtime_tensor_sharding shard_status = <presharded>, local_shape = tensor<16x1x3584xbf16>>, ttir.name = "args_0"} loc("p1.6"), %arg2: tensor<1xi64> {ttcore.argument_type = #ttcore.argument_type<input>, ttcore.runtime_tensor_sharding = #ttcore<runtime_tensor_sharding shard_status = <presharded>, local_shape = tensor<1xi64>>, ttir.name = "args_2"} loc("p2.13"), %arg3: tensor<64x1x1024x512xbf16> {ttcore.argument_type = #ttcore.argument_type<input>, ttcore.runtime_tensor_sharding = #ttcore<runtime_tensor_sharding shard_status = <presharded>, local_shape = tensor<16x1x1024x512xbf16>>, ttir.name = "args_3"} loc("p3.27"), %arg4: tensor<1x1xi64> {ttcore.argument_type = #ttcore.argument_type<input>, ttcore.runtime_tensor_sharding = #ttcore<runtime_tensor_sharding shard_status = <presharded>, local_shape = tensor<1x1xi64>>, ttir.name = "args_1"} loc("p4.36"), %arg5: tensor<1024x64xbf16> {ttcore.argument_type = #ttcore.argument_type<constant>, ttcore.runtime_tensor_sharding = #ttcore<runtime_tensor_sharding shard_status = <presharded>, local_shape = tensor<1024x64xbf16>>, ttir.name = "self___rotary_emb__buffers__sin_cached"} loc("p5.50"), %arg6: tensor<1024x64xbf16> {ttcore.argument_type = #ttcore.argument_type<constant>, ttcore.runtime_tensor_sharding = #ttcore<runtime_tensor_sharding shard_status = <presharded>, local_shape = tensor<1024x64xbf16>>, ttir.name = "self___rotary_emb__buffers__cos_cached"} loc("p6.80"), %arg7: tensor<64x1x1024x64xbf16> {ttcore.argument_type = #ttcore.argument_type<input>, ttcore.runtime_tensor_sharding = #ttcore<runtime_tensor_sharding shard_status = <presharded>, local_shape = tensor<16x1x1024x64xbf16>>, ttir.name = "args_4"} loc("p7.103"), %arg8: tensor<7168x8192xbf16> {ttcore.argument_type = #ttcore.argument_type<parameter>, ttcore.runtime_tensor_sharding = #ttcore<runtime_tensor_sharding shard_status = <presharded>, local_shape = tensor<7168x4096xbf16>>, ttir.name = "l__self___o_proj_weight"} loc("p8.111"), %arg9: tensor<16384x512xbf16> {ttcore.argument_type = #ttcore.argument_type<parameter>, ttcore.runtime_tensor_sharding = #ttcore<runtime_tensor_sharding shard_status = <presharded>, local_shape = tensor<8192x512xbf16>>, ttir.name = "l__self___kv_b_proj_weight"} loc("p9.116"), %arg10: tensor<512xbf16> {ttcore.argument_type = #ttcore.argument_type<parameter>, ttcore.runtime_tensor_sharding = #ttcore<runtime_tensor_sharding shard_status = <presharded>, local_shape = tensor<512xbf16>>, ttir.name = "l__self___kv_a_layernorm_weight"} loc("p10.121"), %arg11: tensor<64x1x1x1024xbf16> {ttcore.argument_type = #ttcore.argument_type<input>, ttcore.runtime_tensor_sharding = #ttcore<runtime_tensor_sharding shard_status = <presharded>, local_shape = tensor<16x1x1x1024xbf16>>, ttir.name = "args_5"} loc("p11.171"), %arg12: tensor<12288x1536xbf16> {ttcore.argument_type = #ttcore.argument_type<parameter>, ttcore.runtime_tensor_sharding = #ttcore<runtime_tensor_sharding shard_status = <presharded>, local_shape = tensor<6144x1536xbf16>>, ttir.name = "l__self___q_b_proj_weight"} loc("p12.181"), %arg13: tensor<1536xbf16> {ttcore.argument_type = #ttcore.argument_type<parameter>, ttcore.runtime_tensor_sharding = #ttcore<runtime_tensor_sharding shard_status = <presharded>, local_shape = tensor<1536xbf16>>, ttir.name = "l__self___q_a_layernorm_weight"} loc("p13.186"), %arg14: tensor<1536x7168xbf16> {ttcore.argument_type = #ttcore.argument_type<parameter>, ttcore.runtime_tensor_sharding = #ttcore<runtime_tensor_sharding shard_status = <presharded>, local_shape = tensor<1536x3584xbf16>>, ttir.name = "l__self___q_a_proj_weight"} loc("p14.195")) -> (tensor<64x1x1024x512xbf16> {ttcore.runtime_tensor_sharding = #ttcore<runtime_tensor_sharding shard_status = <unsharded>, local_shape = tensor<64x1x1024x512xbf16>>}, tensor<64x1x1024x64xbf16> {ttcore.runtime_tensor_sharding = #ttcore<runtime_tensor_sharding shard_status = <unsharded>, local_shape = tensor<64x1x1024x64xbf16>>}, tensor<64x1x7168xbf16> {ttcore.runtime_tensor_sharding = #ttcore<runtime_tensor_sharding shard_status = <unsharded>, local_shape = tensor<64x1x7168xbf16>>}) {
        %0 = "ttir.mesh_shard"(%arg0) <{shard_dims = array<i64: 1, -1>, shard_direction = #ttcore.shard_direction<full_to_shard>, shard_shape = array<i64: 1, 2>, shard_type = #ttcore.shard_type<identity>}> : (tensor<576x7168xbf16>) -> tensor<576x3584xbf16> loc(#loc)
        %1 = "ttir.mesh_shard"(%arg1) <{shard_dims = array<i64: 2, 0>, shard_direction = #ttcore.shard_direction<full_to_shard>, shard_shape = array<i64: 4, 1, 2>, shard_type = #ttcore.shard_type<identity>}> : (tensor<64x1x7168xbf16>) -> tensor<16x1x3584xbf16> loc(#loc)
        %2 = "ttir.mesh_shard"(%arg2) <{shard_dims = array<i64: -1>, shard_direction = #ttcore.shard_direction<full_to_shard>, shard_shape = array<i64: 1>, shard_type = #ttcore.shard_type<identity>}> : (tensor<1xi64>) -> tensor<1xi64> loc(#loc)
        %3 = "ttir.mesh_shard"(%arg3) <{shard_dims = array<i64: -1, 0>, shard_direction = #ttcore.shard_direction<full_to_shard>, shard_shape = array<i64: 4, 1, 1, 1>, shard_type = #ttcore.shard_type<identity>}> : (tensor<64x1x1024x512xbf16>) -> tensor<16x1x1024x512xbf16> loc(#loc)
        %4 = "ttir.mesh_shard"(%arg4) <{shard_dims = array<i64: -1>, shard_direction = #ttcore.shard_direction<full_to_shard>, shard_shape = array<i64: 1>, shard_type = #ttcore.shard_type<identity>}> : (tensor<1x1xi64>) -> tensor<1x1xi64> loc(#loc)
        %5 = "ttir.mesh_shard"(%arg5) <{shard_dims = array<i64: -1>, shard_direction = #ttcore.shard_direction<full_to_shard>, shard_shape = array<i64: 1>, shard_type = #ttcore.shard_type<identity>}> : (tensor<1024x64xbf16>) -> tensor<1024x64xbf16> loc(#loc)
        %6 = "ttir.mesh_shard"(%arg6) <{shard_dims = array<i64: -1>, shard_direction = #ttcore.shard_direction<full_to_shard>, shard_shape = array<i64: 1>, shard_type = #ttcore.shard_type<identity>}> : (tensor<1024x64xbf16>) -> tensor<1024x64xbf16> loc(#loc)
        %7 = "ttir.mesh_shard"(%arg7) <{shard_dims = array<i64: -1, 0>, shard_direction = #ttcore.shard_direction<full_to_shard>, shard_shape = array<i64: 4, 1, 1, 1>, shard_type = #ttcore.shard_type<identity>}> : (tensor<64x1x1024x64xbf16>) -> tensor<16x1x1024x64xbf16> loc(#loc)
        %8 = "ttir.mesh_shard"(%arg8) <{shard_dims = array<i64: 1, -1>, shard_direction = #ttcore.shard_direction<full_to_shard>, shard_shape = array<i64: 1, 2>, shard_type = #ttcore.shard_type<identity>}> : (tensor<7168x8192xbf16>) -> tensor<7168x4096xbf16> loc(#loc)
        %9 = "ttir.mesh_shard"(%arg9) <{shard_dims = array<i64: 0, -1>, shard_direction = #ttcore.shard_direction<full_to_shard>, shard_shape = array<i64: 2, 1>, shard_type = #ttcore.shard_type<identity>}> : (tensor<16384x512xbf16>) -> tensor<8192x512xbf16> loc(#loc)
        %10 = "ttir.mesh_shard"(%arg10) <{shard_dims = array<i64: -1>, shard_direction = #ttcore.shard_direction<full_to_shard>, shard_shape = array<i64: 1>, shard_type = #ttcore.shard_type<identity>}> : (tensor<512xbf16>) -> tensor<512xbf16> loc(#loc)
        %11 = "ttir.mesh_shard"(%arg11) <{shard_dims = array<i64: -1, 0>, shard_direction = #ttcore.shard_direction<full_to_shard>, shard_shape = array<i64: 4, 1, 1, 1>, shard_type = #ttcore.shard_type<identity>}> : (tensor<64x1x1x1024xbf16>) -> tensor<16x1x1x1024xbf16> loc(#loc)
        %12 = "ttir.mesh_shard"(%arg12) <{shard_dims = array<i64: 0, -1>, shard_direction = #ttcore.shard_direction<full_to_shard>, shard_shape = array<i64: 2, 1>, shard_type = #ttcore.shard_type<identity>}> : (tensor<12288x1536xbf16>) -> tensor<6144x1536xbf16> loc(#loc)
        %13 = "ttir.mesh_shard"(%arg13) <{shard_dims = array<i64: -1>, shard_direction = #ttcore.shard_direction<full_to_shard>, shard_shape = array<i64: 1>, shard_type = #ttcore.shard_type<identity>}> : (tensor<1536xbf16>) -> tensor<1536xbf16> loc(#loc)
        %14 = "ttir.mesh_shard"(%arg14) <{shard_dims = array<i64: 1, -1>, shard_direction = #ttcore.shard_direction<full_to_shard>, shard_shape = array<i64: 1, 2>, shard_type = #ttcore.shard_type<identity>}> : (tensor<1536x7168xbf16>) -> tensor<1536x3584xbf16> loc(#loc)
        %15 = "ttir.constant"() <{value = dense<0> : tensor<1xi64>}> : () -> tensor<1xi64> loc(#loc)
        %16 = "ttir.constant"() <{value = dense<1024> : tensor<1xi64>}> : () -> tensor<1xi64> loc(#loc)
        %17 = "ttir.constant"() <{value = dense<0> : tensor<1x1xi64>}> : () -> tensor<1x1xi64> loc(#loc)
        %18 = "ttir.constant"() <{value = dense<1024> : tensor<1x1xi64>}> : () -> tensor<1x1xi64> loc(#loc)
        %19 = "ttir.constant"() <{value = dense<1.445310e-01> : tensor<bf16>}> : () -> tensor<bf16> loc(#loc)
        %20 = "ttir.reshape"(%19) <{shape = [1 : i32, 1 : i32, 1 : i32, 1 : i32]}> : (tensor<bf16>) -> tensor<1x1x1x1xbf16> loc(#loc)
        %21 = "ttir.broadcast"(%20) <{broadcast_dimensions = array<i64: 16, 32, 1, 1024>}> : (tensor<1x1x1x1xbf16>) -> tensor<16x32x1x1024xbf16> loc(#loc)
        %22 = "ttir.reshape"(%2) <{shape = [1 : i32, 1 : i32, 1 : i32]}> : (tensor<1xi64>) -> tensor<1x1x1xi64> loc(#loc16)
        %23 = "ttir.reshape"(%22) <{shape = [1 : i32]}> : (tensor<1x1x1xi64>) -> tensor<1xi64> loc(#loc17)
        %24 = "ttir.lt"(%23, %15) : (tensor<1xi64>, tensor<1xi64>) -> tensor<1xi1> loc(#loc18)
        %25 = "ttir.add"(%23, %16) : (tensor<1xi64>, tensor<1xi64>) -> tensor<1xi64> loc(#loc19)
        %26 = "ttir.where"(%24, %25, %23) : (tensor<1xi1>, tensor<1xi64>, tensor<1xi64>) -> tensor<1xi64> loc(#loc20)
        %27 = "ttir.reshape"(%1) <{shape = [16 : i32, 3584 : i32]}> : (tensor<16x1x3584xbf16>) -> tensor<16x3584xbf16> loc(#loc21)
        %28 = "ttir.reshape"(%0) <{shape = [1 : i32, 576 : i32, 3584 : i32]}> : (tensor<576x3584xbf16>) -> tensor<1x576x3584xbf16> loc(#loc22)
        %29 = "ttir.reshape"(%28) <{shape = [576 : i32, 3584 : i32]}> : (tensor<1x576x3584xbf16>) -> tensor<576x3584xbf16> loc(#loc23)
        %30 = "ttir.permute"(%29) <{permutation = array<i64: 1, 0>}> : (tensor<576x3584xbf16>) -> tensor<3584x576xbf16> loc(#loc24)
        %31 = "ttir.dot_general"(%27, %30) <{batch_dims_lhs = array<i64>, batch_dims_rhs = array<i64>, contract_dims_lhs = array<i64: 1>, contract_dims_rhs = array<i64: 0>}> : (tensor<16x3584xbf16>, tensor<3584x576xbf16>) -> tensor<16x576xbf16> loc(#loc25)
        %32 = "ttir.all_reduce"(%31) <{cluster_axis = 0 : ui32, reduce_type = #ttcore.reduce_type<sum>}> : (tensor<16x576xbf16>) -> tensor<16x576xbf16> loc(#loc25)
        %33 = "ttir.reshape"(%32) <{shape = [16 : i32, 1 : i32, 576 : i32]}> : (tensor<16x576xbf16>) -> tensor<16x1x576xbf16> loc(#loc26)
        %34 = "ttir.slice_static"(%33) <{begins = [0 : i32, 0 : i32, 0 : i32], ends = [16 : i32, 1 : i32, 512 : i32], step = [1 : i32, 1 : i32, 1 : i32]}> : (tensor<16x1x576xbf16>) -> tensor<16x1x512xbf16> loc(#loc27)
        %35 = "ttir.reshape"(%34) <{shape = [16 : i32, 1 : i32, 1 : i32, 512 : i32]}> : (tensor<16x1x512xbf16>) -> tensor<16x1x1x512xbf16> loc(#loc28)
        %36 = "ttir.permute"(%35) <{permutation = array<i64: 2, 1, 0, 3>}> : (tensor<16x1x1x512xbf16>) -> tensor<1x1x16x512xbf16> loc(#loc29)
        %37 = "ttir.update_cache"(%3, %36, %2) <{batch_offset = 0 : i32}> : (tensor<16x1x1024x512xbf16>, tensor<1x1x16x512xbf16>, tensor<1xi64>) -> tensor<16x1x1024x512xbf16> loc(#loc29)
        %38 = "ttir.slice_static"(%33) <{begins = [0 : i32, 0 : i32, 512 : i32], ends = [16 : i32, 1 : i32, 576 : i32], step = [1 : i32, 1 : i32, 1 : i32]}> : (tensor<16x1x576xbf16>) -> tensor<16x1x64xbf16> loc(#loc30)
        %39 = "ttir.reshape"(%38) <{shape = [16 : i32, 1 : i32, 1 : i32, 32 : i32, 2 : i32]}> : (tensor<16x1x64xbf16>) -> tensor<16x1x1x32x2xbf16> loc(#loc31)
        %40 = "ttir.permute"(%39) <{permutation = array<i64: 0, 1, 2, 4, 3>}> : (tensor<16x1x1x32x2xbf16>) -> tensor<16x1x1x2x32xbf16> loc(#loc32)
        %41 = "ttir.reshape"(%40) <{shape = [16 : i32, 1 : i32, 1 : i32, 64 : i32]}> : (tensor<16x1x1x2x32xbf16>) -> tensor<16x1x1x64xbf16> loc(#loc33)
        %42 = "ttir.reshape"(%6) <{shape = [1 : i32, 1024 : i32, 64 : i32]}> : (tensor<1024x64xbf16>) -> tensor<1x1024x64xbf16> loc(#loc34)
        %43 = "ttir.reshape"(%42) <{shape = [1024 : i32, 64 : i32]}> : (tensor<1x1024x64xbf16>) -> tensor<1024x64xbf16> loc(#loc35)
        %44 = "ttir.reshape"(%4) <{shape = [1 : i32, 1 : i32, 1 : i32]}> : (tensor<1x1xi64>) -> tensor<1x1x1xi64> loc(#loc36)
        %45 = "ttir.reshape"(%44) <{shape = [1 : i32, 1 : i32]}> : (tensor<1x1x1xi64>) -> tensor<1x1xi64> loc(#loc37)
        %46 = "ttir.lt"(%45, %17) : (tensor<1x1xi64>, tensor<1x1xi64>) -> tensor<1x1xi1> loc(#loc38)
        %47 = "ttir.add"(%45, %18) : (tensor<1x1xi64>, tensor<1x1xi64>) -> tensor<1x1xi64> loc(#loc39)
        %48 = "ttir.where"(%46, %47, %45) : (tensor<1x1xi1>, tensor<1x1xi64>, tensor<1x1xi64>) -> tensor<1x1xi64> loc(#loc40)
        %49 = "ttir.reshape"(%48) <{shape = [1 : i32, 1 : i32, 1 : i32]}> : (tensor<1x1xi64>) -> tensor<1x1x1xi64> loc(#loc41)
        %50 = "ttir.gather"(%43, %49) <{collapsed_slice_dims = array<i64: 0>, index_vector_dim = 2 : si64, indices_are_sorted = false, offset_dims = array<i64: 2>, operand_batching_dims = array<i64>, slice_sizes = array<i64: 1, 64>, start_index_map = array<i64: 0>, start_indices_batching_dims = array<i64>}> : (tensor<1024x64xbf16>, tensor<1x1x1xi64>) -> tensor<1x1x64xbf16> loc(#loc42)
        %51 = "ttir.reshape"(%50) <{shape = [1 : i32, 1 : i32, 1 : i32, 64 : i32]}> : (tensor<1x1x64xbf16>) -> tensor<1x1x1x64xbf16> loc(#loc43)
        %52 = "ttir.broadcast"(%51) <{broadcast_dimensions = array<i64: 16, 1, 1, 1>}> : (tensor<1x1x1x64xbf16>) -> tensor<16x1x1x64xbf16> loc(#loc43)
        %53 = "ttir.multiply"(%41, %52) : (tensor<16x1x1x64xbf16>, tensor<16x1x1x64xbf16>) -> tensor<16x1x1x64xbf16> loc(#loc44)
        %54 = "ttir.slice_static"(%41) <{begins = [0 : i32, 0 : i32, 0 : i32, 32 : i32], ends = [16 : i32, 1 : i32, 1 : i32, 64 : i32], step = [1 : i32, 1 : i32, 1 : i32, 1 : i32]}> : (tensor<16x1x1x64xbf16>) -> tensor<16x1x1x32xbf16> loc(#loc45)
        %55 = "ttir.neg"(%54) : (tensor<16x1x1x32xbf16>) -> tensor<16x1x1x32xbf16> loc(#loc46)
        %56 = "ttir.slice_static"(%41) <{begins = [0 : i32, 0 : i32, 0 : i32, 0 : i32], ends = [16 : i32, 1 : i32, 1 : i32, 32 : i32], step = [1 : i32, 1 : i32, 1 : i32, 1 : i32]}> : (tensor<16x1x1x64xbf16>) -> tensor<16x1x1x32xbf16> loc(#loc47)
        %57 = "ttir.concat"(%55, %56) <{dim = 3 : si32}> : (tensor<16x1x1x32xbf16>, tensor<16x1x1x32xbf16>) -> tensor<16x1x1x64xbf16> loc(#loc48)
        %58 = "ttir.reshape"(%5) <{shape = [1 : i32, 1024 : i32, 64 : i32]}> : (tensor<1024x64xbf16>) -> tensor<1x1024x64xbf16> loc(#loc49)
        %59 = "ttir.reshape"(%58) <{shape = [1024 : i32, 64 : i32]}> : (tensor<1x1024x64xbf16>) -> tensor<1024x64xbf16> loc(#loc50)
        %60 = "ttir.gather"(%59, %49) <{collapsed_slice_dims = array<i64: 0>, index_vector_dim = 2 : si64, indices_are_sorted = false, offset_dims = array<i64: 2>, operand_batching_dims = array<i64>, slice_sizes = array<i64: 1, 64>, start_index_map = array<i64: 0>, start_indices_batching_dims = array<i64>}> : (tensor<1024x64xbf16>, tensor<1x1x1xi64>) -> tensor<1x1x64xbf16> loc(#loc51)
        %61 = "ttir.reshape"(%60) <{shape = [1 : i32, 1 : i32, 1 : i32, 64 : i32]}> : (tensor<1x1x64xbf16>) -> tensor<1x1x1x64xbf16> loc(#loc52)
        %62 = "ttir.broadcast"(%61) <{broadcast_dimensions = array<i64: 16, 1, 1, 1>}> : (tensor<1x1x1x64xbf16>) -> tensor<16x1x1x64xbf16> loc(#loc52)
        %63 = "ttir.multiply"(%57, %62) : (tensor<16x1x1x64xbf16>, tensor<16x1x1x64xbf16>) -> tensor<16x1x1x64xbf16> loc(#loc53)
        %64 = "ttir.add"(%53, %63) : (tensor<16x1x1x64xbf16>, tensor<16x1x1x64xbf16>) -> tensor<16x1x1x64xbf16> loc(#loc54)
        %65 = "ttir.permute"(%64) <{permutation = array<i64: 2, 1, 0, 3>}> : (tensor<16x1x1x64xbf16>) -> tensor<1x1x16x64xbf16> loc(#loc55)
        %66 = "ttir.update_cache"(%7, %65, %2) <{batch_offset = 0 : i32}> : (tensor<16x1x1024x64xbf16>, tensor<1x1x16x64xbf16>, tensor<1xi64>) -> tensor<16x1x1024x64xbf16> loc(#loc55)
        %67 = "ttir.reshape"(%14) <{shape = [1 : i32, 1536 : i32, 3584 : i32]}> : (tensor<1536x3584xbf16>) -> tensor<1x1536x3584xbf16> loc(#loc56)
        %68 = "ttir.reshape"(%67) <{shape = [1536 : i32, 3584 : i32]}> : (tensor<1x1536x3584xbf16>) -> tensor<1536x3584xbf16> loc(#loc57)
        %69 = "ttir.permute"(%68) <{permutation = array<i64: 1, 0>}> : (tensor<1536x3584xbf16>) -> tensor<3584x1536xbf16> loc(#loc58)
        %70 = "ttir.dot_general"(%27, %69) <{batch_dims_lhs = array<i64>, batch_dims_rhs = array<i64>, contract_dims_lhs = array<i64: 1>, contract_dims_rhs = array<i64: 0>}> : (tensor<16x3584xbf16>, tensor<3584x1536xbf16>) -> tensor<16x1536xbf16> loc(#loc59)
        %71 = "ttir.all_reduce"(%70) <{cluster_axis = 0 : ui32, reduce_type = #ttcore.reduce_type<sum>}> : (tensor<16x1536xbf16>) -> tensor<16x1536xbf16> loc(#loc59)
        %72 = "ttir.reshape"(%71) <{shape = [16 : i32, 1 : i32, 1536 : i32]}> : (tensor<16x1536xbf16>) -> tensor<16x1x1536xbf16> loc(#loc60)
        %73 = "ttir.reshape"(%13) <{shape = [1 : i32, 1 : i32, 1536 : i32]}> : (tensor<1536xbf16>) -> tensor<1x1x1536xbf16> loc(#loc61)
        %74 = "ttir.reshape"(%73) <{shape = [1536 : i32]}> : (tensor<1x1x1536xbf16>) -> tensor<1536xbf16> loc(#loc62)
        %75 = "ttir.rms_norm"(%72, %74) <{epsilon = 9.99999997E-7 : f32, normalized_shape = array<i64: 1536>, operandSegmentSizes = array<i32: 1, 1, 0>}> : (tensor<16x1x1536xbf16>, tensor<1536xbf16>) -> tensor<16x1x1536xbf16> loc(#loc)
        %76 = "ttir.reshape"(%75) <{shape = [16 : i32, 1536 : i32]}> : (tensor<16x1x1536xbf16>) -> tensor<16x1536xbf16> loc(#loc63)
        %77 = "ttir.reshape"(%12) <{shape = [1 : i32, 6144 : i32, 1536 : i32]}> : (tensor<6144x1536xbf16>) -> tensor<1x6144x1536xbf16> loc(#loc64)
        %78 = "ttir.reshape"(%77) <{shape = [6144 : i32, 1536 : i32]}> : (tensor<1x6144x1536xbf16>) -> tensor<6144x1536xbf16> loc(#loc65)
        %79 = "ttir.permute"(%78) <{permutation = array<i64: 1, 0>}> : (tensor<6144x1536xbf16>) -> tensor<1536x6144xbf16> loc(#loc66)
        %80 = "ttir.dot_general"(%76, %79) <{batch_dims_lhs = array<i64>, batch_dims_rhs = array<i64>, contract_dims_lhs = array<i64: 1>, contract_dims_rhs = array<i64: 0>}> : (tensor<16x1536xbf16>, tensor<1536x6144xbf16>) -> tensor<16x6144xbf16> loc(#loc67)
        %81 = "ttir.reshape"(%80) <{shape = [16 : i32, 32 : i32, 1 : i32, 192 : i32]}> : (tensor<16x6144xbf16>) -> tensor<16x32x1x192xbf16> loc(#loc68)
        %82 = "ttir.slice_static"(%81) <{begins = [0 : i32, 0 : i32, 0 : i32, 0 : i32], ends = [16 : i32, 32 : i32, 1 : i32, 128 : i32], step = [1 : i32, 1 : i32, 1 : i32, 1 : i32]}> : (tensor<16x32x1x192xbf16>) -> tensor<16x32x1x128xbf16> loc(#loc69)
        %83 = "ttir.slice_static"(%81) <{begins = [0 : i32, 0 : i32, 0 : i32, 128 : i32], ends = [16 : i32, 32 : i32, 1 : i32, 192 : i32], step = [1 : i32, 1 : i32, 1 : i32, 1 : i32]}> : (tensor<16x32x1x192xbf16>) -> tensor<16x32x1x64xbf16> loc(#loc70)
        %84 = "ttir.reshape"(%83) <{shape = [16 : i32, 32 : i32, 1 : i32, 32 : i32, 2 : i32]}> : (tensor<16x32x1x64xbf16>) -> tensor<16x32x1x32x2xbf16> loc(#loc71)
        %85 = "ttir.permute"(%84) <{permutation = array<i64: 0, 1, 2, 4, 3>}> : (tensor<16x32x1x32x2xbf16>) -> tensor<16x32x1x2x32xbf16> loc(#loc72)
        %86 = "ttir.reshape"(%85) <{shape = [16 : i32, 32 : i32, 1 : i32, 64 : i32]}> : (tensor<16x32x1x2x32xbf16>) -> tensor<16x32x1x64xbf16> loc(#loc73)
        %87 = "ttir.reshape"(%50) <{shape = [1 : i32, 64 : i32]}> : (tensor<1x1x64xbf16>) -> tensor<1x64xbf16> loc(#loc74)
        %88 = "ttir.reshape"(%87) <{shape = [1 : i32, 1 : i32, 1 : i32, 64 : i32]}> : (tensor<1x64xbf16>) -> tensor<1x1x1x64xbf16> loc(#loc75)
        %89 = "ttir.broadcast"(%88) <{broadcast_dimensions = array<i64: 16, 32, 1, 1>}> : (tensor<1x1x1x64xbf16>) -> tensor<16x32x1x64xbf16> loc(#loc75)
        %90 = "ttir.multiply"(%86, %89) : (tensor<16x32x1x64xbf16>, tensor<16x32x1x64xbf16>) -> tensor<16x32x1x64xbf16> loc(#loc76)
        %91 = "ttir.slice_static"(%86) <{begins = [0 : i32, 0 : i32, 0 : i32, 32 : i32], ends = [16 : i32, 32 : i32, 1 : i32, 64 : i32], step = [1 : i32, 1 : i32, 1 : i32, 1 : i32]}> : (tensor<16x32x1x64xbf16>) -> tensor<16x32x1x32xbf16> loc(#loc77)
        %92 = "ttir.neg"(%91) : (tensor<16x32x1x32xbf16>) -> tensor<16x32x1x32xbf16> loc(#loc78)
        %93 = "ttir.slice_static"(%86) <{begins = [0 : i32, 0 : i32, 0 : i32, 0 : i32], ends = [16 : i32, 32 : i32, 1 : i32, 32 : i32], step = [1 : i32, 1 : i32, 1 : i32, 1 : i32]}> : (tensor<16x32x1x64xbf16>) -> tensor<16x32x1x32xbf16> loc(#loc79)
        %94 = "ttir.concat"(%92, %93) <{dim = 3 : si32}> : (tensor<16x32x1x32xbf16>, tensor<16x32x1x32xbf16>) -> tensor<16x32x1x64xbf16> loc(#loc80)
        %95 = "ttir.reshape"(%60) <{shape = [1 : i32, 64 : i32]}> : (tensor<1x1x64xbf16>) -> tensor<1x64xbf16> loc(#loc81)
        %96 = "ttir.reshape"(%95) <{shape = [1 : i32, 1 : i32, 1 : i32, 64 : i32]}> : (tensor<1x64xbf16>) -> tensor<1x1x1x64xbf16> loc(#loc82)
        %97 = "ttir.broadcast"(%96) <{broadcast_dimensions = array<i64: 16, 32, 1, 1>}> : (tensor<1x1x1x64xbf16>) -> tensor<16x32x1x64xbf16> loc(#loc82)
        %98 = "ttir.multiply"(%94, %97) : (tensor<16x32x1x64xbf16>, tensor<16x32x1x64xbf16>) -> tensor<16x32x1x64xbf16> loc(#loc83)
        %99 = "ttir.add"(%90, %98) : (tensor<16x32x1x64xbf16>, tensor<16x32x1x64xbf16>) -> tensor<16x32x1x64xbf16> loc(#loc84)
        %100 = "ttir.concat"(%82, %99) <{dim = 3 : si32}> : (tensor<16x32x1x128xbf16>, tensor<16x32x1x64xbf16>) -> tensor<16x32x1x192xbf16> loc(#loc85)
        %101 = "ttir.reshape"(%37) <{shape = [16 : i32, 1024 : i32, 512 : i32]}> : (tensor<16x1x1024x512xbf16>) -> tensor<16x1024x512xbf16> loc(#loc86)
        %102 = "ttir.reshape"(%10) <{shape = [1 : i32, 1 : i32, 512 : i32]}> : (tensor<512xbf16>) -> tensor<1x1x512xbf16> loc(#loc87)
        %103 = "ttir.reshape"(%102) <{shape = [512 : i32]}> : (tensor<1x1x512xbf16>) -> tensor<512xbf16> loc(#loc88)
        %104 = "ttir.rms_norm"(%101, %103) <{epsilon = 9.99999997E-7 : f32, normalized_shape = array<i64: 512>, operandSegmentSizes = array<i32: 1, 1, 0>}> : (tensor<16x1024x512xbf16>, tensor<512xbf16>) -> tensor<16x1024x512xbf16> loc(#loc)
        %105 = "ttir.reshape"(%104) <{shape = [16384 : i32, 512 : i32]}> : (tensor<16x1024x512xbf16>) -> tensor<16384x512xbf16> loc(#loc89)
        %106 = "ttir.reshape"(%9) <{shape = [1 : i32, 8192 : i32, 512 : i32]}> : (tensor<8192x512xbf16>) -> tensor<1x8192x512xbf16> loc(#loc90)
        %107 = "ttir.reshape"(%106) <{shape = [8192 : i32, 512 : i32]}> : (tensor<1x8192x512xbf16>) -> tensor<8192x512xbf16> loc(#loc91)
        %108 = "ttir.permute"(%107) <{permutation = array<i64: 1, 0>}> : (tensor<8192x512xbf16>) -> tensor<512x8192xbf16> loc(#loc92)
        %109 = "ttir.dot_general"(%105, %108) <{batch_dims_lhs = array<i64>, batch_dims_rhs = array<i64>, contract_dims_lhs = array<i64: 1>, contract_dims_rhs = array<i64: 0>}> : (tensor<16384x512xbf16>, tensor<512x8192xbf16>) -> tensor<16384x8192xbf16> loc(#loc93)
        %110 = "ttir.reshape"(%109) <{shape = [16 : i32, 1024 : i32, 32 : i32, 256 : i32]}> : (tensor<16384x8192xbf16>) -> tensor<16x1024x32x256xbf16> loc(#loc94)
        %111 = "ttir.permute"(%110) <{permutation = array<i64: 0, 2, 1, 3>}> : (tensor<16x1024x32x256xbf16>) -> tensor<16x32x1024x256xbf16> loc(#loc95)
        %112 = "ttir.slice_static"(%111) <{begins = [0 : i32, 0 : i32, 0 : i32, 0 : i32], ends = [16 : i32, 32 : i32, 1024 : i32, 128 : i32], step = [1 : i32, 1 : i32, 1 : i32, 1 : i32]}> : (tensor<16x32x1024x256xbf16>) -> tensor<16x32x1024x128xbf16> loc(#loc96)
        %113 = "ttir.reshape"(%66) <{shape = [16 : i32, 1024 : i32, 64 : i32]}> : (tensor<16x1x1024x64xbf16>) -> tensor<16x1024x64xbf16> loc(#loc97)
        %114 = "ttir.reshape"(%113) <{shape = [16 : i32, 1 : i32, 1024 : i32, 64 : i32]}> : (tensor<16x1024x64xbf16>) -> tensor<16x1x1024x64xbf16> loc(#loc98)
        %115 = "ttir.broadcast"(%114) <{broadcast_dimensions = array<i64: 1, 32, 1, 1>}> : (tensor<16x1x1024x64xbf16>) -> tensor<16x32x1024x64xbf16> loc(#loc98)
        %116 = "ttir.concat"(%112, %115) <{dim = 3 : si32}> : (tensor<16x32x1024x128xbf16>, tensor<16x32x1024x64xbf16>) -> tensor<16x32x1024x192xbf16> loc(#loc99)
        %117 = "ttir.permute"(%116) <{permutation = array<i64: 0, 1, 3, 2>}> : (tensor<16x32x1024x192xbf16>) -> tensor<16x32x192x1024xbf16> loc(#loc100)
        %118 = "ttir.dot_general"(%100, %117) <{batch_dims_lhs = array<i64: 0, 1>, batch_dims_rhs = array<i64: 0, 1>, contract_dims_lhs = array<i64: 3>, contract_dims_rhs = array<i64: 2>}> : (tensor<16x32x1x192xbf16>, tensor<16x32x192x1024xbf16>) -> tensor<16x32x1x1024xbf16> loc(#loc101)
        %119 = "ttir.multiply"(%118, %21) : (tensor<16x32x1x1024xbf16>, tensor<16x32x1x1024xbf16>) -> tensor<16x32x1x1024xbf16> loc(#loc102)
        %120 = "ttir.reshape"(%11) <{shape = [16 : i32, 1 : i32, 1024 : i32]}> : (tensor<16x1x1x1024xbf16>) -> tensor<16x1x1024xbf16> loc(#loc103)
        %121 = "ttir.reshape"(%120) <{shape = [16 : i32, 1 : i32, 1 : i32, 1024 : i32]}> : (tensor<16x1x1024xbf16>) -> tensor<16x1x1x1024xbf16> loc(#loc104)
        %122 = "ttir.broadcast"(%121) <{broadcast_dimensions = array<i64: 1, 32, 1, 1>}> : (tensor<16x1x1x1024xbf16>) -> tensor<16x32x1x1024xbf16> loc(#loc104)
        %123 = "ttir.add"(%119, %122) : (tensor<16x32x1x1024xbf16>, tensor<16x32x1x1024xbf16>) -> tensor<16x32x1x1024xbf16> loc(#loc105)
        %124 = "ttir.typecast"(%123) <{conservative_folding = false}> : (tensor<16x32x1x1024xbf16>) -> tensor<16x32x1x1024xf32> loc(#loc106)
        %125 = "ttir.max"(%124) <{dim_arg = [3 : i32], keep_dim = false}> : (tensor<16x32x1x1024xf32>) -> tensor<16x32x1xf32> loc(#loc107)
        %126 = "ttir.reshape"(%125) <{shape = [16 : i32, 32 : i32, 1 : i32, 1 : i32]}> : (tensor<16x32x1xf32>) -> tensor<16x32x1x1xf32> loc(#loc108)
        %127 = "ttir.broadcast"(%126) <{broadcast_dimensions = array<i64: 1, 1, 1, 1024>}> : (tensor<16x32x1x1xf32>) -> tensor<16x32x1x1024xf32> loc(#loc108)
        %128 = "ttir.subtract"(%124, %127) : (tensor<16x32x1x1024xf32>, tensor<16x32x1x1024xf32>) -> tensor<16x32x1x1024xf32> loc(#loc109)
        %129 = "ttir.exp"(%128) : (tensor<16x32x1x1024xf32>) -> tensor<16x32x1x1024xf32> loc(#loc110)
        %130 = "ttir.sum"(%129) <{dim_arg = [3 : i32], keep_dim = false}> : (tensor<16x32x1x1024xf32>) -> tensor<16x32x1xf32> loc(#loc111)
        %131 = "ttir.reshape"(%130) <{shape = [16 : i32, 32 : i32, 1 : i32, 1 : i32]}> : (tensor<16x32x1xf32>) -> tensor<16x32x1x1xf32> loc(#loc112)
        %132 = "ttir.broadcast"(%131) <{broadcast_dimensions = array<i64: 1, 1, 1, 1024>}> : (tensor<16x32x1x1xf32>) -> tensor<16x32x1x1024xf32> loc(#loc112)
        %133 = "ttir.div"(%129, %132) : (tensor<16x32x1x1024xf32>, tensor<16x32x1x1024xf32>) -> tensor<16x32x1x1024xf32> loc(#loc113)
        %134 = "ttir.typecast"(%133) <{conservative_folding = false}> : (tensor<16x32x1x1024xf32>) -> tensor<16x32x1x1024xbf16> loc(#loc114)
        %135 = "ttir.slice_static"(%111) <{begins = [0 : i32, 0 : i32, 0 : i32, 128 : i32], ends = [16 : i32, 32 : i32, 1024 : i32, 256 : i32], step = [1 : i32, 1 : i32, 1 : i32, 1 : i32]}> : (tensor<16x32x1024x256xbf16>) -> tensor<16x32x1024x128xbf16> loc(#loc115)
        %136 = "ttir.dot_general"(%134, %135) <{batch_dims_lhs = array<i64: 0, 1>, batch_dims_rhs = array<i64: 0, 1>, contract_dims_lhs = array<i64: 3>, contract_dims_rhs = array<i64: 2>}> : (tensor<16x32x1x1024xbf16>, tensor<16x32x1024x128xbf16>) -> tensor<16x32x1x128xbf16> loc(#loc116)
        %137 = "ttir.reshape"(%136) <{shape = [16 : i32, 4096 : i32]}> : (tensor<16x32x1x128xbf16>) -> tensor<16x4096xbf16> loc(#loc117)
        %138 = "ttir.reshape"(%8) <{shape = [1 : i32, 7168 : i32, 4096 : i32]}> : (tensor<7168x4096xbf16>) -> tensor<1x7168x4096xbf16> loc(#loc118)
        %139 = "ttir.reshape"(%138) <{shape = [7168 : i32, 4096 : i32]}> : (tensor<1x7168x4096xbf16>) -> tensor<7168x4096xbf16> loc(#loc119)
        %140 = "ttir.permute"(%139) <{permutation = array<i64: 1, 0>}> : (tensor<7168x4096xbf16>) -> tensor<4096x7168xbf16> loc(#loc120)
        %141 = "ttir.dot_general"(%137, %140) <{batch_dims_lhs = array<i64>, batch_dims_rhs = array<i64>, contract_dims_lhs = array<i64: 1>, contract_dims_rhs = array<i64: 0>}> : (tensor<16x4096xbf16>, tensor<4096x7168xbf16>) -> tensor<16x7168xbf16> loc(#loc121)
        %142 = "ttir.all_reduce"(%141) <{cluster_axis = 0 : ui32, reduce_type = #ttcore.reduce_type<sum>}> : (tensor<16x7168xbf16>) -> tensor<16x7168xbf16> loc(#loc121)
        %143 = "ttir.reshape"(%142) <{shape = [16 : i32, 1 : i32, 7168 : i32]}> : (tensor<16x7168xbf16>) -> tensor<16x1x7168xbf16> loc(#loc122)
        %144 = "ttir.mesh_shard"(%37) <{shard_dims = array<i64: -1, 0>, shard_direction = #ttcore.shard_direction<shard_to_full>, shard_shape = array<i64: 4, 1, 1, 1>, shard_type = #ttcore.shard_type<identity>}> : (tensor<16x1x1024x512xbf16>) -> tensor<64x1x1024x512xbf16> loc(#loc)
        %145 = "ttir.mesh_shard"(%66) <{shard_dims = array<i64: -1, 0>, shard_direction = #ttcore.shard_direction<shard_to_full>, shard_shape = array<i64: 4, 1, 1, 1>, shard_type = #ttcore.shard_type<identity>}> : (tensor<16x1x1024x64xbf16>) -> tensor<64x1x1024x64xbf16> loc(#loc)
        %146 = "ttir.mesh_shard"(%143) <{shard_dims = array<i64: -1, 0>, shard_direction = #ttcore.shard_direction<shard_to_full>, shard_shape = array<i64: 4, 1, 1>, shard_type = #ttcore.shard_type<identity>}> : (tensor<16x1x7168xbf16>) -> tensor<64x1x7168xbf16> loc(#loc)
        return %144, %145, %146 : tensor<64x1x1024x512xbf16>, tensor<64x1x1024x64xbf16>, tensor<64x1x7168xbf16> loc(#loc)
      } loc(#loc)
    } loc(#loc)
  } loc(#loc)
} loc(#loc)
#loc = loc(unknown)
#loc16 = loc("reshape.14")
#loc17 = loc("reshape.16")
#loc18 = loc("compare.23")
#loc19 = loc("add.20")
#loc20 = loc("select.24")
#loc21 = loc("reshape.8")
#loc22 = loc("reshape.2")
#loc23 = loc("reshape.4")
#loc24 = loc("transpose.5")
#loc25 = loc("dot.9")
#loc26 = loc("reshape.10")
#loc27 = loc("slice.11")
#loc28 = loc("reshape.12")
#loc29 = loc("scatter.33")
#loc30 = loc("slice.57")
#loc31 = loc("reshape.60")
#loc32 = loc("transpose.61")
#loc33 = loc("reshape.62")
#loc34 = loc("reshape.81")
#loc35 = loc("reshape.83")
#loc36 = loc("reshape.37")
#loc37 = loc("reshape.39")
#loc38 = loc("compare.76")
#loc39 = loc("add.73")
#loc40 = loc("select.77")
#loc41 = loc("reshape.78")
#loc42 = loc("gather.85")
#loc43 = loc("broadcast.88")
#loc44 = loc("multiply.89")
#loc45 = loc("slice.64")
#loc46 = loc("negate.65")
#loc47 = loc("slice.63")
#loc48 = loc("concatenate.66")
#loc49 = loc("reshape.51")
#loc50 = loc("reshape.53")
#loc51 = loc("gather.55")
#loc52 = loc("broadcast.68")
#loc53 = loc("multiply.69")
#loc54 = loc("add.92")
#loc55 = loc("scatter.109")
#loc56 = loc("reshape.196")
#loc57 = loc("reshape.198")
#loc58 = loc("transpose.199")
#loc59 = loc("dot.201")
#loc60 = loc("reshape.202")
#loc61 = loc("reshape.187")
#loc62 = loc("reshape.189")
#loc63 = loc("reshape.236")
#loc64 = loc("reshape.182")
#loc65 = loc("reshape.184")
#loc66 = loc("transpose.185")
#loc67 = loc("dot.237")
#loc68 = loc("transpose.240")
#loc69 = loc("slice.258")
#loc70 = loc("slice.241")
#loc71 = loc("reshape.242")
#loc72 = loc("transpose.243")
#loc73 = loc("reshape.244")
#loc74 = loc("reshape.252")
#loc75 = loc("broadcast.253")
#loc76 = loc("multiply.254")
#loc77 = loc("slice.246")
#loc78 = loc("negate.247")
#loc79 = loc("slice.245")
#loc80 = loc("concatenate.248")
#loc81 = loc("reshape.249")
#loc82 = loc("broadcast.250")
#loc83 = loc("multiply.251")
#loc84 = loc("add.257")
#loc85 = loc("concatenate.259")
#loc86 = loc("reshape.130")
#loc87 = loc("reshape.122")
#loc88 = loc("reshape.124")
#loc89 = loc("reshape.164")
#loc90 = loc("reshape.117")
#loc91 = loc("reshape.119")
#loc92 = loc("transpose.120")
#loc93 = loc("dot.165")
#loc94 = loc("reshape.167")
#loc95 = loc("transpose.168")
#loc96 = loc("slice.177")
#loc97 = loc("reshape.175")
#loc98 = loc("broadcast.176")
#loc99 = loc("concatenate.178")
#loc100 = loc("transpose.179")
#loc101 = loc("dot.260")
#loc102 = loc("multiply.263")
#loc103 = loc("reshape.266")
#loc104 = loc("broadcast.267")
#loc105 = loc("add.268")
#loc106 = loc("convert.269")
#loc107 = loc("reduce.275")
#loc108 = loc("broadcast.276")
#loc109 = loc("subtract.277")
#loc110 = loc("exponential.278")
#loc111 = loc("reduce.284")
#loc112 = loc("broadcast.285")
#loc113 = loc("divide.286")
#loc114 = loc("convert.287")
#loc115 = loc("slice.169")
#loc116 = loc("dot.288")
#loc117 = loc("reshape.292")
#loc118 = loc("reshape.112")
#loc119 = loc("reshape.114")
#loc120 = loc("transpose.115")
#loc121 = loc("dot.293")
#loc122 = loc("reshape.294")
------------------ END OF MLIR MODULE ------------------
2026-02-10 20:35:29.779 (  10.922s) [        C75E3480]      module_builder.cc:862   WARN| `mhlo.num_partitions` attribute not found, assuming default number of partitions: 1
2026-02-10 20:35:29.779 (  10.922s) [        C75E3480]      module_builder.cc:876   WARN| `mhlo.num_replicas` attribute not found, assuming default number of replicas: 1
2026-02-10 20:35:29.779 (  10.922s) [        C75E3480]      module_builder.cc:886   WARN| Num replicas and num partitions are not set, inferring the number of devices from mesh shape
2026-02-10 20:35:29.807 (  10.950s) [        C75E3480]      module_builder.cc:1121     1| MLIR Module ttnn:
#dram = #ttnn.buffer_type<dram>
#l1 = #ttnn.buffer_type<l1>
#loc = loc(unknown)
#loc3 = loc("p0.1")
#loc4 = loc("p1.6")
#loc5 = loc("p2.13")
#loc6 = loc("p3.27")
#loc7 = loc("p4.36")
#loc8 = loc("p5.50")
#loc9 = loc("p6.80")
#loc10 = loc("p7.103")
#loc11 = loc("p8.111")
#loc12 = loc("p9.116")
#loc13 = loc("p10.121")
#loc14 = loc("p11.171")
#loc15 = loc("p12.181")
#loc16 = loc("p13.186")
#loc17 = loc("p14.195")
#system_desc = #ttcore.system_desc<[{role = host, target_triple = "x86_64-pc-linux"}], [{arch = <wormhole_b0>, grid = 8x8, coord_translation_offsets = 18x18, l1_size = 1499136, num_dram_channels = 12, dram_channel_size = 1073741824, noc_l1_address_align_bytes = 16, pcie_address_align_bytes = 32, noc_dram_address_align_bytes = 32, l1_unreserved_base = 103712, erisc_l1_unreserved_base = 98304, dram_unreserved_base = 1920032, dram_unreserved_end = 1073136832, supported_data_types = [<f32>, <f16>, <bf16>, <bfp_f8>, <bfp_bf8>, <bfp_f4>, <bfp_bf4>, <bfp_f2>, <bfp_bf2>, <u32>, <u16>, <u8>, <si32>], supported_tile_sizes = [ 4x16,  16x16,  32x16,  4x32,  16x32,  32x32], dst_physical_size_tiles = 16, num_cbs = 64, num_compute_threads = 1, num_datamovement_threads = 2}, {arch = <wormhole_b0>, grid = 8x8, coord_translation_offsets = 18x18, l1_size = 1499136, num_dram_channels = 12, dram_channel_size = 1073741824, noc_l1_address_align_bytes = 16, pcie_address_align_bytes = 32, noc_dram_address_align_bytes = 32, l1_unreserved_base = 103712, erisc_l1_unreserved_base = 98304, dram_unreserved_base = 1920032, dram_unreserved_end = 1073136832, supported_data_types = [<f32>, <f16>, <bf16>, <bfp_f8>, <bfp_bf8>, <bfp_f4>, <bfp_bf4>, <bfp_f2>, <bfp_bf2>, <u32>, <u16>, <u8>, <si32>], supported_tile_sizes = [ 4x16,  16x16,  32x16,  4x32,  16x32,  32x32], dst_physical_size_tiles = 16, num_cbs = 64, num_compute_threads = 1, num_datamovement_threads = 2}, {arch = <wormhole_b0>, grid = 8x8, coord_translation_offsets = 18x18, l1_size = 1499136, num_dram_channels = 12, dram_channel_size = 1073741824, noc_l1_address_align_bytes = 16, pcie_address_align_bytes = 32, noc_dram_address_align_bytes = 32, l1_unreserved_base = 103712, erisc_l1_unreserved_base = 98304, dram_unreserved_base = 1920032, dram_unreserved_end = 1073136832, supported_data_types = [<f32>, <f16>, <bf16>, <bfp_f8>, <bfp_bf8>, <bfp_f4>, <bfp_bf4>, <bfp_f2>, <bfp_bf2>, <u32>, <u16>, <u8>, <si32>], supported_tile_sizes = [ 4x16,  16x16,  32x16,  4x32,  16x32,  32x32], dst_physical_size_tiles = 16, num_cbs = 64, num_compute_threads = 1, num_datamovement_threads = 2}, {arch = <wormhole_b0>, grid = 8x8, coord_translation_offsets = 18x18, l1_size = 1499136, num_dram_channels = 12, dram_channel_size = 1073741824, noc_l1_address_align_bytes = 16, pcie_address_align_bytes = 32, noc_dram_address_align_bytes = 32, l1_unreserved_base = 103712, erisc_l1_unreserved_base = 98304, dram_unreserved_base = 1920032, dram_unreserved_end = 1073136832, supported_data_types = [<f32>, <f16>, <bf16>, <bfp_f8>, <bfp_bf8>, <bfp_f4>, <bfp_bf4>, <bfp_f2>, <bfp_bf2>, <u32>, <u16>, <u8>, <si32>], supported_tile_sizes = [ 4x16,  16x16,  32x16,  4x32,  16x32,  32x32], dst_physical_size_tiles = 16, num_cbs = 64, num_compute_threads = 1, num_datamovement_threads = 2}, {arch = <wormhole_b0>, grid = 8x8, coord_translation_offsets = 18x18, l1_size = 1499136, num_dram_channels = 12, dram_channel_size = 1073741824, noc_l1_address_align_bytes = 16, pcie_address_align_bytes = 32, noc_dram_address_align_bytes = 32, l1_unreserved_base = 103712, erisc_l1_unreserved_base = 98304, dram_unreserved_base = 1920032, dram_unreserved_end = 1073154112, supported_data_types = [<f32>, <f16>, <bf16>, <bfp_f8>, <bfp_bf8>, <bfp_f4>, <bfp_bf4>, <bfp_f2>, <bfp_bf2>, <u32>, <u16>, <u8>, <si32>], supported_tile_sizes = [ 4x16,  16x16,  32x16,  4x32,  16x32,  32x32], dst_physical_size_tiles = 16, num_cbs = 64, num_compute_threads = 1, num_datamovement_threads = 2}, {arch = <wormhole_b0>, grid = 8x8, coord_translation_offsets = 18x18, l1_size = 1499136, num_dram_channels = 12, dram_channel_size = 1073741824, noc_l1_address_align_bytes = 16, pcie_address_align_bytes = 32, noc_dram_address_align_bytes = 32, l1_unreserved_base = 103712, erisc_l1_unreserved_base = 98304, dram_unreserved_base = 1920032, dram_unreserved_end = 1073154112, supported_data_types = [<f32>, <f16>, <bf16>, <bfp_f8>, <bfp_bf8>, <bfp_f4>, <bfp_bf4>, <bfp_f2>, <bfp_bf2>, <u32>, <u16>, <u8>, <si32>], supported_tile_sizes = [ 4x16,  16x16,  32x16,  4x32,  16x32,  32x32], dst_physical_size_tiles = 16, num_cbs = 64, num_compute_threads = 1, num_datamovement_threads = 2}, {arch = <wormhole_b0>, grid = 8x8, coord_translation_offsets = 18x18, l1_size = 1499136, num_dram_channels = 12, dram_channel_size = 1073741824, noc_l1_address_align_bytes = 16, pcie_address_align_bytes = 32, noc_dram_address_align_bytes = 32, l1_unreserved_base = 103712, erisc_l1_unreserved_base = 98304, dram_unreserved_base = 1920032, dram_unreserved_end = 1073154112, supported_data_types = [<f32>, <f16>, <bf16>, <bfp_f8>, <bfp_bf8>, <bfp_f4>, <bfp_bf4>, <bfp_f2>, <bfp_bf2>, <u32>, <u16>, <u8>, <si32>], supported_tile_sizes = [ 4x16,  16x16,  32x16,  4x32,  16x32,  32x32], dst_physical_size_tiles = 16, num_cbs = 64, num_compute_threads = 1, num_datamovement_threads = 2}, {arch = <wormhole_b0>, grid = 8x8, coord_translation_offsets = 18x18, l1_size = 1499136, num_dram_channels = 12, dram_channel_size = 1073741824, noc_l1_address_align_bytes = 16, pcie_address_align_bytes = 32, noc_dram_address_align_bytes = 32, l1_unreserved_base = 103712, erisc_l1_unreserved_base = 98304, dram_unreserved_base = 1920032, dram_unreserved_end = 1073154112, supported_data_types = [<f32>, <f16>, <bf16>, <bfp_f8>, <bfp_bf8>, <bfp_f4>, <bfp_bf4>, <bfp_f2>, <bfp_bf2>, <u32>, <u16>, <u8>, <si32>], supported_tile_sizes = [ 4x16,  16x16,  32x16,  4x32,  16x32,  32x32], dst_physical_size_tiles = 16, num_cbs = 64, num_compute_threads = 1, num_datamovement_threads = 2}], [0, 1, 2, 3, 4, 5, 6, 7], [1 : i32, 1 : i32, 1 : i32, 1 : i32, 0 : i32, 0 : i32, 0 : i32, 0 : i32], [ 0x0x0x0]>
#system_memory = #ttnn.buffer_type<system_memory>
#ttnn_layout = #ttnn.ttnn_layout<(d0, d1, d2, d3) -> (d0 * 32 + d1 * 32 + d2, d3), <1x1>, memref<1x1x!ttcore.tile<32x32, bf16>, #dram>, <interleaved>>
#ttnn_layout1 = #ttnn.ttnn_layout<() -> (0, 0), <1x1>, memref<1x1x!ttcore.tile<32x32, bf16>, #dram>, <interleaved>>
#ttnn_layout2 = #ttnn.ttnn_layout<(d0, d1) -> (d0, d1), <1x1>, memref<12288x1536xbf16, #system_memory>>
#ttnn_layout3 = #ttnn.ttnn_layout<(d0, d1) -> (d0, d1), <1x1>, memref<192x48x!ttcore.tile<32x32, bf16>, #dram>, <interleaved>>
#ttnn_layout4 = #ttnn.ttnn_layout<(d0, d1) -> (d0, d1), <1x1>, memref<12288x1536xbf16, #dram>, <interleaved>>
#ttnn_layout5 = #ttnn.ttnn_layout<(d0, d1) -> (d0, d1), <1x1>, memref<384x48x!ttcore.tile<32x32, bf16>, #dram>, <interleaved>>
#ttnn_layout6 = #ttnn.ttnn_layout<(d0, d1) -> (d0, d1), <1x1>, memref<576x7168xbf16, #system_memory>>
#ttnn_layout7 = #ttnn.ttnn_layout<(d0, d1) -> (d0, d1), <1x1>, memref<18x112x!ttcore.tile<32x32, bf16>, #dram>, <interleaved>>
#ttnn_layout8 = #ttnn.ttnn_layout<(d0, d1) -> (d0, d1), <1x1>, memref<576x7168xbf16, #dram>, <interleaved>>
#ttnn_layout9 = #ttnn.ttnn_layout<(d0, d1) -> (d0, d1), <1x1>, memref<18x224x!ttcore.tile<32x32, bf16>, #dram>, <interleaved>>
#ttnn_layout10 = #ttnn.ttnn_layout<(d0, d1) -> (d0, d1), <1x1>, memref<16384x512xbf16, #system_memory>>
#ttnn_layout11 = #ttnn.ttnn_layout<(d0, d1) -> (d0, d1), <1x1>, memref<256x16x!ttcore.tile<32x32, bf16>, #dram>, <interleaved>>
#ttnn_layout12 = #ttnn.ttnn_layout<(d0, d1) -> (d0, d1), <1x1>, memref<16384x512xbf16, #dram>, <interleaved>>
#ttnn_layout13 = #ttnn.ttnn_layout<(d0, d1) -> (d0, d1), <1x1>, memref<512x16x!ttcore.tile<32x32, bf16>, #dram>, <interleaved>>
#ttnn_layout14 = #ttnn.ttnn_layout<(d0, d1) -> (d0, d1), <1x1>, memref<1024x64xbf16, #system_memory>>
#ttnn_layout15 = #ttnn.ttnn_layout<(d0, d1) -> (d0, d1), <1x1>, memref<1024x64xbf16, #dram>, <interleaved>>
#ttnn_layout16 = #ttnn.ttnn_layout<(d0, d1) -> (d0, d1), <1x1>, memref<1x1x!ttcore.tile<32x32, si32>, #dram>, <interleaved>>
#ttnn_layout17 = #ttnn.ttnn_layout<(d0, d1) -> (d0, d1), <1x1>, memref<7168x8192xbf16, #system_memory>>
#ttnn_layout18 = #ttnn.ttnn_layout<(d0, d1) -> (d0, d1), <1x1>, memref<224x128x!ttcore.tile<32x32, bf16>, #dram>, <interleaved>>
#ttnn_layout19 = #ttnn.ttnn_layout<(d0, d1) -> (d0, d1), <1x1>, memref<7168x8192xbf16, #dram>, <interleaved>>
#ttnn_layout20 = #ttnn.ttnn_layout<(d0, d1) -> (d0, d1), <1x1>, memref<224x256x!ttcore.tile<32x32, bf16>, #dram>, <interleaved>>
#ttnn_layout21 = #ttnn.ttnn_layout<(d0, d1) -> (d0, d1), <1x1>, memref<1536x7168xbf16, #system_memory>>
#ttnn_layout22 = #ttnn.ttnn_layout<(d0, d1) -> (d0, d1), <1x1>, memref<48x112x!ttcore.tile<32x32, bf16>, #dram>, <interleaved>>
#ttnn_layout23 = #ttnn.ttnn_layout<(d0, d1) -> (d0, d1), <1x1>, memref<1536x7168xbf16, #dram>, <interleaved>>
#ttnn_layout24 = #ttnn.ttnn_layout<(d0, d1) -> (d0, d1), <1x1>, memref<48x224x!ttcore.tile<32x32, bf16>, #dram>, <interleaved>>
#ttnn_layout25 = #ttnn.ttnn_layout<(d0, d1, d2) -> (d0 * 32 + d1, d2), <1x1>, memref<64x224x!ttcore.tile<32x32, bf16>, #dram>, <interleaved>>
#ttnn_layout26 = #ttnn.ttnn_layout<(d0) -> (0, d0), <1x1>, memref<1x1xsi32, #dram>, <interleaved>>
#ttnn_layout27 = #ttnn.ttnn_layout<(d0, d1, d2, d3) -> (d0 * 1024 + d1 * 1024 + d2, d3), <1x1>, memref<2048x16x!ttcore.tile<32x32, bf16>, #dram>, <interleaved>>
#ttnn_layout28 = #ttnn.ttnn_layout<(d0, d1) -> (d0, d1), <1x1>, memref<1x1xsi32, #dram>, <interleaved>>
#ttnn_layout29 = #ttnn.ttnn_layout<(d0, d1, d2, d3) -> (d0 * 1024 + d1 * 1024 + d2, d3), <1x1>, memref<2048x2x!ttcore.tile<32x32, bf16>, #dram>, <interleaved>>
#ttnn_layout30 = #ttnn.ttnn_layout<(d0) -> (0, d0), <1x1>, memref<1x16x!ttcore.tile<32x32, bf16>, #dram>, <interleaved>>
#ttnn_layout31 = #ttnn.ttnn_layout<(d0, d1, d2, d3) -> (d0 * 32 + d1 * 32 + d2, d3), <1x1>, memref<64x32x!ttcore.tile<32x32, bf16>, #dram>, <interleaved>>
#ttnn_layout32 = #ttnn.ttnn_layout<(d0) -> (0, d0), <1x1>, memref<1x48x!ttcore.tile<32x32, bf16>, #dram>, <interleaved>>
#ttnn_layout33 = #ttnn.ttnn_layout<(d0, d1, d2) -> (d0 * 32 + d1, d2), <1x1>, memref<16x112x!ttcore.tile<32x32, bf16>, #dram>, <interleaved>>
#ttnn_layout34 = #ttnn.ttnn_layout<(d0, d1, d2, d3) -> (d0 * 1024 + d1 * 1024 + d2, d3), <1x1>, memref<512x16x!ttcore.tile<32x32, bf16>, #dram>, <interleaved>>
#ttnn_layout35 = #ttnn.ttnn_layout<(d0, d1, d2, d3) -> (d0 * 1024 + d1 * 1024 + d2, d3), <1x1>, memref<512x2x!ttcore.tile<32x32, bf16>, #dram>, <interleaved>>
#ttnn_layout36 = #ttnn.ttnn_layout<(d0, d1, d2, d3) -> (d0 * 32 + d1 * 32 + d2, d3), <1x1>, memref<16x32x!ttcore.tile<32x32, bf16>, #dram>, <interleaved>>
#ttnn_layout37 = #ttnn.ttnn_layout<(d0, d1) -> (d0, d1), <1x1>, memref<1x112x!ttcore.tile<32x32, bf16>, #dram>, <interleaved>>
#ttnn_layout38 = #ttnn.ttnn_layout<(d0, d1) -> (d0, d1), <1x1>, memref<1x18x!ttcore.tile<32x32, bf16>, #dram>, <interleaved>>
#ttnn_layout39 = #ttnn.ttnn_layout<(d0, d1, d2, d3) -> (d0 * 32 + d1 * 32 + d2, d3), <1x1>, memref<1x18x!ttcore.tile<32x32, bf16>, #dram>, <interleaved>>
#ttnn_layout40 = #ttnn.ttnn_layout<(d0, d1) -> (d0, d1), <1x1>, memref<1x16x!ttcore.tile<32x32, bf16>, #dram>, <interleaved>>
#ttnn_layout41 = #ttnn.ttnn_layout<(d0, d1, d2, d3) -> (d0 * 32 + d1 * 32 + d2, d3), <1x1>, memref<16x16x!ttcore.tile<32x32, bf16>, #dram>, <interleaved>>
#ttnn_layout42 = #ttnn.ttnn_layout<(d0, d1, d2, d3) -> (d0 * 512 + d1 * 32 + d2, d3), <1x1>, memref<16x16x!ttcore.tile<32x32, bf16>, #dram>, <interleaved>>
#ttnn_layout43 = #ttnn.ttnn_layout<(d0) -> (0, d0), <1x1>, memref<1x1x!ttcore.tile<32x32, si32>, #dram>, <interleaved>>
#ttnn_layout44 = #ttnn.ttnn_layout<(d0, d1, d2, d3) -> (d0 * 512 + d1 * 32 + d2, d3), <16x1, (d0, d1) -> (0, d0 floordiv 8, d0 mod 8)>, memref<1x16x!ttcore.tile<32x32, bf16>, #l1>, <height_sharded>>
#ttnn_layout45 = #ttnn.ttnn_layout<(d0) -> (0, d0), <1x1>, memref<1x16xsi32, #dram>, <interleaved>>
#ttnn_layout46 = #ttnn.ttnn_layout<(d0, d1) -> (d0, d1), <1x1>, memref<1x2x!ttcore.tile<32x32, bf16>, #dram>, <interleaved>>
#ttnn_layout47 = #ttnn.ttnn_layout<(d0, d1, d2, d3, d4) -> (d0 * 32 + d1 * 32 + d2 * 32 + d3, d4), <1x1>, memref<16x1x!ttcore.tile<32x32, bf16>, #dram>, <interleaved>>
#ttnn_layout48 = #ttnn.ttnn_layout<(d0, d1, d2, d3) -> (d0 * 32 + d1 * 32 + d2, d3), <1x1>, memref<16x2x!ttcore.tile<32x32, bf16>, #dram>, <interleaved>>
#ttnn_layout49 = #ttnn.ttnn_layout<(d0, d1) -> (d0, d1), <1x1>, memref<1x1x!ttcore.tile<32x32, bf16>, #dram>, <interleaved>>
#ttnn_layout50 = #ttnn.ttnn_layout<(d0, d1) -> (d0, d1), <1x1>, memref<1x1x!ttcore.tile<32x32, f32>, #dram>, <interleaved>>
#ttnn_layout51 = #ttnn.ttnn_layout<(d0, d1) -> (d0, d1), <1x1>, memref<1x1x!ttcore.tile<32x32, u32>, #dram>, <interleaved>>
#ttnn_layout52 = #ttnn.ttnn_layout<(d0, d1) -> (d0, d1), <1x1>, memref<1x1xui32, #dram>, <interleaved>>
#ttnn_layout53 = #ttnn.ttnn_layout<(d0, d1, d2) -> (d0 * 32 + d1, d2), <1x1>, memref<1x2x!ttcore.tile<32x32, bf16>, #dram>, <interleaved>>
#ttnn_layout54 = #ttnn.ttnn_layout<(d0, d1, d2, d3) -> (d0 * 32 + d1 * 32 + d2, d3), <1x1>, memref<1x2x!ttcore.tile<32x32, bf16>, #dram>, <interleaved>>
#ttnn_layout55 = #ttnn.ttnn_layout<(d0, d1, d2, d3) -> (d0 * 512 + d1 * 32 + d2, d3), <1x1>, memref<16x2x!ttcore.tile<32x32, bf16>, #dram>, <interleaved>>
#ttnn_layout56 = #ttnn.ttnn_layout<(d0, d1, d2, d3) -> (d0 * 32 + d1 * 32 + d2, d3), <1x1>, memref<16x1x!ttcore.tile<32x32, bf16>, #dram>, <interleaved>>
#ttnn_layout57 = #ttnn.ttnn_layout<(d0, d1, d2, d3) -> (d0 * 512 + d1 * 32 + d2, d3), <16x1, (d0, d1) -> (0, d0 floordiv 8, d0 mod 8)>, memref<1x2x!ttcore.tile<32x32, bf16>, #l1>, <height_sharded>>
#ttnn_layout58 = #ttnn.ttnn_layout<(d0, d1) -> (d0, d1), <1x1>, memref<1x48x!ttcore.tile<32x32, bf16>, #dram>, <interleaved>>
#ttnn_layout59 = #ttnn.ttnn_layout<(d0, d1, d2, d3) -> (d0 * 32 + d1 * 32 + d2, d3), <1x1>, memref<1x48x!ttcore.tile<32x32, bf16>, #dram>, <interleaved>>
#ttnn_layout60 = #ttnn.ttnn_layout<(d0, d1) -> (d0, d1), <1x1>, memref<1x192x!ttcore.tile<32x32, bf16>, #dram>, <interleaved>>
#ttnn_layout61 = #ttnn.ttnn_layout<(d0, d1, d2, d3) -> (d0 * 1024 + d1 * 32 + d2, d3), <1x1>, memref<512x6x!ttcore.tile<32x32, bf16>, #dram>, <interleaved>>
#ttnn_layout62 = #ttnn.ttnn_layout<(d0, d1, d2, d3) -> (d0 * 1024 + d1 * 32 + d2, d3), <1x1>, memref<512x4x!ttcore.tile<32x32, bf16>, #dram>, <interleaved>>
#ttnn_layout63 = #ttnn.ttnn_layout<(d0, d1, d2, d3) -> (d0 * 1024 + d1 * 32 + d2, d3), <1x1>, memref<512x2x!ttcore.tile<32x32, bf16>, #dram>, <interleaved>>
#ttnn_layout64 = #ttnn.ttnn_layout<(d0, d1, d2, d3, d4) -> (d0 * 1024 + d1 * 32 + d2 * 32 + d3, d4), <1x1>, memref<512x1x!ttcore.tile<32x32, bf16>, #dram>, <interleaved>>
#ttnn_layout65 = #ttnn.ttnn_layout<(d0, d1, d2, d3) -> (d0 * 1024 + d1 * 32 + d2, d3), <1x1>, memref<512x1x!ttcore.tile<32x32, bf16>, #dram>, <interleaved>>
#ttnn_layout66 = #ttnn.ttnn_layout<(d0, d1) -> (d0, d1), <1x1>, memref<512x256x!ttcore.tile<32x32, bf16>, #dram>, <interleaved>>
#ttnn_layout67 = #ttnn.ttnn_layout<(d0, d1, d2, d3) -> (d0 * 32768 + d1 * 32 + d2, d3), <1x1>, memref<16384x8x!ttcore.tile<32x32, bf16>, #dram>, <interleaved>>
#ttnn_layout68 = #ttnn.ttnn_layout<(d0, d1, d2, d3) -> (d0 * 32768 + d1 * 1024 + d2, d3), <1x1>, memref<16384x8x!ttcore.tile<32x32, bf16>, #dram>, <interleaved>>
#ttnn_layout69 = #ttnn.ttnn_layout<(d0, d1, d2, d3) -> (d0 * 32768 + d1 * 1024 + d2, d3), <1x1>, memref<16384x4x!ttcore.tile<32x32, bf16>, #dram>, <interleaved>>
#ttnn_layout70 = #ttnn.ttnn_layout<(d0, d1, d2, d3) -> (d0 * 32768 + d1 * 1024 + d2, d3), <1x1>, memref<16384x2x!ttcore.tile<32x32, bf16>, #dram>, <interleaved>>
#ttnn_layout71 = #ttnn.ttnn_layout<(d0, d1, d2, d3) -> (d0 * 32768 + d1 * 1024 + d2, d3), <1x1>, memref<16384x6x!ttcore.tile<32x32, bf16>, #dram>, <interleaved>>
#ttnn_layout72 = #ttnn.ttnn_layout<(d0, d1, d2, d3) -> (d0 * 1024 + d1 * 32 + d2, d3), <1x1>, memref<512x32x!ttcore.tile<32x32, bf16>, #dram>, <interleaved>>
#ttnn_layout73 = #ttnn.ttnn_layout<(d0, d1, d2, d3) -> (d0 * 1024 + d1 * 32 + d2, d3), <1x1>, memref<512x32x!ttcore.tile<32x32, f32>, #dram>, <interleaved>>
#ttnn_layout74 = #ttnn.ttnn_layout<(d0, d1) -> (d0, d1), <1x1>, memref<1x128x!ttcore.tile<32x32, bf16>, #dram>, <interleaved>>
#ttnn_layout75 = #ttnn.ttnn_layout<(d0, d1) -> (d0, d1), <1x1>, memref<1x224x!ttcore.tile<32x32, bf16>, #dram>, <interleaved>>
#ttnn_layout76 = #ttnn.ttnn_layout<(d0, d1, d2, d3) -> (d0 * 32 + d1 * 32 + d2, d3), <1x1>, memref<1x224x!ttcore.tile<32x32, bf16>, #dram>, <interleaved>>
#ttnn_layout77 = #ttnn.ttnn_layout<(d0, d1, d2) -> (d0 * 32 + d1, d2), <1x1>, memref<16x224x!ttcore.tile<32x32, bf16>, #dram>, <interleaved>>
module @SyncTensorsGraph.296 attributes {mhlo.cross_program_prefetches = [], mhlo.input_output_alias = [], mhlo.is_dynamic = false, mhlo.use_auto_spmd_partitioning = false, ttcore.meshes = #ttcore.meshes<[<"mesh" = 2x4>]>} {
  ttcore.device_module {
    builtin.module @SyncTensorsGraph.296 attributes {mhlo.cross_program_prefetches = [], mhlo.input_output_alias = [], mhlo.is_dynamic = false, mhlo.use_auto_spmd_partitioning = false, ttcore.meshes = #ttcore.meshes<[<"mesh" = 2x4>]>, ttcore.system_desc = #system_desc} {
      ttcore.device @default_device = <workerGrid = #ttcore.grid<8x8, (d0, d1) -> (0, d0, d1)>, l1Map = (d0, d1, d2)[s0] -> (0, d0, d1, d2 + s0), dramMap = (d0, d1, d2)[s0, s1, s2, s3, s4, s5, s6] -> (0, 0, (((d0 * s1) * (s2 * (s3 * s6)) + d1 * (s2 * (s3 * s6)) + d2) floordiv s4) mod 12, ((((d0 * s1) * (s2 * (s3 * s6)) + d1 * (s2 * (s3 * s6)) + d2) floordiv s4) floordiv 12) * s4 + ((d0 * s1) * (s2 * (s3 * s6)) + d1 * (s2 * (s3 * s6)) + d2) mod s4 + s5), meshShape = 2x4, chipIds = [0, 1, 2, 3, 4, 5, 6, 7]> loc(#loc)
      func.func private @main_const_eval_0() -> tensor<1x1x1x1xbf16, #ttnn_layout> attributes {tt.function_type = "const_eval"} {
        %0 = "ttnn.get_device"() <{mesh_offset = #ttnn<mesh_offset 0x0>, mesh_shape = #ttnn<mesh_shape 2x4>}> : () -> !ttnn.device loc(#loc)
        %1 = "ttnn.full"(%0) <{dtype = #ttcore.supportedDataTypes<bf16>, fill_value = 0.14453125 : f32, layout = #ttnn.layout<tile>, shape = #ttnn.shape<>}> : (!ttnn.device) -> tensor<bf16, #ttnn_layout1> loc(#loc)
        %2 = "ttnn.reshape"(%1) <{shape = [1 : i32, 1 : i32, 1 : i32, 1 : i32]}> : (tensor<bf16, #ttnn_layout1>) -> tensor<1x1x1x1xbf16, #ttnn_layout> loc(#loc)
        "ttnn.deallocate"(%1) <{force = false}> : (tensor<bf16, #ttnn_layout1>) -> () loc(#loc)
        return %2 : tensor<1x1x1x1xbf16, #ttnn_layout> loc(#loc)
      } loc(#loc)
      func.func private @main_const_eval_1(%arg0: tensor<12288x1536xbf16, #ttnn_layout2> loc(unknown)) -> tensor<6144x1536xbf16, #ttnn_layout3> attributes {tt.function_type = "const_eval"} {
        %0 = "ttnn.get_device"() <{mesh_offset = #ttnn<mesh_offset 0x0>, mesh_shape = #ttnn<mesh_shape 2x4>}> : () -> !ttnn.device loc(#loc)
        %1 = "ttnn.to_device"(%arg0, %0) <{memory_config = #ttnn.memory_config<#dram, <interleaved>>}> : (tensor<12288x1536xbf16, #ttnn_layout2>, !ttnn.device) -> tensor<12288x1536xbf16, #ttnn_layout4> loc(#loc)
        %2 = "ttnn.to_layout"(%1) <{layout = #ttnn.layout<tile>}> : (tensor<12288x1536xbf16, #ttnn_layout4>) -> tensor<12288x1536xbf16, #ttnn_layout5> loc(#loc)
        "ttnn.deallocate"(%1) <{force = false}> : (tensor<12288x1536xbf16, #ttnn_layout4>) -> () loc(#loc)
        %3 = "ttnn.mesh_shard"(%2, %0) <{shard_dims = array<i64: 0, -1>, shard_direction = #ttcore.shard_direction<full_to_shard>, shard_shape = array<i64: 2, 1>, shard_type = #ttcore.shard_type<identity>}> : (tensor<12288x1536xbf16, #ttnn_layout5>, !ttnn.device) -> tensor<6144x1536xbf16, #ttnn_layout3> loc(#loc)
        "ttnn.deallocate"(%2) <{force = false}> : (tensor<12288x1536xbf16, #ttnn_layout5>) -> () loc(#loc)
        return %3 : tensor<6144x1536xbf16, #ttnn_layout3> loc(#loc)
      } loc(#loc)
      func.func private @main_const_eval_2(%arg0: tensor<576x7168xbf16, #ttnn_layout6> loc(unknown)) -> tensor<576x3584xbf16, #ttnn_layout7> attributes {tt.function_type = "const_eval"} {
        %0 = "ttnn.get_device"() <{mesh_offset = #ttnn<mesh_offset 0x0>, mesh_shape = #ttnn<mesh_shape 2x4>}> : () -> !ttnn.device loc(#loc)
        %1 = "ttnn.to_device"(%arg0, %0) <{memory_config = #ttnn.memory_config<#dram, <interleaved>>}> : (tensor<576x7168xbf16, #ttnn_layout6>, !ttnn.device) -> tensor<576x7168xbf16, #ttnn_layout8> loc(#loc)
        %2 = "ttnn.to_layout"(%1) <{layout = #ttnn.layout<tile>}> : (tensor<576x7168xbf16, #ttnn_layout8>) -> tensor<576x7168xbf16, #ttnn_layout9> loc(#loc)
        "ttnn.deallocate"(%1) <{force = false}> : (tensor<576x7168xbf16, #ttnn_layout8>) -> () loc(#loc)
        %3 = "ttnn.mesh_shard"(%2, %0) <{shard_dims = array<i64: 1, -1>, shard_direction = #ttcore.shard_direction<full_to_shard>, shard_shape = array<i64: 1, 2>, shard_type = #ttcore.shard_type<identity>}> : (tensor<576x7168xbf16, #ttnn_layout9>, !ttnn.device) -> tensor<576x3584xbf16, #ttnn_layout7> loc(#loc)
        "ttnn.deallocate"(%2) <{force = false}> : (tensor<576x7168xbf16, #ttnn_layout9>) -> () loc(#loc)
        return %3 : tensor<576x3584xbf16, #ttnn_layout7> loc(#loc)
      } loc(#loc)
      func.func private @main_const_eval_3(%arg0: tensor<16384x512xbf16, #ttnn_layout10> loc(unknown)) -> tensor<8192x512xbf16, #ttnn_layout11> attributes {tt.function_type = "const_eval"} {
        %0 = "ttnn.get_device"() <{mesh_offset = #ttnn<mesh_offset 0x0>, mesh_shape = #ttnn<mesh_shape 2x4>}> : () -> !ttnn.device loc(#loc)
        %1 = "ttnn.to_device"(%arg0, %0) <{memory_config = #ttnn.memory_config<#dram, <interleaved>>}> : (tensor<16384x512xbf16, #ttnn_layout10>, !ttnn.device) -> tensor<16384x512xbf16, #ttnn_layout12> loc(#loc)
        %2 = "ttnn.to_layout"(%1) <{layout = #ttnn.layout<tile>}> : (tensor<16384x512xbf16, #ttnn_layout12>) -> tensor<16384x512xbf16, #ttnn_layout13> loc(#loc)
        "ttnn.deallocate"(%1) <{force = false}> : (tensor<16384x512xbf16, #ttnn_layout12>) -> () loc(#loc)
        %3 = "ttnn.mesh_shard"(%2, %0) <{shard_dims = array<i64: 0, -1>, shard_direction = #ttcore.shard_direction<full_to_shard>, shard_shape = array<i64: 2, 1>, shard_type = #ttcore.shard_type<identity>}> : (tensor<16384x512xbf16, #ttnn_layout13>, !ttnn.device) -> tensor<8192x512xbf16, #ttnn_layout11> loc(#loc)
        "ttnn.deallocate"(%2) <{force = false}> : (tensor<16384x512xbf16, #ttnn_layout13>) -> () loc(#loc)
        return %3 : tensor<8192x512xbf16, #ttnn_layout11> loc(#loc)
      } loc(#loc)
      func.func private @main_const_eval_4(%arg0: tensor<1024x64xbf16, #ttnn_layout14> loc(unknown)) -> tensor<1024x64xbf16, #ttnn_layout15> attributes {tt.function_type = "const_eval"} {
        %0 = "ttnn.get_device"() <{mesh_offset = #ttnn<mesh_offset 0x0>, mesh_shape = #ttnn<mesh_shape 2x4>}> : () -> !ttnn.device loc(#loc75)
        %1 = "ttnn.to_device"(%arg0, %0) <{memory_config = #ttnn.memory_config<#dram, <interleaved>>}> : (tensor<1024x64xbf16, #ttnn_layout14>, !ttnn.device) -> tensor<1024x64xbf16, #ttnn_layout15> loc(#loc75)
        return %1 : tensor<1024x64xbf16, #ttnn_layout15> loc(#loc)
      } loc(#loc)
      func.func private @main_const_eval_5() -> tensor<1x1xsi32, #ttnn_layout16> attributes {tt.function_type = "const_eval"} {
        %0 = "ttnn.get_device"() <{mesh_offset = #ttnn<mesh_offset 0x0>, mesh_shape = #ttnn<mesh_shape 2x4>}> : () -> !ttnn.device loc(#loc)
        %1 = "ttnn.full"(%0) <{dtype = #ttcore.supportedDataTypes<si32>, fill_value = 1024 : i32, layout = #ttnn.layout<tile>, shape = #ttnn.shape<1x1>}> : (!ttnn.device) -> tensor<1x1xsi32, #ttnn_layout16> loc(#loc)
        return %1 : tensor<1x1xsi32, #ttnn_layout16> loc(#loc)
      } loc(#loc)
      func.func private @main_const_eval_6() -> tensor<1x1xsi32, #ttnn_layout16> attributes {tt.function_type = "const_eval"} {
        %0 = "ttnn.get_device"() <{mesh_offset = #ttnn<mesh_offset 0x0>, mesh_shape = #ttnn<mesh_shape 2x4>}> : () -> !ttnn.device loc(#loc)
        %1 = "ttnn.full"(%0) <{dtype = #ttcore.supportedDataTypes<si32>, fill_value = 0 : i32, layout = #ttnn.layout<tile>, shape = #ttnn.shape<1x1>}> : (!ttnn.device) -> tensor<1x1xsi32, #ttnn_layout16> loc(#loc)
        return %1 : tensor<1x1xsi32, #ttnn_layout16> loc(#loc)
      } loc(#loc)
      func.func private @main_const_eval_7(%arg0: tensor<7168x8192xbf16, #ttnn_layout17> loc(unknown)) -> tensor<7168x4096xbf16, #ttnn_layout18> attributes {tt.function_type = "const_eval"} {
        %0 = "ttnn.get_device"() <{mesh_offset = #ttnn<mesh_offset 0x0>, mesh_shape = #ttnn<mesh_shape 2x4>}> : () -> !ttnn.device loc(#loc)
        %1 = "ttnn.to_device"(%arg0, %0) <{memory_config = #ttnn.memory_config<#dram, <interleaved>>}> : (tensor<7168x8192xbf16, #ttnn_layout17>, !ttnn.device) -> tensor<7168x8192xbf16, #ttnn_layout19> loc(#loc)
        %2 = "ttnn.to_layout"(%1) <{layout = #ttnn.layout<tile>}> : (tensor<7168x8192xbf16, #ttnn_layout19>) -> tensor<7168x8192xbf16, #ttnn_layout20> loc(#loc)
        "ttnn.deallocate"(%1) <{force = false}> : (tensor<7168x8192xbf16, #ttnn_layout19>) -> () loc(#loc)
        %3 = "ttnn.mesh_shard"(%2, %0) <{shard_dims = array<i64: 1, -1>, shard_direction = #ttcore.shard_direction<full_to_shard>, shard_shape = array<i64: 1, 2>, shard_type = #ttcore.shard_type<identity>}> : (tensor<7168x8192xbf16, #ttnn_layout20>, !ttnn.device) -> tensor<7168x4096xbf16, #ttnn_layout18> loc(#loc)
        "ttnn.deallocate"(%2) <{force = false}> : (tensor<7168x8192xbf16, #ttnn_layout20>) -> () loc(#loc)
        return %3 : tensor<7168x4096xbf16, #ttnn_layout18> loc(#loc)
      } loc(#loc)
      func.func private @main_const_eval_8(%arg0: tensor<1024x64xbf16, #ttnn_layout14> loc(unknown)) -> tensor<1024x64xbf16, #ttnn_layout15> attributes {tt.function_type = "const_eval"} {
        %0 = "ttnn.get_device"() <{mesh_offset = #ttnn<mesh_offset 0x0>, mesh_shape = #ttnn<mesh_shape 2x4>}> : () -> !ttnn.device loc(#loc76)
        %1 = "ttnn.to_device"(%arg0, %0) <{memory_config = #ttnn.memory_config<#dram, <interleaved>>}> : (tensor<1024x64xbf16, #ttnn_layout14>, !ttnn.device) -> tensor<1024x64xbf16, #ttnn_layout15> loc(#loc76)
        return %1 : tensor<1024x64xbf16, #ttnn_layout15> loc(#loc)
      } loc(#loc)
      func.func private @main_const_eval_9(%arg0: tensor<1536x7168xbf16, #ttnn_layout21> loc(unknown)) -> tensor<1536x3584xbf16, #ttnn_layout22> attributes {tt.function_type = "const_eval"} {
        %0 = "ttnn.get_device"() <{mesh_offset = #ttnn<mesh_offset 0x0>, mesh_shape = #ttnn<mesh_shape 2x4>}> : () -> !ttnn.device loc(#loc)
        %1 = "ttnn.to_device"(%arg0, %0) <{memory_config = #ttnn.memory_config<#dram, <interleaved>>}> : (tensor<1536x7168xbf16, #ttnn_layout21>, !ttnn.device) -> tensor<1536x7168xbf16, #ttnn_layout23> loc(#loc)
        %2 = "ttnn.to_layout"(%1) <{layout = #ttnn.layout<tile>}> : (tensor<1536x7168xbf16, #ttnn_layout23>) -> tensor<1536x7168xbf16, #ttnn_layout24> loc(#loc)
        "ttnn.deallocate"(%1) <{force = false}> : (tensor<1536x7168xbf16, #ttnn_layout23>) -> () loc(#loc)
        %3 = "ttnn.mesh_shard"(%2, %0) <{shard_dims = array<i64: 1, -1>, shard_direction = #ttcore.shard_direction<full_to_shard>, shard_shape = array<i64: 1, 2>, shard_type = #ttcore.shard_type<identity>}> : (tensor<1536x7168xbf16, #ttnn_layout24>, !ttnn.device) -> tensor<1536x3584xbf16, #ttnn_layout22> loc(#loc)
        "ttnn.deallocate"(%2) <{force = false}> : (tensor<1536x7168xbf16, #ttnn_layout24>) -> () loc(#loc)
        return %3 : tensor<1536x3584xbf16, #ttnn_layout22> loc(#loc)
      } loc(#loc)
      func.func @main(%arg0: tensor<576x7168xbf16, #ttnn_layout6> {ttcore.argument_type = #ttcore.argument_type<parameter>, ttcore.runtime_tensor_sharding = #ttcore<runtime_tensor_sharding shard_status = <presharded>, local_shape = tensor<576x3584xbf16>>, ttir.name = "l__self___kv_a_proj_with_mqa_weight"} loc("p0.1"), %arg1: tensor<64x1x7168xbf16, #ttnn_layout25> {ttcore.argument_type = #ttcore.argument_type<input>, ttcore.runtime_tensor_sharding = #ttcore<runtime_tensor_sharding shard_status = <presharded>, local_shape = tensor<16x1x3584xbf16>>, ttir.name = "args_0"} loc("p1.6"), %arg2: tensor<1xsi32, #ttnn_layout26> {ttcore.argument_type = #ttcore.argument_type<input>, ttcore.runtime_tensor_sharding = #ttcore<runtime_tensor_sharding shard_status = <presharded>, local_shape = tensor<1xi64>>, ttir.name = "args_2"} loc("p2.13"), %arg3: tensor<64x1x1024x512xbf16, #ttnn_layout27> {ttcore.argument_type = #ttcore.argument_type<input>, ttcore.runtime_tensor_sharding = #ttcore<runtime_tensor_sharding shard_status = <presharded>, local_shape = tensor<16x1x1024x512xbf16>>, ttir.name = "args_3"} loc("p3.27"), %arg4: tensor<1x1xsi32, #ttnn_layout28> {ttcore.argument_type = #ttcore.argument_type<input>, ttcore.runtime_tensor_sharding = #ttcore<runtime_tensor_sharding shard_status = <presharded>, local_shape = tensor<1x1xi64>>, ttir.name = "args_1"} loc("p4.36"), %arg5: tensor<1024x64xbf16, #ttnn_layout14> {ttcore.argument_type = #ttcore.argument_type<constant>, ttcore.runtime_tensor_sharding = #ttcore<runtime_tensor_sharding shard_status = <presharded>, local_shape = tensor<1024x64xbf16>>, ttir.name = "self___rotary_emb__buffers__sin_cached"} loc("p5.50"), %arg6: tensor<1024x64xbf16, #ttnn_layout14> {ttcore.argument_type = #ttcore.argument_type<constant>, ttcore.runtime_tensor_sharding = #ttcore<runtime_tensor_sharding shard_status = <presharded>, local_shape = tensor<1024x64xbf16>>, ttir.name = "self___rotary_emb__buffers__cos_cached"} loc("p6.80"), %arg7: tensor<64x1x1024x64xbf16, #ttnn_layout29> {ttcore.argument_type = #ttcore.argument_type<input>, ttcore.runtime_tensor_sharding = #ttcore<runtime_tensor_sharding shard_status = <presharded>, local_shape = tensor<16x1x1024x64xbf16>>, ttir.name = "args_4"} loc("p7.103"), %arg8: tensor<7168x8192xbf16, #ttnn_layout17> {ttcore.argument_type = #ttcore.argument_type<parameter>, ttcore.runtime_tensor_sharding = #ttcore<runtime_tensor_sharding shard_status = <presharded>, local_shape = tensor<7168x4096xbf16>>, ttir.name = "l__self___o_proj_weight"} loc("p8.111"), %arg9: tensor<16384x512xbf16, #ttnn_layout10> {ttcore.argument_type = #ttcore.argument_type<parameter>, ttcore.runtime_tensor_sharding = #ttcore<runtime_tensor_sharding shard_status = <presharded>, local_shape = tensor<8192x512xbf16>>, ttir.name = "l__self___kv_b_proj_weight"} loc("p9.116"), %arg10: tensor<512xbf16, #ttnn_layout30> {ttcore.argument_type = #ttcore.argument_type<parameter>, ttcore.runtime_tensor_sharding = #ttcore<runtime_tensor_sharding shard_status = <presharded>, local_shape = tensor<512xbf16>>, ttir.name = "l__self___kv_a_layernorm_weight"} loc("p10.121"), %arg11: tensor<64x1x1x1024xbf16, #ttnn_layout31> {ttcore.argument_type = #ttcore.argument_type<input>, ttcore.runtime_tensor_sharding = #ttcore<runtime_tensor_sharding shard_status = <presharded>, local_shape = tensor<16x1x1x1024xbf16>>, ttir.name = "args_5"} loc("p11.171"), %arg12: tensor<12288x1536xbf16, #ttnn_layout2> {ttcore.argument_type = #ttcore.argument_type<parameter>, ttcore.runtime_tensor_sharding = #ttcore<runtime_tensor_sharding shard_status = <presharded>, local_shape = tensor<6144x1536xbf16>>, ttir.name = "l__self___q_b_proj_weight"} loc("p12.181"), %arg13: tensor<1536xbf16, #ttnn_layout32> {ttcore.argument_type = #ttcore.argument_type<parameter>, ttcore.runtime_tensor_sharding = #ttcore<runtime_tensor_sharding shard_status = <presharded>, local_shape = tensor<1536xbf16>>, ttir.name = "l__self___q_a_layernorm_weight"} loc("p13.186"), %arg14: tensor<1536x7168xbf16, #ttnn_layout21> {ttcore.argument_type = #ttcore.argument_type<parameter>, ttcore.runtime_tensor_sharding = #ttcore<runtime_tensor_sharding shard_status = <presharded>, local_shape = tensor<1536x3584xbf16>>, ttir.name = "l__self___q_a_proj_weight"} loc("p14.195")) -> (tensor<64x1x1024x512xbf16, #ttnn_layout27> {ttcore.runtime_tensor_sharding = #ttcore<runtime_tensor_sharding shard_status = <unsharded>, local_shape = tensor<64x1x1024x512xbf16>>}, tensor<64x1x1024x64xbf16, #ttnn_layout29> {ttcore.runtime_tensor_sharding = #ttcore<runtime_tensor_sharding shard_status = <unsharded>, local_shape = tensor<64x1x1024x64xbf16>>}, tensor<64x1x7168xbf16, #ttnn_layout25> {ttcore.runtime_tensor_sharding = #ttcore<runtime_tensor_sharding shard_status = <unsharded>, local_shape = tensor<64x1x7168xbf16>>}) attributes {tt.function_type = "forward_device"} {
        %0 = ttcore.load_cached(@main_const_eval_0, []) : () -> tensor<1x1x1x1xbf16, #ttnn_layout> loc(#loc)
        %1 = ttcore.load_cached(@main_const_eval_1, [%arg12]) : (tensor<12288x1536xbf16, #ttnn_layout2>) -> tensor<6144x1536xbf16, #ttnn_layout3> loc(#loc)
        "ttnn.deallocate"(%arg12) <{force = false}> : (tensor<12288x1536xbf16, #ttnn_layout2>) -> () loc(#loc)
        %2 = ttcore.load_cached(@main_const_eval_2, [%arg0]) : (tensor<576x7168xbf16, #ttnn_layout6>) -> tensor<576x3584xbf16, #ttnn_layout7> loc(#loc)
        "ttnn.deallocate"(%arg0) <{force = false}> : (tensor<576x7168xbf16, #ttnn_layout6>) -> () loc(#loc)
        %3 = ttcore.load_cached(@main_const_eval_3, [%arg9]) : (tensor<16384x512xbf16, #ttnn_layout10>) -> tensor<8192x512xbf16, #ttnn_layout11> loc(#loc)
        "ttnn.deallocate"(%arg9) <{force = false}> : (tensor<16384x512xbf16, #ttnn_layout10>) -> () loc(#loc)
        %4 = ttcore.load_cached(@main_const_eval_4, [%arg6]) : (tensor<1024x64xbf16, #ttnn_layout14>) -> tensor<1024x64xbf16, #ttnn_layout15> loc(#loc)
        "ttnn.deallocate"(%arg6) <{force = false}> : (tensor<1024x64xbf16, #ttnn_layout14>) -> () loc(#loc)
        %5 = ttcore.load_cached(@main_const_eval_5, []) : () -> tensor<1x1xsi32, #ttnn_layout16> loc(#loc)
        %6 = ttcore.load_cached(@main_const_eval_6, []) : () -> tensor<1x1xsi32, #ttnn_layout16> loc(#loc)
        %7 = ttcore.load_cached(@main_const_eval_7, [%arg8]) : (tensor<7168x8192xbf16, #ttnn_layout17>) -> tensor<7168x4096xbf16, #ttnn_layout18> loc(#loc)
        "ttnn.deallocate"(%arg8) <{force = false}> : (tensor<7168x8192xbf16, #ttnn_layout17>) -> () loc(#loc)
        %8 = ttcore.load_cached(@main_const_eval_8, [%arg5]) : (tensor<1024x64xbf16, #ttnn_layout14>) -> tensor<1024x64xbf16, #ttnn_layout15> loc(#loc)
        "ttnn.deallocate"(%arg5) <{force = false}> : (tensor<1024x64xbf16, #ttnn_layout14>) -> () loc(#loc)
        %9 = ttcore.load_cached(@main_const_eval_9, [%arg14]) : (tensor<1536x7168xbf16, #ttnn_layout21>) -> tensor<1536x3584xbf16, #ttnn_layout22> loc(#loc)
        "ttnn.deallocate"(%arg14) <{force = false}> : (tensor<1536x7168xbf16, #ttnn_layout21>) -> () loc(#loc)
        %10 = "ttnn.get_device"() <{mesh_offset = #ttnn<mesh_offset 0x0>, mesh_shape = #ttnn<mesh_shape 2x4>}> : () -> !ttnn.device loc(#loc)
        %11 = "ttnn.mesh_shard"(%arg1, %10) <{shard_dims = array<i64: 2, 0>, shard_direction = #ttcore.shard_direction<full_to_shard>, shard_shape = array<i64: 4, 1, 2>, shard_type = #ttcore.shard_type<identity>}> : (tensor<64x1x7168xbf16, #ttnn_layout25>, !ttnn.device) -> tensor<16x1x3584xbf16, #ttnn_layout33> loc(#loc)
        "ttnn.deallocate"(%arg1) <{force = false}> : (tensor<64x1x7168xbf16, #ttnn_layout25>) -> () loc(#loc)
        %12 = "ttnn.mesh_shard"(%arg3, %10) <{shard_dims = array<i64: -1, 0>, shard_direction = #ttcore.shard_direction<full_to_shard>, shard_shape = array<i64: 4, 1, 1, 1>, shard_type = #ttcore.shard_type<identity>}> : (tensor<64x1x1024x512xbf16, #ttnn_layout27>, !ttnn.device) -> tensor<16x1x1024x512xbf16, #ttnn_layout34> loc(#loc)
        "ttnn.deallocate"(%arg3) <{force = false}> : (tensor<64x1x1024x512xbf16, #ttnn_layout27>) -> () loc(#loc)
        %13 = "ttnn.mesh_shard"(%arg7, %10) <{shard_dims = array<i64: -1, 0>, shard_direction = #ttcore.shard_direction<full_to_shard>, shard_shape = array<i64: 4, 1, 1, 1>, shard_type = #ttcore.shard_type<identity>}> : (tensor<64x1x1024x64xbf16, #ttnn_layout29>, !ttnn.device) -> tensor<16x1x1024x64xbf16, #ttnn_layout35> loc(#loc)
        "ttnn.deallocate"(%arg7) <{force = false}> : (tensor<64x1x1024x64xbf16, #ttnn_layout29>) -> () loc(#loc)
        %14 = "ttnn.mesh_shard"(%arg11, %10) <{shard_dims = array<i64: -1, 0>, shard_direction = #ttcore.shard_direction<full_to_shard>, shard_shape = array<i64: 4, 1, 1, 1>, shard_type = #ttcore.shard_type<identity>}> : (tensor<64x1x1x1024xbf16, #ttnn_layout31>, !ttnn.device) -> tensor<16x1x1x1024xbf16, #ttnn_layout36> loc(#loc)
        "ttnn.deallocate"(%arg11) <{force = false}> : (tensor<64x1x1x1024xbf16, #ttnn_layout31>) -> () loc(#loc)
        %15 = "ttnn.reshape"(%11) <{shape = [16 : i32, 3584 : i32]}> : (tensor<16x1x3584xbf16, #ttnn_layout33>) -> tensor<16x3584xbf16, #ttnn_layout37> loc(#loc18)
        "ttnn.deallocate"(%11) <{force = false}> : (tensor<16x1x3584xbf16, #ttnn_layout33>) -> () loc(#loc18)
        %16 = "ttnn.matmul"(%15, %2) <{compute_config = #ttnn.device_compute_kernel_config<math_fidelity = hifi4, fp32_dest_acc_en = true>, transpose_a = false, transpose_b = true}> : (tensor<16x3584xbf16, #ttnn_layout37>, tensor<576x3584xbf16, #ttnn_layout7>) -> tensor<16x576xbf16, #ttnn_layout38> loc(#loc19)
        "ttnn.deallocate"(%2) <{force = false}> : (tensor<576x3584xbf16, #ttnn_layout7>) -> () loc(#loc19)
        %17 = "ttnn.reshape"(%16) <{shape = [1 : i32, 1 : i32, 16 : i32, 576 : i32]}> : (tensor<16x576xbf16, #ttnn_layout38>) -> tensor<1x1x16x576xbf16, #ttnn_layout39> loc(#loc86)
        "ttnn.deallocate"(%16) <{force = false}> : (tensor<16x576xbf16, #ttnn_layout38>) -> () loc(#loc86)
        %18 = "ttnn.reduce_scatter"(%17) <{cluster_axis = 0 : ui32, reduce_type = #ttcore.reduce_type<sum>, scatter_dim = 2 : si32}> : (tensor<1x1x16x576xbf16, #ttnn_layout39>) -> tensor<1x1x8x576xbf16, #ttnn_layout39> loc(#loc87)
        "ttnn.deallocate"(%17) <{force = false}> : (tensor<1x1x16x576xbf16, #ttnn_layout39>) -> () loc(#loc87)
        %19 = "ttnn.all_gather"(%18) <{all_gather_dim = 2 : si32, cluster_axis = 0 : ui32}> : (tensor<1x1x8x576xbf16, #ttnn_layout39>) -> tensor<1x1x16x576xbf16, #ttnn_layout39> loc(#loc78)
        "ttnn.deallocate"(%18) <{force = false}> : (tensor<1x1x8x576xbf16, #ttnn_layout39>) -> () loc(#loc78)
        %20 = "ttnn.reshape"(%19) <{shape = [16 : i32, 576 : i32]}> : (tensor<1x1x16x576xbf16, #ttnn_layout39>) -> tensor<16x576xbf16, #ttnn_layout38> loc(#loc19)
        "ttnn.deallocate"(%19) <{force = false}> : (tensor<1x1x16x576xbf16, #ttnn_layout39>) -> () loc(#loc19)
        %21 = "ttnn.slice_static"(%20) <{begins = [0 : i32, 0 : i32], ends = [16 : i32, 512 : i32], step = [1 : i32, 1 : i32]}> : (tensor<16x576xbf16, #ttnn_layout38>) -> tensor<16x512xbf16, #ttnn_layout40> loc(#loc20)
        %22 = "ttnn.reshape"(%21) <{shape = [16 : i32, 1 : i32, 1 : i32, 512 : i32]}> : (tensor<16x512xbf16, #ttnn_layout40>) -> tensor<16x1x1x512xbf16, #ttnn_layout41> loc(#loc21)
        "ttnn.deallocate"(%21) <{force = false}> : (tensor<16x512xbf16, #ttnn_layout40>) -> () loc(#loc21)
        %23 = "ttnn.permute"(%22) <{permutation = array<i64: 2, 0, 1, 3>}> : (tensor<16x1x1x512xbf16, #ttnn_layout41>) -> tensor<1x16x1x512xbf16, #ttnn_layout42> loc(#loc22)
        "ttnn.deallocate"(%22) <{force = false}> : (tensor<16x1x1x512xbf16, #ttnn_layout41>) -> () loc(#loc22)
        %24 = "ttnn.to_layout"(%arg2) <{layout = #ttnn.layout<tile>}> : (tensor<1xsi32, #ttnn_layout26>) -> tensor<1xsi32, #ttnn_layout43> loc(#loc23)
        "ttnn.deallocate"(%arg2) <{force = false}> : (tensor<1xsi32, #ttnn_layout26>) -> () loc(#loc23)
        %25 = "ttnn.repeat"(%24) <{repeat_dims = #ttnn.shape<16>}> : (tensor<1xsi32, #ttnn_layout43>) -> tensor<16xsi32, #ttnn_layout43> loc(#loc22)
        "ttnn.deallocate"(%24) <{force = false}> : (tensor<1xsi32, #ttnn_layout43>) -> () loc(#loc22)
        %26 = "ttnn.to_memory_config"(%23) <{memory_config = #ttnn.memory_config<#l1, <height_sharded>, #ttnn.shard_spec<<[#ttnn.core_range<(0,0), (7,1)>]>, <32x512>, <row_major>>>}> : (tensor<1x16x1x512xbf16, #ttnn_layout42>) -> tensor<1x16x1x512xbf16, #ttnn_layout44> loc(#loc22)
        "ttnn.deallocate"(%23) <{force = false}> : (tensor<1x16x1x512xbf16, #ttnn_layout42>) -> () loc(#loc22)
        %27 = "ttnn.to_layout"(%25) <{layout = #ttnn.layout<row_major>}> : (tensor<16xsi32, #ttnn_layout43>) -> tensor<16xsi32, #ttnn_layout45> loc(#loc79)
        "ttnn.deallocate"(%25) <{force = false}> : (tensor<16xsi32, #ttnn_layout43>) -> () loc(#loc79)
        "ttnn.paged_update_cache"(%12, %26, %27) <{share_cache = false}> : (tensor<16x1x1024x512xbf16, #ttnn_layout34>, tensor<1x16x1x512xbf16, #ttnn_layout44>, tensor<16xsi32, #ttnn_layout45>) -> () loc(#loc22)
        "ttnn.deallocate"(%26) <{force = false}> : (tensor<1x16x1x512xbf16, #ttnn_layout44>) -> () loc(#loc22)
        %28 = "ttnn.slice_static"(%20) <{begins = [0 : i32, 512 : i32], ends = [16 : i32, 576 : i32], step = [1 : i32, 1 : i32]}> : (tensor<16x576xbf16, #ttnn_layout38>) -> tensor<16x64xbf16, #ttnn_layout46> loc(#loc24)
        "ttnn.deallocate"(%20) <{force = false}> : (tensor<16x576xbf16, #ttnn_layout38>) -> () loc(#loc24)
        %29 = "ttnn.reshape"(%28) <{shape = [16 : i32, 1 : i32, 1 : i32, 32 : i32, 2 : i32]}> : (tensor<16x64xbf16, #ttnn_layout46>) -> tensor<16x1x1x32x2xbf16, #ttnn_layout47> loc(#loc25)
        "ttnn.deallocate"(%28) <{force = false}> : (tensor<16x64xbf16, #ttnn_layout46>) -> () loc(#loc25)
        %30 = "ttnn.permute"(%29) <{permutation = array<i64: 0, 1, 2, 4, 3>}> : (tensor<16x1x1x32x2xbf16, #ttnn_layout47>) -> tensor<16x1x1x2x32xbf16, #ttnn_layout47> loc(#loc26)
        "ttnn.deallocate"(%29) <{force = false}> : (tensor<16x1x1x32x2xbf16, #ttnn_layout47>) -> () loc(#loc26)
        %31 = "ttnn.reshape"(%30) <{shape = [16 : i32, 1 : i32, 1 : i32, 64 : i32]}> : (tensor<16x1x1x2x32xbf16, #ttnn_layout47>) -> tensor<16x1x1x64xbf16, #ttnn_layout48> loc(#loc27)
        "ttnn.deallocate"(%30) <{force = false}> : (tensor<16x1x1x2x32xbf16, #ttnn_layout47>) -> () loc(#loc27)
        %32 = "ttnn.to_layout"(%arg4) <{layout = #ttnn.layout<tile>}> : (tensor<1x1xsi32, #ttnn_layout28>) -> tensor<1x1xsi32, #ttnn_layout16> loc(#loc28)
        %33 = "ttnn.lt"(%32, %6) <{dtype = #ttcore.supportedDataTypes<bf16>}> : (tensor<1x1xsi32, #ttnn_layout16>, tensor<1x1xsi32, #ttnn_layout16>) -> tensor<1x1xbf16, #ttnn_layout49> loc(#loc29)
        "ttnn.deallocate"(%6) <{force = false}> : (tensor<1x1xsi32, #ttnn_layout16>) -> () loc(#loc29)
        %34 = "ttnn.add"(%32, %5) <{dtype = #ttcore.supportedDataTypes<si32>}> : (tensor<1x1xsi32, #ttnn_layout16>, tensor<1x1xsi32, #ttnn_layout16>) -> tensor<1x1xsi32, #ttnn_layout16> loc(#loc30)
        "ttnn.deallocate"(%32) <{force = false}> : (tensor<1x1xsi32, #ttnn_layout16>) -> () loc(#loc30)
        "ttnn.deallocate"(%5) <{force = false}> : (tensor<1x1xsi32, #ttnn_layout16>) -> () loc(#loc30)
        %35 = "ttnn.typecast"(%33) <{dtype = #ttcore.supportedDataTypes<f32>}> : (tensor<1x1xbf16, #ttnn_layout49>) -> tensor<1x1xf32, #ttnn_layout50> loc(#loc80)
        "ttnn.deallocate"(%33) <{force = false}> : (tensor<1x1xbf16, #ttnn_layout49>) -> () loc(#loc80)
        %36 = "ttnn.typecast"(%34) <{dtype = #ttcore.supportedDataTypes<f32>}> : (tensor<1x1xsi32, #ttnn_layout16>) -> tensor<1x1xf32, #ttnn_layout50> loc(#loc80)
        "ttnn.deallocate"(%34) <{force = false}> : (tensor<1x1xsi32, #ttnn_layout16>) -> () loc(#loc80)
        %37 = "ttnn.to_layout"(%arg4) <{layout = #ttnn.layout<tile>}> : (tensor<1x1xsi32, #ttnn_layout28>) -> tensor<1x1xsi32, #ttnn_layout16> loc(#loc80)
        "ttnn.deallocate"(%arg4) <{force = false}> : (tensor<1x1xsi32, #ttnn_layout28>) -> () loc(#loc80)
        %38 = "ttnn.typecast"(%37) <{dtype = #ttcore.supportedDataTypes<f32>}> : (tensor<1x1xsi32, #ttnn_layout16>) -> tensor<1x1xf32, #ttnn_layout50> loc(#loc80)
        "ttnn.deallocate"(%37) <{force = false}> : (tensor<1x1xsi32, #ttnn_layout16>) -> () loc(#loc80)
        %39 = "ttnn.where"(%35, %36, %38) : (tensor<1x1xf32, #ttnn_layout50>, tensor<1x1xf32, #ttnn_layout50>, tensor<1x1xf32, #ttnn_layout50>) -> tensor<1x1xf32, #ttnn_layout50> loc(#loc31)
        "ttnn.deallocate"(%38) <{force = false}> : (tensor<1x1xf32, #ttnn_layout50>) -> () loc(#loc31)
        "ttnn.deallocate"(%36) <{force = false}> : (tensor<1x1xf32, #ttnn_layout50>) -> () loc(#loc31)
        "ttnn.deallocate"(%35) <{force = false}> : (tensor<1x1xf32, #ttnn_layout50>) -> () loc(#loc31)
        %40 = "ttnn.typecast"(%39) <{dtype = #ttcore.supportedDataTypes<u32>}> : (tensor<1x1xf32, #ttnn_layout50>) -> tensor<1x1xui32, #ttnn_layout51> loc(#loc75)
        "ttnn.deallocate"(%39) <{force = false}> : (tensor<1x1xf32, #ttnn_layout50>) -> () loc(#loc75)
        %41 = "ttnn.to_layout"(%40) <{layout = #ttnn.layout<row_major>}> : (tensor<1x1xui32, #ttnn_layout51>) -> tensor<1x1xui32, #ttnn_layout52> loc(#loc75)
        "ttnn.deallocate"(%40) <{force = false}> : (tensor<1x1xui32, #ttnn_layout51>) -> () loc(#loc75)
        %42 = "ttnn.embedding"(%41, %4) : (tensor<1x1xui32, #ttnn_layout52>, tensor<1024x64xbf16, #ttnn_layout15>) -> tensor<1x1x64xbf16, #ttnn_layout53> loc(#loc1)
        "ttnn.deallocate"(%4) <{force = false}> : (tensor<1024x64xbf16, #ttnn_layout15>) -> () loc(#loc1)
        %43 = "ttnn.reshape"(%42) <{shape = [1 : i32, 1 : i32, 1 : i32, 64 : i32]}> : (tensor<1x1x64xbf16, #ttnn_layout53>) -> tensor<1x1x1x64xbf16, #ttnn_layout54> loc(#loc32)
        "ttnn.deallocate"(%42) <{force = false}> : (tensor<1x1x64xbf16, #ttnn_layout53>) -> () loc(#loc32)
        %44 = "ttnn.permute"(%31) <{permutation = array<i64: 2, 0, 1, 3>}> : (tensor<16x1x1x64xbf16, #ttnn_layout48>) -> tensor<1x16x1x64xbf16, #ttnn_layout55> loc(#loc88)
        %45 = "ttnn.multiply"(%44, %43) <{dtype = #ttcore.supportedDataTypes<bf16>}> : (tensor<1x16x1x64xbf16, #ttnn_layout55>, tensor<1x1x1x64xbf16, #ttnn_layout54>) -> tensor<1x16x1x64xbf16, #ttnn_layout55> loc(#loc34)
        "ttnn.deallocate"(%44) <{force = false}> : (tensor<1x16x1x64xbf16, #ttnn_layout55>) -> () loc(#loc34)
        %46 = "ttnn.slice_static"(%31) <{begins = [0 : i32, 0 : i32, 0 : i32, 32 : i32], ends = [16 : i32, 1 : i32, 1 : i32, 64 : i32], step = [1 : i32, 1 : i32, 1 : i32, 1 : i32]}> : (tensor<16x1x1x64xbf16, #ttnn_layout48>) -> tensor<16x1x1x32xbf16, #ttnn_layout56> loc(#loc35)
        %47 = "ttnn.neg"(%46) : (tensor<16x1x1x32xbf16, #ttnn_layout56>) -> tensor<16x1x1x32xbf16, #ttnn_layout56> loc(#loc36)
        "ttnn.deallocate"(%46) <{force = false}> : (tensor<16x1x1x32xbf16, #ttnn_layout56>) -> () loc(#loc36)
        %48 = "ttnn.slice_static"(%31) <{begins = [0 : i32, 0 : i32, 0 : i32, 0 : i32], ends = [16 : i32, 1 : i32, 1 : i32, 32 : i32], step = [1 : i32, 1 : i32, 1 : i32, 1 : i32]}> : (tensor<16x1x1x64xbf16, #ttnn_layout48>) -> tensor<16x1x1x32xbf16, #ttnn_layout56> loc(#loc37)
        "ttnn.deallocate"(%31) <{force = false}> : (tensor<16x1x1x64xbf16, #ttnn_layout48>) -> () loc(#loc37)
        %49 = "ttnn.concat"(%47, %48) <{dim = 3 : si32}> : (tensor<16x1x1x32xbf16, #ttnn_layout56>, tensor<16x1x1x32xbf16, #ttnn_layout56>) -> tensor<16x1x1x64xbf16, #ttnn_layout48> loc(#loc38)
        "ttnn.deallocate"(%48) <{force = false}> : (tensor<16x1x1x32xbf16, #ttnn_layout56>) -> () loc(#loc38)
        "ttnn.deallocate"(%47) <{force = false}> : (tensor<16x1x1x32xbf16, #ttnn_layout56>) -> () loc(#loc38)
        %50 = "ttnn.permute"(%49) <{permutation = array<i64: 2, 0, 1, 3>}> : (tensor<16x1x1x64xbf16, #ttnn_layout48>) -> tensor<1x16x1x64xbf16, #ttnn_layout55> loc(#loc38)
        "ttnn.deallocate"(%49) <{force = false}> : (tensor<16x1x1x64xbf16, #ttnn_layout48>) -> () loc(#loc38)
        %51 = "ttnn.embedding"(%41, %8) : (tensor<1x1xui32, #ttnn_layout52>, tensor<1024x64xbf16, #ttnn_layout15>) -> tensor<1x1x64xbf16, #ttnn_layout53> loc(#loc2)
        "ttnn.deallocate"(%41) <{force = false}> : (tensor<1x1xui32, #ttnn_layout52>) -> () loc(#loc2)
        "ttnn.deallocate"(%8) <{force = false}> : (tensor<1024x64xbf16, #ttnn_layout15>) -> () loc(#loc2)
        %52 = "ttnn.reshape"(%51) <{shape = [1 : i32, 1 : i32, 1 : i32, 64 : i32]}> : (tensor<1x1x64xbf16, #ttnn_layout53>) -> tensor<1x1x1x64xbf16, #ttnn_layout54> loc(#loc39)
        "ttnn.deallocate"(%51) <{force = false}> : (tensor<1x1x64xbf16, #ttnn_layout53>) -> () loc(#loc39)
        %53 = "ttnn.multiply"(%50, %52) <{dtype = #ttcore.supportedDataTypes<bf16>}> : (tensor<1x16x1x64xbf16, #ttnn_layout55>, tensor<1x1x1x64xbf16, #ttnn_layout54>) -> tensor<1x16x1x64xbf16, #ttnn_layout55> loc(#loc40)
        "ttnn.deallocate"(%50) <{force = false}> : (tensor<1x16x1x64xbf16, #ttnn_layout55>) -> () loc(#loc40)
        %54 = "ttnn.add"(%45, %53) <{dtype = #ttcore.supportedDataTypes<bf16>}> : (tensor<1x16x1x64xbf16, #ttnn_layout55>, tensor<1x16x1x64xbf16, #ttnn_layout55>) -> tensor<1x16x1x64xbf16, #ttnn_layout55> loc(#loc41)
        "ttnn.deallocate"(%53) <{force = false}> : (tensor<1x16x1x64xbf16, #ttnn_layout55>) -> () loc(#loc41)
        "ttnn.deallocate"(%45) <{force = false}> : (tensor<1x16x1x64xbf16, #ttnn_layout55>) -> () loc(#loc41)
        %55 = "ttnn.to_memory_config"(%54) <{memory_config = #ttnn.memory_config<#l1, <height_sharded>, #ttnn.shard_spec<<[#ttnn.core_range<(0,0), (7,1)>]>, <32x64>, <row_major>>>}> : (tensor<1x16x1x64xbf16, #ttnn_layout55>) -> tensor<1x16x1x64xbf16, #ttnn_layout57> loc(#loc33)
        "ttnn.deallocate"(%54) <{force = false}> : (tensor<1x16x1x64xbf16, #ttnn_layout55>) -> () loc(#loc33)
        "ttnn.paged_update_cache"(%13, %55, %27) <{share_cache = false}> : (tensor<16x1x1024x64xbf16, #ttnn_layout35>, tensor<1x16x1x64xbf16, #ttnn_layout57>, tensor<16xsi32, #ttnn_layout45>) -> () loc(#loc33)
        "ttnn.deallocate"(%55) <{force = false}> : (tensor<1x16x1x64xbf16, #ttnn_layout57>) -> () loc(#loc33)
        "ttnn.deallocate"(%27) <{force = false}> : (tensor<16xsi32, #ttnn_layout45>) -> () loc(#loc33)
        %56 = "ttnn.matmul"(%15, %9) <{compute_config = #ttnn.device_compute_kernel_config<math_fidelity = hifi4, fp32_dest_acc_en = true>, transpose_a = false, transpose_b = true}> : (tensor<16x3584xbf16, #ttnn_layout37>, tensor<1536x3584xbf16, #ttnn_layout22>) -> tensor<16x1536xbf16, #ttnn_layout58> loc(#loc42)
        "ttnn.deallocate"(%15) <{force = false}> : (tensor<16x3584xbf16, #ttnn_layout37>) -> () loc(#loc42)
        "ttnn.deallocate"(%9) <{force = false}> : (tensor<1536x3584xbf16, #ttnn_layout22>) -> () loc(#loc42)
        %57 = "ttnn.reshape"(%56) <{shape = [1 : i32, 1 : i32, 16 : i32, 1536 : i32]}> : (tensor<16x1536xbf16, #ttnn_layout58>) -> tensor<1x1x16x1536xbf16, #ttnn_layout59> loc(#loc89)
        "ttnn.deallocate"(%56) <{force = false}> : (tensor<16x1536xbf16, #ttnn_layout58>) -> () loc(#loc89)
        %58 = "ttnn.reduce_scatter"(%57) <{cluster_axis = 0 : ui32, reduce_type = #ttcore.reduce_type<sum>, scatter_dim = 2 : si32}> : (tensor<1x1x16x1536xbf16, #ttnn_layout59>) -> tensor<1x1x8x1536xbf16, #ttnn_layout59> loc(#loc90)
        "ttnn.deallocate"(%57) <{force = false}> : (tensor<1x1x16x1536xbf16, #ttnn_layout59>) -> () loc(#loc90)
        %59 = "ttnn.all_gather"(%58) <{all_gather_dim = 2 : si32, cluster_axis = 0 : ui32}> : (tensor<1x1x8x1536xbf16, #ttnn_layout59>) -> tensor<1x1x16x1536xbf16, #ttnn_layout59> loc(#loc83)
        "ttnn.deallocate"(%58) <{force = false}> : (tensor<1x1x8x1536xbf16, #ttnn_layout59>) -> () loc(#loc83)
        %60 = "ttnn.reshape"(%59) <{shape = [16 : i32, 1536 : i32]}> : (tensor<1x1x16x1536xbf16, #ttnn_layout59>) -> tensor<16x1536xbf16, #ttnn_layout58> loc(#loc42)
        "ttnn.deallocate"(%59) <{force = false}> : (tensor<1x1x16x1536xbf16, #ttnn_layout59>) -> () loc(#loc42)
        %61 = "ttnn.rms_norm"(%60, %arg13) <{compute_config = #ttnn.device_compute_kernel_config<math_fidelity = hifi4, math_approx_mode = false, fp32_dest_acc_en = true, packer_l1_acc = true>, epsilon = 9.99999997E-7 : f32, operandSegmentSizes = array<i32: 1, 1, 0>}> : (tensor<16x1536xbf16, #ttnn_layout58>, tensor<1536xbf16, #ttnn_layout32>) -> tensor<16x1536xbf16, #ttnn_layout58> loc(#loc)
        "ttnn.deallocate"(%60) <{force = false}> : (tensor<16x1536xbf16, #ttnn_layout58>) -> () loc(#loc)
        "ttnn.deallocate"(%arg13) <{force = false}> : (tensor<1536xbf16, #ttnn_layout32>) -> () loc(#loc)
        %62 = "ttnn.matmul"(%61, %1) <{compute_config = #ttnn.device_compute_kernel_config<math_fidelity = hifi4, fp32_dest_acc_en = true>, transpose_a = false, transpose_b = true}> : (tensor<16x1536xbf16, #ttnn_layout58>, tensor<6144x1536xbf16, #ttnn_layout3>) -> tensor<16x6144xbf16, #ttnn_layout60> loc(#loc43)
        "ttnn.deallocate"(%61) <{force = false}> : (tensor<16x1536xbf16, #ttnn_layout58>) -> () loc(#loc43)
        "ttnn.deallocate"(%1) <{force = false}> : (tensor<6144x1536xbf16, #ttnn_layout3>) -> () loc(#loc43)
        %63 = "ttnn.reshape"(%62) <{shape = [16 : i32, 32 : i32, 1 : i32, 192 : i32]}> : (tensor<16x6144xbf16, #ttnn_layout60>) -> tensor<16x32x1x192xbf16, #ttnn_layout61> loc(#loc44)
        "ttnn.deallocate"(%62) <{force = false}> : (tensor<16x6144xbf16, #ttnn_layout60>) -> () loc(#loc44)
        %64 = "ttnn.slice_static"(%63) <{begins = [0 : i32, 0 : i32, 0 : i32, 0 : i32], ends = [16 : i32, 32 : i32, 1 : i32, 128 : i32], step = [1 : i32, 1 : i32, 1 : i32, 1 : i32]}> : (tensor<16x32x1x192xbf16, #ttnn_layout61>) -> tensor<16x32x1x128xbf16, #ttnn_layout62> loc(#loc45)
        %65 = "ttnn.slice_static"(%63) <{begins = [0 : i32, 0 : i32, 0 : i32, 128 : i32], ends = [16 : i32, 32 : i32, 1 : i32, 192 : i32], step = [1 : i32, 1 : i32, 1 : i32, 1 : i32]}> : (tensor<16x32x1x192xbf16, #ttnn_layout61>) -> tensor<16x32x1x64xbf16, #ttnn_layout63> loc(#loc46)
        "ttnn.deallocate"(%63) <{force = false}> : (tensor<16x32x1x192xbf16, #ttnn_layout61>) -> () loc(#loc46)
        %66 = "ttnn.reshape"(%65) <{shape = [16 : i32, 32 : i32, 1 : i32, 32 : i32, 2 : i32]}> : (tensor<16x32x1x64xbf16, #ttnn_layout63>) -> tensor<16x32x1x32x2xbf16, #ttnn_layout64> loc(#loc47)
        "ttnn.deallocate"(%65) <{force = false}> : (tensor<16x32x1x64xbf16, #ttnn_layout63>) -> () loc(#loc47)
        %67 = "ttnn.permute"(%66) <{permutation = array<i64: 0, 1, 2, 4, 3>}> : (tensor<16x32x1x32x2xbf16, #ttnn_layout64>) -> tensor<16x32x1x2x32xbf16, #ttnn_layout64> loc(#loc48)
        "ttnn.deallocate"(%66) <{force = false}> : (tensor<16x32x1x32x2xbf16, #ttnn_layout64>) -> () loc(#loc48)
        %68 = "ttnn.reshape"(%67) <{shape = [16 : i32, 32 : i32, 1 : i32, 64 : i32]}> : (tensor<16x32x1x2x32xbf16, #ttnn_layout64>) -> tensor<16x32x1x64xbf16, #ttnn_layout63> loc(#loc49)
        "ttnn.deallocate"(%67) <{force = false}> : (tensor<16x32x1x2x32xbf16, #ttnn_layout64>) -> () loc(#loc49)
        %69 = "ttnn.multiply"(%68, %43) <{dtype = #ttcore.supportedDataTypes<bf16>}> : (tensor<16x32x1x64xbf16, #ttnn_layout63>, tensor<1x1x1x64xbf16, #ttnn_layout54>) -> tensor<16x32x1x64xbf16, #ttnn_layout63> loc(#loc50)
        "ttnn.deallocate"(%43) <{force = false}> : (tensor<1x1x1x64xbf16, #ttnn_layout54>) -> () loc(#loc50)
        %70 = "ttnn.slice_static"(%68) <{begins = [0 : i32, 0 : i32, 0 : i32, 32 : i32], ends = [16 : i32, 32 : i32, 1 : i32, 64 : i32], step = [1 : i32, 1 : i32, 1 : i32, 1 : i32]}> : (tensor<16x32x1x64xbf16, #ttnn_layout63>) -> tensor<16x32x1x32xbf16, #ttnn_layout65> loc(#loc51)
        %71 = "ttnn.neg"(%70) : (tensor<16x32x1x32xbf16, #ttnn_layout65>) -> tensor<16x32x1x32xbf16, #ttnn_layout65> loc(#loc52)
        "ttnn.deallocate"(%70) <{force = false}> : (tensor<16x32x1x32xbf16, #ttnn_layout65>) -> () loc(#loc52)
        %72 = "ttnn.slice_static"(%68) <{begins = [0 : i32, 0 : i32, 0 : i32, 0 : i32], ends = [16 : i32, 32 : i32, 1 : i32, 32 : i32], step = [1 : i32, 1 : i32, 1 : i32, 1 : i32]}> : (tensor<16x32x1x64xbf16, #ttnn_layout63>) -> tensor<16x32x1x32xbf16, #ttnn_layout65> loc(#loc53)
        "ttnn.deallocate"(%68) <{force = false}> : (tensor<16x32x1x64xbf16, #ttnn_layout63>) -> () loc(#loc53)
        %73 = "ttnn.concat"(%71, %72) <{dim = 3 : si32}> : (tensor<16x32x1x32xbf16, #ttnn_layout65>, tensor<16x32x1x32xbf16, #ttnn_layout65>) -> tensor<16x32x1x64xbf16, #ttnn_layout63> loc(#loc54)
        "ttnn.deallocate"(%72) <{force = false}> : (tensor<16x32x1x32xbf16, #ttnn_layout65>) -> () loc(#loc54)
        "ttnn.deallocate"(%71) <{force = false}> : (tensor<16x32x1x32xbf16, #ttnn_layout65>) -> () loc(#loc54)
        %74 = "ttnn.multiply"(%73, %52) <{dtype = #ttcore.supportedDataTypes<bf16>}> : (tensor<16x32x1x64xbf16, #ttnn_layout63>, tensor<1x1x1x64xbf16, #ttnn_layout54>) -> tensor<16x32x1x64xbf16, #ttnn_layout63> loc(#loc55)
        "ttnn.deallocate"(%73) <{force = false}> : (tensor<16x32x1x64xbf16, #ttnn_layout63>) -> () loc(#loc55)
        "ttnn.deallocate"(%52) <{force = false}> : (tensor<1x1x1x64xbf16, #ttnn_layout54>) -> () loc(#loc55)
        %75 = "ttnn.add"(%69, %74) <{dtype = #ttcore.supportedDataTypes<bf16>}> : (tensor<16x32x1x64xbf16, #ttnn_layout63>, tensor<16x32x1x64xbf16, #ttnn_layout63>) -> tensor<16x32x1x64xbf16, #ttnn_layout63> loc(#loc56)
        "ttnn.deallocate"(%74) <{force = false}> : (tensor<16x32x1x64xbf16, #ttnn_layout63>) -> () loc(#loc56)
        "ttnn.deallocate"(%69) <{force = false}> : (tensor<16x32x1x64xbf16, #ttnn_layout63>) -> () loc(#loc56)
        %76 = "ttnn.concat"(%64, %75) <{dim = 3 : si32}> : (tensor<16x32x1x128xbf16, #ttnn_layout62>, tensor<16x32x1x64xbf16, #ttnn_layout63>) -> tensor<16x32x1x192xbf16, #ttnn_layout61> loc(#loc57)
        "ttnn.deallocate"(%75) <{force = false}> : (tensor<16x32x1x64xbf16, #ttnn_layout63>) -> () loc(#loc57)
        "ttnn.deallocate"(%64) <{force = false}> : (tensor<16x32x1x128xbf16, #ttnn_layout62>) -> () loc(#loc57)
        %77 = "ttnn.reshape"(%12) <{shape = [16384 : i32, 512 : i32]}> : (tensor<16x1x1024x512xbf16, #ttnn_layout34>) -> tensor<16384x512xbf16, #ttnn_layout13> loc(#loc)
        %78 = "ttnn.rms_norm"(%77, %arg10) <{compute_config = #ttnn.device_compute_kernel_config<math_fidelity = hifi4, math_approx_mode = false, fp32_dest_acc_en = true, packer_l1_acc = true>, epsilon = 9.99999997E-7 : f32, operandSegmentSizes = array<i32: 1, 1, 0>}> : (tensor<16384x512xbf16, #ttnn_layout13>, tensor<512xbf16, #ttnn_layout30>) -> tensor<16384x512xbf16, #ttnn_layout13> loc(#loc)
        "ttnn.deallocate"(%77) <{force = false}> : (tensor<16384x512xbf16, #ttnn_layout13>) -> () loc(#loc)
        "ttnn.deallocate"(%arg10) <{force = false}> : (tensor<512xbf16, #ttnn_layout30>) -> () loc(#loc)
        %79 = "ttnn.matmul"(%78, %3) <{compute_config = #ttnn.device_compute_kernel_config<math_fidelity = hifi4, fp32_dest_acc_en = true>, transpose_a = false, transpose_b = true}> : (tensor<16384x512xbf16, #ttnn_layout13>, tensor<8192x512xbf16, #ttnn_layout11>) -> tensor<16384x8192xbf16, #ttnn_layout66> loc(#loc58)
        "ttnn.deallocate"(%78) <{force = false}> : (tensor<16384x512xbf16, #ttnn_layout13>) -> () loc(#loc58)
        "ttnn.deallocate"(%3) <{force = false}> : (tensor<8192x512xbf16, #ttnn_layout11>) -> () loc(#loc58)
        %80 = "ttnn.reshape"(%79) <{shape = [16 : i32, 1024 : i32, 32 : i32, 256 : i32]}> : (tensor<16384x8192xbf16, #ttnn_layout66>) -> tensor<16x1024x32x256xbf16, #ttnn_layout67> loc(#loc59)
        "ttnn.deallocate"(%79) <{force = false}> : (tensor<16384x8192xbf16, #ttnn_layout66>) -> () loc(#loc59)
        %81 = "ttnn.permute"(%80) <{permutation = array<i64: 0, 2, 1, 3>}> : (tensor<16x1024x32x256xbf16, #ttnn_layout67>) -> tensor<16x32x1024x256xbf16, #ttnn_layout68> loc(#loc60)
        "ttnn.deallocate"(%80) <{force = false}> : (tensor<16x1024x32x256xbf16, #ttnn_layout67>) -> () loc(#loc60)
        %82 = "ttnn.slice_static"(%81) <{begins = [0 : i32, 0 : i32, 0 : i32, 0 : i32], ends = [16 : i32, 32 : i32, 1024 : i32, 128 : i32], step = [1 : i32, 1 : i32, 1 : i32, 1 : i32]}> : (tensor<16x32x1024x256xbf16, #ttnn_layout68>) -> tensor<16x32x1024x128xbf16, #ttnn_layout69> loc(#loc61)
        %83 = "ttnn.repeat"(%13) <{repeat_dims = #ttnn.shape<1x32x1x1>}> : (tensor<16x1x1024x64xbf16, #ttnn_layout35>) -> tensor<16x32x1024x64xbf16, #ttnn_layout70> loc(#loc62)
        %84 = "ttnn.concat"(%82, %83) <{dim = 3 : si32}> : (tensor<16x32x1024x128xbf16, #ttnn_layout69>, tensor<16x32x1024x64xbf16, #ttnn_layout70>) -> tensor<16x32x1024x192xbf16, #ttnn_layout71> loc(#loc63)
        "ttnn.deallocate"(%83) <{force = false}> : (tensor<16x32x1024x64xbf16, #ttnn_layout70>) -> () loc(#loc63)
        "ttnn.deallocate"(%82) <{force = false}> : (tensor<16x32x1024x128xbf16, #ttnn_layout69>) -> () loc(#loc63)
        %85 = "ttnn.matmul"(%76, %84) <{compute_config = #ttnn.device_compute_kernel_config<math_fidelity = hifi4, fp32_dest_acc_en = true>, transpose_a = false, transpose_b = true}> : (tensor<16x32x1x192xbf16, #ttnn_layout61>, tensor<16x32x1024x192xbf16, #ttnn_layout71>) -> tensor<16x32x1x1024xbf16, #ttnn_layout72> loc(#loc64)
        "ttnn.deallocate"(%84) <{force = false}> : (tensor<16x32x1024x192xbf16, #ttnn_layout71>) -> () loc(#loc64)
        "ttnn.deallocate"(%76) <{force = false}> : (tensor<16x32x1x192xbf16, #ttnn_layout61>) -> () loc(#loc64)
        %86 = "ttnn.multiply"(%85, %0) <{dtype = #ttcore.supportedDataTypes<bf16>}> : (tensor<16x32x1x1024xbf16, #ttnn_layout72>, tensor<1x1x1x1xbf16, #ttnn_layout>) -> tensor<16x32x1x1024xbf16, #ttnn_layout72> loc(#loc65)
        "ttnn.deallocate"(%85) <{force = false}> : (tensor<16x32x1x1024xbf16, #ttnn_layout72>) -> () loc(#loc65)
        "ttnn.deallocate"(%0) <{force = false}> : (tensor<1x1x1x1xbf16, #ttnn_layout>) -> () loc(#loc65)
        %87 = "ttnn.add"(%86, %14) <{dtype = #ttcore.supportedDataTypes<bf16>}> : (tensor<16x32x1x1024xbf16, #ttnn_layout72>, tensor<16x1x1x1024xbf16, #ttnn_layout36>) -> tensor<16x32x1x1024xbf16, #ttnn_layout72> loc(#loc66)
        "ttnn.deallocate"(%86) <{force = false}> : (tensor<16x32x1x1024xbf16, #ttnn_layout72>) -> () loc(#loc66)
        "ttnn.deallocate"(%14) <{force = false}> : (tensor<16x1x1x1024xbf16, #ttnn_layout36>) -> () loc(#loc66)
        %88 = "ttnn.typecast"(%87) <{dtype = #ttcore.supportedDataTypes<f32>}> : (tensor<16x32x1x1024xbf16, #ttnn_layout72>) -> tensor<16x32x1x1024xf32, #ttnn_layout73> loc(#loc67)
        "ttnn.deallocate"(%87) <{force = false}> : (tensor<16x32x1x1024xbf16, #ttnn_layout72>) -> () loc(#loc67)
        %89 = "ttnn.softmax"(%88) <{compute_config = #ttnn.device_compute_kernel_config<math_fidelity = hifi4, fp32_dest_acc_en = true>, dimension = 3 : si32, numericStable = true}> : (tensor<16x32x1x1024xf32, #ttnn_layout73>) -> tensor<16x32x1x1024xf32, #ttnn_layout73> loc(#loc68)
        "ttnn.deallocate"(%88) <{force = false}> : (tensor<16x32x1x1024xf32, #ttnn_layout73>) -> () loc(#loc68)
        %90 = "ttnn.typecast"(%89) <{dtype = #ttcore.supportedDataTypes<bf16>}> : (tensor<16x32x1x1024xf32, #ttnn_layout73>) -> tensor<16x32x1x1024xbf16, #ttnn_layout72> loc(#loc69)
        "ttnn.deallocate"(%89) <{force = false}> : (tensor<16x32x1x1024xf32, #ttnn_layout73>) -> () loc(#loc69)
        %91 = "ttnn.slice_static"(%81) <{begins = [0 : i32, 0 : i32, 0 : i32, 128 : i32], ends = [16 : i32, 32 : i32, 1024 : i32, 256 : i32], step = [1 : i32, 1 : i32, 1 : i32, 1 : i32]}> : (tensor<16x32x1024x256xbf16, #ttnn_layout68>) -> tensor<16x32x1024x128xbf16, #ttnn_layout69> loc(#loc70)
        "ttnn.deallocate"(%81) <{force = false}> : (tensor<16x32x1024x256xbf16, #ttnn_layout68>) -> () loc(#loc70)
        %92 = "ttnn.matmul"(%90, %91) <{compute_config = #ttnn.device_compute_kernel_config<math_fidelity = hifi4, fp32_dest_acc_en = true>, transpose_a = false, transpose_b = false}> : (tensor<16x32x1x1024xbf16, #ttnn_layout72>, tensor<16x32x1024x128xbf16, #ttnn_layout69>) -> tensor<16x32x1x128xbf16, #ttnn_layout62> loc(#loc71)
        "ttnn.deallocate"(%91) <{force = false}> : (tensor<16x32x1024x128xbf16, #ttnn_layout69>) -> () loc(#loc71)
        "ttnn.deallocate"(%90) <{force = false}> : (tensor<16x32x1x1024xbf16, #ttnn_layout72>) -> () loc(#loc71)
        %93 = "ttnn.reshape"(%92) <{shape = [16 : i32, 4096 : i32]}> : (tensor<16x32x1x128xbf16, #ttnn_layout62>) -> tensor<16x4096xbf16, #ttnn_layout74> loc(#loc72)
        "ttnn.deallocate"(%92) <{force = false}> : (tensor<16x32x1x128xbf16, #ttnn_layout62>) -> () loc(#loc72)
        %94 = "ttnn.matmul"(%93, %7) <{compute_config = #ttnn.device_compute_kernel_config<math_fidelity = hifi4, fp32_dest_acc_en = true>, transpose_a = false, transpose_b = true}> : (tensor<16x4096xbf16, #ttnn_layout74>, tensor<7168x4096xbf16, #ttnn_layout18>) -> tensor<16x7168xbf16, #ttnn_layout75> loc(#loc73)
        "ttnn.deallocate"(%93) <{force = false}> : (tensor<16x4096xbf16, #ttnn_layout74>) -> () loc(#loc73)
        "ttnn.deallocate"(%7) <{force = false}> : (tensor<7168x4096xbf16, #ttnn_layout18>) -> () loc(#loc73)
        %95 = "ttnn.reshape"(%94) <{shape = [1 : i32, 1 : i32, 16 : i32, 7168 : i32]}> : (tensor<16x7168xbf16, #ttnn_layout75>) -> tensor<1x1x16x7168xbf16, #ttnn_layout76> loc(#loc91)
        "ttnn.deallocate"(%94) <{force = false}> : (tensor<16x7168xbf16, #ttnn_layout75>) -> () loc(#loc91)
        %96 = "ttnn.reduce_scatter"(%95) <{cluster_axis = 0 : ui32, reduce_type = #ttcore.reduce_type<sum>, scatter_dim = 2 : si32}> : (tensor<1x1x16x7168xbf16, #ttnn_layout76>) -> tensor<1x1x8x7168xbf16, #ttnn_layout76> loc(#loc92)
        "ttnn.deallocate"(%95) <{force = false}> : (tensor<1x1x16x7168xbf16, #ttnn_layout76>) -> () loc(#loc92)
        %97 = "ttnn.all_gather"(%96) <{all_gather_dim = 2 : si32, cluster_axis = 0 : ui32}> : (tensor<1x1x8x7168xbf16, #ttnn_layout76>) -> tensor<1x1x16x7168xbf16, #ttnn_layout76> loc(#loc85)
        "ttnn.deallocate"(%96) <{force = false}> : (tensor<1x1x8x7168xbf16, #ttnn_layout76>) -> () loc(#loc85)
        %98 = "ttnn.reshape"(%97) <{shape = [16 : i32, 1 : i32, 7168 : i32]}> : (tensor<1x1x16x7168xbf16, #ttnn_layout76>) -> tensor<16x1x7168xbf16, #ttnn_layout77> loc(#loc74)
        "ttnn.deallocate"(%97) <{force = false}> : (tensor<1x1x16x7168xbf16, #ttnn_layout76>) -> () loc(#loc74)
        %99 = "ttnn.mesh_shard"(%12, %10) <{shard_dims = array<i64: -1, 0>, shard_direction = #ttcore.shard_direction<shard_to_full>, shard_shape = array<i64: 4, 1, 1, 1>, shard_type = #ttcore.shard_type<identity>}> : (tensor<16x1x1024x512xbf16, #ttnn_layout34>, !ttnn.device) -> tensor<64x1x1024x512xbf16, #ttnn_layout27> loc(#loc)
        "ttnn.deallocate"(%12) <{force = false}> : (tensor<16x1x1024x512xbf16, #ttnn_layout34>) -> () loc(#loc)
        %100 = "ttnn.mesh_shard"(%13, %10) <{shard_dims = array<i64: -1, 0>, shard_direction = #ttcore.shard_direction<shard_to_full>, shard_shape = array<i64: 4, 1, 1, 1>, shard_type = #ttcore.shard_type<identity>}> : (tensor<16x1x1024x64xbf16, #ttnn_layout35>, !ttnn.device) -> tensor<64x1x1024x64xbf16, #ttnn_layout29> loc(#loc)
        "ttnn.deallocate"(%13) <{force = false}> : (tensor<16x1x1024x64xbf16, #ttnn_layout35>) -> () loc(#loc)
        %101 = "ttnn.mesh_shard"(%98, %10) <{shard_dims = array<i64: -1, 0>, shard_direction = #ttcore.shard_direction<shard_to_full>, shard_shape = array<i64: 4, 1, 1>, shard_type = #ttcore.shard_type<identity>}> : (tensor<16x1x7168xbf16, #ttnn_layout77>, !ttnn.device) -> tensor<64x1x7168xbf16, #ttnn_layout25> loc(#loc)
        "ttnn.deallocate"(%98) <{force = false}> : (tensor<16x1x7168xbf16, #ttnn_layout77>) -> () loc(#loc)
        return %99, %100, %101 : tensor<64x1x1024x512xbf16, #ttnn_layout27>, tensor<64x1x1024x64xbf16, #ttnn_layout29>, tensor<64x1x7168xbf16, #ttnn_layout25> loc(#loc)
      } loc(#loc)
    } loc(#loc)
  } loc(#loc)
} loc(#loc)
#loc1 = loc("gather.85")
#loc2 = loc("gather.55")
#loc18 = loc("reshape.8")
#loc19 = loc("dot.9")
#loc20 = loc("slice.11")
#loc21 = loc("reshape.12")
#loc22 = loc("scatter.33")
#loc23 = loc("scatter.33_in_0_layout")
#loc24 = loc("slice.57")
#loc25 = loc("reshape.60")
#loc26 = loc("transpose.61")
#loc27 = loc("reshape.62")
#loc28 = loc("compare.76_in_0_layout")
#loc29 = loc("compare.76")
#loc30 = loc("add.73")
#loc31 = loc("select.77")
#loc32 = loc("broadcast.88")
#loc33 = loc("scatter.109")
#loc34 = loc("multiply.89")
#loc35 = loc("slice.64")
#loc36 = loc("negate.65")
#loc37 = loc("slice.63")
#loc38 = loc("concatenate.66")
#loc39 = loc("broadcast.68")
#loc40 = loc("multiply.69")
#loc41 = loc("add.92")
#loc42 = loc("dot.201")
#loc43 = loc("dot.237")
#loc44 = loc("transpose.240")
#loc45 = loc("slice.258")
#loc46 = loc("slice.241")
#loc47 = loc("reshape.242")
#loc48 = loc("transpose.243")
#loc49 = loc("reshape.244")
#loc50 = loc("multiply.254")
#loc51 = loc("slice.246")
#loc52 = loc("negate.247")
#loc53 = loc("slice.245")
#loc54 = loc("concatenate.248")
#loc55 = loc("multiply.251")
#loc56 = loc("add.257")
#loc57 = loc("concatenate.259")
#loc58 = loc("dot.165")
#loc59 = loc("reshape.167")
#loc60 = loc("transpose.168")
#loc61 = loc("slice.177")
#loc62 = loc("broadcast.176")
#loc63 = loc("concatenate.178")
#loc64 = loc("dot.260")
#loc65 = loc("multiply.263")
#loc66 = loc("add.268")
#loc67 = loc("convert.269")
#loc68 = loc("divide.286")
#loc69 = loc("convert.287")
#loc70 = loc("slice.169")
#loc71 = loc("dot.288")
#loc72 = loc("reshape.292")
#loc73 = loc("dot.293")
#loc74 = loc("reshape.294")
#loc75 = loc("gather.85_workaround"(#loc1))
#loc76 = loc("gather.55_workaround"(#loc2))
#loc77 = loc("dot.9_reduceScatter"(#loc19))
#loc78 = loc("dot.9_all_gather_4d"(#loc19))
#loc79 = loc("scatter.33_workaround"(#loc22))
#loc80 = loc("select.77_workaround"(#loc31))
#loc81 = loc("scatter.109_tm0"(#loc33))
#loc82 = loc("dot.201_reduceScatter"(#loc42))
#loc83 = loc("dot.201_all_gather_4d"(#loc42))
#loc84 = loc("dot.293_reduceScatter"(#loc73))
#loc85 = loc("dot.293_all_gather_4d"(#loc73))
#loc86 = loc("dot.9_reduceScatter_reshape_to_4d"(#loc77))
#loc87 = loc("dot.9_reduceScatter_reduce_scatter_4d"(#loc77))
#loc88 = loc("scatter.109_tm0_tm0"(#loc81))
#loc89 = loc("dot.201_reduceScatter_reshape_to_4d"(#loc82))
#loc90 = loc("dot.201_reduceScatter_reduce_scatter_4d"(#loc82))
#loc91 = loc("dot.293_reduceScatter_reshape_to_4d"(#loc84))
#loc92 = loc("dot.293_reduceScatter_reduce_scatter_4d"(#loc84))
------------------ END OF MLIR MODULE ------------------
2026-02-10 20:35:29.864 (  11.007s) [        C75E3480]loaded_executable_insta:262      1| LoadedExecutableInstance::PJRT_LoadedExecutable_GetExecutable
2026-02-10 20:35:29.864 (  11.007s) [        C75E3480]loaded_executable_insta:281      1| LoadedExecutableInstance::PJRT_LoadedExecutable_AddressableDevices
2026-02-10 20:35:29.865 (  11.008s) [        C75E3480]              stubs.inc:70    WARN| STUB: PJRT_Executable_GetCompiledMemoryStats
2026-02-10 20:35:29.865 (  11.008s) [        C75E3480]      error_instance.cc:52       1| ErrorInstance::PJRT_Error_Message
2026-02-10 20:35:29.865 (  11.008s) [        C75E3480]      error_instance.cc:61       1| ErrorInstance::PJRT_Error_GetCode
2026-02-10 20:35:29.865 (  11.008s) [        C75E3480]      error_instance.cc:46       1| ErrorInstance::PJRT_Error_Destroy
2026-02-10 20:35:29.865 (  11.008s) [        C75E3480] executable_instance.cc:108      1| ExecutableInstance::PJRT_Executable_OptimizedProgram
2026-02-10 20:35:29.865 (  11.008s) [        C75E3480] executable_instance.cc:108      1| ExecutableInstance::PJRT_Executable_OptimizedProgram
2026-02-10 20:35:29.870 (  11.014s) [        C75E3480] executable_instance.cc:108      1| ExecutableInstance::PJRT_Executable_OptimizedProgram
2026-02-10 20:35:29.870 (  11.014s) [        C75E3480] executable_instance.cc:108      1| ExecutableInstance::PJRT_Executable_OptimizedProgram
2026-02-10 20:35:29.874 (  11.017s) [        C75E3480] executable_instance.cc:239      1| ExecutableInstance::PJRT_Executable_Serialize
2026-02-10 20:35:29.876 (  11.020s) [        C75E3480]     buffer_instance.cc:495      1| BufferInstance::PJRT_Buffer_IsDeleted
2026-02-10 20:35:29.876 (  11.020s) [        C75E3480]     buffer_instance.cc:495      1| BufferInstance::PJRT_Buffer_IsDeleted
2026-02-10 20:35:29.876 (  11.020s) [        C75E3480]     buffer_instance.cc:495      1| BufferInstance::PJRT_Buffer_IsDeleted
2026-02-10 20:35:29.876 (  11.020s) [        C75E3480]     buffer_instance.cc:495      1| BufferInstance::PJRT_Buffer_IsDeleted
2026-02-10 20:35:29.876 (  11.020s) [        C75E3480]     buffer_instance.cc:495      1| BufferInstance::PJRT_Buffer_IsDeleted
2026-02-10 20:35:29.876 (  11.020s) [        C75E3480]     buffer_instance.cc:495      1| BufferInstance::PJRT_Buffer_IsDeleted
2026-02-10 20:35:29.876 (  11.020s) [        C75E3480]     buffer_instance.cc:495      1| BufferInstance::PJRT_Buffer_IsDeleted
2026-02-10 20:35:29.876 (  11.020s) [        C75E3480]     buffer_instance.cc:495      1| BufferInstance::PJRT_Buffer_IsDeleted
2026-02-10 20:35:29.876 (  11.020s) [        C75E3480]     buffer_instance.cc:495      1| BufferInstance::PJRT_Buffer_IsDeleted
2026-02-10 20:35:29.876 (  11.020s) [        C75E3480]     buffer_instance.cc:495      1| BufferInstance::PJRT_Buffer_IsDeleted
2026-02-10 20:35:29.876 (  11.020s) [        C75E3480]     buffer_instance.cc:495      1| BufferInstance::PJRT_Buffer_IsDeleted
2026-02-10 20:35:29.876 (  11.020s) [        C75E3480]     buffer_instance.cc:495      1| BufferInstance::PJRT_Buffer_IsDeleted
2026-02-10 20:35:29.876 (  11.020s) [        C75E3480]     buffer_instance.cc:495      1| BufferInstance::PJRT_Buffer_IsDeleted
2026-02-10 20:35:29.876 (  11.020s) [        C75E3480]     buffer_instance.cc:495      1| BufferInstance::PJRT_Buffer_IsDeleted
2026-02-10 20:35:29.876 (  11.020s) [        C75E3480]     buffer_instance.cc:495      1| BufferInstance::PJRT_Buffer_IsDeleted
2026-02-10 20:35:29.876 (  11.020s) [        C75E3480]     buffer_instance.cc:495      1| BufferInstance::PJRT_Buffer_IsDeleted
2026-02-10 20:35:29.876 (  11.020s) [        C75E3480]     buffer_instance.cc:495      1| BufferInstance::PJRT_Buffer_IsDeleted
2026-02-10 20:35:29.876 (  11.020s) [        C75E3480]     buffer_instance.cc:495      1| BufferInstance::PJRT_Buffer_IsDeleted
2026-02-10 20:35:29.876 (  11.020s) [        C75E3480]     buffer_instance.cc:495      1| BufferInstance::PJRT_Buffer_IsDeleted
2026-02-10 20:35:29.876 (  11.020s) [        C75E3480]     buffer_instance.cc:495      1| BufferInstance::PJRT_Buffer_IsDeleted
2026-02-10 20:35:29.876 (  11.020s) [        C75E3480]     buffer_instance.cc:495      1| BufferInstance::PJRT_Buffer_IsDeleted
2026-02-10 20:35:29.876 (  11.020s) [        C75E3480]     buffer_instance.cc:495      1| BufferInstance::PJRT_Buffer_IsDeleted
2026-02-10 20:35:29.876 (  11.020s) [        C75E3480]     buffer_instance.cc:495      1| BufferInstance::PJRT_Buffer_IsDeleted
2026-02-10 20:35:29.876 (  11.020s) [        C75E3480]     buffer_instance.cc:495      1| BufferInstance::PJRT_Buffer_IsDeleted
2026-02-10 20:35:29.876 (  11.020s) [        C75E3480]     buffer_instance.cc:495      1| BufferInstance::PJRT_Buffer_IsDeleted
2026-02-10 20:35:29.876 (  11.020s) [        C75E3480]     buffer_instance.cc:495      1| BufferInstance::PJRT_Buffer_IsDeleted
2026-02-10 20:35:29.876 (  11.020s) [        C75E3480]     buffer_instance.cc:495      1| BufferInstance::PJRT_Buffer_IsDeleted
2026-02-10 20:35:29.876 (  11.020s) [        C75E3480]     buffer_instance.cc:495      1| BufferInstance::PJRT_Buffer_IsDeleted
2026-02-10 20:35:29.876 (  11.020s) [        C75E3480]     buffer_instance.cc:495      1| BufferInstance::PJRT_Buffer_IsDeleted
2026-02-10 20:35:29.876 (  11.020s) [        C75E3480]     buffer_instance.cc:495      1| BufferInstance::PJRT_Buffer_IsDeleted
2026-02-10 20:35:29.876 (  11.020s) [        C75E3480]     buffer_instance.cc:495      1| BufferInstance::PJRT_Buffer_IsDeleted
2026-02-10 20:35:29.876 (  11.020s) [        C75E3480]     buffer_instance.cc:495      1| BufferInstance::PJRT_Buffer_IsDeleted
2026-02-10 20:35:29.876 (  11.020s) [        C75E3480]     buffer_instance.cc:495      1| BufferInstance::PJRT_Buffer_IsDeleted
2026-02-10 20:35:29.876 (  11.020s) [        C75E3480]     buffer_instance.cc:495      1| BufferInstance::PJRT_Buffer_IsDeleted
2026-02-10 20:35:29.876 (  11.020s) [        C75E3480]     buffer_instance.cc:495      1| BufferInstance::PJRT_Buffer_IsDeleted
2026-02-10 20:35:29.876 (  11.020s) [        C75E3480]     buffer_instance.cc:495      1| BufferInstance::PJRT_Buffer_IsDeleted
2026-02-10 20:35:29.876 (  11.020s) [        C75E3480]     buffer_instance.cc:495      1| BufferInstance::PJRT_Buffer_IsDeleted
2026-02-10 20:35:29.876 (  11.020s) [        C75E3480]     buffer_instance.cc:495      1| BufferInstance::PJRT_Buffer_IsDeleted
2026-02-10 20:35:29.876 (  11.020s) [        C75E3480]     buffer_instance.cc:495      1| BufferInstance::PJRT_Buffer_IsDeleted
2026-02-10 20:35:29.876 (  11.020s) [        C75E3480]     buffer_instance.cc:495      1| BufferInstance::PJRT_Buffer_IsDeleted
2026-02-10 20:35:29.876 (  11.020s) [        C75E3480]     buffer_instance.cc:495      1| BufferInstance::PJRT_Buffer_IsDeleted
2026-02-10 20:35:29.876 (  11.020s) [        C75E3480]     buffer_instance.cc:495      1| BufferInstance::PJRT_Buffer_IsDeleted
2026-02-10 20:35:29.876 (  11.020s) [        C75E3480]     buffer_instance.cc:495      1| BufferInstance::PJRT_Buffer_IsDeleted
2026-02-10 20:35:29.876 (  11.020s) [        C75E3480]     buffer_instance.cc:495      1| BufferInstance::PJRT_Buffer_IsDeleted
2026-02-10 20:35:29.876 (  11.020s) [        C75E3480]     buffer_instance.cc:495      1| BufferInstance::PJRT_Buffer_IsDeleted
2026-02-10 20:35:29.876 (  11.020s) [        C75E3480]     buffer_instance.cc:495      1| BufferInstance::PJRT_Buffer_IsDeleted
2026-02-10 20:35:29.876 (  11.020s) [        C75E3480]     buffer_instance.cc:495      1| BufferInstance::PJRT_Buffer_IsDeleted
2026-02-10 20:35:29.876 (  11.020s) [        C75E3480]     buffer_instance.cc:495      1| BufferInstance::PJRT_Buffer_IsDeleted
2026-02-10 20:35:29.876 (  11.020s) [        C75E3480]     buffer_instance.cc:495      1| BufferInstance::PJRT_Buffer_IsDeleted
2026-02-10 20:35:29.876 (  11.020s) [        C75E3480]     buffer_instance.cc:495      1| BufferInstance::PJRT_Buffer_IsDeleted
2026-02-10 20:35:29.876 (  11.020s) [        C75E3480]     buffer_instance.cc:495      1| BufferInstance::PJRT_Buffer_IsDeleted
2026-02-10 20:35:29.876 (  11.020s) [        C75E3480]     buffer_instance.cc:495      1| BufferInstance::PJRT_Buffer_IsDeleted
2026-02-10 20:35:29.876 (  11.020s) [        C75E3480]     buffer_instance.cc:495      1| BufferInstance::PJRT_Buffer_IsDeleted
2026-02-10 20:35:29.876 (  11.020s) [        C75E3480]     buffer_instance.cc:495      1| BufferInstance::PJRT_Buffer_IsDeleted
2026-02-10 20:35:29.876 (  11.020s) [        C75E3480]     buffer_instance.cc:495      1| BufferInstance::PJRT_Buffer_IsDeleted
2026-02-10 20:35:29.876 (  11.020s) [        C75E3480]     buffer_instance.cc:495      1| BufferInstance::PJRT_Buffer_IsDeleted
2026-02-10 20:35:29.876 (  11.020s) [        C75E3480]     buffer_instance.cc:495      1| BufferInstance::PJRT_Buffer_IsDeleted
2026-02-10 20:35:29.876 (  11.020s) [        C75E3480]     buffer_instance.cc:495      1| BufferInstance::PJRT_Buffer_IsDeleted
2026-02-10 20:35:29.876 (  11.020s) [        C75E3480]     buffer_instance.cc:495      1| BufferInstance::PJRT_Buffer_IsDeleted
2026-02-10 20:35:29.876 (  11.020s) [        C75E3480]     buffer_instance.cc:495      1| BufferInstance::PJRT_Buffer_IsDeleted
2026-02-10 20:35:29.876 (  11.020s) [        C75E3480]     buffer_instance.cc:495      1| BufferInstance::PJRT_Buffer_IsDeleted
2026-02-10 20:35:29.876 (  11.020s) [        C75E3480]     buffer_instance.cc:495      1| BufferInstance::PJRT_Buffer_IsDeleted
2026-02-10 20:35:29.876 (  11.020s) [        C75E3480]     buffer_instance.cc:495      1| BufferInstance::PJRT_Buffer_IsDeleted
2026-02-10 20:35:29.876 (  11.020s) [        C75E3480]     buffer_instance.cc:495      1| BufferInstance::PJRT_Buffer_IsDeleted
2026-02-10 20:35:29.876 (  11.020s) [        C75E3480]     buffer_instance.cc:495      1| BufferInstance::PJRT_Buffer_IsDeleted
2026-02-10 20:35:29.876 (  11.020s) [        C75E3480]     buffer_instance.cc:495      1| BufferInstance::PJRT_Buffer_IsDeleted
2026-02-10 20:35:29.876 (  11.020s) [        C75E3480]     buffer_instance.cc:495      1| BufferInstance::PJRT_Buffer_IsDeleted
2026-02-10 20:35:29.876 (  11.020s) [        C75E3480]     buffer_instance.cc:495      1| BufferInstance::PJRT_Buffer_IsDeleted
2026-02-10 20:35:29.876 (  11.020s) [        C75E3480]     buffer_instance.cc:495      1| BufferInstance::PJRT_Buffer_IsDeleted
2026-02-10 20:35:29.876 (  11.020s) [        C75E3480]     buffer_instance.cc:495      1| BufferInstance::PJRT_Buffer_IsDeleted
2026-02-10 20:35:29.876 (  11.020s) [        C75E3480]     buffer_instance.cc:495      1| BufferInstance::PJRT_Buffer_IsDeleted
2026-02-10 20:35:29.876 (  11.020s) [        C75E3480]     buffer_instance.cc:495      1| BufferInstance::PJRT_Buffer_IsDeleted
2026-02-10 20:35:29.876 (  11.020s) [        C75E3480]     buffer_instance.cc:495      1| BufferInstance::PJRT_Buffer_IsDeleted
2026-02-10 20:35:29.876 (  11.020s) [        C75E3480]     buffer_instance.cc:495      1| BufferInstance::PJRT_Buffer_IsDeleted
2026-02-10 20:35:29.876 (  11.020s) [        C75E3480]     buffer_instance.cc:495      1| BufferInstance::PJRT_Buffer_IsDeleted
2026-02-10 20:35:29.876 (  11.020s) [        C75E3480]     buffer_instance.cc:495      1| BufferInstance::PJRT_Buffer_IsDeleted
2026-02-10 20:35:29.876 (  11.020s) [        C75E3480]     buffer_instance.cc:495      1| BufferInstance::PJRT_Buffer_IsDeleted
2026-02-10 20:35:29.876 (  11.020s) [        C75E3480]     buffer_instance.cc:495      1| BufferInstance::PJRT_Buffer_IsDeleted
2026-02-10 20:35:29.876 (  11.020s) [        C75E3480]     buffer_instance.cc:495      1| BufferInstance::PJRT_Buffer_IsDeleted
2026-02-10 20:35:29.876 (  11.020s) [        C75E3480]     buffer_instance.cc:495      1| BufferInstance::PJRT_Buffer_IsDeleted
2026-02-10 20:35:29.876 (  11.020s) [        C75E3480]     buffer_instance.cc:495      1| BufferInstance::PJRT_Buffer_IsDeleted
2026-02-10 20:35:29.876 (  11.020s) [        C75E3480]     buffer_instance.cc:495      1| BufferInstance::PJRT_Buffer_IsDeleted
2026-02-10 20:35:29.876 (  11.020s) [        C75E3480]     buffer_instance.cc:495      1| BufferInstance::PJRT_Buffer_IsDeleted
2026-02-10 20:35:29.876 (  11.020s) [        C75E3480]     buffer_instance.cc:495      1| BufferInstance::PJRT_Buffer_IsDeleted
2026-02-10 20:35:29.876 (  11.020s) [        C75E3480]     buffer_instance.cc:495      1| BufferInstance::PJRT_Buffer_IsDeleted
2026-02-10 20:35:29.876 (  11.020s) [        C75E3480]     buffer_instance.cc:495      1| BufferInstance::PJRT_Buffer_IsDeleted
2026-02-10 20:35:29.876 (  11.020s) [        C75E3480]     buffer_instance.cc:495      1| BufferInstance::PJRT_Buffer_IsDeleted
2026-02-10 20:35:29.876 (  11.020s) [        C75E3480]     buffer_instance.cc:495      1| BufferInstance::PJRT_Buffer_IsDeleted
2026-02-10 20:35:29.876 (  11.020s) [        C75E3480]     buffer_instance.cc:495      1| BufferInstance::PJRT_Buffer_IsDeleted
2026-02-10 20:35:29.876 (  11.020s) [        C75E3480]     buffer_instance.cc:495      1| BufferInstance::PJRT_Buffer_IsDeleted
2026-02-10 20:35:29.876 (  11.020s) [        C75E3480]     buffer_instance.cc:495      1| BufferInstance::PJRT_Buffer_IsDeleted
2026-02-10 20:35:29.876 (  11.020s) [        C75E3480]     buffer_instance.cc:495      1| BufferInstance::PJRT_Buffer_IsDeleted
2026-02-10 20:35:29.876 (  11.020s) [        C75E3480]     buffer_instance.cc:495      1| BufferInstance::PJRT_Buffer_IsDeleted
2026-02-10 20:35:29.876 (  11.020s) [        C75E3480]     buffer_instance.cc:495      1| BufferInstance::PJRT_Buffer_IsDeleted
2026-02-10 20:35:29.876 (  11.020s) [        C75E3480]     buffer_instance.cc:495      1| BufferInstance::PJRT_Buffer_IsDeleted
2026-02-10 20:35:29.876 (  11.020s) [        C75E3480]     buffer_instance.cc:495      1| BufferInstance::PJRT_Buffer_IsDeleted
2026-02-10 20:35:29.876 (  11.020s) [        C75E3480]     buffer_instance.cc:495      1| BufferInstance::PJRT_Buffer_IsDeleted
2026-02-10 20:35:29.876 (  11.020s) [        C75E3480]     buffer_instance.cc:495      1| BufferInstance::PJRT_Buffer_IsDeleted
2026-02-10 20:35:29.876 (  11.020s) [        C75E3480]     buffer_instance.cc:495      1| BufferInstance::PJRT_Buffer_IsDeleted
2026-02-10 20:35:29.876 (  11.020s) [        C75E3480]     buffer_instance.cc:495      1| BufferInstance::PJRT_Buffer_IsDeleted
2026-02-10 20:35:29.876 (  11.020s) [        C75E3480]     buffer_instance.cc:495      1| BufferInstance::PJRT_Buffer_IsDeleted
2026-02-10 20:35:29.876 (  11.020s) [        C75E3480]     buffer_instance.cc:495      1| BufferInstance::PJRT_Buffer_IsDeleted
2026-02-10 20:35:29.876 (  11.020s) [        C75E3480]     buffer_instance.cc:495      1| BufferInstance::PJRT_Buffer_IsDeleted
2026-02-10 20:35:29.876 (  11.020s) [        C75E3480]     buffer_instance.cc:495      1| BufferInstance::PJRT_Buffer_IsDeleted
2026-02-10 20:35:29.876 (  11.020s) [        C75E3480]     buffer_instance.cc:495      1| BufferInstance::PJRT_Buffer_IsDeleted
2026-02-10 20:35:29.876 (  11.020s) [        C75E3480]     buffer_instance.cc:495      1| BufferInstance::PJRT_Buffer_IsDeleted
2026-02-10 20:35:29.876 (  11.020s) [        C75E3480]     buffer_instance.cc:495      1| BufferInstance::PJRT_Buffer_IsDeleted
2026-02-10 20:35:29.876 (  11.020s) [        C75E3480]     buffer_instance.cc:495      1| BufferInstance::PJRT_Buffer_IsDeleted
2026-02-10 20:35:29.876 (  11.020s) [        C75E3480]     buffer_instance.cc:495      1| BufferInstance::PJRT_Buffer_IsDeleted
2026-02-10 20:35:29.876 (  11.020s) [        C75E3480]     buffer_instance.cc:495      1| BufferInstance::PJRT_Buffer_IsDeleted
2026-02-10 20:35:29.876 (  11.020s) [        C75E3480]     buffer_instance.cc:495      1| BufferInstance::PJRT_Buffer_IsDeleted
2026-02-10 20:35:29.876 (  11.020s) [        C75E3480]     buffer_instance.cc:495      1| BufferInstance::PJRT_Buffer_IsDeleted
2026-02-10 20:35:29.876 (  11.020s) [        C75E3480]     buffer_instance.cc:495      1| BufferInstance::PJRT_Buffer_IsDeleted
2026-02-10 20:35:29.876 (  11.020s) [        C75E3480]     buffer_instance.cc:495      1| BufferInstance::PJRT_Buffer_IsDeleted
2026-02-10 20:35:29.876 (  11.020s) [        C75E3480]     buffer_instance.cc:495      1| BufferInstance::PJRT_Buffer_IsDeleted
2026-02-10 20:35:29.876 (  11.020s) [        C75E3480]     buffer_instance.cc:495      1| BufferInstance::PJRT_Buffer_IsDeleted
2026-02-10 20:35:29.876 (  11.020s) [        C75E3480]     buffer_instance.cc:495      1| BufferInstance::PJRT_Buffer_IsDeleted
2026-02-10 20:35:29.876 (  11.020s) [        C75E3480]     buffer_instance.cc:495      1| BufferInstance::PJRT_Buffer_IsDeleted
2026-02-10 20:35:29.876 (  11.020s) [        C75E3480]     buffer_instance.cc:495      1| BufferInstance::PJRT_Buffer_IsDeleted
2026-02-10 20:35:29.876 (  11.020s) [        C75E3480]     buffer_instance.cc:495      1| BufferInstance::PJRT_Buffer_IsDeleted
2026-02-10 20:35:29.878 (  11.021s) [         A7FC640]  device_description.cc:63       1| DeviceDescription::PJRT_DeviceDescription_Id
2026-02-10 20:35:29.878 (  11.021s) [         A7FC640]  device_description.cc:63       1| DeviceDescription::PJRT_DeviceDescription_Id
2026-02-10 20:35:29.878 (  11.021s) [         A7FC640]  device_description.cc:63       1| DeviceDescription::PJRT_DeviceDescription_Id
2026-02-10 20:35:29.878 (  11.021s) [         A7FC640]  device_description.cc:63       1| DeviceDescription::PJRT_DeviceDescription_Id
2026-02-10 20:35:29.878 (  11.021s) [         A7FC640]  device_description.cc:63       1| DeviceDescription::PJRT_DeviceDescription_Id
2026-02-10 20:35:29.878 (  11.021s) [         A7FC640]  device_description.cc:63       1| DeviceDescription::PJRT_DeviceDescription_Id
2026-02-10 20:35:29.878 (  11.021s) [         A7FC640]  device_description.cc:63       1| DeviceDescription::PJRT_DeviceDescription_Id
2026-02-10 20:35:29.878 (  11.021s) [         A7FC640]  device_description.cc:63       1| DeviceDescription::PJRT_DeviceDescription_Id
2026-02-10 20:35:29.878 (  11.021s) [         A7FC640]     buffer_instance.cc:549      1| BufferInstance::PJRT_Buffer_Device
2026-02-10 20:35:29.878 (  11.021s) [         A7FC640]     device_instance.cc:53       1| DeviceInstance::PJRT_Device_IsAddressable
2026-02-10 20:35:29.878 (  11.021s) [         A7FC640]     buffer_instance.cc:549      1| BufferInstance::PJRT_Buffer_Device
2026-02-10 20:35:29.878 (  11.021s) [         A7FC640]     device_instance.cc:53       1| DeviceInstance::PJRT_Device_IsAddressable
2026-02-10 20:35:29.878 (  11.021s) [         A7FC640]     buffer_instance.cc:549      1| BufferInstance::PJRT_Buffer_Device
2026-02-10 20:35:29.878 (  11.021s) [         A7FC640]     device_instance.cc:53       1| DeviceInstance::PJRT_Device_IsAddressable
2026-02-10 20:35:29.878 (  11.021s) [         A7FC640]     buffer_instance.cc:549      1| BufferInstance::PJRT_Buffer_Device
2026-02-10 20:35:29.878 (  11.021s) [         A7FC640]     device_instance.cc:53       1| DeviceInstance::PJRT_Device_IsAddressable
2026-02-10 20:35:29.878 (  11.021s) [         A7FC640]     buffer_instance.cc:549      1| BufferInstance::PJRT_Buffer_Device
2026-02-10 20:35:29.878 (  11.021s) [         A7FC640]     device_instance.cc:53       1| DeviceInstance::PJRT_Device_IsAddressable
2026-02-10 20:35:29.878 (  11.021s) [         A7FC640]     buffer_instance.cc:549      1| BufferInstance::PJRT_Buffer_Device
2026-02-10 20:35:29.878 (  11.021s) [         A7FC640]     device_instance.cc:53       1| DeviceInstance::PJRT_Device_IsAddressable
2026-02-10 20:35:29.878 (  11.021s) [         A7FC640]     buffer_instance.cc:549      1| BufferInstance::PJRT_Buffer_Device
2026-02-10 20:35:29.878 (  11.021s) [         A7FC640]     device_instance.cc:53       1| DeviceInstance::PJRT_Device_IsAddressable
2026-02-10 20:35:29.878 (  11.021s) [         A7FC640]     buffer_instance.cc:549      1| BufferInstance::PJRT_Buffer_Device
2026-02-10 20:35:29.878 (  11.021s) [         A7FC640]     device_instance.cc:53       1| DeviceInstance::PJRT_Device_IsAddressable
2026-02-10 20:35:29.878 (  11.021s) [         A7FC640]     buffer_instance.cc:549      1| BufferInstance::PJRT_Buffer_Device
2026-02-10 20:35:29.878 (  11.021s) [         A7FC640]     device_instance.cc:53       1| DeviceInstance::PJRT_Device_IsAddressable
2026-02-10 20:35:29.878 (  11.021s) [         A7FC640]     buffer_instance.cc:549      1| BufferInstance::PJRT_Buffer_Device
2026-02-10 20:35:29.878 (  11.021s) [         A7FC640]     device_instance.cc:53       1| DeviceInstance::PJRT_Device_IsAddressable
2026-02-10 20:35:29.878 (  11.021s) [         A7FC640]     buffer_instance.cc:549      1| BufferInstance::PJRT_Buffer_Device
2026-02-10 20:35:29.878 (  11.021s) [         A7FC640]     device_instance.cc:53       1| DeviceInstance::PJRT_Device_IsAddressable
2026-02-10 20:35:29.878 (  11.021s) [         A7FC640]     buffer_instance.cc:549      1| BufferInstance::PJRT_Buffer_Device
2026-02-10 20:35:29.878 (  11.021s) [         A7FC640]     device_instance.cc:53       1| DeviceInstance::PJRT_Device_IsAddressable
2026-02-10 20:35:29.878 (  11.021s) [         A7FC640]     buffer_instance.cc:549      1| BufferInstance::PJRT_Buffer_Device
2026-02-10 20:35:29.878 (  11.021s) [         A7FC640]     device_instance.cc:53       1| DeviceInstance::PJRT_Device_IsAddressable
2026-02-10 20:35:29.878 (  11.021s) [         A7FC640]     buffer_instance.cc:549      1| BufferInstance::PJRT_Buffer_Device
2026-02-10 20:35:29.878 (  11.021s) [         A7FC640]     device_instance.cc:53       1| DeviceInstance::PJRT_Device_IsAddressable
2026-02-10 20:35:29.878 (  11.021s) [         A7FC640]     buffer_instance.cc:549      1| BufferInstance::PJRT_Buffer_Device
2026-02-10 20:35:29.878 (  11.021s) [         A7FC640]     device_instance.cc:53       1| DeviceInstance::PJRT_Device_IsAddressable
2026-02-10 20:35:29.878 (  11.021s) [         A7FC640]     buffer_instance.cc:549      1| BufferInstance::PJRT_Buffer_Device
2026-02-10 20:35:29.878 (  11.021s) [         A7FC640]     device_instance.cc:53       1| DeviceInstance::PJRT_Device_IsAddressable
2026-02-10 20:35:29.878 (  11.021s) [         A7FC640]     buffer_instance.cc:549      1| BufferInstance::PJRT_Buffer_Device
2026-02-10 20:35:29.878 (  11.021s) [         A7FC640]     device_instance.cc:53       1| DeviceInstance::PJRT_Device_IsAddressable
2026-02-10 20:35:29.878 (  11.021s) [         A7FC640]     buffer_instance.cc:549      1| BufferInstance::PJRT_Buffer_Device
2026-02-10 20:35:29.878 (  11.021s) [         A7FC640]     device_instance.cc:53       1| DeviceInstance::PJRT_Device_IsAddressable
2026-02-10 20:35:29.878 (  11.021s) [         A7FC640]     buffer_instance.cc:549      1| BufferInstance::PJRT_Buffer_Device
2026-02-10 20:35:29.878 (  11.021s) [         A7FC640]     device_instance.cc:53       1| DeviceInstance::PJRT_Device_IsAddressable
2026-02-10 20:35:29.878 (  11.021s) [         A7FC640]     buffer_instance.cc:549      1| BufferInstance::PJRT_Buffer_Device
2026-02-10 20:35:29.878 (  11.021s) [         A7FC640]     device_instance.cc:53       1| DeviceInstance::PJRT_Device_IsAddressable
2026-02-10 20:35:29.878 (  11.021s) [         A7FC640]     buffer_instance.cc:549      1| BufferInstance::PJRT_Buffer_Device
2026-02-10 20:35:29.878 (  11.021s) [         A7FC640]     device_instance.cc:53       1| DeviceInstance::PJRT_Device_IsAddressable
2026-02-10 20:35:29.878 (  11.021s) [         A7FC640]     buffer_instance.cc:549      1| BufferInstance::PJRT_Buffer_Device
2026-02-10 20:35:29.878 (  11.021s) [         A7FC640]     device_instance.cc:53       1| DeviceInstance::PJRT_Device_IsAddressable
2026-02-10 20:35:29.878 (  11.021s) [         A7FC640]     buffer_instance.cc:549      1| BufferInstance::PJRT_Buffer_Device
2026-02-10 20:35:29.878 (  11.021s) [         A7FC640]     device_instance.cc:53       1| DeviceInstance::PJRT_Device_IsAddressable
2026-02-10 20:35:29.878 (  11.021s) [         A7FC640]     buffer_instance.cc:549      1| BufferInstance::PJRT_Buffer_Device
2026-02-10 20:35:29.878 (  11.021s) [         A7FC640]     device_instance.cc:53       1| DeviceInstance::PJRT_Device_IsAddressable
2026-02-10 20:35:29.878 (  11.021s) [         A7FC640]     buffer_instance.cc:549      1| BufferInstance::PJRT_Buffer_Device
2026-02-10 20:35:29.878 (  11.021s) [         A7FC640]     device_instance.cc:53       1| DeviceInstance::PJRT_Device_IsAddressable
2026-02-10 20:35:29.878 (  11.021s) [         A7FC640]     buffer_instance.cc:549      1| BufferInstance::PJRT_Buffer_Device
2026-02-10 20:35:29.878 (  11.021s) [         A7FC640]     device_instance.cc:53       1| DeviceInstance::PJRT_Device_IsAddressable
2026-02-10 20:35:29.878 (  11.021s) [         A7FC640]     buffer_instance.cc:549      1| BufferInstance::PJRT_Buffer_Device
2026-02-10 20:35:29.878 (  11.021s) [         A7FC640]     device_instance.cc:53       1| DeviceInstance::PJRT_Device_IsAddressable
2026-02-10 20:35:29.878 (  11.021s) [         A7FC640]     buffer_instance.cc:549      1| BufferInstance::PJRT_Buffer_Device
2026-02-10 20:35:29.878 (  11.021s) [         A7FC640]     device_instance.cc:53       1| DeviceInstance::PJRT_Device_IsAddressable
2026-02-10 20:35:29.878 (  11.021s) [         A7FC640]     buffer_instance.cc:549      1| BufferInstance::PJRT_Buffer_Device
2026-02-10 20:35:29.878 (  11.021s) [         A7FC640]     device_instance.cc:53       1| DeviceInstance::PJRT_Device_IsAddressable
2026-02-10 20:35:29.878 (  11.021s) [         A7FC640]     buffer_instance.cc:549      1| BufferInstance::PJRT_Buffer_Device
2026-02-10 20:35:29.878 (  11.021s) [         A7FC640]     device_instance.cc:53       1| DeviceInstance::PJRT_Device_IsAddressable
2026-02-10 20:35:29.878 (  11.021s) [         A7FC640]     buffer_instance.cc:549      1| BufferInstance::PJRT_Buffer_Device
2026-02-10 20:35:29.878 (  11.021s) [         A7FC640]     device_instance.cc:53       1| DeviceInstance::PJRT_Device_IsAddressable
2026-02-10 20:35:29.878 (  11.021s) [         A7FC640]     buffer_instance.cc:549      1| BufferInstance::PJRT_Buffer_Device
2026-02-10 20:35:29.878 (  11.021s) [         A7FC640]     device_instance.cc:53       1| DeviceInstance::PJRT_Device_IsAddressable
2026-02-10 20:35:29.878 (  11.021s) [         A7FC640]     buffer_instance.cc:549      1| BufferInstance::PJRT_Buffer_Device
2026-02-10 20:35:29.878 (  11.021s) [         A7FC640]     device_instance.cc:53       1| DeviceInstance::PJRT_Device_IsAddressable
2026-02-10 20:35:29.878 (  11.021s) [         A7FC640]     buffer_instance.cc:549      1| BufferInstance::PJRT_Buffer_Device
2026-02-10 20:35:29.878 (  11.021s) [         A7FC640]     device_instance.cc:53       1| DeviceInstance::PJRT_Device_IsAddressable
2026-02-10 20:35:29.878 (  11.021s) [         A7FC640]     buffer_instance.cc:549      1| BufferInstance::PJRT_Buffer_Device
2026-02-10 20:35:29.878 (  11.021s) [         A7FC640]     device_instance.cc:53       1| DeviceInstance::PJRT_Device_IsAddressable
2026-02-10 20:35:29.878 (  11.021s) [         A7FC640]     buffer_instance.cc:549      1| BufferInstance::PJRT_Buffer_Device
2026-02-10 20:35:29.878 (  11.021s) [         A7FC640]     device_instance.cc:53       1| DeviceInstance::PJRT_Device_IsAddressable
2026-02-10 20:35:29.878 (  11.021s) [         A7FC640]     buffer_instance.cc:549      1| BufferInstance::PJRT_Buffer_Device
2026-02-10 20:35:29.878 (  11.021s) [         A7FC640]     device_instance.cc:53       1| DeviceInstance::PJRT_Device_IsAddressable
2026-02-10 20:35:29.878 (  11.021s) [         A7FC640]     buffer_instance.cc:549      1| BufferInstance::PJRT_Buffer_Device
2026-02-10 20:35:29.878 (  11.021s) [         A7FC640]     device_instance.cc:53       1| DeviceInstance::PJRT_Device_IsAddressable
2026-02-10 20:35:29.878 (  11.021s) [         A7FC640]     buffer_instance.cc:549      1| BufferInstance::PJRT_Buffer_Device
2026-02-10 20:35:29.878 (  11.021s) [         A7FC640]     device_instance.cc:53       1| DeviceInstance::PJRT_Device_IsAddressable
2026-02-10 20:35:29.878 (  11.021s) [         A7FC640]     buffer_instance.cc:549      1| BufferInstance::PJRT_Buffer_Device
2026-02-10 20:35:29.878 (  11.021s) [         A7FC640]     device_instance.cc:53       1| DeviceInstance::PJRT_Device_IsAddressable
2026-02-10 20:35:29.878 (  11.021s) [         A7FC640]     buffer_instance.cc:549      1| BufferInstance::PJRT_Buffer_Device
2026-02-10 20:35:29.878 (  11.021s) [         A7FC640]     device_instance.cc:53       1| DeviceInstance::PJRT_Device_IsAddressable
2026-02-10 20:35:29.878 (  11.021s) [         A7FC640]     buffer_instance.cc:549      1| BufferInstance::PJRT_Buffer_Device
2026-02-10 20:35:29.878 (  11.021s) [         A7FC640]     device_instance.cc:53       1| DeviceInstance::PJRT_Device_IsAddressable
2026-02-10 20:35:29.878 (  11.021s) [         A7FC640]     buffer_instance.cc:549      1| BufferInstance::PJRT_Buffer_Device
2026-02-10 20:35:29.878 (  11.021s) [         A7FC640]     device_instance.cc:53       1| DeviceInstance::PJRT_Device_IsAddressable
2026-02-10 20:35:29.878 (  11.021s) [         A7FC640]     buffer_instance.cc:549      1| BufferInstance::PJRT_Buffer_Device
2026-02-10 20:35:29.878 (  11.021s) [         A7FC640]     device_instance.cc:53       1| DeviceInstance::PJRT_Device_IsAddressable
2026-02-10 20:35:29.878 (  11.021s) [         A7FC640]     buffer_instance.cc:549      1| BufferInstance::PJRT_Buffer_Device
2026-02-10 20:35:29.878 (  11.021s) [         A7FC640]     device_instance.cc:53       1| DeviceInstance::PJRT_Device_IsAddressable
2026-02-10 20:35:29.878 (  11.021s) [         A7FC640]     buffer_instance.cc:549      1| BufferInstance::PJRT_Buffer_Device
2026-02-10 20:35:29.878 (  11.021s) [         A7FC640]     device_instance.cc:53       1| DeviceInstance::PJRT_Device_IsAddressable
2026-02-10 20:35:29.878 (  11.021s) [         A7FC640]     buffer_instance.cc:549      1| BufferInstance::PJRT_Buffer_Device
2026-02-10 20:35:29.878 (  11.021s) [         A7FC640]     device_instance.cc:53       1| DeviceInstance::PJRT_Device_IsAddressable
2026-02-10 20:35:29.878 (  11.021s) [         A7FC640]     buffer_instance.cc:549      1| BufferInstance::PJRT_Buffer_Device
2026-02-10 20:35:29.878 (  11.021s) [         A7FC640]     device_instance.cc:53       1| DeviceInstance::PJRT_Device_IsAddressable
2026-02-10 20:35:29.878 (  11.021s) [         A7FC640]     buffer_instance.cc:549      1| BufferInstance::PJRT_Buffer_Device
2026-02-10 20:35:29.878 (  11.021s) [         A7FC640]     device_instance.cc:53       1| DeviceInstance::PJRT_Device_IsAddressable
2026-02-10 20:35:29.878 (  11.021s) [         A7FC640]     buffer_instance.cc:549      1| BufferInstance::PJRT_Buffer_Device
2026-02-10 20:35:29.878 (  11.021s) [         A7FC640]     device_instance.cc:53       1| DeviceInstance::PJRT_Device_IsAddressable
2026-02-10 20:35:29.878 (  11.021s) [         A7FC640]     buffer_instance.cc:549      1| BufferInstance::PJRT_Buffer_Device
2026-02-10 20:35:29.878 (  11.021s) [         A7FC640]     device_instance.cc:53       1| DeviceInstance::PJRT_Device_IsAddressable
2026-02-10 20:35:29.878 (  11.021s) [         A7FC640]     buffer_instance.cc:549      1| BufferInstance::PJRT_Buffer_Device
2026-02-10 20:35:29.878 (  11.021s) [         A7FC640]     device_instance.cc:53       1| DeviceInstance::PJRT_Device_IsAddressable
2026-02-10 20:35:29.878 (  11.021s) [         A7FC640]     buffer_instance.cc:549      1| BufferInstance::PJRT_Buffer_Device
2026-02-10 20:35:29.878 (  11.021s) [         A7FC640]     device_instance.cc:53       1| DeviceInstance::PJRT_Device_IsAddressable
2026-02-10 20:35:29.878 (  11.021s) [         A7FC640]     buffer_instance.cc:549      1| BufferInstance::PJRT_Buffer_Device
2026-02-10 20:35:29.878 (  11.021s) [         A7FC640]     device_instance.cc:53       1| DeviceInstance::PJRT_Device_IsAddressable
2026-02-10 20:35:29.878 (  11.021s) [         A7FC640]     buffer_instance.cc:549      1| BufferInstance::PJRT_Buffer_Device
2026-02-10 20:35:29.878 (  11.021s) [         A7FC640]     device_instance.cc:53       1| DeviceInstance::PJRT_Device_IsAddressable
2026-02-10 20:35:29.878 (  11.021s) [         A7FC640]     buffer_instance.cc:549      1| BufferInstance::PJRT_Buffer_Device
2026-02-10 20:35:29.878 (  11.021s) [         A7FC640]     device_instance.cc:53       1| DeviceInstance::PJRT_Device_IsAddressable
2026-02-10 20:35:29.878 (  11.021s) [         A7FC640]     buffer_instance.cc:549      1| BufferInstance::PJRT_Buffer_Device
2026-02-10 20:35:29.878 (  11.021s) [         A7FC640]     device_instance.cc:53       1| DeviceInstance::PJRT_Device_IsAddressable
2026-02-10 20:35:29.878 (  11.021s) [         A7FC640]     buffer_instance.cc:549      1| BufferInstance::PJRT_Buffer_Device
2026-02-10 20:35:29.878 (  11.021s) [         A7FC640]     device_instance.cc:53       1| DeviceInstance::PJRT_Device_IsAddressable
2026-02-10 20:35:29.878 (  11.021s) [         A7FC640]     buffer_instance.cc:549      1| BufferInstance::PJRT_Buffer_Device
2026-02-10 20:35:29.878 (  11.021s) [         A7FC640]     device_instance.cc:53       1| DeviceInstance::PJRT_Device_IsAddressable
2026-02-10 20:35:29.878 (  11.021s) [         A7FC640]     buffer_instance.cc:549      1| BufferInstance::PJRT_Buffer_Device
2026-02-10 20:35:29.878 (  11.021s) [         A7FC640]     device_instance.cc:53       1| DeviceInstance::PJRT_Device_IsAddressable
2026-02-10 20:35:29.878 (  11.021s) [         A7FC640]     buffer_instance.cc:549      1| BufferInstance::PJRT_Buffer_Device
2026-02-10 20:35:29.878 (  11.021s) [         A7FC640]     device_instance.cc:53       1| DeviceInstance::PJRT_Device_IsAddressable
2026-02-10 20:35:29.878 (  11.021s) [         A7FC640]     buffer_instance.cc:549      1| BufferInstance::PJRT_Buffer_Device
2026-02-10 20:35:29.878 (  11.021s) [         A7FC640]     device_instance.cc:53       1| DeviceInstance::PJRT_Device_IsAddressable
2026-02-10 20:35:29.878 (  11.021s) [         A7FC640]     buffer_instance.cc:549      1| BufferInstance::PJRT_Buffer_Device
2026-02-10 20:35:29.878 (  11.021s) [         A7FC640]     device_instance.cc:53       1| DeviceInstance::PJRT_Device_IsAddressable
2026-02-10 20:35:29.878 (  11.021s) [         A7FC640]     buffer_instance.cc:549      1| BufferInstance::PJRT_Buffer_Device
2026-02-10 20:35:29.878 (  11.021s) [         A7FC640]     device_instance.cc:53       1| DeviceInstance::PJRT_Device_IsAddressable
2026-02-10 20:35:29.878 (  11.021s) [         A7FC640]     buffer_instance.cc:549      1| BufferInstance::PJRT_Buffer_Device
2026-02-10 20:35:29.878 (  11.021s) [         A7FC640]     device_instance.cc:53       1| DeviceInstance::PJRT_Device_IsAddressable
2026-02-10 20:35:29.878 (  11.021s) [         A7FC640]     buffer_instance.cc:549      1| BufferInstance::PJRT_Buffer_Device
2026-02-10 20:35:29.878 (  11.021s) [         A7FC640]     device_instance.cc:53       1| DeviceInstance::PJRT_Device_IsAddressable
2026-02-10 20:35:29.878 (  11.021s) [         A7FC640]     buffer_instance.cc:549      1| BufferInstance::PJRT_Buffer_Device
2026-02-10 20:35:29.878 (  11.021s) [         A7FC640]     device_instance.cc:53       1| DeviceInstance::PJRT_Device_IsAddressable
2026-02-10 20:35:29.878 (  11.021s) [         A7FC640]     buffer_instance.cc:549      1| BufferInstance::PJRT_Buffer_Device
2026-02-10 20:35:29.878 (  11.021s) [         A7FC640]     device_instance.cc:53       1| DeviceInstance::PJRT_Device_IsAddressable
2026-02-10 20:35:29.878 (  11.021s) [         A7FC640]     buffer_instance.cc:549      1| BufferInstance::PJRT_Buffer_Device
2026-02-10 20:35:29.878 (  11.021s) [         A7FC640]     device_instance.cc:53       1| DeviceInstance::PJRT_Device_IsAddressable
2026-02-10 20:35:29.878 (  11.021s) [         A7FC640]     buffer_instance.cc:549      1| BufferInstance::PJRT_Buffer_Device
2026-02-10 20:35:29.878 (  11.021s) [         A7FC640]     device_instance.cc:53       1| DeviceInstance::PJRT_Device_IsAddressable
2026-02-10 20:35:29.878 (  11.021s) [         A7FC640]     buffer_instance.cc:549      1| BufferInstance::PJRT_Buffer_Device
2026-02-10 20:35:29.878 (  11.021s) [         A7FC640]     device_instance.cc:53       1| DeviceInstance::PJRT_Device_IsAddressable
2026-02-10 20:35:29.878 (  11.021s) [         A7FC640]     buffer_instance.cc:549      1| BufferInstance::PJRT_Buffer_Device
2026-02-10 20:35:29.878 (  11.021s) [         A7FC640]     device_instance.cc:53       1| DeviceInstance::PJRT_Device_IsAddressable
2026-02-10 20:35:29.878 (  11.022s) [         A7FC640]     buffer_instance.cc:549      1| BufferInstance::PJRT_Buffer_Device
2026-02-10 20:35:29.878 (  11.022s) [         A7FC640]     device_instance.cc:53       1| DeviceInstance::PJRT_Device_IsAddressable
2026-02-10 20:35:29.878 (  11.022s) [         A7FC640]     buffer_instance.cc:549      1| BufferInstance::PJRT_Buffer_Device
2026-02-10 20:35:29.878 (  11.022s) [         A7FC640]     device_instance.cc:53       1| DeviceInstance::PJRT_Device_IsAddressable
2026-02-10 20:35:29.878 (  11.022s) [         A7FC640]     buffer_instance.cc:549      1| BufferInstance::PJRT_Buffer_Device
2026-02-10 20:35:29.878 (  11.022s) [         A7FC640]     device_instance.cc:53       1| DeviceInstance::PJRT_Device_IsAddressable
2026-02-10 20:35:29.878 (  11.022s) [         A7FC640]     buffer_instance.cc:549      1| BufferInstance::PJRT_Buffer_Device
2026-02-10 20:35:29.878 (  11.022s) [         A7FC640]     device_instance.cc:53       1| DeviceInstance::PJRT_Device_IsAddressable
2026-02-10 20:35:29.878 (  11.022s) [         A7FC640]     buffer_instance.cc:549      1| BufferInstance::PJRT_Buffer_Device
2026-02-10 20:35:29.878 (  11.022s) [         A7FC640]     device_instance.cc:53       1| DeviceInstance::PJRT_Device_IsAddressable
2026-02-10 20:35:29.878 (  11.022s) [         A7FC640]     buffer_instance.cc:549      1| BufferInstance::PJRT_Buffer_Device
2026-02-10 20:35:29.878 (  11.022s) [         A7FC640]     device_instance.cc:53       1| DeviceInstance::PJRT_Device_IsAddressable
2026-02-10 20:35:29.878 (  11.022s) [         A7FC640]     buffer_instance.cc:549      1| BufferInstance::PJRT_Buffer_Device
2026-02-10 20:35:29.878 (  11.022s) [         A7FC640]     device_instance.cc:53       1| DeviceInstance::PJRT_Device_IsAddressable
2026-02-10 20:35:29.878 (  11.022s) [         A7FC640]     buffer_instance.cc:549      1| BufferInstance::PJRT_Buffer_Device
2026-02-10 20:35:29.878 (  11.022s) [         A7FC640]     device_instance.cc:53       1| DeviceInstance::PJRT_Device_IsAddressable
2026-02-10 20:35:29.878 (  11.022s) [         A7FC640]     buffer_instance.cc:549      1| BufferInstance::PJRT_Buffer_Device
2026-02-10 20:35:29.878 (  11.022s) [         A7FC640]     device_instance.cc:53       1| DeviceInstance::PJRT_Device_IsAddressable
2026-02-10 20:35:29.878 (  11.022s) [         A7FC640]     buffer_instance.cc:549      1| BufferInstance::PJRT_Buffer_Device
2026-02-10 20:35:29.878 (  11.022s) [         A7FC640]     device_instance.cc:53       1| DeviceInstance::PJRT_Device_IsAddressable
2026-02-10 20:35:29.878 (  11.022s) [         A7FC640]     buffer_instance.cc:549      1| BufferInstance::PJRT_Buffer_Device
2026-02-10 20:35:29.878 (  11.022s) [         A7FC640]     device_instance.cc:53       1| DeviceInstance::PJRT_Device_IsAddressable
2026-02-10 20:35:29.878 (  11.022s) [         A7FC640]     buffer_instance.cc:549      1| BufferInstance::PJRT_Buffer_Device
2026-02-10 20:35:29.878 (  11.022s) [         A7FC640]     device_instance.cc:53       1| DeviceInstance::PJRT_Device_IsAddressable
2026-02-10 20:35:29.878 (  11.022s) [         A7FC640]     buffer_instance.cc:549      1| BufferInstance::PJRT_Buffer_Device
2026-02-10 20:35:29.878 (  11.022s) [         A7FC640]     device_instance.cc:53       1| DeviceInstance::PJRT_Device_IsAddressable
2026-02-10 20:35:29.878 (  11.022s) [         A7FC640]     buffer_instance.cc:549      1| BufferInstance::PJRT_Buffer_Device
2026-02-10 20:35:29.878 (  11.022s) [         A7FC640]     device_instance.cc:53       1| DeviceInstance::PJRT_Device_IsAddressable
2026-02-10 20:35:29.878 (  11.022s) [         A7FC640]     buffer_instance.cc:549      1| BufferInstance::PJRT_Buffer_Device
2026-02-10 20:35:29.878 (  11.022s) [         A7FC640]     device_instance.cc:53       1| DeviceInstance::PJRT_Device_IsAddressable
2026-02-10 20:35:29.878 (  11.022s) [         A7FC640]     buffer_instance.cc:549      1| BufferInstance::PJRT_Buffer_Device
2026-02-10 20:35:29.878 (  11.022s) [         A7FC640]     device_instance.cc:53       1| DeviceInstance::PJRT_Device_IsAddressable
2026-02-10 20:35:29.878 (  11.022s) [         A7FC640]     buffer_instance.cc:549      1| BufferInstance::PJRT_Buffer_Device
2026-02-10 20:35:29.878 (  11.022s) [         A7FC640]     device_instance.cc:53       1| DeviceInstance::PJRT_Device_IsAddressable
2026-02-10 20:35:29.878 (  11.022s) [         A7FC640]     buffer_instance.cc:549      1| BufferInstance::PJRT_Buffer_Device
2026-02-10 20:35:29.878 (  11.022s) [         A7FC640]     device_instance.cc:53       1| DeviceInstance::PJRT_Device_IsAddressable
2026-02-10 20:35:29.878 (  11.022s) [         A7FC640]     buffer_instance.cc:549      1| BufferInstance::PJRT_Buffer_Device
2026-02-10 20:35:29.878 (  11.022s) [         A7FC640]     device_instance.cc:53       1| DeviceInstance::PJRT_Device_IsAddressable
2026-02-10 20:35:29.878 (  11.022s) [         A7FC640]     buffer_instance.cc:549      1| BufferInstance::PJRT_Buffer_Device
2026-02-10 20:35:29.878 (  11.022s) [         A7FC640]     device_instance.cc:53       1| DeviceInstance::PJRT_Device_IsAddressable
2026-02-10 20:35:29.878 (  11.022s) [         A7FC640]     buffer_instance.cc:549      1| BufferInstance::PJRT_Buffer_Device
2026-02-10 20:35:29.878 (  11.022s) [         A7FC640]     device_instance.cc:53       1| DeviceInstance::PJRT_Device_IsAddressable
2026-02-10 20:35:29.878 (  11.022s) [         A7FC640]     buffer_instance.cc:549      1| BufferInstance::PJRT_Buffer_Device
2026-02-10 20:35:29.878 (  11.022s) [         A7FC640]     device_instance.cc:53       1| DeviceInstance::PJRT_Device_IsAddressable
2026-02-10 20:35:29.878 (  11.022s) [         A7FC640]     buffer_instance.cc:549      1| BufferInstance::PJRT_Buffer_Device
2026-02-10 20:35:29.878 (  11.022s) [         A7FC640]     device_instance.cc:53       1| DeviceInstance::PJRT_Device_IsAddressable
2026-02-10 20:35:29.878 (  11.022s) [         A7FC640]     buffer_instance.cc:549      1| BufferInstance::PJRT_Buffer_Device
2026-02-10 20:35:29.878 (  11.022s) [         A7FC640]     device_instance.cc:53       1| DeviceInstance::PJRT_Device_IsAddressable
2026-02-10 20:35:29.878 (  11.022s) [         A7FC640]     buffer_instance.cc:549      1| BufferInstance::PJRT_Buffer_Device
2026-02-10 20:35:29.878 (  11.022s) [         A7FC640]     device_instance.cc:53       1| DeviceInstance::PJRT_Device_IsAddressable
2026-02-10 20:35:29.878 (  11.022s) [         A7FC640]     buffer_instance.cc:549      1| BufferInstance::PJRT_Buffer_Device
2026-02-10 20:35:29.878 (  11.022s) [         A7FC640]     device_instance.cc:53       1| DeviceInstance::PJRT_Device_IsAddressable
2026-02-10 20:35:29.878 (  11.022s) [         A7FC640]     buffer_instance.cc:549      1| BufferInstance::PJRT_Buffer_Device
2026-02-10 20:35:29.878 (  11.022s) [         A7FC640]     device_instance.cc:53       1| DeviceInstance::PJRT_Device_IsAddressable
2026-02-10 20:35:29.878 (  11.022s) [         A7FC640]     buffer_instance.cc:549      1| BufferInstance::PJRT_Buffer_Device
2026-02-10 20:35:29.878 (  11.022s) [         A7FC640]     device_instance.cc:53       1| DeviceInstance::PJRT_Device_IsAddressable
2026-02-10 20:35:29.878 (  11.022s) [         A7FC640]     buffer_instance.cc:549      1| BufferInstance::PJRT_Buffer_Device
2026-02-10 20:35:29.878 (  11.022s) [         A7FC640]     device_instance.cc:53       1| DeviceInstance::PJRT_Device_IsAddressable
2026-02-10 20:35:29.878 (  11.022s) [         A7FC640]     buffer_instance.cc:549      1| BufferInstance::PJRT_Buffer_Device
2026-02-10 20:35:29.878 (  11.022s) [         A7FC640]     device_instance.cc:53       1| DeviceInstance::PJRT_Device_IsAddressable
2026-02-10 20:35:29.878 (  11.022s) [         A7FC640]     buffer_instance.cc:549      1| BufferInstance::PJRT_Buffer_Device
2026-02-10 20:35:29.878 (  11.022s) [         A7FC640]     device_instance.cc:53       1| DeviceInstance::PJRT_Device_IsAddressable
2026-02-10 20:35:29.878 (  11.022s) [         A7FC640]     buffer_instance.cc:549      1| BufferInstance::PJRT_Buffer_Device
2026-02-10 20:35:29.878 (  11.022s) [         A7FC640]     device_instance.cc:53       1| DeviceInstance::PJRT_Device_IsAddressable
2026-02-10 20:35:29.878 (  11.022s) [         A7FC640]     buffer_instance.cc:549      1| BufferInstance::PJRT_Buffer_Device
2026-02-10 20:35:29.878 (  11.022s) [         A7FC640]     device_instance.cc:53       1| DeviceInstance::PJRT_Device_IsAddressable
2026-02-10 20:35:29.878 (  11.022s) [         A7FC640]     buffer_instance.cc:549      1| BufferInstance::PJRT_Buffer_Device
2026-02-10 20:35:29.878 (  11.022s) [         A7FC640]     device_instance.cc:53       1| DeviceInstance::PJRT_Device_IsAddressable
2026-02-10 20:35:29.878 (  11.022s) [         A7FC640]     buffer_instance.cc:549      1| BufferInstance::PJRT_Buffer_Device
2026-02-10 20:35:29.878 (  11.022s) [         A7FC640]     device_instance.cc:53       1| DeviceInstance::PJRT_Device_IsAddressable
2026-02-10 20:35:29.878 (  11.022s) [         A7FC640]     buffer_instance.cc:549      1| BufferInstance::PJRT_Buffer_Device
2026-02-10 20:35:29.878 (  11.022s) [         A7FC640]     device_instance.cc:53       1| DeviceInstance::PJRT_Device_IsAddressable
2026-02-10 20:35:29.878 (  11.022s) [         A7FC640]     buffer_instance.cc:549      1| BufferInstance::PJRT_Buffer_Device
2026-02-10 20:35:29.878 (  11.022s) [         A7FC640]     device_instance.cc:53       1| DeviceInstance::PJRT_Device_IsAddressable
2026-02-10 20:35:29.878 (  11.022s) [         A7FC640]     buffer_instance.cc:549      1| BufferInstance::PJRT_Buffer_Device
2026-02-10 20:35:29.878 (  11.022s) [         A7FC640]     device_instance.cc:53       1| DeviceInstance::PJRT_Device_IsAddressable
2026-02-10 20:35:29.878 (  11.022s) [         A7FC640]     buffer_instance.cc:549      1| BufferInstance::PJRT_Buffer_Device
2026-02-10 20:35:29.878 (  11.022s) [         A7FC640]     device_instance.cc:53       1| DeviceInstance::PJRT_Device_IsAddressable
2026-02-10 20:35:29.878 (  11.022s) [         A7FC640]     buffer_instance.cc:549      1| BufferInstance::PJRT_Buffer_Device
2026-02-10 20:35:29.878 (  11.022s) [         A7FC640]     device_instance.cc:53       1| DeviceInstance::PJRT_Device_IsAddressable
2026-02-10 20:35:29.878 (  11.022s) [         A7FC640]     buffer_instance.cc:549      1| BufferInstance::PJRT_Buffer_Device
2026-02-10 20:35:29.878 (  11.022s) [         A7FC640]     device_instance.cc:53       1| DeviceInstance::PJRT_Device_IsAddressable
2026-02-10 20:35:29.878 (  11.022s) [         A7FC640]     buffer_instance.cc:549      1| BufferInstance::PJRT_Buffer_Device
2026-02-10 20:35:29.878 (  11.022s) [         A7FC640]     device_instance.cc:53       1| DeviceInstance::PJRT_Device_IsAddressable
2026-02-10 20:35:29.878 (  11.022s) [         A7FC640]     buffer_instance.cc:549      1| BufferInstance::PJRT_Buffer_Device
2026-02-10 20:35:29.878 (  11.022s) [         A7FC640]     device_instance.cc:53       1| DeviceInstance::PJRT_Device_IsAddressable
2026-02-10 20:35:29.878 (  11.022s) [         A7FC640]     buffer_instance.cc:549      1| BufferInstance::PJRT_Buffer_Device
2026-02-10 20:35:29.878 (  11.022s) [         A7FC640]     device_instance.cc:53       1| DeviceInstance::PJRT_Device_IsAddressable
2026-02-10 20:35:29.878 (  11.022s) [         A7FC640]     buffer_instance.cc:549      1| BufferInstance::PJRT_Buffer_Device
2026-02-10 20:35:29.878 (  11.022s) [         A7FC640]     device_instance.cc:53       1| DeviceInstance::PJRT_Device_IsAddressable
2026-02-10 20:35:29.878 (  11.022s) [         A7FC640]     buffer_instance.cc:549      1| BufferInstance::PJRT_Buffer_Device
2026-02-10 20:35:29.878 (  11.022s) [         A7FC640]     device_instance.cc:53       1| DeviceInstance::PJRT_Device_IsAddressable
2026-02-10 20:35:29.878 (  11.022s) [         A7FC640]     buffer_instance.cc:549      1| BufferInstance::PJRT_Buffer_Device
2026-02-10 20:35:29.878 (  11.022s) [         A7FC640]     device_instance.cc:53       1| DeviceInstance::PJRT_Device_IsAddressable
2026-02-10 20:35:29.878 (  11.022s) [         A7FC640]     buffer_instance.cc:549      1| BufferInstance::PJRT_Buffer_Device
2026-02-10 20:35:29.878 (  11.022s) [         A7FC640]     device_instance.cc:53       1| DeviceInstance::PJRT_Device_IsAddressable
2026-02-10 20:35:29.878 (  11.022s) [         A7FC640] executable_instance.cc:145      1| ExecutableInstance::PJRT_Executable_NumOutputs
2026-02-10 20:35:29.878 (  11.022s) [         A7FC640]loaded_executable_insta:317      1| LoadedExecutableInstance::PJRT_LoadedExecutable_Execute
2026-02-10 20:35:29.878 (  11.022s) [         A7FC640]flatbuffer_loaded_execu:188      1| FlatbufferLoadedExecutableInstance::Execute
2026-02-10 20:35:29.878 (  11.022s) [         A7FC640]     client_instance.cc:392      1| ClientInstance::getOrCreateMeshDevice - reshaping mesh device - [1, 8] -> [2, 4]
2026-02-10 20:35:29.878 (  11.022s) [         A7FC640]         tensor_pool.cc:89       1| Moving tensors to host.
2026-02-10 20:35:29.879 (  11.023s) [         A7FC640]     client_instance.cc:467      1| Closing parent mesh.
2026-02-10 20:35:30.532 (  11.676s) [         A7FC640]loaded_executable_insta:182      1| getInputRuntimeTensors: Device 0 Arg 0 BufferInstance UID=4e874bd0 shape=[576, 3584]
2026-02-10 20:35:30.532 (  11.676s) [         A7FC640]loaded_executable_insta:182      1| getInputRuntimeTensors: Device 1 Arg 0 BufferInstance UID=4e875a20 shape=[576, 3584]
2026-02-10 20:35:30.532 (  11.676s) [         A7FC640]loaded_executable_insta:182      1| getInputRuntimeTensors: Device 2 Arg 0 BufferInstance UID=4e876890 shape=[576, 3584]
2026-02-10 20:35:30.532 (  11.676s) [         A7FC640]loaded_executable_insta:182      1| getInputRuntimeTensors: Device 3 Arg 0 BufferInstance UID=4e877730 shape=[576, 3584]
2026-02-10 20:35:30.532 (  11.676s) [         A7FC640]loaded_executable_insta:182      1| getInputRuntimeTensors: Device 4 Arg 0 BufferInstance UID=4e8787a0 shape=[576, 3584]
2026-02-10 20:35:30.532 (  11.676s) [         A7FC640]loaded_executable_insta:182      1| getInputRuntimeTensors: Device 5 Arg 0 BufferInstance UID=4e8798d0 shape=[576, 3584]
2026-02-10 20:35:30.532 (  11.676s) [         A7FC640]loaded_executable_insta:182      1| getInputRuntimeTensors: Device 6 Arg 0 BufferInstance UID=4e87aa00 shape=[576, 3584]
2026-02-10 20:35:30.532 (  11.676s) [         A7FC640]loaded_executable_insta:182      1| getInputRuntimeTensors: Device 7 Arg 0 BufferInstance UID=4e87bba0 shape=[576, 3584]
2026-02-10 20:35:30.533 (  11.676s) [         A7FC640]loaded_executable_insta:182      1| getInputRuntimeTensors: Device 0 Arg 1 BufferInstance UID=4e897810 shape=[16, 1, 3584]
2026-02-10 20:35:30.533 (  11.676s) [         A7FC640]loaded_executable_insta:182      1| getInputRuntimeTensors: Device 1 Arg 1 BufferInstance UID=4e670260 shape=[16, 1, 3584]
2026-02-10 20:35:30.533 (  11.676s) [         A7FC640]loaded_executable_insta:182      1| getInputRuntimeTensors: Device 2 Arg 1 BufferInstance UID=4e665060 shape=[16, 1, 3584]
2026-02-10 20:35:30.533 (  11.676s) [         A7FC640]loaded_executable_insta:182      1| getInputRuntimeTensors: Device 3 Arg 1 BufferInstance UID=4e517110 shape=[16, 1, 3584]
2026-02-10 20:35:30.533 (  11.676s) [         A7FC640]loaded_executable_insta:182      1| getInputRuntimeTensors: Device 4 Arg 1 BufferInstance UID=4e5033f0 shape=[16, 1, 3584]
2026-02-10 20:35:30.533 (  11.676s) [         A7FC640]loaded_executable_insta:182      1| getInputRuntimeTensors: Device 5 Arg 1 BufferInstance UID=4e6cdca0 shape=[16, 1, 3584]
2026-02-10 20:35:30.533 (  11.676s) [         A7FC640]loaded_executable_insta:182      1| getInputRuntimeTensors: Device 6 Arg 1 BufferInstance UID=4e6cee30 shape=[16, 1, 3584]
2026-02-10 20:35:30.533 (  11.676s) [         A7FC640]loaded_executable_insta:182      1| getInputRuntimeTensors: Device 7 Arg 1 BufferInstance UID=4e8c6b40 shape=[16, 1, 3584]
2026-02-10 20:35:30.544 (  11.688s) [         A7FC640]loaded_executable_insta:182      1| getInputRuntimeTensors: Device 0 Arg 2 BufferInstance UID=4e4f3f80 shape=[1]
2026-02-10 20:35:30.544 (  11.688s) [         A7FC640]loaded_executable_insta:182      1| getInputRuntimeTensors: Device 1 Arg 2 BufferInstance UID=4e514430 shape=[1]
2026-02-10 20:35:30.544 (  11.688s) [         A7FC640]loaded_executable_insta:182      1| getInputRuntimeTensors: Device 2 Arg 2 BufferInstance UID=4ec68890 shape=[1]
2026-02-10 20:35:30.544 (  11.688s) [         A7FC640]loaded_executable_insta:182      1| getInputRuntimeTensors: Device 3 Arg 2 BufferInstance UID=4e4b1910 shape=[1]
2026-02-10 20:35:30.544 (  11.688s) [         A7FC640]loaded_executable_insta:182      1| getInputRuntimeTensors: Device 4 Arg 2 BufferInstance UID=53db15c0 shape=[1]
2026-02-10 20:35:30.544 (  11.688s) [         A7FC640]loaded_executable_insta:182      1| getInputRuntimeTensors: Device 5 Arg 2 BufferInstance UID=4ea6cc00 shape=[1]
2026-02-10 20:35:30.544 (  11.688s) [         A7FC640]loaded_executable_insta:182      1| getInputRuntimeTensors: Device 6 Arg 2 BufferInstance UID=4eae5150 shape=[1]
2026-02-10 20:35:30.544 (  11.688s) [         A7FC640]loaded_executable_insta:182      1| getInputRuntimeTensors: Device 7 Arg 2 BufferInstance UID=4e8bb460 shape=[1]
2026-02-10 20:35:30.544 (  11.688s) [         A7FC640]loaded_executable_insta:182      1| getInputRuntimeTensors: Device 0 Arg 3 BufferInstance UID=4eb096f0 shape=[16, 1, 1024, 512]
2026-02-10 20:35:30.544 (  11.688s) [         A7FC640]loaded_executable_insta:182      1| getInputRuntimeTensors: Device 1 Arg 3 BufferInstance UID=4eb0a670 shape=[16, 1, 1024, 512]
2026-02-10 20:35:30.544 (  11.688s) [         A7FC640]loaded_executable_insta:182      1| getInputRuntimeTensors: Device 2 Arg 3 BufferInstance UID=4e8ff880 shape=[16, 1, 1024, 512]
2026-02-10 20:35:30.544 (  11.688s) [         A7FC640]loaded_executable_insta:182      1| getInputRuntimeTensors: Device 3 Arg 3 BufferInstance UID=4e900830 shape=[16, 1, 1024, 512]
2026-02-10 20:35:30.545 (  11.688s) [         A7FC640]loaded_executable_insta:182      1| getInputRuntimeTensors: Device 4 Arg 3 BufferInstance UID=4e9018c0 shape=[16, 1, 1024, 512]
2026-02-10 20:35:30.545 (  11.688s) [         A7FC640]loaded_executable_insta:182      1| getInputRuntimeTensors: Device 5 Arg 3 BufferInstance UID=4eac2c30 shape=[16, 1, 1024, 512]
2026-02-10 20:35:30.545 (  11.688s) [         A7FC640]loaded_executable_insta:182      1| getInputRuntimeTensors: Device 6 Arg 3 BufferInstance UID=4eac3d60 shape=[16, 1, 1024, 512]
2026-02-10 20:35:30.545 (  11.688s) [         A7FC640]loaded_executable_insta:182      1| getInputRuntimeTensors: Device 7 Arg 3 BufferInstance UID=4eac4eb0 shape=[16, 1, 1024, 512]
2026-02-10 20:35:30.558 (  11.701s) [         A7FC640]loaded_executable_insta:182      1| getInputRuntimeTensors: Device 0 Arg 4 BufferInstance UID=4ec6d960 shape=[1, 1]
2026-02-10 20:35:30.558 (  11.701s) [         A7FC640]loaded_executable_insta:182      1| getInputRuntimeTensors: Device 1 Arg 4 BufferInstance UID=4ec32070 shape=[1, 1]
2026-02-10 20:35:30.558 (  11.701s) [         A7FC640]loaded_executable_insta:182      1| getInputRuntimeTensors: Device 2 Arg 4 BufferInstance UID=4ec32170 shape=[1, 1]
2026-02-10 20:35:30.558 (  11.701s) [         A7FC640]loaded_executable_insta:182      1| getInputRuntimeTensors: Device 3 Arg 4 BufferInstance UID=4ec32270 shape=[1, 1]
2026-02-10 20:35:30.558 (  11.701s) [         A7FC640]loaded_executable_insta:182      1| getInputRuntimeTensors: Device 4 Arg 4 BufferInstance UID=4ea22610 shape=[1, 1]
2026-02-10 20:35:30.558 (  11.701s) [         A7FC640]loaded_executable_insta:182      1| getInputRuntimeTensors: Device 5 Arg 4 BufferInstance UID=4e5f9690 shape=[1, 1]
2026-02-10 20:35:30.558 (  11.701s) [         A7FC640]loaded_executable_insta:182      1| getInputRuntimeTensors: Device 6 Arg 4 BufferInstance UID=4ec6dd70 shape=[1, 1]
2026-02-10 20:35:30.558 (  11.701s) [         A7FC640]loaded_executable_insta:182      1| getInputRuntimeTensors: Device 7 Arg 4 BufferInstance UID=4e5ec860 shape=[1, 1]
2026-02-10 20:35:30.558 (  11.702s) [         A7FC640]loaded_executable_insta:182      1| getInputRuntimeTensors: Device 0 Arg 5 BufferInstance UID=54d93420 shape=[1024, 64]
2026-02-10 20:35:30.558 (  11.702s) [         A7FC640]loaded_executable_insta:182      1| getInputRuntimeTensors: Device 1 Arg 5 BufferInstance UID=54d94480 shape=[1024, 64]
2026-02-10 20:35:30.558 (  11.702s) [         A7FC640]loaded_executable_insta:182      1| getInputRuntimeTensors: Device 2 Arg 5 BufferInstance UID=54d954e0 shape=[1024, 64]
2026-02-10 20:35:30.558 (  11.702s) [         A7FC640]loaded_executable_insta:182      1| getInputRuntimeTensors: Device 3 Arg 5 BufferInstance UID=54d965f0 shape=[1024, 64]
2026-02-10 20:35:30.558 (  11.702s) [         A7FC640]loaded_executable_insta:182      1| getInputRuntimeTensors: Device 4 Arg 5 BufferInstance UID=54d97770 shape=[1024, 64]
2026-02-10 20:35:30.558 (  11.702s) [         A7FC640]loaded_executable_insta:182      1| getInputRuntimeTensors: Device 5 Arg 5 BufferInstance UID=54d98910 shape=[1024, 64]
2026-02-10 20:35:30.558 (  11.702s) [         A7FC640]loaded_executable_insta:182      1| getInputRuntimeTensors: Device 6 Arg 5 BufferInstance UID=54d99ab0 shape=[1024, 64]
2026-02-10 20:35:30.558 (  11.702s) [         A7FC640]loaded_executable_insta:182      1| getInputRuntimeTensors: Device 7 Arg 5 BufferInstance UID=4f5c9f50 shape=[1024, 64]
2026-02-10 20:35:30.558 (  11.702s) [         A7FC640]loaded_executable_insta:182      1| getInputRuntimeTensors: Device 0 Arg 6 BufferInstance UID=56dafa40 shape=[1024, 64]
2026-02-10 20:35:30.558 (  11.702s) [         A7FC640]loaded_executable_insta:182      1| getInputRuntimeTensors: Device 1 Arg 6 BufferInstance UID=56db0a40 shape=[1024, 64]
2026-02-10 20:35:30.558 (  11.702s) [         A7FC640]loaded_executable_insta:182      1| getInputRuntimeTensors: Device 2 Arg 6 BufferInstance UID=54da9d10 shape=[1024, 64]
2026-02-10 20:35:30.558 (  11.702s) [         A7FC640]loaded_executable_insta:182      1| getInputRuntimeTensors: Device 3 Arg 6 BufferInstance UID=54daad20 shape=[1024, 64]
2026-02-10 20:35:30.558 (  11.702s) [         A7FC640]loaded_executable_insta:182      1| getInputRuntimeTensors: Device 4 Arg 6 BufferInstance UID=54dabde0 shape=[1024, 64]
2026-02-10 20:35:30.558 (  11.702s) [         A7FC640]loaded_executable_insta:182      1| getInputRuntimeTensors: Device 5 Arg 6 BufferInstance UID=54dacf80 shape=[1024, 64]
2026-02-10 20:35:30.558 (  11.702s) [         A7FC640]loaded_executable_insta:182      1| getInputRuntimeTensors: Device 6 Arg 6 BufferInstance UID=54dae120 shape=[1024, 64]
2026-02-10 20:35:30.558 (  11.702s) [         A7FC640]loaded_executable_insta:182      1| getInputRuntimeTensors: Device 7 Arg 6 BufferInstance UID=54daf2c0 shape=[1024, 64]
2026-02-10 20:35:30.558 (  11.702s) [         A7FC640]loaded_executable_insta:182      1| getInputRuntimeTensors: Device 0 Arg 7 BufferInstance UID=4e8e58a0 shape=[16, 1, 1024, 64]
2026-02-10 20:35:30.558 (  11.702s) [         A7FC640]loaded_executable_insta:182      1| getInputRuntimeTensors: Device 1 Arg 7 BufferInstance UID=4e8e6770 shape=[16, 1, 1024, 64]
2026-02-10 20:35:30.558 (  11.702s) [         A7FC640]loaded_executable_insta:182      1| getInputRuntimeTensors: Device 2 Arg 7 BufferInstance UID=4e907860 shape=[16, 1, 1024, 64]
2026-02-10 20:35:30.558 (  11.702s) [         A7FC640]loaded_executable_insta:182      1| getInputRuntimeTensors: Device 3 Arg 7 BufferInstance UID=4e908950 shape=[16, 1, 1024, 64]
2026-02-10 20:35:30.558 (  11.702s) [         A7FC640]loaded_executable_insta:182      1| getInputRuntimeTensors: Device 4 Arg 7 BufferInstance UID=4e909a60 shape=[16, 1, 1024, 64]
2026-02-10 20:35:30.558 (  11.702s) [         A7FC640]loaded_executable_insta:182      1| getInputRuntimeTensors: Device 5 Arg 7 BufferInstance UID=4eafeea0 shape=[16, 1, 1024, 64]
2026-02-10 20:35:30.558 (  11.702s) [         A7FC640]loaded_executable_insta:182      1| getInputRuntimeTensors: Device 6 Arg 7 BufferInstance UID=4eafff80 shape=[16, 1, 1024, 64]
2026-02-10 20:35:30.558 (  11.702s) [         A7FC640]loaded_executable_insta:182      1| getInputRuntimeTensors: Device 7 Arg 7 BufferInstance UID=4eb01050 shape=[16, 1, 1024, 64]
2026-02-10 20:35:30.569 (  11.712s) [         A7FC640]loaded_executable_insta:182      1| getInputRuntimeTensors: Device 0 Arg 8 BufferInstance UID=4ea84020 shape=[7168, 4096]
2026-02-10 20:35:30.569 (  11.712s) [         A7FC640]loaded_executable_insta:182      1| getInputRuntimeTensors: Device 1 Arg 8 BufferInstance UID=4ea84f00 shape=[7168, 4096]
2026-02-10 20:35:30.569 (  11.712s) [         A7FC640]loaded_executable_insta:182      1| getInputRuntimeTensors: Device 2 Arg 8 BufferInstance UID=4ea85e60 shape=[7168, 4096]
2026-02-10 20:35:30.569 (  11.712s) [         A7FC640]loaded_executable_insta:182      1| getInputRuntimeTensors: Device 3 Arg 8 BufferInstance UID=4e8cab30 shape=[7168, 4096]
2026-02-10 20:35:30.569 (  11.712s) [         A7FC640]loaded_executable_insta:182      1| getInputRuntimeTensors: Device 4 Arg 8 BufferInstance UID=4e8cbb40 shape=[7168, 4096]
2026-02-10 20:35:30.569 (  11.712s) [         A7FC640]loaded_executable_insta:182      1| getInputRuntimeTensors: Device 5 Arg 8 BufferInstance UID=4e8ccc30 shape=[7168, 4096]
2026-02-10 20:35:30.569 (  11.712s) [         A7FC640]loaded_executable_insta:182      1| getInputRuntimeTensors: Device 6 Arg 8 BufferInstance UID=4e8cddd0 shape=[7168, 4096]
2026-02-10 20:35:30.569 (  11.712s) [         A7FC640]loaded_executable_insta:182      1| getInputRuntimeTensors: Device 7 Arg 8 BufferInstance UID=4e8cef70 shape=[7168, 4096]
2026-02-10 20:35:30.569 (  11.713s) [         A7FC640]loaded_executable_insta:182      1| getInputRuntimeTensors: Device 0 Arg 9 BufferInstance UID=4e722e30 shape=[8192, 512]
2026-02-10 20:35:30.569 (  11.713s) [         A7FC640]loaded_executable_insta:182      1| getInputRuntimeTensors: Device 1 Arg 9 BufferInstance UID=4e723c80 shape=[8192, 512]
2026-02-10 20:35:30.569 (  11.713s) [         A7FC640]loaded_executable_insta:182      1| getInputRuntimeTensors: Device 2 Arg 9 BufferInstance UID=4e724af0 shape=[8192, 512]
2026-02-10 20:35:30.569 (  11.713s) [         A7FC640]loaded_executable_insta:182      1| getInputRuntimeTensors: Device 3 Arg 9 BufferInstance UID=4e725b00 shape=[8192, 512]
2026-02-10 20:35:30.569 (  11.713s) [         A7FC640]loaded_executable_insta:182      1| getInputRuntimeTensors: Device 4 Arg 9 BufferInstance UID=4e726bb0 shape=[8192, 512]
2026-02-10 20:35:30.569 (  11.713s) [         A7FC640]loaded_executable_insta:182      1| getInputRuntimeTensors: Device 5 Arg 9 BufferInstance UID=4e727ce0 shape=[8192, 512]
2026-02-10 20:35:30.569 (  11.713s) [         A7FC640]loaded_executable_insta:182      1| getInputRuntimeTensors: Device 6 Arg 9 BufferInstance UID=4e728e10 shape=[8192, 512]
2026-02-10 20:35:30.569 (  11.713s) [         A7FC640]loaded_executable_insta:182      1| getInputRuntimeTensors: Device 7 Arg 9 BufferInstance UID=4ea7fab0 shape=[8192, 512]
2026-02-10 20:35:30.569 (  11.713s) [         A7FC640]loaded_executable_insta:182      1| getInputRuntimeTensors: Device 0 Arg 10 BufferInstance UID=4eae55a0 shape=[512]
2026-02-10 20:35:30.569 (  11.713s) [         A7FC640]loaded_executable_insta:182      1| getInputRuntimeTensors: Device 1 Arg 10 BufferInstance UID=53d96560 shape=[512]
2026-02-10 20:35:30.569 (  11.713s) [         A7FC640]loaded_executable_insta:182      1| getInputRuntimeTensors: Device 2 Arg 10 BufferInstance UID=4eae19f0 shape=[512]
2026-02-10 20:35:30.569 (  11.713s) [         A7FC640]loaded_executable_insta:182      1| getInputRuntimeTensors: Device 3 Arg 10 BufferInstance UID=4e9eede0 shape=[512]
2026-02-10 20:35:30.569 (  11.713s) [         A7FC640]loaded_executable_insta:182      1| getInputRuntimeTensors: Device 4 Arg 10 BufferInstance UID=4e9efd80 shape=[512]
2026-02-10 20:35:30.569 (  11.713s) [         A7FC640]loaded_executable_insta:182      1| getInputRuntimeTensors: Device 5 Arg 10 BufferInstance UID=56da5be0 shape=[512]
2026-02-10 20:35:30.569 (  11.713s) [         A7FC640]loaded_executable_insta:182      1| getInputRuntimeTensors: Device 6 Arg 10 BufferInstance UID=56da6cf0 shape=[512]
2026-02-10 20:35:30.569 (  11.713s) [         A7FC640]loaded_executable_insta:182      1| getInputRuntimeTensors: Device 7 Arg 10 BufferInstance UID=4e8aea30 shape=[512]
2026-02-10 20:35:30.578 (  11.721s) [         A7FC640]loaded_executable_insta:182      1| getInputRuntimeTensors: Device 0 Arg 11 BufferInstance UID=4e8c8f70 shape=[16, 1, 1, 1024]
2026-02-10 20:35:30.578 (  11.721s) [         A7FC640]loaded_executable_insta:182      1| getInputRuntimeTensors: Device 1 Arg 11 BufferInstance UID=4e8c9e30 shape=[16, 1, 1, 1024]
2026-02-10 20:35:30.578 (  11.721s) [         A7FC640]loaded_executable_insta:182      1| getInputRuntimeTensors: Device 2 Arg 11 BufferInstance UID=4e7298a0 shape=[16, 1, 1, 1024]
2026-02-10 20:35:30.578 (  11.721s) [         A7FC640]loaded_executable_insta:182      1| getInputRuntimeTensors: Device 3 Arg 11 BufferInstance UID=4e72a8e0 shape=[16, 1, 1, 1024]
2026-02-10 20:35:30.578 (  11.721s) [         A7FC640]loaded_executable_insta:182      1| getInputRuntimeTensors: Device 4 Arg 11 BufferInstance UID=4e72ba60 shape=[16, 1, 1, 1024]
2026-02-10 20:35:30.578 (  11.721s) [         A7FC640]loaded_executable_insta:182      1| getInputRuntimeTensors: Device 5 Arg 11 BufferInstance UID=4ea86df0 shape=[16, 1, 1, 1024]
2026-02-10 20:35:30.578 (  11.721s) [         A7FC640]loaded_executable_insta:182      1| getInputRuntimeTensors: Device 6 Arg 11 BufferInstance UID=4ea87f30 shape=[16, 1, 1, 1024]
2026-02-10 20:35:30.578 (  11.721s) [         A7FC640]loaded_executable_insta:182      1| getInputRuntimeTensors: Device 7 Arg 11 BufferInstance UID=4ea890e0 shape=[16, 1, 1, 1024]
2026-02-10 20:35:30.586 (  11.730s) [         A7FC640]loaded_executable_insta:182      1| getInputRuntimeTensors: Device 0 Arg 12 BufferInstance UID=4eb05550 shape=[6144, 1536]
2026-02-10 20:35:30.586 (  11.730s) [         A7FC640]loaded_executable_insta:182      1| getInputRuntimeTensors: Device 1 Arg 12 BufferInstance UID=4eb06410 shape=[6144, 1536]
2026-02-10 20:35:30.586 (  11.730s) [         A7FC640]loaded_executable_insta:182      1| getInputRuntimeTensors: Device 2 Arg 12 BufferInstance UID=4ea774f0 shape=[6144, 1536]
2026-02-10 20:35:30.586 (  11.730s) [         A7FC640]loaded_executable_insta:182      1| getInputRuntimeTensors: Device 3 Arg 12 BufferInstance UID=4ea78460 shape=[6144, 1536]
2026-02-10 20:35:30.586 (  11.730s) [         A7FC640]loaded_executable_insta:182      1| getInputRuntimeTensors: Device 4 Arg 12 BufferInstance UID=4ea794a0 shape=[6144, 1536]
2026-02-10 20:35:30.586 (  11.730s) [         A7FC640]loaded_executable_insta:182      1| getInputRuntimeTensors: Device 5 Arg 12 BufferInstance UID=4ea7a530 shape=[6144, 1536]
2026-02-10 20:35:30.586 (  11.730s) [         A7FC640]loaded_executable_insta:182      1| getInputRuntimeTensors: Device 6 Arg 12 BufferInstance UID=4ea7b650 shape=[6144, 1536]
2026-02-10 20:35:30.586 (  11.730s) [         A7FC640]loaded_executable_insta:182      1| getInputRuntimeTensors: Device 7 Arg 12 BufferInstance UID=4ea7c770 shape=[6144, 1536]
2026-02-10 20:35:30.586 (  11.730s) [         A7FC640]loaded_executable_insta:182      1| getInputRuntimeTensors: Device 0 Arg 13 BufferInstance UID=4e428100 shape=[1536]
2026-02-10 20:35:30.586 (  11.730s) [         A7FC640]loaded_executable_insta:182      1| getInputRuntimeTensors: Device 1 Arg 13 BufferInstance UID=4ea69c10 shape=[1536]
2026-02-10 20:35:30.586 (  11.730s) [         A7FC640]loaded_executable_insta:182      1| getInputRuntimeTensors: Device 2 Arg 13 BufferInstance UID=4eae3910 shape=[1536]
2026-02-10 20:35:30.587 (  11.730s) [         A7FC640]loaded_executable_insta:182      1| getInputRuntimeTensors: Device 3 Arg 13 BufferInstance UID=4e7155a0 shape=[1536]
2026-02-10 20:35:30.587 (  11.730s) [         A7FC640]loaded_executable_insta:182      1| getInputRuntimeTensors: Device 4 Arg 13 BufferInstance UID=4e8bf3d0 shape=[1536]
2026-02-10 20:35:30.587 (  11.730s) [         A7FC640]loaded_executable_insta:182      1| getInputRuntimeTensors: Device 5 Arg 13 BufferInstance UID=4e8c02c0 shape=[1536]
2026-02-10 20:35:30.587 (  11.730s) [         A7FC640]loaded_executable_insta:182      1| getInputRuntimeTensors: Device 6 Arg 13 BufferInstance UID=4e9ee370 shape=[1536]
2026-02-10 20:35:30.587 (  11.730s) [         A7FC640]loaded_executable_insta:182      1| getInputRuntimeTensors: Device 7 Arg 13 BufferInstance UID=4ea683d0 shape=[1536]
2026-02-10 20:35:30.596 (  11.739s) [         A7FC640]loaded_executable_insta:182      1| getInputRuntimeTensors: Device 0 Arg 14 BufferInstance UID=4e8d3290 shape=[1536, 3584]
2026-02-10 20:35:30.596 (  11.739s) [         A7FC640]loaded_executable_insta:182      1| getInputRuntimeTensors: Device 1 Arg 14 BufferInstance UID=4e8d4170 shape=[1536, 3584]
2026-02-10 20:35:30.596 (  11.739s) [         A7FC640]loaded_executable_insta:182      1| getInputRuntimeTensors: Device 2 Arg 14 BufferInstance UID=4e8d50b0 shape=[1536, 3584]
2026-02-10 20:35:30.596 (  11.739s) [         A7FC640]loaded_executable_insta:182      1| getInputRuntimeTensors: Device 3 Arg 14 BufferInstance UID=4e8d60d0 shape=[1536, 3584]
2026-02-10 20:35:30.596 (  11.739s) [         A7FC640]loaded_executable_insta:182      1| getInputRuntimeTensors: Device 4 Arg 14 BufferInstance UID=4e8d7170 shape=[1536, 3584]
2026-02-10 20:35:30.596 (  11.739s) [         A7FC640]loaded_executable_insta:182      1| getInputRuntimeTensors: Device 5 Arg 14 BufferInstance UID=4e8d8290 shape=[1536, 3584]
2026-02-10 20:35:30.596 (  11.739s) [         A7FC640]loaded_executable_insta:182      1| getInputRuntimeTensors: Device 6 Arg 14 BufferInstance UID=4e8d93b0 shape=[1536, 3584]
2026-02-10 20:35:30.596 (  11.739s) [         A7FC640]loaded_executable_insta:182      1| getInputRuntimeTensors: Device 7 Arg 14 BufferInstance UID=4e8da4d0 shape=[1536, 3584]
2026-02-10 20:35:36.182 (  17.325s) [         A7FC640]flatbuffer_loaded_execu:119      1| Filled output at output_index 0 device_index 0 with shape [16, 1, 1024, 512] and UID 128
2026-02-10 20:35:36.182 (  17.325s) [         A7FC640]flatbuffer_loaded_execu:119      1| Filled output at output_index 0 device_index 1 with shape [16, 1, 1024, 512] and UID 129
2026-02-10 20:35:36.182 (  17.325s) [         A7FC640]flatbuffer_loaded_execu:119      1| Filled output at output_index 0 device_index 2 with shape [16, 1, 1024, 512] and UID 130
2026-02-10 20:35:36.182 (  17.325s) [         A7FC640]flatbuffer_loaded_execu:119      1| Filled output at output_index 0 device_index 3 with shape [16, 1, 1024, 512] and UID 131
2026-02-10 20:35:36.182 (  17.325s) [         A7FC640]flatbuffer_loaded_execu:119      1| Filled output at output_index 0 device_index 4 with shape [16, 1, 1024, 512] and UID 132
2026-02-10 20:35:36.182 (  17.325s) [         A7FC640]flatbuffer_loaded_execu:119      1| Filled output at output_index 0 device_index 5 with shape [16, 1, 1024, 512] and UID 133
2026-02-10 20:35:36.182 (  17.325s) [         A7FC640]flatbuffer_loaded_execu:119      1| Filled output at output_index 0 device_index 6 with shape [16, 1, 1024, 512] and UID 134
2026-02-10 20:35:36.182 (  17.325s) [         A7FC640]flatbuffer_loaded_execu:119      1| Filled output at output_index 0 device_index 7 with shape [16, 1, 1024, 512] and UID 135
2026-02-10 20:35:36.182 (  17.325s) [         A7FC640]flatbuffer_loaded_execu:119      1| Filled output at output_index 1 device_index 0 with shape [16, 1, 1024, 64] and UID 136
2026-02-10 20:35:36.182 (  17.325s) [         A7FC640]flatbuffer_loaded_execu:119      1| Filled output at output_index 1 device_index 1 with shape [16, 1, 1024, 64] and UID 137
2026-02-10 20:35:36.182 (  17.325s) [         A7FC640]flatbuffer_loaded_execu:119      1| Filled output at output_index 1 device_index 2 with shape [16, 1, 1024, 64] and UID 138
2026-02-10 20:35:36.182 (  17.325s) [         A7FC640]flatbuffer_loaded_execu:119      1| Filled output at output_index 1 device_index 3 with shape [16, 1, 1024, 64] and UID 139
2026-02-10 20:35:36.182 (  17.325s) [         A7FC640]flatbuffer_loaded_execu:119      1| Filled output at output_index 1 device_index 4 with shape [16, 1, 1024, 64] and UID 140
2026-02-10 20:35:36.182 (  17.325s) [         A7FC640]flatbuffer_loaded_execu:119      1| Filled output at output_index 1 device_index 5 with shape [16, 1, 1024, 64] and UID 141
2026-02-10 20:35:36.182 (  17.325s) [         A7FC640]flatbuffer_loaded_execu:119      1| Filled output at output_index 1 device_index 6 with shape [16, 1, 1024, 64] and UID 142
2026-02-10 20:35:36.182 (  17.325s) [         A7FC640]flatbuffer_loaded_execu:119      1| Filled output at output_index 1 device_index 7 with shape [16, 1, 1024, 64] and UID 143
2026-02-10 20:35:36.182 (  17.325s) [         A7FC640]flatbuffer_loaded_execu:119      1| Filled output at output_index 2 device_index 0 with shape [16, 1, 7168] and UID 144
2026-02-10 20:35:36.182 (  17.325s) [         A7FC640]flatbuffer_loaded_execu:119      1| Filled output at output_index 2 device_index 1 with shape [16, 1, 7168] and UID 145
2026-02-10 20:35:36.182 (  17.325s) [         A7FC640]flatbuffer_loaded_execu:119      1| Filled output at output_index 2 device_index 2 with shape [16, 1, 7168] and UID 146
2026-02-10 20:35:36.182 (  17.325s) [         A7FC640]flatbuffer_loaded_execu:119      1| Filled output at output_index 2 device_index 3 with shape [16, 1, 7168] and UID 147
2026-02-10 20:35:36.182 (  17.325s) [         A7FC640]flatbuffer_loaded_execu:119      1| Filled output at output_index 2 device_index 4 with shape [16, 1, 7168] and UID 148
2026-02-10 20:35:36.182 (  17.325s) [         A7FC640]flatbuffer_loaded_execu:119      1| Filled output at output_index 2 device_index 5 with shape [16, 1, 7168] and UID 149
2026-02-10 20:35:36.182 (  17.325s) [         A7FC640]flatbuffer_loaded_execu:119      1| Filled output at output_index 2 device_index 6 with shape [16, 1, 7168] and UID 150
2026-02-10 20:35:36.182 (  17.325s) [         A7FC640]flatbuffer_loaded_execu:119      1| Filled output at output_index 2 device_index 7 with shape [16, 1, 7168] and UID 151
2026-02-10 20:35:36.182 (  17.326s) [         A7FC640]      event_instance.cc:223      1| EventInstance::PJRT_Event_OnReady
2026-02-10 20:35:36.182 (  17.326s) [         A7FC640]      event_instance.cc:172      1| EventInstance::PJRT_Event_Destroy
2026-02-10 20:35:36.182 (  17.326s) [         A7FC640]      event_instance.cc:223      1| EventInstance::PJRT_Event_OnReady
2026-02-10 20:35:36.182 (  17.326s) [         A7FC640]      event_instance.cc:172      1| EventInstance::PJRT_Event_Destroy
2026-02-10 20:35:36.182 (  17.326s) [         A7FC640]      event_instance.cc:223      1| EventInstance::PJRT_Event_OnReady
2026-02-10 20:35:36.182 (  17.326s) [         A7FC640]      event_instance.cc:172      1| EventInstance::PJRT_Event_Destroy
2026-02-10 20:35:36.182 (  17.326s) [         A7FC640]      event_instance.cc:223      1| EventInstance::PJRT_Event_OnReady
2026-02-10 20:35:36.182 (  17.326s) [         A7FC640]      event_instance.cc:172      1| EventInstance::PJRT_Event_Destroy
2026-02-10 20:35:36.182 (  17.326s) [         A7FC640]      event_instance.cc:223      1| EventInstance::PJRT_Event_OnReady
2026-02-10 20:35:36.182 (  17.326s) [         A7FC640]      event_instance.cc:172      1| EventInstance::PJRT_Event_Destroy
2026-02-10 20:35:36.182 (  17.326s) [         A7FC640]      event_instance.cc:223      1| EventInstance::PJRT_Event_OnReady
2026-02-10 20:35:36.182 (  17.326s) [         A7FC640]      event_instance.cc:172      1| EventInstance::PJRT_Event_Destroy
2026-02-10 20:35:36.182 (  17.326s) [         A7FC640]      event_instance.cc:223      1| EventInstance::PJRT_Event_OnReady
2026-02-10 20:35:36.182 (  17.326s) [         A7FC640]      event_instance.cc:172      1| EventInstance::PJRT_Event_Destroy
2026-02-10 20:35:36.182 (  17.326s) [         A7FC640]      event_instance.cc:223      1| EventInstance::PJRT_Event_OnReady
2026-02-10 20:35:36.182 (  17.326s) [         A7FC640]      event_instance.cc:172      1| EventInstance::PJRT_Event_Destroy
2026-02-10 20:35:36.182 (  17.326s) [         A7FC640]     buffer_instance.cc:424      1| BufferInstance::PJRT_Buffer_Dimensions
2026-02-10 20:35:36.182 (  17.326s) [         A7FC640]     buffer_instance.cc:447      1| BufferInstance::PJRT_Buffer_DynamicDimensionIndices
2026-02-10 20:35:36.182 (  17.326s) [         A7FC640]     buffer_instance.cc:424      1| BufferInstance::PJRT_Buffer_Dimensions
2026-02-10 20:35:36.182 (  17.326s) [         A7FC640]     buffer_instance.cc:416      1| BufferInstance::PJRT_Buffer_ElementType
2026-02-10 20:35:36.182 (  17.326s) [         A7FC640]     buffer_instance.cc:424      1| BufferInstance::PJRT_Buffer_Dimensions
2026-02-10 20:35:36.182 (  17.326s) [         A7FC640]     buffer_instance.cc:447      1| BufferInstance::PJRT_Buffer_DynamicDimensionIndices
2026-02-10 20:35:36.182 (  17.326s) [         A7FC640]     buffer_instance.cc:424      1| BufferInstance::PJRT_Buffer_Dimensions
2026-02-10 20:35:36.182 (  17.326s) [         A7FC640]     buffer_instance.cc:416      1| BufferInstance::PJRT_Buffer_ElementType
2026-02-10 20:35:36.182 (  17.326s) [         A7FC640]     buffer_instance.cc:424      1| BufferInstance::PJRT_Buffer_Dimensions
2026-02-10 20:35:36.182 (  17.326s) [         A7FC640]     buffer_instance.cc:447      1| BufferInstance::PJRT_Buffer_DynamicDimensionIndices
2026-02-10 20:35:36.182 (  17.326s) [         A7FC640]     buffer_instance.cc:424      1| BufferInstance::PJRT_Buffer_Dimensions
2026-02-10 20:35:36.182 (  17.326s) [         A7FC640]     buffer_instance.cc:416      1| BufferInstance::PJRT_Buffer_ElementType
2026-02-10 20:35:36.182 (  17.326s) [         A7FC640]     buffer_instance.cc:424      1| BufferInstance::PJRT_Buffer_Dimensions
2026-02-10 20:35:36.182 (  17.326s) [         A7FC640]     buffer_instance.cc:447      1| BufferInstance::PJRT_Buffer_DynamicDimensionIndices
2026-02-10 20:35:36.182 (  17.326s) [         A7FC640]     buffer_instance.cc:424      1| BufferInstance::PJRT_Buffer_Dimensions
2026-02-10 20:35:36.182 (  17.326s) [         A7FC640]     buffer_instance.cc:416      1| BufferInstance::PJRT_Buffer_ElementType
2026-02-10 20:35:36.182 (  17.326s) [         A7FC640]     buffer_instance.cc:424      1| BufferInstance::PJRT_Buffer_Dimensions
2026-02-10 20:35:36.182 (  17.326s) [         A7FC640]     buffer_instance.cc:447      1| BufferInstance::PJRT_Buffer_DynamicDimensionIndices
2026-02-10 20:35:36.182 (  17.326s) [         A7FC640]     buffer_instance.cc:424      1| BufferInstance::PJRT_Buffer_Dimensions
2026-02-10 20:35:36.182 (  17.326s) [         A7FC640]     buffer_instance.cc:416      1| BufferInstance::PJRT_Buffer_ElementType
2026-02-10 20:35:36.182 (  17.326s) [         A7FC640]     buffer_instance.cc:424      1| BufferInstance::PJRT_Buffer_Dimensions
2026-02-10 20:35:36.182 (  17.326s) [         A7FC640]     buffer_instance.cc:447      1| BufferInstance::PJRT_Buffer_DynamicDimensionIndices
2026-02-10 20:35:36.182 (  17.326s) [         A7FC640]     buffer_instance.cc:424      1| BufferInstance::PJRT_Buffer_Dimensions
2026-02-10 20:35:36.182 (  17.326s) [         A7FC640]     buffer_instance.cc:416      1| BufferInstance::PJRT_Buffer_ElementType
2026-02-10 20:35:36.182 (  17.326s) [         A7FC640]     buffer_instance.cc:424      1| BufferInstance::PJRT_Buffer_Dimensions
2026-02-10 20:35:36.182 (  17.326s) [         A7FC640]     buffer_instance.cc:447      1| BufferInstance::PJRT_Buffer_DynamicDimensionIndices
2026-02-10 20:35:36.182 (  17.326s) [         A7FC640]     buffer_instance.cc:424      1| BufferInstance::PJRT_Buffer_Dimensions
2026-02-10 20:35:36.182 (  17.326s) [         A7FC640]     buffer_instance.cc:416      1| BufferInstance::PJRT_Buffer_ElementType
2026-02-10 20:35:36.182 (  17.326s) [         A7FC640]     buffer_instance.cc:424      1| BufferInstance::PJRT_Buffer_Dimensions
2026-02-10 20:35:36.182 (  17.326s) [         A7FC640]     buffer_instance.cc:447      1| BufferInstance::PJRT_Buffer_DynamicDimensionIndices
2026-02-10 20:35:36.182 (  17.326s) [         A7FC640]     buffer_instance.cc:424      1| BufferInstance::PJRT_Buffer_Dimensions
2026-02-10 20:35:36.182 (  17.326s) [         A7FC640]     buffer_instance.cc:416      1| BufferInstance::PJRT_Buffer_ElementType
2026-02-10 20:35:36.182 (  17.326s) [         A7FC640]     buffer_instance.cc:424      1| BufferInstance::PJRT_Buffer_Dimensions
2026-02-10 20:35:36.182 (  17.326s) [         A7FC640]     buffer_instance.cc:447      1| BufferInstance::PJRT_Buffer_DynamicDimensionIndices
2026-02-10 20:35:36.182 (  17.326s) [         A7FC640]     buffer_instance.cc:424      1| BufferInstance::PJRT_Buffer_Dimensions
2026-02-10 20:35:36.182 (  17.326s) [         A7FC640]     buffer_instance.cc:416      1| BufferInstance::PJRT_Buffer_ElementType
2026-02-10 20:35:36.182 (  17.326s) [         A7FC640]     buffer_instance.cc:424      1| BufferInstance::PJRT_Buffer_Dimensions
2026-02-10 20:35:36.182 (  17.326s) [         A7FC640]     buffer_instance.cc:447      1| BufferInstance::PJRT_Buffer_DynamicDimensionIndices
2026-02-10 20:35:36.182 (  17.326s) [         A7FC640]     buffer_instance.cc:424      1| BufferInstance::PJRT_Buffer_Dimensions
2026-02-10 20:35:36.182 (  17.326s) [         A7FC640]     buffer_instance.cc:416      1| BufferInstance::PJRT_Buffer_ElementType
2026-02-10 20:35:36.182 (  17.326s) [         A7FC640]     buffer_instance.cc:424      1| BufferInstance::PJRT_Buffer_Dimensions
2026-02-10 20:35:36.182 (  17.326s) [         A7FC640]     buffer_instance.cc:447      1| BufferInstance::PJRT_Buffer_DynamicDimensionIndices
2026-02-10 20:35:36.182 (  17.326s) [         A7FC640]     buffer_instance.cc:424      1| BufferInstance::PJRT_Buffer_Dimensions
2026-02-10 20:35:36.182 (  17.326s) [         A7FC640]     buffer_instance.cc:416      1| BufferInstance::PJRT_Buffer_ElementType
2026-02-10 20:35:36.182 (  17.326s) [         A7FC640]     buffer_instance.cc:424      1| BufferInstance::PJRT_Buffer_Dimensions
2026-02-10 20:35:36.182 (  17.326s) [         A7FC640]     buffer_instance.cc:447      1| BufferInstance::PJRT_Buffer_DynamicDimensionIndices
2026-02-10 20:35:36.182 (  17.326s) [         A7FC640]     buffer_instance.cc:424      1| BufferInstance::PJRT_Buffer_Dimensions
2026-02-10 20:35:36.182 (  17.326s) [         A7FC640]     buffer_instance.cc:416      1| BufferInstance::PJRT_Buffer_ElementType
2026-02-10 20:35:36.182 (  17.326s) [         A7FC640]     buffer_instance.cc:424      1| BufferInstance::PJRT_Buffer_Dimensions
2026-02-10 20:35:36.182 (  17.326s) [         A7FC640]     buffer_instance.cc:447      1| BufferInstance::PJRT_Buffer_DynamicDimensionIndices
2026-02-10 20:35:36.182 (  17.326s) [         A7FC640]     buffer_instance.cc:424      1| BufferInstance::PJRT_Buffer_Dimensions
2026-02-10 20:35:36.182 (  17.326s) [         A7FC640]     buffer_instance.cc:416      1| BufferInstance::PJRT_Buffer_ElementType
2026-02-10 20:35:36.182 (  17.326s) [         A7FC640]     buffer_instance.cc:424      1| BufferInstance::PJRT_Buffer_Dimensions
2026-02-10 20:35:36.182 (  17.326s) [         A7FC640]     buffer_instance.cc:447      1| BufferInstance::PJRT_Buffer_DynamicDimensionIndices
2026-02-10 20:35:36.182 (  17.326s) [         A7FC640]     buffer_instance.cc:424      1| BufferInstance::PJRT_Buffer_Dimensions
2026-02-10 20:35:36.182 (  17.326s) [         A7FC640]     buffer_instance.cc:416      1| BufferInstance::PJRT_Buffer_ElementType
2026-02-10 20:35:36.182 (  17.326s) [         A7FC640]     buffer_instance.cc:424      1| BufferInstance::PJRT_Buffer_Dimensions
2026-02-10 20:35:36.182 (  17.326s) [         A7FC640]     buffer_instance.cc:447      1| BufferInstance::PJRT_Buffer_DynamicDimensionIndices
2026-02-10 20:35:36.182 (  17.326s) [         A7FC640]     buffer_instance.cc:424      1| BufferInstance::PJRT_Buffer_Dimensions
2026-02-10 20:35:36.182 (  17.326s) [         A7FC640]     buffer_instance.cc:416      1| BufferInstance::PJRT_Buffer_ElementType
2026-02-10 20:35:36.182 (  17.326s) [         A7FC640]     buffer_instance.cc:424      1| BufferInstance::PJRT_Buffer_Dimensions
2026-02-10 20:35:36.182 (  17.326s) [         A7FC640]     buffer_instance.cc:447      1| BufferInstance::PJRT_Buffer_DynamicDimensionIndices
2026-02-10 20:35:36.182 (  17.326s) [         A7FC640]     buffer_instance.cc:424      1| BufferInstance::PJRT_Buffer_Dimensions
2026-02-10 20:35:36.182 (  17.326s) [         A7FC640]     buffer_instance.cc:416      1| BufferInstance::PJRT_Buffer_ElementType
2026-02-10 20:35:36.182 (  17.326s) [         A7FC640]     buffer_instance.cc:424      1| BufferInstance::PJRT_Buffer_Dimensions
2026-02-10 20:35:36.182 (  17.326s) [         A7FC640]     buffer_instance.cc:447      1| BufferInstance::PJRT_Buffer_DynamicDimensionIndices
2026-02-10 20:35:36.182 (  17.326s) [         A7FC640]     buffer_instance.cc:424      1| BufferInstance::PJRT_Buffer_Dimensions
2026-02-10 20:35:36.182 (  17.326s) [         A7FC640]     buffer_instance.cc:416      1| BufferInstance::PJRT_Buffer_ElementType
2026-02-10 20:35:36.182 (  17.326s) [         A7FC640]     buffer_instance.cc:424      1| BufferInstance::PJRT_Buffer_Dimensions
2026-02-10 20:35:36.182 (  17.326s) [         A7FC640]     buffer_instance.cc:447      1| BufferInstance::PJRT_Buffer_DynamicDimensionIndices
2026-02-10 20:35:36.182 (  17.326s) [         A7FC640]     buffer_instance.cc:424      1| BufferInstance::PJRT_Buffer_Dimensions
2026-02-10 20:35:36.182 (  17.326s) [         A7FC640]     buffer_instance.cc:416      1| BufferInstance::PJRT_Buffer_ElementType
2026-02-10 20:35:36.183 (  17.326s) [         A7FC640]     buffer_instance.cc:424      1| BufferInstance::PJRT_Buffer_Dimensions
2026-02-10 20:35:36.183 (  17.326s) [         A7FC640]     buffer_instance.cc:447      1| BufferInstance::PJRT_Buffer_DynamicDimensionIndices
2026-02-10 20:35:36.183 (  17.326s) [         A7FC640]     buffer_instance.cc:424      1| BufferInstance::PJRT_Buffer_Dimensions
2026-02-10 20:35:36.183 (  17.326s) [         A7FC640]     buffer_instance.cc:416      1| BufferInstance::PJRT_Buffer_ElementType
2026-02-10 20:35:36.183 (  17.326s) [         A7FC640]     buffer_instance.cc:424      1| BufferInstance::PJRT_Buffer_Dimensions
2026-02-10 20:35:36.183 (  17.326s) [         A7FC640]     buffer_instance.cc:447      1| BufferInstance::PJRT_Buffer_DynamicDimensionIndices
2026-02-10 20:35:36.183 (  17.326s) [         A7FC640]     buffer_instance.cc:424      1| BufferInstance::PJRT_Buffer_Dimensions
2026-02-10 20:35:36.183 (  17.326s) [         A7FC640]     buffer_instance.cc:416      1| BufferInstance::PJRT_Buffer_ElementType
2026-02-10 20:35:36.183 (  17.326s) [         A7FC640]     buffer_instance.cc:424      1| BufferInstance::PJRT_Buffer_Dimensions
2026-02-10 20:35:36.183 (  17.326s) [         A7FC640]     buffer_instance.cc:447      1| BufferInstance::PJRT_Buffer_DynamicDimensionIndices
2026-02-10 20:35:36.183 (  17.326s) [         A7FC640]     buffer_instance.cc:424      1| BufferInstance::PJRT_Buffer_Dimensions
2026-02-10 20:35:36.183 (  17.326s) [         A7FC640]     buffer_instance.cc:416      1| BufferInstance::PJRT_Buffer_ElementType
2026-02-10 20:35:36.183 (  17.326s) [         A7FC640]     buffer_instance.cc:424      1| BufferInstance::PJRT_Buffer_Dimensions
2026-02-10 20:35:36.183 (  17.326s) [         A7FC640]     buffer_instance.cc:447      1| BufferInstance::PJRT_Buffer_DynamicDimensionIndices
2026-02-10 20:35:36.183 (  17.326s) [         A7FC640]     buffer_instance.cc:424      1| BufferInstance::PJRT_Buffer_Dimensions
2026-02-10 20:35:36.183 (  17.326s) [         A7FC640]     buffer_instance.cc:416      1| BufferInstance::PJRT_Buffer_ElementType
2026-02-10 20:35:36.183 (  17.326s) [         A7FC640]     buffer_instance.cc:424      1| BufferInstance::PJRT_Buffer_Dimensions
2026-02-10 20:35:36.183 (  17.326s) [         A7FC640]     buffer_instance.cc:447      1| BufferInstance::PJRT_Buffer_DynamicDimensionIndices
2026-02-10 20:35:36.183 (  17.326s) [         A7FC640]     buffer_instance.cc:424      1| BufferInstance::PJRT_Buffer_Dimensions
2026-02-10 20:35:36.183 (  17.326s) [         A7FC640]     buffer_instance.cc:416      1| BufferInstance::PJRT_Buffer_ElementType
2026-02-10 20:35:36.183 (  17.326s) [         A7FC640]     buffer_instance.cc:424      1| BufferInstance::PJRT_Buffer_Dimensions
2026-02-10 20:35:36.183 (  17.326s) [         A7FC640]     buffer_instance.cc:447      1| BufferInstance::PJRT_Buffer_DynamicDimensionIndices
2026-02-10 20:35:36.183 (  17.326s) [         A7FC640]     buffer_instance.cc:424      1| BufferInstance::PJRT_Buffer_Dimensions
2026-02-10 20:35:36.183 (  17.326s) [         A7FC640]     buffer_instance.cc:416      1| BufferInstance::PJRT_Buffer_ElementType
2026-02-10 20:35:36.183 (  17.326s) [         A7FC640]     buffer_instance.cc:408      1| BufferInstance::PJRT_Buffer_Destroy
2026-02-10 20:35:36.183 (  17.326s) [         A7FC640]     buffer_instance.cc:408      1| BufferInstance::PJRT_Buffer_Destroy
2026-02-10 20:35:36.183 (  17.326s) [         A7FC640]     buffer_instance.cc:408      1| BufferInstance::PJRT_Buffer_Destroy
2026-02-10 20:35:36.183 (  17.326s) [         A7FC640]     buffer_instance.cc:408      1| BufferInstance::PJRT_Buffer_Destroy
2026-02-10 20:35:36.183 (  17.326s) [         A7FC640]     buffer_instance.cc:408      1| BufferInstance::PJRT_Buffer_Destroy
2026-02-10 20:35:36.183 (  17.327s) [         A7FC640]     buffer_instance.cc:408      1| BufferInstance::PJRT_Buffer_Destroy
2026-02-10 20:35:36.183 (  17.327s) [         A7FC640]     buffer_instance.cc:408      1| BufferInstance::PJRT_Buffer_Destroy
2026-02-10 20:35:36.183 (  17.327s) [         A7FC640]     buffer_instance.cc:408      1| BufferInstance::PJRT_Buffer_Destroy
2026-02-10 20:35:36.183 (  17.327s) [         A7FC640]     buffer_instance.cc:408      1| BufferInstance::PJRT_Buffer_Destroy
2026-02-10 20:35:36.183 (  17.327s) [         A7FC640]     buffer_instance.cc:408      1| BufferInstance::PJRT_Buffer_Destroy
2026-02-10 20:35:36.183 (  17.327s) [         A7FC640]     buffer_instance.cc:408      1| BufferInstance::PJRT_Buffer_Destroy
2026-02-10 20:35:36.183 (  17.327s) [         A7FC640]     buffer_instance.cc:408      1| BufferInstance::PJRT_Buffer_Destroy
2026-02-10 20:35:36.183 (  17.327s) [         A7FC640]     buffer_instance.cc:408      1| BufferInstance::PJRT_Buffer_Destroy
2026-02-10 20:35:36.184 (  17.327s) [         A7FC640]     buffer_instance.cc:408      1| BufferInstance::PJRT_Buffer_Destroy
2026-02-10 20:35:36.184 (  17.327s) [         A7FC640]     buffer_instance.cc:408      1| BufferInstance::PJRT_Buffer_Destroy
2026-02-10 20:35:36.184 (  17.327s) [         A7FC640]     buffer_instance.cc:408      1| BufferInstance::PJRT_Buffer_Destroy
2026-02-10 20:35:36.184 (  17.327s) [        C75E3480]     buffer_instance.cc:495      1| BufferInstance::PJRT_Buffer_IsDeleted
2026-02-10 20:35:36.184 (  17.327s) [        C75E3480]     buffer_instance.cc:495      1| BufferInstance::PJRT_Buffer_IsDeleted
2026-02-10 20:35:36.184 (  17.327s) [        C75E3480]     buffer_instance.cc:495      1| BufferInstance::PJRT_Buffer_IsDeleted
2026-02-10 20:35:36.184 (  17.327s) [        C75E3480]     buffer_instance.cc:495      1| BufferInstance::PJRT_Buffer_IsDeleted
2026-02-10 20:35:36.184 (  17.327s) [        C75E3480]     buffer_instance.cc:495      1| BufferInstance::PJRT_Buffer_IsDeleted
2026-02-10 20:35:36.184 (  17.327s) [        C75E3480]     buffer_instance.cc:495      1| BufferInstance::PJRT_Buffer_IsDeleted
2026-02-10 20:35:36.184 (  17.327s) [        C75E3480]     buffer_instance.cc:495      1| BufferInstance::PJRT_Buffer_IsDeleted
2026-02-10 20:35:36.184 (  17.327s) [        C75E3480]     buffer_instance.cc:495      1| BufferInstance::PJRT_Buffer_IsDeleted
2026-02-10 20:35:36.184 (  17.327s) [        C75E3480]  device_description.cc:63       1| DeviceDescription::PJRT_DeviceDescription_Id
2026-02-10 20:35:36.188 (  17.332s) [        C75E3480]     client_instance.cc:655      1| ClientInstance::PJRT_Client_Compile
2026-02-10 20:35:36.188 (  17.332s) [        C75E3480]      module_builder.cc:223      1| ModuleBuilder::buildModule
2026-02-10 20:35:36.188 (  17.332s) [        C75E3480]      module_builder.cc:1121     1| MLIR Module vhlo:
#loc1 = loc("p0.1")
module @ReplicateShardedData.6 attributes {mhlo.cross_program_prefetches = [], mhlo.frontend_attributes = {xla.sdy.meshes = "{mesh = #sdy.mesh<[\22_axis_0\22=2, \22_axis_1\22=4]>}"}, mhlo.input_output_alias = [], mhlo.is_dynamic = false, mhlo.use_auto_spmd_partitioning = false} {
  vhlo.func_v1 @main(%arg0: !vhlo.tensor_v1<64x1x7168x!vhlo.bf16_v1> loc("p0.1")) -> (!vhlo.tensor_v1<64x1x7168x!vhlo.bf16_v1>) {
    %0 = "vhlo.custom_call_v1"(%arg0) <{api_version = #vhlo<api_version_v1 API_VERSION_ORIGINAL>, backend_config = #vhlo.string_v1<"">, call_target_name = #vhlo.string_v1<"xla.sdy.FuncResultSharding">, called_computations = #vhlo.array_v1<[]>, has_side_effect = #vhlo.bool_v1<true>, operand_layouts = #vhlo.array_v1<[]>, output_operand_aliases = #vhlo.array_v1<[]>, result_layouts = #vhlo.array_v1<[]>}> {mhlo.frontend_attributes = #vhlo.dict_v1<{#vhlo.string_v1<"xla.sdy.sharding"> = #vhlo.string_v1<"#sdy.sharding_per_value<[<@mesh, [{}, {}, {}]>]>">}>} : (!vhlo.tensor_v1<64x1x7168x!vhlo.bf16_v1>) -> !vhlo.tensor_v1<64x1x7168x!vhlo.bf16_v1> loc(#loc1)
    "vhlo.return_v1"(%0) : (!vhlo.tensor_v1<64x1x7168x!vhlo.bf16_v1>) -> () loc(#loc)
  } {arg_attrs = #vhlo.array_v1<[#vhlo.dict_v1<{#vhlo.string_v1<"mhlo.frontend_attributes"> = #vhlo.dict_v1<{#vhlo.string_v1<"xla.sdy.sharding"> = #vhlo.string_v1<"#sdy.sharding<@mesh, [{\22_axis_1\22}, {}, {}]>">}>, #vhlo.string_v1<"mhlo.sharding"> = #vhlo.string_v1<"{devices=[4,1,1,2]<=[2,4]T(1,0) last_tile_dim_replicate}">}>]>, res_attrs = #vhlo.array_v1<[#vhlo.dict_v1<{#vhlo.string_v1<"mhlo.sharding"> = #vhlo.string_v1<"{replicated}">}>]>, sym_visibility = #vhlo.string_v1<"">} loc(#loc)
} loc(#loc)
#loc = loc(unknown)
------------------ END OF MLIR MODULE ------------------
2026-02-10 20:35:36.189 (  17.333s) [        C75E3480]      module_builder.cc:1121     1| MLIR Module shlo:
#loc1 = loc("p0.1")
module @ReplicateShardedData.6 attributes {mhlo.cross_program_prefetches = [], mhlo.frontend_attributes = {xla.sdy.meshes = "{mesh = #sdy.mesh<[\22_axis_0\22=2, \22_axis_1\22=4]>}"}, mhlo.input_output_alias = [], mhlo.is_dynamic = false, mhlo.use_auto_spmd_partitioning = false} {
  func.func @main(%arg0: tensor<64x1x7168xbf16> {mhlo.frontend_attributes = {xla.sdy.sharding = "#sdy.sharding<@mesh, [{\22_axis_1\22}, {}, {}]>"}, mhlo.sharding = "{devices=[4,1,1,2]<=[2,4]T(1,0) last_tile_dim_replicate}"} loc("p0.1")) -> (tensor<64x1x7168xbf16> {mhlo.sharding = "{replicated}"}) {
    %0 = stablehlo.custom_call @xla.sdy.FuncResultSharding(%arg0) {has_side_effect = true, mhlo.frontend_attributes = {xla.sdy.sharding = "#sdy.sharding_per_value<[<@mesh, [{}, {}, {}]>]>"}} : (tensor<64x1x7168xbf16>) -> tensor<64x1x7168xbf16> loc(#loc1)
    return %0 : tensor<64x1x7168xbf16> loc(#loc)
  } loc(#loc)
} loc(#loc)
#loc = loc(unknown)
------------------ END OF MLIR MODULE ------------------
2026-02-10 20:35:36.190 (  17.333s) [        C75E3480]      module_builder.cc:1121     1| MLIR Module shlo_frontend:
#loc1 = loc("p0.1")
module @ReplicateShardedData.6 attributes {mhlo.cross_program_prefetches = [], mhlo.frontend_attributes = {xla.sdy.meshes = "{mesh = #sdy.mesh<[\22_axis_0\22=2, \22_axis_1\22=4]>}"}, mhlo.input_output_alias = [], mhlo.is_dynamic = false, mhlo.use_auto_spmd_partitioning = false} {
  func.func @main(%arg0: tensor<64x1x7168xbf16> {mhlo.frontend_attributes = {xla.sdy.sharding = "#sdy.sharding<@mesh, [{\22_axis_1\22}, {}, {}]>"}, mhlo.sharding = "{devices=[4,1,1,2]<=[2,4]T(1,0) last_tile_dim_replicate}", ttcore.argument_type = #ttcore.argument_type<input>} loc("p0.1")) -> (tensor<64x1x7168xbf16> {mhlo.sharding = "{replicated}"}) {
    %0 = stablehlo.custom_call @xla.sdy.FuncResultSharding(%arg0) {has_side_effect = true, mhlo.frontend_attributes = {xla.sdy.sharding = "#sdy.sharding_per_value<[<@mesh, [{}, {}, {}]>]>"}} : (tensor<64x1x7168xbf16>) -> tensor<64x1x7168xbf16> loc(#loc1)
    return %0 : tensor<64x1x7168xbf16> loc(#loc)
  } loc(#loc)
} loc(#loc)
#loc = loc(unknown)
------------------ END OF MLIR MODULE ------------------
2026-02-10 20:35:36.193 (  17.336s) [        C75E3480]      module_builder.cc:1121     1| MLIR Module shlo_compiler:
#loc1 = loc("p0.1")
module @ReplicateShardedData.6 attributes {mhlo.cross_program_prefetches = [], mhlo.input_output_alias = [], mhlo.is_dynamic = false, mhlo.use_auto_spmd_partitioning = false} {
  sdy.mesh @mesh = <["_axis_0"=2, "_axis_1"=4]> loc(#loc)
  func.func @main(%arg0: tensor<64x1x7168xbf16> {ttcore.argument_type = #ttcore.argument_type<input>, ttcore.runtime_tensor_sharding = #ttcore<runtime_tensor_sharding shard_status = <presharded>, local_shape = tensor<16x1x7168xbf16>>} loc("p0.1")) -> (tensor<64x1x7168xbf16> {ttcore.runtime_tensor_sharding = #ttcore<runtime_tensor_sharding shard_status = <unsharded>, local_shape = tensor<64x1x7168xbf16>>}) {
    %0 = sdy.manual_computation(%arg0) in_shardings=[<@mesh, [{"_axis_1"}, {}, {}]>] out_shardings=[<@mesh, [{}, {}, {}]>] manual_axes={"_axis_0", "_axis_1"} (%arg1: tensor<16x1x7168xbf16> loc("p0.1")) {
      %1 = "stablehlo.all_gather"(%arg1) <{all_gather_dim = 0 : i64, channel_handle = #stablehlo.channel_handle<handle = 1, type = 1>, replica_groups = dense<[[0, 1, 2, 3], [4, 5, 6, 7]]> : tensor<2x4xi64>}> : (tensor<16x1x7168xbf16>) -> tensor<64x1x7168xbf16> loc(#loc1)
      sdy.return %1 : tensor<64x1x7168xbf16> loc(#loc)
    } : (tensor<64x1x7168xbf16>) -> tensor<64x1x7168xbf16> loc(#loc)
    return %0 : tensor<64x1x7168xbf16> loc(#loc)
  } loc(#loc)
} loc(#loc)
#loc = loc(unknown)
------------------ END OF MLIR MODULE ------------------
2026-02-10 20:35:36.193 (  17.337s) [        C75E3480]      module_builder.cc:303      1| SHLO compiler pipeline run completed - is using shardy output shardings: 1
2026-02-10 20:35:36.193 (  17.337s) [        C75E3480]      module_builder.cc:1121     1| MLIR Module shlo_compiler_cleaned:
#loc = loc(unknown)
module @ReplicateShardedData.6 attributes {mhlo.cross_program_prefetches = [], mhlo.input_output_alias = [], mhlo.is_dynamic = false, mhlo.spmd_output_sharding = "{{replicated}}", mhlo.use_auto_spmd_partitioning = false} {
  func.func @main(%arg0: tensor<64x1x7168xbf16> loc(unknown)) -> tensor<64x1x7168xbf16> {
    %cst = stablehlo.constant dense<0.000000e+00> : tensor<64x1x7168xbf16> loc(#loc)
    return %cst : tensor<64x1x7168xbf16> loc(#loc)
  } loc(#loc)
} loc(#loc)
------------------ END OF MLIR MODULE ------------------
2026-02-10 20:35:36.195 (  17.338s) [        C75E3480]      module_builder.cc:1121     1| MLIR Module ttir:
#loc1 = loc("p0.1")
module @ReplicateShardedData.6 attributes {mhlo.cross_program_prefetches = [], mhlo.input_output_alias = [], mhlo.is_dynamic = false, mhlo.use_auto_spmd_partitioning = false, ttcore.meshes = #ttcore.meshes<[<"mesh" = 2x4>]>} {
  ttcore.device_module {
    builtin.module @ReplicateShardedData.6 attributes {mhlo.cross_program_prefetches = [], mhlo.input_output_alias = [], mhlo.is_dynamic = false, mhlo.use_auto_spmd_partitioning = false, ttcore.meshes = #ttcore.meshes<[<"mesh" = 2x4>]>} {
      func.func @main(%arg0: tensor<64x1x7168xbf16> {ttcore.argument_type = #ttcore.argument_type<input>, ttcore.runtime_tensor_sharding = #ttcore<runtime_tensor_sharding shard_status = <presharded>, local_shape = tensor<16x1x7168xbf16>>} loc("p0.1")) -> (tensor<64x1x7168xbf16> {ttcore.runtime_tensor_sharding = #ttcore<runtime_tensor_sharding shard_status = <unsharded>, local_shape = tensor<64x1x7168xbf16>>}) {
        %0 = "ttir.mesh_shard"(%arg0) <{shard_dims = array<i64: -1, 0>, shard_direction = #ttcore.shard_direction<full_to_shard>, shard_shape = array<i64: 4, 1, 1>, shard_type = #ttcore.shard_type<identity>}> : (tensor<64x1x7168xbf16>) -> tensor<16x1x7168xbf16> loc(#loc)
        %1 = "ttir.all_gather"(%0) <{all_gather_dim = 0 : si32, cluster_axis = 1 : ui32}> : (tensor<16x1x7168xbf16>) -> tensor<64x1x7168xbf16> loc(#loc1)
        %2 = "ttir.mesh_shard"(%1) <{shard_dims = array<i64: -1>, shard_direction = #ttcore.shard_direction<shard_to_full>, shard_shape = array<i64: 1>, shard_type = #ttcore.shard_type<identity>}> : (tensor<64x1x7168xbf16>) -> tensor<64x1x7168xbf16> loc(#loc)
        return %2 : tensor<64x1x7168xbf16> loc(#loc)
      } loc(#loc)
    } loc(#loc)
  } loc(#loc)
} loc(#loc)
#loc = loc(unknown)
------------------ END OF MLIR MODULE ------------------
2026-02-10 20:35:36.195 (  17.339s) [        C75E3480]      module_builder.cc:862   WARN| `mhlo.num_partitions` attribute not found, assuming default number of partitions: 1
2026-02-10 20:35:36.195 (  17.339s) [        C75E3480]      module_builder.cc:876   WARN| `mhlo.num_replicas` attribute not found, assuming default number of replicas: 1
2026-02-10 20:35:36.195 (  17.339s) [        C75E3480]      module_builder.cc:886   WARN| Num replicas and num partitions are not set, inferring the number of devices from mesh shape
2026-02-10 20:35:36.204 (  17.348s) [        C75E3480]      module_builder.cc:1121     1| MLIR Module ttnn:
#dram = #ttnn.buffer_type<dram>
#loc1 = loc("p0.1")
#system_desc = #ttcore.system_desc<[{role = host, target_triple = "x86_64-pc-linux"}], [{arch = <wormhole_b0>, grid = 8x8, coord_translation_offsets = 18x18, l1_size = 1499136, num_dram_channels = 12, dram_channel_size = 1073741824, noc_l1_address_align_bytes = 16, pcie_address_align_bytes = 32, noc_dram_address_align_bytes = 32, l1_unreserved_base = 103712, erisc_l1_unreserved_base = 98304, dram_unreserved_base = 1920032, dram_unreserved_end = 1073136832, supported_data_types = [<f32>, <f16>, <bf16>, <bfp_f8>, <bfp_bf8>, <bfp_f4>, <bfp_bf4>, <bfp_f2>, <bfp_bf2>, <u32>, <u16>, <u8>, <si32>], supported_tile_sizes = [ 4x16,  16x16,  32x16,  4x32,  16x32,  32x32], dst_physical_size_tiles = 16, num_cbs = 64, num_compute_threads = 1, num_datamovement_threads = 2}, {arch = <wormhole_b0>, grid = 8x8, coord_translation_offsets = 18x18, l1_size = 1499136, num_dram_channels = 12, dram_channel_size = 1073741824, noc_l1_address_align_bytes = 16, pcie_address_align_bytes = 32, noc_dram_address_align_bytes = 32, l1_unreserved_base = 103712, erisc_l1_unreserved_base = 98304, dram_unreserved_base = 1920032, dram_unreserved_end = 1073136832, supported_data_types = [<f32>, <f16>, <bf16>, <bfp_f8>, <bfp_bf8>, <bfp_f4>, <bfp_bf4>, <bfp_f2>, <bfp_bf2>, <u32>, <u16>, <u8>, <si32>], supported_tile_sizes = [ 4x16,  16x16,  32x16,  4x32,  16x32,  32x32], dst_physical_size_tiles = 16, num_cbs = 64, num_compute_threads = 1, num_datamovement_threads = 2}, {arch = <wormhole_b0>, grid = 8x8, coord_translation_offsets = 18x18, l1_size = 1499136, num_dram_channels = 12, dram_channel_size = 1073741824, noc_l1_address_align_bytes = 16, pcie_address_align_bytes = 32, noc_dram_address_align_bytes = 32, l1_unreserved_base = 103712, erisc_l1_unreserved_base = 98304, dram_unreserved_base = 1920032, dram_unreserved_end = 1073136832, supported_data_types = [<f32>, <f16>, <bf16>, <bfp_f8>, <bfp_bf8>, <bfp_f4>, <bfp_bf4>, <bfp_f2>, <bfp_bf2>, <u32>, <u16>, <u8>, <si32>], supported_tile_sizes = [ 4x16,  16x16,  32x16,  4x32,  16x32,  32x32], dst_physical_size_tiles = 16, num_cbs = 64, num_compute_threads = 1, num_datamovement_threads = 2}, {arch = <wormhole_b0>, grid = 8x8, coord_translation_offsets = 18x18, l1_size = 1499136, num_dram_channels = 12, dram_channel_size = 1073741824, noc_l1_address_align_bytes = 16, pcie_address_align_bytes = 32, noc_dram_address_align_bytes = 32, l1_unreserved_base = 103712, erisc_l1_unreserved_base = 98304, dram_unreserved_base = 1920032, dram_unreserved_end = 1073136832, supported_data_types = [<f32>, <f16>, <bf16>, <bfp_f8>, <bfp_bf8>, <bfp_f4>, <bfp_bf4>, <bfp_f2>, <bfp_bf2>, <u32>, <u16>, <u8>, <si32>], supported_tile_sizes = [ 4x16,  16x16,  32x16,  4x32,  16x32,  32x32], dst_physical_size_tiles = 16, num_cbs = 64, num_compute_threads = 1, num_datamovement_threads = 2}, {arch = <wormhole_b0>, grid = 8x8, coord_translation_offsets = 18x18, l1_size = 1499136, num_dram_channels = 12, dram_channel_size = 1073741824, noc_l1_address_align_bytes = 16, pcie_address_align_bytes = 32, noc_dram_address_align_bytes = 32, l1_unreserved_base = 103712, erisc_l1_unreserved_base = 98304, dram_unreserved_base = 1920032, dram_unreserved_end = 1073154112, supported_data_types = [<f32>, <f16>, <bf16>, <bfp_f8>, <bfp_bf8>, <bfp_f4>, <bfp_bf4>, <bfp_f2>, <bfp_bf2>, <u32>, <u16>, <u8>, <si32>], supported_tile_sizes = [ 4x16,  16x16,  32x16,  4x32,  16x32,  32x32], dst_physical_size_tiles = 16, num_cbs = 64, num_compute_threads = 1, num_datamovement_threads = 2}, {arch = <wormhole_b0>, grid = 8x8, coord_translation_offsets = 18x18, l1_size = 1499136, num_dram_channels = 12, dram_channel_size = 1073741824, noc_l1_address_align_bytes = 16, pcie_address_align_bytes = 32, noc_dram_address_align_bytes = 32, l1_unreserved_base = 103712, erisc_l1_unreserved_base = 98304, dram_unreserved_base = 1920032, dram_unreserved_end = 1073154112, supported_data_types = [<f32>, <f16>, <bf16>, <bfp_f8>, <bfp_bf8>, <bfp_f4>, <bfp_bf4>, <bfp_f2>, <bfp_bf2>, <u32>, <u16>, <u8>, <si32>], supported_tile_sizes = [ 4x16,  16x16,  32x16,  4x32,  16x32,  32x32], dst_physical_size_tiles = 16, num_cbs = 64, num_compute_threads = 1, num_datamovement_threads = 2}, {arch = <wormhole_b0>, grid = 8x8, coord_translation_offsets = 18x18, l1_size = 1499136, num_dram_channels = 12, dram_channel_size = 1073741824, noc_l1_address_align_bytes = 16, pcie_address_align_bytes = 32, noc_dram_address_align_bytes = 32, l1_unreserved_base = 103712, erisc_l1_unreserved_base = 98304, dram_unreserved_base = 1920032, dram_unreserved_end = 1073154112, supported_data_types = [<f32>, <f16>, <bf16>, <bfp_f8>, <bfp_bf8>, <bfp_f4>, <bfp_bf4>, <bfp_f2>, <bfp_bf2>, <u32>, <u16>, <u8>, <si32>], supported_tile_sizes = [ 4x16,  16x16,  32x16,  4x32,  16x32,  32x32], dst_physical_size_tiles = 16, num_cbs = 64, num_compute_threads = 1, num_datamovement_threads = 2}, {arch = <wormhole_b0>, grid = 8x8, coord_translation_offsets = 18x18, l1_size = 1499136, num_dram_channels = 12, dram_channel_size = 1073741824, noc_l1_address_align_bytes = 16, pcie_address_align_bytes = 32, noc_dram_address_align_bytes = 32, l1_unreserved_base = 103712, erisc_l1_unreserved_base = 98304, dram_unreserved_base = 1920032, dram_unreserved_end = 1073154112, supported_data_types = [<f32>, <f16>, <bf16>, <bfp_f8>, <bfp_bf8>, <bfp_f4>, <bfp_bf4>, <bfp_f2>, <bfp_bf2>, <u32>, <u16>, <u8>, <si32>], supported_tile_sizes = [ 4x16,  16x16,  32x16,  4x32,  16x32,  32x32], dst_physical_size_tiles = 16, num_cbs = 64, num_compute_threads = 1, num_datamovement_threads = 2}], [0, 1, 2, 3, 4, 5, 6, 7], [1 : i32, 1 : i32, 1 : i32, 1 : i32, 0 : i32, 0 : i32, 0 : i32, 0 : i32], [ 0x0x0x0]>
#ttnn_layout = #ttnn.ttnn_layout<(d0, d1, d2) -> (d0 * 32 + d1, d2), <1x1>, memref<64x224x!ttcore.tile<32x32, bf16>, #dram>, <interleaved>>
#ttnn_layout1 = #ttnn.ttnn_layout<(d0, d1, d2) -> (d0 * 32 + d1, d2), <1x1>, memref<16x224x!ttcore.tile<32x32, bf16>, #dram>, <interleaved>>
#ttnn_layout2 = #ttnn.ttnn_layout<(d0, d1, d2, d3) -> (d0 * 512 + d1 * 32 + d2, d3), <1x1>, memref<16x224x!ttcore.tile<32x32, bf16>, #dram>, <interleaved>>
#ttnn_layout3 = #ttnn.ttnn_layout<(d0, d1, d2, d3) -> (d0 * 2048 + d1 * 32 + d2, d3), <1x1>, memref<64x224x!ttcore.tile<32x32, bf16>, #dram>, <interleaved>>
module @ReplicateShardedData.6 attributes {mhlo.cross_program_prefetches = [], mhlo.input_output_alias = [], mhlo.is_dynamic = false, mhlo.use_auto_spmd_partitioning = false, ttcore.meshes = #ttcore.meshes<[<"mesh" = 2x4>]>} {
  ttcore.device_module {
    builtin.module @ReplicateShardedData.6 attributes {mhlo.cross_program_prefetches = [], mhlo.input_output_alias = [], mhlo.is_dynamic = false, mhlo.use_auto_spmd_partitioning = false, ttcore.meshes = #ttcore.meshes<[<"mesh" = 2x4>]>, ttcore.system_desc = #system_desc} {
      ttcore.device @default_device = <workerGrid = #ttcore.grid<8x8, (d0, d1) -> (0, d0, d1)>, l1Map = (d0, d1, d2)[s0] -> (0, d0, d1, d2 + s0), dramMap = (d0, d1, d2)[s0, s1, s2, s3, s4, s5, s6] -> (0, 0, (((d0 * s1) * (s2 * (s3 * s6)) + d1 * (s2 * (s3 * s6)) + d2) floordiv s4) mod 12, ((((d0 * s1) * (s2 * (s3 * s6)) + d1 * (s2 * (s3 * s6)) + d2) floordiv s4) floordiv 12) * s4 + ((d0 * s1) * (s2 * (s3 * s6)) + d1 * (s2 * (s3 * s6)) + d2) mod s4 + s5), meshShape = 2x4, chipIds = [0, 1, 2, 3, 4, 5, 6, 7]> loc(#loc)
      func.func @main(%arg0: tensor<64x1x7168xbf16, #ttnn_layout> {ttcore.argument_type = #ttcore.argument_type<input>, ttcore.runtime_tensor_sharding = #ttcore<runtime_tensor_sharding shard_status = <presharded>, local_shape = tensor<16x1x7168xbf16>>} loc("p0.1")) -> (tensor<64x1x7168xbf16, #ttnn_layout> {ttcore.runtime_tensor_sharding = #ttcore<runtime_tensor_sharding shard_status = <unsharded>, local_shape = tensor<64x1x7168xbf16>>}) attributes {tt.function_type = "forward_device"} {
        %0 = "ttnn.get_device"() <{mesh_offset = #ttnn<mesh_offset 0x0>, mesh_shape = #ttnn<mesh_shape 2x4>}> : () -> !ttnn.device loc(#loc)
        %1 = "ttnn.mesh_shard"(%arg0, %0) <{shard_dims = array<i64: -1, 0>, shard_direction = #ttcore.shard_direction<full_to_shard>, shard_shape = array<i64: 4, 1, 1>, shard_type = #ttcore.shard_type<identity>}> : (tensor<64x1x7168xbf16, #ttnn_layout>, !ttnn.device) -> tensor<16x1x7168xbf16, #ttnn_layout1> loc(#loc)
        "ttnn.deallocate"(%arg0) <{force = false}> : (tensor<64x1x7168xbf16, #ttnn_layout>) -> () loc(#loc)
        %2 = "ttnn.reshape"(%1) <{shape = [1 : i32, 16 : i32, 1 : i32, 7168 : i32]}> : (tensor<16x1x7168xbf16, #ttnn_layout1>) -> tensor<1x16x1x7168xbf16, #ttnn_layout2> loc(#loc2)
        "ttnn.deallocate"(%1) <{force = false}> : (tensor<16x1x7168xbf16, #ttnn_layout1>) -> () loc(#loc2)
        %3 = "ttnn.all_gather"(%2) <{all_gather_dim = 1 : si32, cluster_axis = 1 : ui32}> : (tensor<1x16x1x7168xbf16, #ttnn_layout2>) -> tensor<1x64x1x7168xbf16, #ttnn_layout3> loc(#loc3)
        "ttnn.deallocate"(%2) <{force = false}> : (tensor<1x16x1x7168xbf16, #ttnn_layout2>) -> () loc(#loc3)
        %4 = "ttnn.reshape"(%3) <{shape = [64 : i32, 1 : i32, 7168 : i32]}> : (tensor<1x64x1x7168xbf16, #ttnn_layout3>) -> tensor<64x1x7168xbf16, #ttnn_layout> loc(#loc1)
        "ttnn.deallocate"(%3) <{force = false}> : (tensor<1x64x1x7168xbf16, #ttnn_layout3>) -> () loc(#loc1)
        return %4 : tensor<64x1x7168xbf16, #ttnn_layout> loc(#loc)
      } loc(#loc)
    } loc(#loc)
  } loc(#loc)
} loc(#loc)
#loc = loc(unknown)
#loc2 = loc("p0.1_reshape_to_4d"(#loc1))
#loc3 = loc("p0.1_all_gather_4d"(#loc1))
------------------ END OF MLIR MODULE ------------------
2026-02-10 20:35:36.207 (  17.351s) [        C75E3480]loaded_executable_insta:262      1| LoadedExecutableInstance::PJRT_LoadedExecutable_GetExecutable
2026-02-10 20:35:36.207 (  17.351s) [        C75E3480]loaded_executable_insta:281      1| LoadedExecutableInstance::PJRT_LoadedExecutable_AddressableDevices
2026-02-10 20:35:36.208 (  17.352s) [        C75E3480]              stubs.inc:70    WARN| STUB: PJRT_Executable_GetCompiledMemoryStats
2026-02-10 20:35:36.208 (  17.352s) [        C75E3480]      error_instance.cc:52       1| ErrorInstance::PJRT_Error_Message
2026-02-10 20:35:36.208 (  17.352s) [        C75E3480]      error_instance.cc:61       1| ErrorInstance::PJRT_Error_GetCode
2026-02-10 20:35:36.208 (  17.352s) [        C75E3480]      error_instance.cc:46       1| ErrorInstance::PJRT_Error_Destroy
2026-02-10 20:35:36.208 (  17.352s) [        C75E3480] executable_instance.cc:108      1| ExecutableInstance::PJRT_Executable_OptimizedProgram
2026-02-10 20:35:36.208 (  17.352s) [        C75E3480] executable_instance.cc:108      1| ExecutableInstance::PJRT_Executable_OptimizedProgram
2026-02-10 20:35:36.211 (  17.354s) [        C75E3480] executable_instance.cc:108      1| ExecutableInstance::PJRT_Executable_OptimizedProgram
2026-02-10 20:35:36.211 (  17.354s) [        C75E3480] executable_instance.cc:108      1| ExecutableInstance::PJRT_Executable_OptimizedProgram
2026-02-10 20:35:36.213 (  17.356s) [        C75E3480]  device_description.cc:63       1| DeviceDescription::PJRT_DeviceDescription_Id
2026-02-10 20:35:36.213 (  17.356s) [        C75E3480]  device_description.cc:63       1| DeviceDescription::PJRT_DeviceDescription_Id
2026-02-10 20:35:36.213 (  17.356s) [        C75E3480]  device_description.cc:63       1| DeviceDescription::PJRT_DeviceDescription_Id
2026-02-10 20:35:36.213 (  17.356s) [        C75E3480]  device_description.cc:63       1| DeviceDescription::PJRT_DeviceDescription_Id
2026-02-10 20:35:36.213 (  17.356s) [        C75E3480]  device_description.cc:63       1| DeviceDescription::PJRT_DeviceDescription_Id
2026-02-10 20:35:36.213 (  17.356s) [        C75E3480]  device_description.cc:63       1| DeviceDescription::PJRT_DeviceDescription_Id
2026-02-10 20:35:36.213 (  17.356s) [        C75E3480]  device_description.cc:63       1| DeviceDescription::PJRT_DeviceDescription_Id
2026-02-10 20:35:36.213 (  17.356s) [        C75E3480]  device_description.cc:63       1| DeviceDescription::PJRT_DeviceDescription_Id
2026-02-10 20:35:36.213 (  17.356s) [        C75E3480]     buffer_instance.cc:549      1| BufferInstance::PJRT_Buffer_Device
2026-02-10 20:35:36.213 (  17.356s) [        C75E3480]     device_instance.cc:53       1| DeviceInstance::PJRT_Device_IsAddressable
2026-02-10 20:35:36.213 (  17.356s) [        C75E3480]     buffer_instance.cc:549      1| BufferInstance::PJRT_Buffer_Device
2026-02-10 20:35:36.213 (  17.356s) [        C75E3480]     device_instance.cc:53       1| DeviceInstance::PJRT_Device_IsAddressable
2026-02-10 20:35:36.213 (  17.356s) [        C75E3480]     buffer_instance.cc:549      1| BufferInstance::PJRT_Buffer_Device
2026-02-10 20:35:36.213 (  17.356s) [        C75E3480]     device_instance.cc:53       1| DeviceInstance::PJRT_Device_IsAddressable
2026-02-10 20:35:36.213 (  17.356s) [        C75E3480]     buffer_instance.cc:549      1| BufferInstance::PJRT_Buffer_Device
2026-02-10 20:35:36.213 (  17.356s) [        C75E3480]     device_instance.cc:53       1| DeviceInstance::PJRT_Device_IsAddressable
2026-02-10 20:35:36.213 (  17.356s) [        C75E3480]     buffer_instance.cc:549      1| BufferInstance::PJRT_Buffer_Device
2026-02-10 20:35:36.213 (  17.356s) [        C75E3480]     device_instance.cc:53       1| DeviceInstance::PJRT_Device_IsAddressable
2026-02-10 20:35:36.213 (  17.356s) [        C75E3480]     buffer_instance.cc:549      1| BufferInstance::PJRT_Buffer_Device
2026-02-10 20:35:36.213 (  17.356s) [        C75E3480]     device_instance.cc:53       1| DeviceInstance::PJRT_Device_IsAddressable
2026-02-10 20:35:36.213 (  17.356s) [        C75E3480]     buffer_instance.cc:549      1| BufferInstance::PJRT_Buffer_Device
2026-02-10 20:35:36.213 (  17.356s) [        C75E3480]     device_instance.cc:53       1| DeviceInstance::PJRT_Device_IsAddressable
2026-02-10 20:35:36.213 (  17.356s) [        C75E3480]     buffer_instance.cc:549      1| BufferInstance::PJRT_Buffer_Device
2026-02-10 20:35:36.213 (  17.356s) [        C75E3480]     device_instance.cc:53       1| DeviceInstance::PJRT_Device_IsAddressable
2026-02-10 20:35:36.213 (  17.356s) [        C75E3480] executable_instance.cc:145      1| ExecutableInstance::PJRT_Executable_NumOutputs
2026-02-10 20:35:36.213 (  17.356s) [        C75E3480]loaded_executable_insta:317      1| LoadedExecutableInstance::PJRT_LoadedExecutable_Execute
2026-02-10 20:35:36.213 (  17.356s) [        C75E3480]flatbuffer_loaded_execu:188      1| FlatbufferLoadedExecutableInstance::Execute
2026-02-10 20:35:36.213 (  17.356s) [        C75E3480]     client_instance.cc:384      1| ClientInstance::getOrCreateMeshDevice - reusing already opened mesh device [2, 4]
2026-02-10 20:35:36.213 (  17.356s) [        C75E3480]loaded_executable_insta:182      1| getInputRuntimeTensors: Device 0 Arg 0 BufferInstance UID=7f89e7c760f0 shape=[16, 1, 7168]
2026-02-10 20:35:36.213 (  17.356s) [        C75E3480]loaded_executable_insta:182      1| getInputRuntimeTensors: Device 1 Arg 0 BufferInstance UID=7f89e7c13c00 shape=[16, 1, 7168]
2026-02-10 20:35:36.213 (  17.356s) [        C75E3480]loaded_executable_insta:182      1| getInputRuntimeTensors: Device 2 Arg 0 BufferInstance UID=7f89e7c13d00 shape=[16, 1, 7168]
2026-02-10 20:35:36.213 (  17.356s) [        C75E3480]loaded_executable_insta:182      1| getInputRuntimeTensors: Device 3 Arg 0 BufferInstance UID=7f89e7c13e00 shape=[16, 1, 7168]
2026-02-10 20:35:36.213 (  17.356s) [        C75E3480]loaded_executable_insta:182      1| getInputRuntimeTensors: Device 4 Arg 0 BufferInstance UID=7f89e7c13f00 shape=[16, 1, 7168]
2026-02-10 20:35:36.213 (  17.356s) [        C75E3480]loaded_executable_insta:182      1| getInputRuntimeTensors: Device 5 Arg 0 BufferInstance UID=7f89e7c99300 shape=[16, 1, 7168]
2026-02-10 20:35:36.213 (  17.356s) [        C75E3480]loaded_executable_insta:182      1| getInputRuntimeTensors: Device 6 Arg 0 BufferInstance UID=7f89e7c99400 shape=[16, 1, 7168]
2026-02-10 20:35:36.213 (  17.356s) [        C75E3480]loaded_executable_insta:182      1| getInputRuntimeTensors: Device 7 Arg 0 BufferInstance UID=7f89e7c99500 shape=[16, 1, 7168]
2026-02-10 20:35:36.231 (  17.374s) [        C75E3480]flatbuffer_loaded_execu:119      1| Filled output at output_index 0 device_index 0 with shape [64, 1, 7168] and UID 152
2026-02-10 20:35:36.231 (  17.374s) [        C75E3480]flatbuffer_loaded_execu:119      1| Filled output at output_index 0 device_index 1 with shape [64, 1, 7168] and UID 153
2026-02-10 20:35:36.231 (  17.374s) [        C75E3480]flatbuffer_loaded_execu:119      1| Filled output at output_index 0 device_index 2 with shape [64, 1, 7168] and UID 154
2026-02-10 20:35:36.231 (  17.374s) [        C75E3480]flatbuffer_loaded_execu:119      1| Filled output at output_index 0 device_index 3 with shape [64, 1, 7168] and UID 155
2026-02-10 20:35:36.231 (  17.374s) [        C75E3480]flatbuffer_loaded_execu:119      1| Filled output at output_index 0 device_index 4 with shape [64, 1, 7168] and UID 156
2026-02-10 20:35:36.231 (  17.374s) [        C75E3480]flatbuffer_loaded_execu:119      1| Filled output at output_index 0 device_index 5 with shape [64, 1, 7168] and UID 157
2026-02-10 20:35:36.231 (  17.374s) [        C75E3480]flatbuffer_loaded_execu:119      1| Filled output at output_index 0 device_index 6 with shape [64, 1, 7168] and UID 158
2026-02-10 20:35:36.231 (  17.374s) [        C75E3480]flatbuffer_loaded_execu:119      1| Filled output at output_index 0 device_index 7 with shape [64, 1, 7168] and UID 159
2026-02-10 20:35:36.231 (  17.374s) [        C75E3480]      event_instance.cc:223      1| EventInstance::PJRT_Event_OnReady
2026-02-10 20:35:36.231 (  17.374s) [        C75E3480]      event_instance.cc:172      1| EventInstance::PJRT_Event_Destroy
2026-02-10 20:35:36.231 (  17.374s) [        C75E3480]      event_instance.cc:223      1| EventInstance::PJRT_Event_OnReady
2026-02-10 20:35:36.231 (  17.374s) [        C75E3480]      event_instance.cc:172      1| EventInstance::PJRT_Event_Destroy
2026-02-10 20:35:36.231 (  17.375s) [        C75E3480]      event_instance.cc:223      1| EventInstance::PJRT_Event_OnReady
2026-02-10 20:35:36.231 (  17.375s) [        C75E3480]      event_instance.cc:172      1| EventInstance::PJRT_Event_Destroy
2026-02-10 20:35:36.231 (  17.375s) [        C75E3480]      event_instance.cc:223      1| EventInstance::PJRT_Event_OnReady
2026-02-10 20:35:36.231 (  17.375s) [        C75E3480]      event_instance.cc:172      1| EventInstance::PJRT_Event_Destroy
2026-02-10 20:35:36.231 (  17.375s) [        C75E3480]      event_instance.cc:223      1| EventInstance::PJRT_Event_OnReady
2026-02-10 20:35:36.231 (  17.375s) [        C75E3480]      event_instance.cc:172      1| EventInstance::PJRT_Event_Destroy
2026-02-10 20:35:36.231 (  17.375s) [        C75E3480]      event_instance.cc:223      1| EventInstance::PJRT_Event_OnReady
2026-02-10 20:35:36.231 (  17.375s) [        C75E3480]      event_instance.cc:172      1| EventInstance::PJRT_Event_Destroy
2026-02-10 20:35:36.231 (  17.375s) [        C75E3480]      event_instance.cc:223      1| EventInstance::PJRT_Event_OnReady
2026-02-10 20:35:36.231 (  17.375s) [        C75E3480]      event_instance.cc:172      1| EventInstance::PJRT_Event_Destroy
2026-02-10 20:35:36.231 (  17.375s) [        C75E3480]      event_instance.cc:223      1| EventInstance::PJRT_Event_OnReady
2026-02-10 20:35:36.231 (  17.375s) [        C75E3480]      event_instance.cc:172      1| EventInstance::PJRT_Event_Destroy
2026-02-10 20:35:36.231 (  17.375s) [        C75E3480]     buffer_instance.cc:424      1| BufferInstance::PJRT_Buffer_Dimensions
2026-02-10 20:35:36.231 (  17.375s) [        C75E3480]     buffer_instance.cc:447      1| BufferInstance::PJRT_Buffer_DynamicDimensionIndices
2026-02-10 20:35:36.231 (  17.375s) [        C75E3480]     buffer_instance.cc:424      1| BufferInstance::PJRT_Buffer_Dimensions
2026-02-10 20:35:36.231 (  17.375s) [        C75E3480]     buffer_instance.cc:416      1| BufferInstance::PJRT_Buffer_ElementType
2026-02-10 20:35:36.231 (  17.375s) [        C75E3480]     buffer_instance.cc:424      1| BufferInstance::PJRT_Buffer_Dimensions
2026-02-10 20:35:36.231 (  17.375s) [        C75E3480]     buffer_instance.cc:447      1| BufferInstance::PJRT_Buffer_DynamicDimensionIndices
2026-02-10 20:35:36.231 (  17.375s) [        C75E3480]     buffer_instance.cc:424      1| BufferInstance::PJRT_Buffer_Dimensions
2026-02-10 20:35:36.231 (  17.375s) [        C75E3480]     buffer_instance.cc:416      1| BufferInstance::PJRT_Buffer_ElementType
2026-02-10 20:35:36.231 (  17.375s) [        C75E3480]     buffer_instance.cc:424      1| BufferInstance::PJRT_Buffer_Dimensions
2026-02-10 20:35:36.231 (  17.375s) [        C75E3480]     buffer_instance.cc:447      1| BufferInstance::PJRT_Buffer_DynamicDimensionIndices
2026-02-10 20:35:36.231 (  17.375s) [        C75E3480]     buffer_instance.cc:424      1| BufferInstance::PJRT_Buffer_Dimensions
2026-02-10 20:35:36.231 (  17.375s) [        C75E3480]     buffer_instance.cc:416      1| BufferInstance::PJRT_Buffer_ElementType
2026-02-10 20:35:36.231 (  17.375s) [        C75E3480]     buffer_instance.cc:424      1| BufferInstance::PJRT_Buffer_Dimensions
2026-02-10 20:35:36.231 (  17.375s) [        C75E3480]     buffer_instance.cc:447      1| BufferInstance::PJRT_Buffer_DynamicDimensionIndices
2026-02-10 20:35:36.231 (  17.375s) [        C75E3480]     buffer_instance.cc:424      1| BufferInstance::PJRT_Buffer_Dimensions
2026-02-10 20:35:36.231 (  17.375s) [        C75E3480]     buffer_instance.cc:416      1| BufferInstance::PJRT_Buffer_ElementType
2026-02-10 20:35:36.231 (  17.375s) [        C75E3480]     buffer_instance.cc:424      1| BufferInstance::PJRT_Buffer_Dimensions
2026-02-10 20:35:36.231 (  17.375s) [        C75E3480]     buffer_instance.cc:447      1| BufferInstance::PJRT_Buffer_DynamicDimensionIndices
2026-02-10 20:35:36.231 (  17.375s) [        C75E3480]     buffer_instance.cc:424      1| BufferInstance::PJRT_Buffer_Dimensions
2026-02-10 20:35:36.231 (  17.375s) [        C75E3480]     buffer_instance.cc:416      1| BufferInstance::PJRT_Buffer_ElementType
2026-02-10 20:35:36.231 (  17.375s) [        C75E3480]     buffer_instance.cc:424      1| BufferInstance::PJRT_Buffer_Dimensions
2026-02-10 20:35:36.231 (  17.375s) [        C75E3480]     buffer_instance.cc:447      1| BufferInstance::PJRT_Buffer_DynamicDimensionIndices
2026-02-10 20:35:36.231 (  17.375s) [        C75E3480]     buffer_instance.cc:424      1| BufferInstance::PJRT_Buffer_Dimensions
2026-02-10 20:35:36.231 (  17.375s) [        C75E3480]     buffer_instance.cc:416      1| BufferInstance::PJRT_Buffer_ElementType
2026-02-10 20:35:36.231 (  17.375s) [        C75E3480]     buffer_instance.cc:424      1| BufferInstance::PJRT_Buffer_Dimensions
2026-02-10 20:35:36.231 (  17.375s) [        C75E3480]     buffer_instance.cc:447      1| BufferInstance::PJRT_Buffer_DynamicDimensionIndices
2026-02-10 20:35:36.231 (  17.375s) [        C75E3480]     buffer_instance.cc:424      1| BufferInstance::PJRT_Buffer_Dimensions
2026-02-10 20:35:36.231 (  17.375s) [        C75E3480]     buffer_instance.cc:416      1| BufferInstance::PJRT_Buffer_ElementType
2026-02-10 20:35:36.231 (  17.375s) [        C75E3480]     buffer_instance.cc:424      1| BufferInstance::PJRT_Buffer_Dimensions
2026-02-10 20:35:36.231 (  17.375s) [        C75E3480]     buffer_instance.cc:447      1| BufferInstance::PJRT_Buffer_DynamicDimensionIndices
2026-02-10 20:35:36.231 (  17.375s) [        C75E3480]     buffer_instance.cc:424      1| BufferInstance::PJRT_Buffer_Dimensions
2026-02-10 20:35:36.231 (  17.375s) [        C75E3480]     buffer_instance.cc:416      1| BufferInstance::PJRT_Buffer_ElementType
2026-02-10 20:35:36.231 (  17.375s) [        C75E3480]     buffer_instance.cc:408      1| BufferInstance::PJRT_Buffer_Destroy
2026-02-10 20:35:36.231 (  17.375s) [        C75E3480]     buffer_instance.cc:408      1| BufferInstance::PJRT_Buffer_Destroy
2026-02-10 20:35:36.231 (  17.375s) [        C75E3480]     buffer_instance.cc:408      1| BufferInstance::PJRT_Buffer_Destroy
2026-02-10 20:35:36.231 (  17.375s) [        C75E3480]     buffer_instance.cc:408      1| BufferInstance::PJRT_Buffer_Destroy
2026-02-10 20:35:36.231 (  17.375s) [        C75E3480]     buffer_instance.cc:408      1| BufferInstance::PJRT_Buffer_Destroy
2026-02-10 20:35:36.231 (  17.375s) [        C75E3480]     buffer_instance.cc:408      1| BufferInstance::PJRT_Buffer_Destroy
2026-02-10 20:35:36.231 (  17.375s) [        C75E3480]     buffer_instance.cc:408      1| BufferInstance::PJRT_Buffer_Destroy
2026-02-10 20:35:36.231 (  17.375s) [        C75E3480] executable_instance.cc:60       1| ExecutableInstance::PJRT_Executable_Destroy
2026-02-10 20:35:36.231 (  17.375s) [        C75E3480]loaded_executable_insta:252      1| LoadedExecutableInstance::PJRT_LoadedExecutable_Destroy
2026-02-10 20:35:36.231 (  17.375s) [        C75E3480]loaded_executable_insta:46       1| Clearing program cache.
2026-02-10 20:35:36.241 (  17.385s) [        C75E3480]     buffer_instance.cc:435      1| BufferInstance::PJRT_Buffer_UnpaddedDimensions
2026-02-10 20:35:36.241 (  17.385s) [        C75E3480]     buffer_instance.cc:416      1| BufferInstance::PJRT_Buffer_ElementType
2026-02-10 20:35:36.241 (  17.385s) [        C75E3480]     buffer_instance.cc:424      1| BufferInstance::PJRT_Buffer_Dimensions
2026-02-10 20:35:36.241 (  17.385s) [        C75E3480]     buffer_instance.cc:457      1| BufferInstance::PJRT_Buffer_ToHostBuffer
2026-02-10 20:35:36.241 (  17.385s) [        C75E3480]      event_instance.cc:223      1| EventInstance::PJRT_Event_OnReady
2026-02-10 20:35:36.241 (  17.385s) [        C75E3480]     buffer_instance.cc:408      1| BufferInstance::PJRT_Buffer_Destroy
2026-02-10 20:35:36.254 (  17.397s) [        BF555640]              tensor.cc:120      1| Deleted tensor shard. Skipping PjrtTensor creation.
2026-02-10 20:35:36.254 (  17.397s) [        BF555640]              tensor.cc:120      1| Deleted tensor shard. Skipping PjrtTensor creation.
2026-02-10 20:35:36.254 (  17.397s) [        BF555640]              tensor.cc:120      1| Deleted tensor shard. Skipping PjrtTensor creation.
2026-02-10 20:35:36.254 (  17.397s) [        BF555640]              tensor.cc:120      1| Deleted tensor shard. Skipping PjrtTensor creation.
2026-02-10 20:35:36.254 (  17.397s) [        BF555640]              tensor.cc:120      1| Deleted tensor shard. Skipping PjrtTensor creation.
2026-02-10 20:35:36.254 (  17.397s) [        BF555640]              tensor.cc:120      1| Deleted tensor shard. Skipping PjrtTensor creation.
2026-02-10 20:35:36.254 (  17.397s) [        BF555640]              tensor.cc:120      1| Deleted tensor shard. Skipping PjrtTensor creation.
2026-02-10 20:35:36.254 (  17.397s) [        BED54640]      event_instance.cc:172      1| EventInstance::PJRT_Event_Destroy
2026-02-10 20:35:36.255 (  17.398s) [        C75E3480]  device_description.cc:63       1| DeviceDescription::PJRT_DeviceDescription_Id
2026-02-10 20:35:36.259 (  17.402s) [        C75E3480]     client_instance.cc:655      1| ClientInstance::PJRT_Client_Compile
2026-02-10 20:35:36.259 (  17.402s) [        C75E3480]      module_builder.cc:223      1| ModuleBuilder::buildModule
2026-02-10 20:35:36.259 (  17.403s) [        C75E3480]      module_builder.cc:1121     1| MLIR Module vhlo:
#loc1 = loc("p0.1")
module @ReplicateShardedData.6 attributes {mhlo.cross_program_prefetches = [], mhlo.frontend_attributes = {xla.sdy.meshes = "{mesh = #sdy.mesh<[\22_axis_0\22=2, \22_axis_1\22=4]>}"}, mhlo.input_output_alias = [], mhlo.is_dynamic = false, mhlo.use_auto_spmd_partitioning = false} {
  vhlo.func_v1 @main(%arg0: !vhlo.tensor_v1<64x1x1024x512x!vhlo.bf16_v1> loc("p0.1")) -> (!vhlo.tensor_v1<64x1x1024x512x!vhlo.bf16_v1>) {
    %0 = "vhlo.custom_call_v1"(%arg0) <{api_version = #vhlo<api_version_v1 API_VERSION_ORIGINAL>, backend_config = #vhlo.string_v1<"">, call_target_name = #vhlo.string_v1<"xla.sdy.FuncResultSharding">, called_computations = #vhlo.array_v1<[]>, has_side_effect = #vhlo.bool_v1<true>, operand_layouts = #vhlo.array_v1<[]>, output_operand_aliases = #vhlo.array_v1<[]>, result_layouts = #vhlo.array_v1<[]>}> {mhlo.frontend_attributes = #vhlo.dict_v1<{#vhlo.string_v1<"xla.sdy.sharding"> = #vhlo.string_v1<"#sdy.sharding_per_value<[<@mesh, [{}, {}, {}, {}]>]>">}>} : (!vhlo.tensor_v1<64x1x1024x512x!vhlo.bf16_v1>) -> !vhlo.tensor_v1<64x1x1024x512x!vhlo.bf16_v1> loc(#loc1)
    "vhlo.return_v1"(%0) : (!vhlo.tensor_v1<64x1x1024x512x!vhlo.bf16_v1>) -> () loc(#loc)
  } {arg_attrs = #vhlo.array_v1<[#vhlo.dict_v1<{#vhlo.string_v1<"mhlo.frontend_attributes"> = #vhlo.dict_v1<{#vhlo.string_v1<"xla.sdy.sharding"> = #vhlo.string_v1<"#sdy.sharding<@mesh, [{\22_axis_1\22}, {}, {}, {}]>">}>, #vhlo.string_v1<"mhlo.sharding"> = #vhlo.string_v1<"{devices=[4,1,1,1,2]<=[2,4]T(1,0) last_tile_dim_replicate}">}>]>, res_attrs = #vhlo.array_v1<[#vhlo.dict_v1<{#vhlo.string_v1<"mhlo.sharding"> = #vhlo.string_v1<"{replicated}">}>]>, sym_visibility = #vhlo.string_v1<"">} loc(#loc)
} loc(#loc)
#loc = loc(unknown)
------------------ END OF MLIR MODULE ------------------
2026-02-10 20:35:36.260 (  17.403s) [        C75E3480]      module_builder.cc:1121     1| MLIR Module shlo:
#loc1 = loc("p0.1")
module @ReplicateShardedData.6 attributes {mhlo.cross_program_prefetches = [], mhlo.frontend_attributes = {xla.sdy.meshes = "{mesh = #sdy.mesh<[\22_axis_0\22=2, \22_axis_1\22=4]>}"}, mhlo.input_output_alias = [], mhlo.is_dynamic = false, mhlo.use_auto_spmd_partitioning = false} {
  func.func @main(%arg0: tensor<64x1x1024x512xbf16> {mhlo.frontend_attributes = {xla.sdy.sharding = "#sdy.sharding<@mesh, [{\22_axis_1\22}, {}, {}, {}]>"}, mhlo.sharding = "{devices=[4,1,1,1,2]<=[2,4]T(1,0) last_tile_dim_replicate}"} loc("p0.1")) -> (tensor<64x1x1024x512xbf16> {mhlo.sharding = "{replicated}"}) {
    %0 = stablehlo.custom_call @xla.sdy.FuncResultSharding(%arg0) {has_side_effect = true, mhlo.frontend_attributes = {xla.sdy.sharding = "#sdy.sharding_per_value<[<@mesh, [{}, {}, {}, {}]>]>"}} : (tensor<64x1x1024x512xbf16>) -> tensor<64x1x1024x512xbf16> loc(#loc1)
    return %0 : tensor<64x1x1024x512xbf16> loc(#loc)
  } loc(#loc)
} loc(#loc)
#loc = loc(unknown)
------------------ END OF MLIR MODULE ------------------
2026-02-10 20:35:36.260 (  17.404s) [        C75E3480]      module_builder.cc:1121     1| MLIR Module shlo_frontend:
#loc1 = loc("p0.1")
module @ReplicateShardedData.6 attributes {mhlo.cross_program_prefetches = [], mhlo.frontend_attributes = {xla.sdy.meshes = "{mesh = #sdy.mesh<[\22_axis_0\22=2, \22_axis_1\22=4]>}"}, mhlo.input_output_alias = [], mhlo.is_dynamic = false, mhlo.use_auto_spmd_partitioning = false} {
  func.func @main(%arg0: tensor<64x1x1024x512xbf16> {mhlo.frontend_attributes = {xla.sdy.sharding = "#sdy.sharding<@mesh, [{\22_axis_1\22}, {}, {}, {}]>"}, mhlo.sharding = "{devices=[4,1,1,1,2]<=[2,4]T(1,0) last_tile_dim_replicate}", ttcore.argument_type = #ttcore.argument_type<input>} loc("p0.1")) -> (tensor<64x1x1024x512xbf16> {mhlo.sharding = "{replicated}"}) {
    %0 = stablehlo.custom_call @xla.sdy.FuncResultSharding(%arg0) {has_side_effect = true, mhlo.frontend_attributes = {xla.sdy.sharding = "#sdy.sharding_per_value<[<@mesh, [{}, {}, {}, {}]>]>"}} : (tensor<64x1x1024x512xbf16>) -> tensor<64x1x1024x512xbf16> loc(#loc1)
    return %0 : tensor<64x1x1024x512xbf16> loc(#loc)
  } loc(#loc)
} loc(#loc)
#loc = loc(unknown)
------------------ END OF MLIR MODULE ------------------
2026-02-10 20:35:36.263 (  17.406s) [        C75E3480]      module_builder.cc:1121     1| MLIR Module shlo_compiler:
#loc1 = loc("p0.1")
module @ReplicateShardedData.6 attributes {mhlo.cross_program_prefetches = [], mhlo.input_output_alias = [], mhlo.is_dynamic = false, mhlo.use_auto_spmd_partitioning = false} {
  sdy.mesh @mesh = <["_axis_0"=2, "_axis_1"=4]> loc(#loc)
  func.func @main(%arg0: tensor<64x1x1024x512xbf16> {ttcore.argument_type = #ttcore.argument_type<input>, ttcore.runtime_tensor_sharding = #ttcore<runtime_tensor_sharding shard_status = <presharded>, local_shape = tensor<16x1x1024x512xbf16>>} loc("p0.1")) -> (tensor<64x1x1024x512xbf16> {ttcore.runtime_tensor_sharding = #ttcore<runtime_tensor_sharding shard_status = <unsharded>, local_shape = tensor<64x1x1024x512xbf16>>}) {
    %0 = sdy.manual_computation(%arg0) in_shardings=[<@mesh, [{"_axis_1"}, {}, {}, {}]>] out_shardings=[<@mesh, [{}, {}, {}, {}]>] manual_axes={"_axis_0", "_axis_1"} (%arg1: tensor<16x1x1024x512xbf16> loc("p0.1")) {
      %1 = "stablehlo.all_gather"(%arg1) <{all_gather_dim = 0 : i64, channel_handle = #stablehlo.channel_handle<handle = 1, type = 1>, replica_groups = dense<[[0, 1, 2, 3], [4, 5, 6, 7]]> : tensor<2x4xi64>}> : (tensor<16x1x1024x512xbf16>) -> tensor<64x1x1024x512xbf16> loc(#loc1)
      sdy.return %1 : tensor<64x1x1024x512xbf16> loc(#loc)
    } : (tensor<64x1x1024x512xbf16>) -> tensor<64x1x1024x512xbf16> loc(#loc)
    return %0 : tensor<64x1x1024x512xbf16> loc(#loc)
  } loc(#loc)
} loc(#loc)
#loc = loc(unknown)
------------------ END OF MLIR MODULE ------------------
2026-02-10 20:35:36.263 (  17.407s) [        C75E3480]      module_builder.cc:303      1| SHLO compiler pipeline run completed - is using shardy output shardings: 1
2026-02-10 20:35:36.263 (  17.407s) [        C75E3480]      module_builder.cc:1121     1| MLIR Module shlo_compiler_cleaned:
#loc = loc(unknown)
module @ReplicateShardedData.6 attributes {mhlo.cross_program_prefetches = [], mhlo.input_output_alias = [], mhlo.is_dynamic = false, mhlo.spmd_output_sharding = "{{replicated}}", mhlo.use_auto_spmd_partitioning = false} {
  func.func @main(%arg0: tensor<64x1x1024x512xbf16> loc(unknown)) -> tensor<64x1x1024x512xbf16> {
    %cst = stablehlo.constant dense<0.000000e+00> : tensor<64x1x1024x512xbf16> loc(#loc)
    return %cst : tensor<64x1x1024x512xbf16> loc(#loc)
  } loc(#loc)
} loc(#loc)
------------------ END OF MLIR MODULE ------------------
2026-02-10 20:35:36.265 (  17.408s) [        C75E3480]      module_builder.cc:1121     1| MLIR Module ttir:
#loc1 = loc("p0.1")
module @ReplicateShardedData.6 attributes {mhlo.cross_program_prefetches = [], mhlo.input_output_alias = [], mhlo.is_dynamic = false, mhlo.use_auto_spmd_partitioning = false, ttcore.meshes = #ttcore.meshes<[<"mesh" = 2x4>]>} {
  ttcore.device_module {
    builtin.module @ReplicateShardedData.6 attributes {mhlo.cross_program_prefetches = [], mhlo.input_output_alias = [], mhlo.is_dynamic = false, mhlo.use_auto_spmd_partitioning = false, ttcore.meshes = #ttcore.meshes<[<"mesh" = 2x4>]>} {
      func.func @main(%arg0: tensor<64x1x1024x512xbf16> {ttcore.argument_type = #ttcore.argument_type<input>, ttcore.runtime_tensor_sharding = #ttcore<runtime_tensor_sharding shard_status = <presharded>, local_shape = tensor<16x1x1024x512xbf16>>} loc("p0.1")) -> (tensor<64x1x1024x512xbf16> {ttcore.runtime_tensor_sharding = #ttcore<runtime_tensor_sharding shard_status = <unsharded>, local_shape = tensor<64x1x1024x512xbf16>>}) {
        %0 = "ttir.mesh_shard"(%arg0) <{shard_dims = array<i64: -1, 0>, shard_direction = #ttcore.shard_direction<full_to_shard>, shard_shape = array<i64: 4, 1, 1, 1>, shard_type = #ttcore.shard_type<identity>}> : (tensor<64x1x1024x512xbf16>) -> tensor<16x1x1024x512xbf16> loc(#loc)
        %1 = "ttir.all_gather"(%0) <{all_gather_dim = 0 : si32, cluster_axis = 1 : ui32}> : (tensor<16x1x1024x512xbf16>) -> tensor<64x1x1024x512xbf16> loc(#loc1)
        %2 = "ttir.mesh_shard"(%1) <{shard_dims = array<i64: -1>, shard_direction = #ttcore.shard_direction<shard_to_full>, shard_shape = array<i64: 1>, shard_type = #ttcore.shard_type<identity>}> : (tensor<64x1x1024x512xbf16>) -> tensor<64x1x1024x512xbf16> loc(#loc)
        return %2 : tensor<64x1x1024x512xbf16> loc(#loc)
      } loc(#loc)
    } loc(#loc)
  } loc(#loc)
} loc(#loc)
#loc = loc(unknown)
------------------ END OF MLIR MODULE ------------------
2026-02-10 20:35:36.265 (  17.409s) [        C75E3480]      module_builder.cc:862   WARN| `mhlo.num_partitions` attribute not found, assuming default number of partitions: 1
2026-02-10 20:35:36.265 (  17.409s) [        C75E3480]      module_builder.cc:876   WARN| `mhlo.num_replicas` attribute not found, assuming default number of replicas: 1
2026-02-10 20:35:36.265 (  17.409s) [        C75E3480]      module_builder.cc:886   WARN| Num replicas and num partitions are not set, inferring the number of devices from mesh shape
2026-02-10 20:35:36.273 (  17.417s) [        C75E3480]      module_builder.cc:1121     1| MLIR Module ttnn:
#dram = #ttnn.buffer_type<dram>
#loc1 = loc("p0.1")
#system_desc = #ttcore.system_desc<[{role = host, target_triple = "x86_64-pc-linux"}], [{arch = <wormhole_b0>, grid = 8x8, coord_translation_offsets = 18x18, l1_size = 1499136, num_dram_channels = 12, dram_channel_size = 1073741824, noc_l1_address_align_bytes = 16, pcie_address_align_bytes = 32, noc_dram_address_align_bytes = 32, l1_unreserved_base = 103712, erisc_l1_unreserved_base = 98304, dram_unreserved_base = 1920032, dram_unreserved_end = 1073136832, supported_data_types = [<f32>, <f16>, <bf16>, <bfp_f8>, <bfp_bf8>, <bfp_f4>, <bfp_bf4>, <bfp_f2>, <bfp_bf2>, <u32>, <u16>, <u8>, <si32>], supported_tile_sizes = [ 4x16,  16x16,  32x16,  4x32,  16x32,  32x32], dst_physical_size_tiles = 16, num_cbs = 64, num_compute_threads = 1, num_datamovement_threads = 2}, {arch = <wormhole_b0>, grid = 8x8, coord_translation_offsets = 18x18, l1_size = 1499136, num_dram_channels = 12, dram_channel_size = 1073741824, noc_l1_address_align_bytes = 16, pcie_address_align_bytes = 32, noc_dram_address_align_bytes = 32, l1_unreserved_base = 103712, erisc_l1_unreserved_base = 98304, dram_unreserved_base = 1920032, dram_unreserved_end = 1073136832, supported_data_types = [<f32>, <f16>, <bf16>, <bfp_f8>, <bfp_bf8>, <bfp_f4>, <bfp_bf4>, <bfp_f2>, <bfp_bf2>, <u32>, <u16>, <u8>, <si32>], supported_tile_sizes = [ 4x16,  16x16,  32x16,  4x32,  16x32,  32x32], dst_physical_size_tiles = 16, num_cbs = 64, num_compute_threads = 1, num_datamovement_threads = 2}, {arch = <wormhole_b0>, grid = 8x8, coord_translation_offsets = 18x18, l1_size = 1499136, num_dram_channels = 12, dram_channel_size = 1073741824, noc_l1_address_align_bytes = 16, pcie_address_align_bytes = 32, noc_dram_address_align_bytes = 32, l1_unreserved_base = 103712, erisc_l1_unreserved_base = 98304, dram_unreserved_base = 1920032, dram_unreserved_end = 1073136832, supported_data_types = [<f32>, <f16>, <bf16>, <bfp_f8>, <bfp_bf8>, <bfp_f4>, <bfp_bf4>, <bfp_f2>, <bfp_bf2>, <u32>, <u16>, <u8>, <si32>], supported_tile_sizes = [ 4x16,  16x16,  32x16,  4x32,  16x32,  32x32], dst_physical_size_tiles = 16, num_cbs = 64, num_compute_threads = 1, num_datamovement_threads = 2}, {arch = <wormhole_b0>, grid = 8x8, coord_translation_offsets = 18x18, l1_size = 1499136, num_dram_channels = 12, dram_channel_size = 1073741824, noc_l1_address_align_bytes = 16, pcie_address_align_bytes = 32, noc_dram_address_align_bytes = 32, l1_unreserved_base = 103712, erisc_l1_unreserved_base = 98304, dram_unreserved_base = 1920032, dram_unreserved_end = 1073136832, supported_data_types = [<f32>, <f16>, <bf16>, <bfp_f8>, <bfp_bf8>, <bfp_f4>, <bfp_bf4>, <bfp_f2>, <bfp_bf2>, <u32>, <u16>, <u8>, <si32>], supported_tile_sizes = [ 4x16,  16x16,  32x16,  4x32,  16x32,  32x32], dst_physical_size_tiles = 16, num_cbs = 64, num_compute_threads = 1, num_datamovement_threads = 2}, {arch = <wormhole_b0>, grid = 8x8, coord_translation_offsets = 18x18, l1_size = 1499136, num_dram_channels = 12, dram_channel_size = 1073741824, noc_l1_address_align_bytes = 16, pcie_address_align_bytes = 32, noc_dram_address_align_bytes = 32, l1_unreserved_base = 103712, erisc_l1_unreserved_base = 98304, dram_unreserved_base = 1920032, dram_unreserved_end = 1073154112, supported_data_types = [<f32>, <f16>, <bf16>, <bfp_f8>, <bfp_bf8>, <bfp_f4>, <bfp_bf4>, <bfp_f2>, <bfp_bf2>, <u32>, <u16>, <u8>, <si32>], supported_tile_sizes = [ 4x16,  16x16,  32x16,  4x32,  16x32,  32x32], dst_physical_size_tiles = 16, num_cbs = 64, num_compute_threads = 1, num_datamovement_threads = 2}, {arch = <wormhole_b0>, grid = 8x8, coord_translation_offsets = 18x18, l1_size = 1499136, num_dram_channels = 12, dram_channel_size = 1073741824, noc_l1_address_align_bytes = 16, pcie_address_align_bytes = 32, noc_dram_address_align_bytes = 32, l1_unreserved_base = 103712, erisc_l1_unreserved_base = 98304, dram_unreserved_base = 1920032, dram_unreserved_end = 1073154112, supported_data_types = [<f32>, <f16>, <bf16>, <bfp_f8>, <bfp_bf8>, <bfp_f4>, <bfp_bf4>, <bfp_f2>, <bfp_bf2>, <u32>, <u16>, <u8>, <si32>], supported_tile_sizes = [ 4x16,  16x16,  32x16,  4x32,  16x32,  32x32], dst_physical_size_tiles = 16, num_cbs = 64, num_compute_threads = 1, num_datamovement_threads = 2}, {arch = <wormhole_b0>, grid = 8x8, coord_translation_offsets = 18x18, l1_size = 1499136, num_dram_channels = 12, dram_channel_size = 1073741824, noc_l1_address_align_bytes = 16, pcie_address_align_bytes = 32, noc_dram_address_align_bytes = 32, l1_unreserved_base = 103712, erisc_l1_unreserved_base = 98304, dram_unreserved_base = 1920032, dram_unreserved_end = 1073154112, supported_data_types = [<f32>, <f16>, <bf16>, <bfp_f8>, <bfp_bf8>, <bfp_f4>, <bfp_bf4>, <bfp_f2>, <bfp_bf2>, <u32>, <u16>, <u8>, <si32>], supported_tile_sizes = [ 4x16,  16x16,  32x16,  4x32,  16x32,  32x32], dst_physical_size_tiles = 16, num_cbs = 64, num_compute_threads = 1, num_datamovement_threads = 2}, {arch = <wormhole_b0>, grid = 8x8, coord_translation_offsets = 18x18, l1_size = 1499136, num_dram_channels = 12, dram_channel_size = 1073741824, noc_l1_address_align_bytes = 16, pcie_address_align_bytes = 32, noc_dram_address_align_bytes = 32, l1_unreserved_base = 103712, erisc_l1_unreserved_base = 98304, dram_unreserved_base = 1920032, dram_unreserved_end = 1073154112, supported_data_types = [<f32>, <f16>, <bf16>, <bfp_f8>, <bfp_bf8>, <bfp_f4>, <bfp_bf4>, <bfp_f2>, <bfp_bf2>, <u32>, <u16>, <u8>, <si32>], supported_tile_sizes = [ 4x16,  16x16,  32x16,  4x32,  16x32,  32x32], dst_physical_size_tiles = 16, num_cbs = 64, num_compute_threads = 1, num_datamovement_threads = 2}], [0, 1, 2, 3, 4, 5, 6, 7], [1 : i32, 1 : i32, 1 : i32, 1 : i32, 0 : i32, 0 : i32, 0 : i32, 0 : i32], [ 0x0x0x0]>
#ttnn_layout = #ttnn.ttnn_layout<(d0, d1, d2, d3) -> (d0 * 1024 + d1 * 1024 + d2, d3), <1x1>, memref<2048x16x!ttcore.tile<32x32, bf16>, #dram>, <interleaved>>
#ttnn_layout1 = #ttnn.ttnn_layout<(d0, d1, d2, d3) -> (d0 * 1024 + d1 * 1024 + d2, d3), <1x1>, memref<512x16x!ttcore.tile<32x32, bf16>, #dram>, <interleaved>>
module @ReplicateShardedData.6 attributes {mhlo.cross_program_prefetches = [], mhlo.input_output_alias = [], mhlo.is_dynamic = false, mhlo.use_auto_spmd_partitioning = false, ttcore.meshes = #ttcore.meshes<[<"mesh" = 2x4>]>} {
  ttcore.device_module {
    builtin.module @ReplicateShardedData.6 attributes {mhlo.cross_program_prefetches = [], mhlo.input_output_alias = [], mhlo.is_dynamic = false, mhlo.use_auto_spmd_partitioning = false, ttcore.meshes = #ttcore.meshes<[<"mesh" = 2x4>]>, ttcore.system_desc = #system_desc} {
      ttcore.device @default_device = <workerGrid = #ttcore.grid<8x8, (d0, d1) -> (0, d0, d1)>, l1Map = (d0, d1, d2)[s0] -> (0, d0, d1, d2 + s0), dramMap = (d0, d1, d2)[s0, s1, s2, s3, s4, s5, s6] -> (0, 0, (((d0 * s1) * (s2 * (s3 * s6)) + d1 * (s2 * (s3 * s6)) + d2) floordiv s4) mod 12, ((((d0 * s1) * (s2 * (s3 * s6)) + d1 * (s2 * (s3 * s6)) + d2) floordiv s4) floordiv 12) * s4 + ((d0 * s1) * (s2 * (s3 * s6)) + d1 * (s2 * (s3 * s6)) + d2) mod s4 + s5), meshShape = 2x4, chipIds = [0, 1, 2, 3, 4, 5, 6, 7]> loc(#loc)
      func.func @main(%arg0: tensor<64x1x1024x512xbf16, #ttnn_layout> {ttcore.argument_type = #ttcore.argument_type<input>, ttcore.runtime_tensor_sharding = #ttcore<runtime_tensor_sharding shard_status = <presharded>, local_shape = tensor<16x1x1024x512xbf16>>} loc("p0.1")) -> (tensor<64x1x1024x512xbf16, #ttnn_layout> {ttcore.runtime_tensor_sharding = #ttcore<runtime_tensor_sharding shard_status = <unsharded>, local_shape = tensor<64x1x1024x512xbf16>>}) attributes {tt.function_type = "forward_device"} {
        %0 = "ttnn.get_device"() <{mesh_offset = #ttnn<mesh_offset 0x0>, mesh_shape = #ttnn<mesh_shape 2x4>}> : () -> !ttnn.device loc(#loc)
        %1 = "ttnn.mesh_shard"(%arg0, %0) <{shard_dims = array<i64: -1, 0>, shard_direction = #ttcore.shard_direction<full_to_shard>, shard_shape = array<i64: 4, 1, 1, 1>, shard_type = #ttcore.shard_type<identity>}> : (tensor<64x1x1024x512xbf16, #ttnn_layout>, !ttnn.device) -> tensor<16x1x1024x512xbf16, #ttnn_layout1> loc(#loc)
        "ttnn.deallocate"(%arg0) <{force = false}> : (tensor<64x1x1024x512xbf16, #ttnn_layout>) -> () loc(#loc)
        %2 = "ttnn.all_gather"(%1) <{all_gather_dim = 0 : si32, cluster_axis = 1 : ui32}> : (tensor<16x1x1024x512xbf16, #ttnn_layout1>) -> tensor<64x1x1024x512xbf16, #ttnn_layout> loc(#loc1)
        "ttnn.deallocate"(%1) <{force = false}> : (tensor<16x1x1024x512xbf16, #ttnn_layout1>) -> () loc(#loc1)
        return %2 : tensor<64x1x1024x512xbf16, #ttnn_layout> loc(#loc)
      } loc(#loc)
    } loc(#loc)
  } loc(#loc)
} loc(#loc)
#loc = loc(unknown)
------------------ END OF MLIR MODULE ------------------
2026-02-10 20:35:36.276 (  17.419s) [        C75E3480]loaded_executable_insta:262      1| LoadedExecutableInstance::PJRT_LoadedExecutable_GetExecutable
2026-02-10 20:35:36.276 (  17.419s) [        C75E3480]loaded_executable_insta:281      1| LoadedExecutableInstance::PJRT_LoadedExecutable_AddressableDevices
2026-02-10 20:35:36.277 (  17.420s) [        C75E3480]              stubs.inc:70    WARN| STUB: PJRT_Executable_GetCompiledMemoryStats
2026-02-10 20:35:36.277 (  17.420s) [        C75E3480]      error_instance.cc:52       1| ErrorInstance::PJRT_Error_Message
2026-02-10 20:35:36.277 (  17.420s) [        C75E3480]      error_instance.cc:61       1| ErrorInstance::PJRT_Error_GetCode
2026-02-10 20:35:36.277 (  17.420s) [        C75E3480]      error_instance.cc:46       1| ErrorInstance::PJRT_Error_Destroy
2026-02-10 20:35:36.277 (  17.420s) [        C75E3480] executable_instance.cc:108      1| ExecutableInstance::PJRT_Executable_OptimizedProgram
2026-02-10 20:35:36.277 (  17.420s) [        C75E3480] executable_instance.cc:108      1| ExecutableInstance::PJRT_Executable_OptimizedProgram
2026-02-10 20:35:36.279 (  17.422s) [        C75E3480] executable_instance.cc:108      1| ExecutableInstance::PJRT_Executable_OptimizedProgram
2026-02-10 20:35:36.279 (  17.422s) [        C75E3480] executable_instance.cc:108      1| ExecutableInstance::PJRT_Executable_OptimizedProgram
2026-02-10 20:35:36.281 (  17.424s) [        C75E3480]  device_description.cc:63       1| DeviceDescription::PJRT_DeviceDescription_Id
2026-02-10 20:35:36.281 (  17.424s) [        C75E3480]  device_description.cc:63       1| DeviceDescription::PJRT_DeviceDescription_Id
2026-02-10 20:35:36.281 (  17.424s) [        C75E3480]  device_description.cc:63       1| DeviceDescription::PJRT_DeviceDescription_Id
2026-02-10 20:35:36.281 (  17.424s) [        C75E3480]  device_description.cc:63       1| DeviceDescription::PJRT_DeviceDescription_Id
2026-02-10 20:35:36.281 (  17.424s) [        C75E3480]  device_description.cc:63       1| DeviceDescription::PJRT_DeviceDescription_Id
2026-02-10 20:35:36.281 (  17.424s) [        C75E3480]  device_description.cc:63       1| DeviceDescription::PJRT_DeviceDescription_Id
2026-02-10 20:35:36.281 (  17.424s) [        C75E3480]  device_description.cc:63       1| DeviceDescription::PJRT_DeviceDescription_Id
2026-02-10 20:35:36.281 (  17.424s) [        C75E3480]  device_description.cc:63       1| DeviceDescription::PJRT_DeviceDescription_Id
2026-02-10 20:35:36.281 (  17.424s) [        C75E3480]     buffer_instance.cc:549      1| BufferInstance::PJRT_Buffer_Device
2026-02-10 20:35:36.281 (  17.424s) [        C75E3480]     device_instance.cc:53       1| DeviceInstance::PJRT_Device_IsAddressable
2026-02-10 20:35:36.281 (  17.424s) [        C75E3480]     buffer_instance.cc:549      1| BufferInstance::PJRT_Buffer_Device
2026-02-10 20:35:36.281 (  17.424s) [        C75E3480]     device_instance.cc:53       1| DeviceInstance::PJRT_Device_IsAddressable
2026-02-10 20:35:36.281 (  17.424s) [        C75E3480]     buffer_instance.cc:549      1| BufferInstance::PJRT_Buffer_Device
2026-02-10 20:35:36.281 (  17.424s) [        C75E3480]     device_instance.cc:53       1| DeviceInstance::PJRT_Device_IsAddressable
2026-02-10 20:35:36.281 (  17.424s) [        C75E3480]     buffer_instance.cc:549      1| BufferInstance::PJRT_Buffer_Device
2026-02-10 20:35:36.281 (  17.424s) [        C75E3480]     device_instance.cc:53       1| DeviceInstance::PJRT_Device_IsAddressable
2026-02-10 20:35:36.281 (  17.424s) [        C75E3480]     buffer_instance.cc:549      1| BufferInstance::PJRT_Buffer_Device
2026-02-10 20:35:36.281 (  17.424s) [        C75E3480]     device_instance.cc:53       1| DeviceInstance::PJRT_Device_IsAddressable
2026-02-10 20:35:36.281 (  17.424s) [        C75E3480]     buffer_instance.cc:549      1| BufferInstance::PJRT_Buffer_Device
2026-02-10 20:35:36.281 (  17.424s) [        C75E3480]     device_instance.cc:53       1| DeviceInstance::PJRT_Device_IsAddressable
2026-02-10 20:35:36.281 (  17.424s) [        C75E3480]     buffer_instance.cc:549      1| BufferInstance::PJRT_Buffer_Device
2026-02-10 20:35:36.281 (  17.424s) [        C75E3480]     device_instance.cc:53       1| DeviceInstance::PJRT_Device_IsAddressable
2026-02-10 20:35:36.281 (  17.424s) [        C75E3480]     buffer_instance.cc:549      1| BufferInstance::PJRT_Buffer_Device
2026-02-10 20:35:36.281 (  17.424s) [        C75E3480]     device_instance.cc:53       1| DeviceInstance::PJRT_Device_IsAddressable
2026-02-10 20:35:36.281 (  17.424s) [        C75E3480] executable_instance.cc:145      1| ExecutableInstance::PJRT_Executable_NumOutputs
2026-02-10 20:35:36.281 (  17.424s) [        C75E3480]loaded_executable_insta:317      1| LoadedExecutableInstance::PJRT_LoadedExecutable_Execute
2026-02-10 20:35:36.281 (  17.424s) [        C75E3480]flatbuffer_loaded_execu:188      1| FlatbufferLoadedExecutableInstance::Execute
2026-02-10 20:35:36.281 (  17.424s) [        C75E3480]     client_instance.cc:384      1| ClientInstance::getOrCreateMeshDevice - reusing already opened mesh device [2, 4]
2026-02-10 20:35:36.281 (  17.425s) [        C75E3480]loaded_executable_insta:182      1| getInputRuntimeTensors: Device 0 Arg 0 BufferInstance UID=7f89e6edee00 shape=[16, 1, 1024, 512]
2026-02-10 20:35:36.281 (  17.425s) [        C75E3480]loaded_executable_insta:182      1| getInputRuntimeTensors: Device 1 Arg 0 BufferInstance UID=7f89e7604380 shape=[16, 1, 1024, 512]
2026-02-10 20:35:36.281 (  17.425s) [        C75E3480]loaded_executable_insta:182      1| getInputRuntimeTensors: Device 2 Arg 0 BufferInstance UID=7f89e75da920 shape=[16, 1, 1024, 512]
2026-02-10 20:35:36.281 (  17.425s) [        C75E3480]loaded_executable_insta:182      1| getInputRuntimeTensors: Device 3 Arg 0 BufferInstance UID=7f89e7482710 shape=[16, 1, 1024, 512]
2026-02-10 20:35:36.281 (  17.425s) [        C75E3480]loaded_executable_insta:182      1| getInputRuntimeTensors: Device 4 Arg 0 BufferInstance UID=7f89e7424a70 shape=[16, 1, 1024, 512]
2026-02-10 20:35:36.281 (  17.425s) [        C75E3480]loaded_executable_insta:182      1| getInputRuntimeTensors: Device 5 Arg 0 BufferInstance UID=7f89e7b637f0 shape=[16, 1, 1024, 512]
2026-02-10 20:35:36.281 (  17.425s) [        C75E3480]loaded_executable_insta:182      1| getInputRuntimeTensors: Device 6 Arg 0 BufferInstance UID=7f89e7c74990 shape=[16, 1, 1024, 512]
2026-02-10 20:35:36.281 (  17.425s) [        C75E3480]loaded_executable_insta:182      1| getInputRuntimeTensors: Device 7 Arg 0 BufferInstance UID=7f89e7c9db70 shape=[16, 1, 1024, 512]
2026-02-10 20:35:36.299 (  17.443s) [        C75E3480]flatbuffer_loaded_execu:119      1| Filled output at output_index 0 device_index 0 with shape [64, 1, 1024, 512] and UID 160
2026-02-10 20:35:36.299 (  17.443s) [        C75E3480]flatbuffer_loaded_execu:119      1| Filled output at output_index 0 device_index 1 with shape [64, 1, 1024, 512] and UID 161
2026-02-10 20:35:36.299 (  17.443s) [        C75E3480]flatbuffer_loaded_execu:119      1| Filled output at output_index 0 device_index 2 with shape [64, 1, 1024, 512] and UID 162
2026-02-10 20:35:36.299 (  17.443s) [        C75E3480]flatbuffer_loaded_execu:119      1| Filled output at output_index 0 device_index 3 with shape [64, 1, 1024, 512] and UID 163
2026-02-10 20:35:36.299 (  17.443s) [        C75E3480]flatbuffer_loaded_execu:119      1| Filled output at output_index 0 device_index 4 with shape [64, 1, 1024, 512] and UID 164
2026-02-10 20:35:36.299 (  17.443s) [        C75E3480]flatbuffer_loaded_execu:119      1| Filled output at output_index 0 device_index 5 with shape [64, 1, 1024, 512] and UID 165
2026-02-10 20:35:36.299 (  17.443s) [        C75E3480]flatbuffer_loaded_execu:119      1| Filled output at output_index 0 device_index 6 with shape [64, 1, 1024, 512] and UID 166
2026-02-10 20:35:36.299 (  17.443s) [        C75E3480]flatbuffer_loaded_execu:119      1| Filled output at output_index 0 device_index 7 with shape [64, 1, 1024, 512] and UID 167
2026-02-10 20:35:36.299 (  17.443s) [        C75E3480]      event_instance.cc:223      1| EventInstance::PJRT_Event_OnReady
2026-02-10 20:35:36.299 (  17.443s) [        C75E3480]      event_instance.cc:172      1| EventInstance::PJRT_Event_Destroy
2026-02-10 20:35:36.299 (  17.443s) [        C75E3480]      event_instance.cc:223      1| EventInstance::PJRT_Event_OnReady
2026-02-10 20:35:36.299 (  17.443s) [        C75E3480]      event_instance.cc:172      1| EventInstance::PJRT_Event_Destroy
2026-02-10 20:35:36.299 (  17.443s) [        C75E3480]      event_instance.cc:223      1| EventInstance::PJRT_Event_OnReady
2026-02-10 20:35:36.299 (  17.443s) [        C75E3480]      event_instance.cc:172      1| EventInstance::PJRT_Event_Destroy
2026-02-10 20:35:36.299 (  17.443s) [        C75E3480]      event_instance.cc:223      1| EventInstance::PJRT_Event_OnReady
2026-02-10 20:35:36.299 (  17.443s) [        C75E3480]      event_instance.cc:172      1| EventInstance::PJRT_Event_Destroy
2026-02-10 20:35:36.299 (  17.443s) [        C75E3480]      event_instance.cc:223      1| EventInstance::PJRT_Event_OnReady
2026-02-10 20:35:36.299 (  17.443s) [        C75E3480]      event_instance.cc:172      1| EventInstance::PJRT_Event_Destroy
2026-02-10 20:35:36.300 (  17.443s) [        C75E3480]      event_instance.cc:223      1| EventInstance::PJRT_Event_OnReady
2026-02-10 20:35:36.300 (  17.443s) [        C75E3480]      event_instance.cc:172      1| EventInstance::PJRT_Event_Destroy
2026-02-10 20:35:36.300 (  17.443s) [        C75E3480]      event_instance.cc:223      1| EventInstance::PJRT_Event_OnReady
2026-02-10 20:35:36.300 (  17.443s) [        C75E3480]      event_instance.cc:172      1| EventInstance::PJRT_Event_Destroy
2026-02-10 20:35:36.300 (  17.443s) [        C75E3480]      event_instance.cc:223      1| EventInstance::PJRT_Event_OnReady
2026-02-10 20:35:36.300 (  17.443s) [        C75E3480]      event_instance.cc:172      1| EventInstance::PJRT_Event_Destroy
2026-02-10 20:35:36.300 (  17.443s) [        C75E3480]     buffer_instance.cc:424      1| BufferInstance::PJRT_Buffer_Dimensions
2026-02-10 20:35:36.300 (  17.443s) [        C75E3480]     buffer_instance.cc:447      1| BufferInstance::PJRT_Buffer_DynamicDimensionIndices
2026-02-10 20:35:36.300 (  17.443s) [        C75E3480]     buffer_instance.cc:424      1| BufferInstance::PJRT_Buffer_Dimensions
2026-02-10 20:35:36.300 (  17.443s) [        C75E3480]     buffer_instance.cc:416      1| BufferInstance::PJRT_Buffer_ElementType
2026-02-10 20:35:36.300 (  17.443s) [        C75E3480]     buffer_instance.cc:424      1| BufferInstance::PJRT_Buffer_Dimensions
2026-02-10 20:35:36.300 (  17.443s) [        C75E3480]     buffer_instance.cc:447      1| BufferInstance::PJRT_Buffer_DynamicDimensionIndices
2026-02-10 20:35:36.300 (  17.443s) [        C75E3480]     buffer_instance.cc:424      1| BufferInstance::PJRT_Buffer_Dimensions
2026-02-10 20:35:36.300 (  17.443s) [        C75E3480]     buffer_instance.cc:416      1| BufferInstance::PJRT_Buffer_ElementType
2026-02-10 20:35:36.300 (  17.443s) [        C75E3480]     buffer_instance.cc:424      1| BufferInstance::PJRT_Buffer_Dimensions
2026-02-10 20:35:36.300 (  17.443s) [        C75E3480]     buffer_instance.cc:447      1| BufferInstance::PJRT_Buffer_DynamicDimensionIndices
2026-02-10 20:35:36.300 (  17.443s) [        C75E3480]     buffer_instance.cc:424      1| BufferInstance::PJRT_Buffer_Dimensions
2026-02-10 20:35:36.300 (  17.443s) [        C75E3480]     buffer_instance.cc:416      1| BufferInstance::PJRT_Buffer_ElementType
2026-02-10 20:35:36.300 (  17.443s) [        C75E3480]     buffer_instance.cc:424      1| BufferInstance::PJRT_Buffer_Dimensions
2026-02-10 20:35:36.300 (  17.443s) [        C75E3480]     buffer_instance.cc:447      1| BufferInstance::PJRT_Buffer_DynamicDimensionIndices
2026-02-10 20:35:36.300 (  17.443s) [        C75E3480]     buffer_instance.cc:424      1| BufferInstance::PJRT_Buffer_Dimensions
2026-02-10 20:35:36.300 (  17.443s) [        C75E3480]     buffer_instance.cc:416      1| BufferInstance::PJRT_Buffer_ElementType
2026-02-10 20:35:36.300 (  17.443s) [        C75E3480]     buffer_instance.cc:424      1| BufferInstance::PJRT_Buffer_Dimensions
2026-02-10 20:35:36.300 (  17.443s) [        C75E3480]     buffer_instance.cc:447      1| BufferInstance::PJRT_Buffer_DynamicDimensionIndices
2026-02-10 20:35:36.300 (  17.443s) [        C75E3480]     buffer_instance.cc:424      1| BufferInstance::PJRT_Buffer_Dimensions
2026-02-10 20:35:36.300 (  17.443s) [        C75E3480]     buffer_instance.cc:416      1| BufferInstance::PJRT_Buffer_ElementType
2026-02-10 20:35:36.300 (  17.443s) [        C75E3480]     buffer_instance.cc:424      1| BufferInstance::PJRT_Buffer_Dimensions
2026-02-10 20:35:36.300 (  17.443s) [        C75E3480]     buffer_instance.cc:447      1| BufferInstance::PJRT_Buffer_DynamicDimensionIndices
2026-02-10 20:35:36.300 (  17.443s) [        C75E3480]     buffer_instance.cc:424      1| BufferInstance::PJRT_Buffer_Dimensions
2026-02-10 20:35:36.300 (  17.443s) [        C75E3480]     buffer_instance.cc:416      1| BufferInstance::PJRT_Buffer_ElementType
2026-02-10 20:35:36.300 (  17.443s) [        C75E3480]     buffer_instance.cc:424      1| BufferInstance::PJRT_Buffer_Dimensions
2026-02-10 20:35:36.300 (  17.443s) [        C75E3480]     buffer_instance.cc:447      1| BufferInstance::PJRT_Buffer_DynamicDimensionIndices
2026-02-10 20:35:36.300 (  17.443s) [        C75E3480]     buffer_instance.cc:424      1| BufferInstance::PJRT_Buffer_Dimensions
2026-02-10 20:35:36.300 (  17.443s) [        C75E3480]     buffer_instance.cc:416      1| BufferInstance::PJRT_Buffer_ElementType
2026-02-10 20:35:36.300 (  17.443s) [        C75E3480]     buffer_instance.cc:424      1| BufferInstance::PJRT_Buffer_Dimensions
2026-02-10 20:35:36.300 (  17.443s) [        C75E3480]     buffer_instance.cc:447      1| BufferInstance::PJRT_Buffer_DynamicDimensionIndices
2026-02-10 20:35:36.300 (  17.443s) [        C75E3480]     buffer_instance.cc:424      1| BufferInstance::PJRT_Buffer_Dimensions
2026-02-10 20:35:36.300 (  17.443s) [        C75E3480]     buffer_instance.cc:416      1| BufferInstance::PJRT_Buffer_ElementType
2026-02-10 20:35:36.300 (  17.443s) [        C75E3480]     buffer_instance.cc:408      1| BufferInstance::PJRT_Buffer_Destroy
2026-02-10 20:35:36.300 (  17.443s) [        C75E3480]     buffer_instance.cc:408      1| BufferInstance::PJRT_Buffer_Destroy
2026-02-10 20:35:36.300 (  17.443s) [        C75E3480]     buffer_instance.cc:408      1| BufferInstance::PJRT_Buffer_Destroy
2026-02-10 20:35:36.300 (  17.443s) [        C75E3480]     buffer_instance.cc:408      1| BufferInstance::PJRT_Buffer_Destroy
2026-02-10 20:35:36.300 (  17.443s) [        C75E3480]     buffer_instance.cc:408      1| BufferInstance::PJRT_Buffer_Destroy
2026-02-10 20:35:36.300 (  17.443s) [        C75E3480]     buffer_instance.cc:408      1| BufferInstance::PJRT_Buffer_Destroy
2026-02-10 20:35:36.300 (  17.443s) [        C75E3480]     buffer_instance.cc:408      1| BufferInstance::PJRT_Buffer_Destroy
2026-02-10 20:35:36.300 (  17.443s) [        C75E3480] executable_instance.cc:60       1| ExecutableInstance::PJRT_Executable_Destroy
2026-02-10 20:35:36.300 (  17.443s) [        C75E3480]loaded_executable_insta:252      1| LoadedExecutableInstance::PJRT_LoadedExecutable_Destroy
2026-02-10 20:35:36.300 (  17.443s) [        C75E3480]loaded_executable_insta:46       1| Clearing program cache.
2026-02-10 20:35:36.300 (  17.444s) [        C75E3480]     buffer_instance.cc:435      1| BufferInstance::PJRT_Buffer_UnpaddedDimensions
2026-02-10 20:35:36.300 (  17.444s) [        C75E3480]     buffer_instance.cc:416      1| BufferInstance::PJRT_Buffer_ElementType
2026-02-10 20:35:36.300 (  17.444s) [        C75E3480]     buffer_instance.cc:424      1| BufferInstance::PJRT_Buffer_Dimensions
2026-02-10 20:35:36.300 (  17.444s) [        C75E3480]     buffer_instance.cc:457      1| BufferInstance::PJRT_Buffer_ToHostBuffer
2026-02-10 20:35:36.300 (  17.444s) [        C75E3480]      event_instance.cc:223      1| EventInstance::PJRT_Event_OnReady
2026-02-10 20:35:36.300 (  17.444s) [        C75E3480]     buffer_instance.cc:408      1| BufferInstance::PJRT_Buffer_Destroy
2026-02-10 20:35:36.374 (  17.517s) [        BF555640]              tensor.cc:120      1| Deleted tensor shard. Skipping PjrtTensor creation.
2026-02-10 20:35:36.374 (  17.517s) [        BF555640]              tensor.cc:120      1| Deleted tensor shard. Skipping PjrtTensor creation.
2026-02-10 20:35:36.374 (  17.517s) [        BF555640]              tensor.cc:120      1| Deleted tensor shard. Skipping PjrtTensor creation.
2026-02-10 20:35:36.374 (  17.517s) [        BF555640]              tensor.cc:120      1| Deleted tensor shard. Skipping PjrtTensor creation.
2026-02-10 20:35:36.374 (  17.517s) [        BF555640]              tensor.cc:120      1| Deleted tensor shard. Skipping PjrtTensor creation.
2026-02-10 20:35:36.374 (  17.517s) [        BF555640]              tensor.cc:120      1| Deleted tensor shard. Skipping PjrtTensor creation.
2026-02-10 20:35:36.374 (  17.517s) [        BF555640]              tensor.cc:120      1| Deleted tensor shard. Skipping PjrtTensor creation.
2026-02-10 20:35:36.404 (  17.547s) [        BED54640]      event_instance.cc:172      1| EventInstance::PJRT_Event_Destroy
2026-02-10 20:35:36.447 (  17.590s) [        C75E3480]  device_description.cc:63       1| DeviceDescription::PJRT_DeviceDescription_Id
2026-02-10 20:35:36.451 (  17.594s) [        C75E3480]     client_instance.cc:655      1| ClientInstance::PJRT_Client_Compile
2026-02-10 20:35:36.451 (  17.595s) [        C75E3480]      module_builder.cc:223      1| ModuleBuilder::buildModule
2026-02-10 20:35:36.451 (  17.595s) [        C75E3480]      module_builder.cc:1121     1| MLIR Module vhlo:
#loc1 = loc("p0.1")
module @ReplicateShardedData.6 attributes {mhlo.cross_program_prefetches = [], mhlo.frontend_attributes = {xla.sdy.meshes = "{mesh = #sdy.mesh<[\22_axis_0\22=2, \22_axis_1\22=4]>}"}, mhlo.input_output_alias = [], mhlo.is_dynamic = false, mhlo.use_auto_spmd_partitioning = false} {
  vhlo.func_v1 @main(%arg0: !vhlo.tensor_v1<64x1x1024x64x!vhlo.bf16_v1> loc("p0.1")) -> (!vhlo.tensor_v1<64x1x1024x64x!vhlo.bf16_v1>) {
    %0 = "vhlo.custom_call_v1"(%arg0) <{api_version = #vhlo<api_version_v1 API_VERSION_ORIGINAL>, backend_config = #vhlo.string_v1<"">, call_target_name = #vhlo.string_v1<"xla.sdy.FuncResultSharding">, called_computations = #vhlo.array_v1<[]>, has_side_effect = #vhlo.bool_v1<true>, operand_layouts = #vhlo.array_v1<[]>, output_operand_aliases = #vhlo.array_v1<[]>, result_layouts = #vhlo.array_v1<[]>}> {mhlo.frontend_attributes = #vhlo.dict_v1<{#vhlo.string_v1<"xla.sdy.sharding"> = #vhlo.string_v1<"#sdy.sharding_per_value<[<@mesh, [{}, {}, {}, {}]>]>">}>} : (!vhlo.tensor_v1<64x1x1024x64x!vhlo.bf16_v1>) -> !vhlo.tensor_v1<64x1x1024x64x!vhlo.bf16_v1> loc(#loc1)
    "vhlo.return_v1"(%0) : (!vhlo.tensor_v1<64x1x1024x64x!vhlo.bf16_v1>) -> () loc(#loc)
  } {arg_attrs = #vhlo.array_v1<[#vhlo.dict_v1<{#vhlo.string_v1<"mhlo.frontend_attributes"> = #vhlo.dict_v1<{#vhlo.string_v1<"xla.sdy.sharding"> = #vhlo.string_v1<"#sdy.sharding<@mesh, [{\22_axis_1\22}, {}, {}, {}]>">}>, #vhlo.string_v1<"mhlo.sharding"> = #vhlo.string_v1<"{devices=[4,1,1,1,2]<=[2,4]T(1,0) last_tile_dim_replicate}">}>]>, res_attrs = #vhlo.array_v1<[#vhlo.dict_v1<{#vhlo.string_v1<"mhlo.sharding"> = #vhlo.string_v1<"{replicated}">}>]>, sym_visibility = #vhlo.string_v1<"">} loc(#loc)
} loc(#loc)
#loc = loc(unknown)
------------------ END OF MLIR MODULE ------------------
2026-02-10 20:35:36.452 (  17.596s) [        C75E3480]      module_builder.cc:1121     1| MLIR Module shlo:
#loc1 = loc("p0.1")
module @ReplicateShardedData.6 attributes {mhlo.cross_program_prefetches = [], mhlo.frontend_attributes = {xla.sdy.meshes = "{mesh = #sdy.mesh<[\22_axis_0\22=2, \22_axis_1\22=4]>}"}, mhlo.input_output_alias = [], mhlo.is_dynamic = false, mhlo.use_auto_spmd_partitioning = false} {
  func.func @main(%arg0: tensor<64x1x1024x64xbf16> {mhlo.frontend_attributes = {xla.sdy.sharding = "#sdy.sharding<@mesh, [{\22_axis_1\22}, {}, {}, {}]>"}, mhlo.sharding = "{devices=[4,1,1,1,2]<=[2,4]T(1,0) last_tile_dim_replicate}"} loc("p0.1")) -> (tensor<64x1x1024x64xbf16> {mhlo.sharding = "{replicated}"}) {
    %0 = stablehlo.custom_call @xla.sdy.FuncResultSharding(%arg0) {has_side_effect = true, mhlo.frontend_attributes = {xla.sdy.sharding = "#sdy.sharding_per_value<[<@mesh, [{}, {}, {}, {}]>]>"}} : (tensor<64x1x1024x64xbf16>) -> tensor<64x1x1024x64xbf16> loc(#loc1)
    return %0 : tensor<64x1x1024x64xbf16> loc(#loc)
  } loc(#loc)
} loc(#loc)
#loc = loc(unknown)
------------------ END OF MLIR MODULE ------------------
2026-02-10 20:35:36.452 (  17.596s) [        C75E3480]      module_builder.cc:1121     1| MLIR Module shlo_frontend:
#loc1 = loc("p0.1")
module @ReplicateShardedData.6 attributes {mhlo.cross_program_prefetches = [], mhlo.frontend_attributes = {xla.sdy.meshes = "{mesh = #sdy.mesh<[\22_axis_0\22=2, \22_axis_1\22=4]>}"}, mhlo.input_output_alias = [], mhlo.is_dynamic = false, mhlo.use_auto_spmd_partitioning = false} {
  func.func @main(%arg0: tensor<64x1x1024x64xbf16> {mhlo.frontend_attributes = {xla.sdy.sharding = "#sdy.sharding<@mesh, [{\22_axis_1\22}, {}, {}, {}]>"}, mhlo.sharding = "{devices=[4,1,1,1,2]<=[2,4]T(1,0) last_tile_dim_replicate}", ttcore.argument_type = #ttcore.argument_type<input>} loc("p0.1")) -> (tensor<64x1x1024x64xbf16> {mhlo.sharding = "{replicated}"}) {
    %0 = stablehlo.custom_call @xla.sdy.FuncResultSharding(%arg0) {has_side_effect = true, mhlo.frontend_attributes = {xla.sdy.sharding = "#sdy.sharding_per_value<[<@mesh, [{}, {}, {}, {}]>]>"}} : (tensor<64x1x1024x64xbf16>) -> tensor<64x1x1024x64xbf16> loc(#loc1)
    return %0 : tensor<64x1x1024x64xbf16> loc(#loc)
  } loc(#loc)
} loc(#loc)
#loc = loc(unknown)
------------------ END OF MLIR MODULE ------------------
2026-02-10 20:35:36.455 (  17.599s) [        C75E3480]      module_builder.cc:1121     1| MLIR Module shlo_compiler:
#loc1 = loc("p0.1")
module @ReplicateShardedData.6 attributes {mhlo.cross_program_prefetches = [], mhlo.input_output_alias = [], mhlo.is_dynamic = false, mhlo.use_auto_spmd_partitioning = false} {
  sdy.mesh @mesh = <["_axis_0"=2, "_axis_1"=4]> loc(#loc)
  func.func @main(%arg0: tensor<64x1x1024x64xbf16> {ttcore.argument_type = #ttcore.argument_type<input>, ttcore.runtime_tensor_sharding = #ttcore<runtime_tensor_sharding shard_status = <presharded>, local_shape = tensor<16x1x1024x64xbf16>>} loc("p0.1")) -> (tensor<64x1x1024x64xbf16> {ttcore.runtime_tensor_sharding = #ttcore<runtime_tensor_sharding shard_status = <unsharded>, local_shape = tensor<64x1x1024x64xbf16>>}) {
    %0 = sdy.manual_computation(%arg0) in_shardings=[<@mesh, [{"_axis_1"}, {}, {}, {}]>] out_shardings=[<@mesh, [{}, {}, {}, {}]>] manual_axes={"_axis_0", "_axis_1"} (%arg1: tensor<16x1x1024x64xbf16> loc("p0.1")) {
      %1 = "stablehlo.all_gather"(%arg1) <{all_gather_dim = 0 : i64, channel_handle = #stablehlo.channel_handle<handle = 1, type = 1>, replica_groups = dense<[[0, 1, 2, 3], [4, 5, 6, 7]]> : tensor<2x4xi64>}> : (tensor<16x1x1024x64xbf16>) -> tensor<64x1x1024x64xbf16> loc(#loc1)
      sdy.return %1 : tensor<64x1x1024x64xbf16> loc(#loc)
    } : (tensor<64x1x1024x64xbf16>) -> tensor<64x1x1024x64xbf16> loc(#loc)
    return %0 : tensor<64x1x1024x64xbf16> loc(#loc)
  } loc(#loc)
} loc(#loc)
#loc = loc(unknown)
------------------ END OF MLIR MODULE ------------------
2026-02-10 20:35:36.455 (  17.599s) [        C75E3480]      module_builder.cc:303      1| SHLO compiler pipeline run completed - is using shardy output shardings: 1
2026-02-10 20:35:36.456 (  17.599s) [        C75E3480]      module_builder.cc:1121     1| MLIR Module shlo_compiler_cleaned:
#loc = loc(unknown)
module @ReplicateShardedData.6 attributes {mhlo.cross_program_prefetches = [], mhlo.input_output_alias = [], mhlo.is_dynamic = false, mhlo.spmd_output_sharding = "{{replicated}}", mhlo.use_auto_spmd_partitioning = false} {
  func.func @main(%arg0: tensor<64x1x1024x64xbf16> loc(unknown)) -> tensor<64x1x1024x64xbf16> {
    %cst = stablehlo.constant dense<0.000000e+00> : tensor<64x1x1024x64xbf16> loc(#loc)
    return %cst : tensor<64x1x1024x64xbf16> loc(#loc)
  } loc(#loc)
} loc(#loc)
------------------ END OF MLIR MODULE ------------------
2026-02-10 20:35:36.457 (  17.601s) [        C75E3480]      module_builder.cc:1121     1| MLIR Module ttir:
#loc1 = loc("p0.1")
module @ReplicateShardedData.6 attributes {mhlo.cross_program_prefetches = [], mhlo.input_output_alias = [], mhlo.is_dynamic = false, mhlo.use_auto_spmd_partitioning = false, ttcore.meshes = #ttcore.meshes<[<"mesh" = 2x4>]>} {
  ttcore.device_module {
    builtin.module @ReplicateShardedData.6 attributes {mhlo.cross_program_prefetches = [], mhlo.input_output_alias = [], mhlo.is_dynamic = false, mhlo.use_auto_spmd_partitioning = false, ttcore.meshes = #ttcore.meshes<[<"mesh" = 2x4>]>} {
      func.func @main(%arg0: tensor<64x1x1024x64xbf16> {ttcore.argument_type = #ttcore.argument_type<input>, ttcore.runtime_tensor_sharding = #ttcore<runtime_tensor_sharding shard_status = <presharded>, local_shape = tensor<16x1x1024x64xbf16>>} loc("p0.1")) -> (tensor<64x1x1024x64xbf16> {ttcore.runtime_tensor_sharding = #ttcore<runtime_tensor_sharding shard_status = <unsharded>, local_shape = tensor<64x1x1024x64xbf16>>}) {
        %0 = "ttir.mesh_shard"(%arg0) <{shard_dims = array<i64: -1, 0>, shard_direction = #ttcore.shard_direction<full_to_shard>, shard_shape = array<i64: 4, 1, 1, 1>, shard_type = #ttcore.shard_type<identity>}> : (tensor<64x1x1024x64xbf16>) -> tensor<16x1x1024x64xbf16> loc(#loc)
        %1 = "ttir.all_gather"(%0) <{all_gather_dim = 0 : si32, cluster_axis = 1 : ui32}> : (tensor<16x1x1024x64xbf16>) -> tensor<64x1x1024x64xbf16> loc(#loc1)
        %2 = "ttir.mesh_shard"(%1) <{shard_dims = array<i64: -1>, shard_direction = #ttcore.shard_direction<shard_to_full>, shard_shape = array<i64: 1>, shard_type = #ttcore.shard_type<identity>}> : (tensor<64x1x1024x64xbf16>) -> tensor<64x1x1024x64xbf16> loc(#loc)
        return %2 : tensor<64x1x1024x64xbf16> loc(#loc)
      } loc(#loc)
    } loc(#loc)
  } loc(#loc)
} loc(#loc)
#loc = loc(unknown)
------------------ END OF MLIR MODULE ------------------
2026-02-10 20:35:36.457 (  17.601s) [        C75E3480]      module_builder.cc:862   WARN| `mhlo.num_partitions` attribute not found, assuming default number of partitions: 1
2026-02-10 20:35:36.457 (  17.601s) [        C75E3480]      module_builder.cc:876   WARN| `mhlo.num_replicas` attribute not found, assuming default number of replicas: 1
2026-02-10 20:35:36.457 (  17.601s) [        C75E3480]      module_builder.cc:886   WARN| Num replicas and num partitions are not set, inferring the number of devices from mesh shape
2026-02-10 20:35:36.466 (  17.609s) [        C75E3480]      module_builder.cc:1121     1| MLIR Module ttnn:
#dram = #ttnn.buffer_type<dram>
#loc1 = loc("p0.1")
#system_desc = #ttcore.system_desc<[{role = host, target_triple = "x86_64-pc-linux"}], [{arch = <wormhole_b0>, grid = 8x8, coord_translation_offsets = 18x18, l1_size = 1499136, num_dram_channels = 12, dram_channel_size = 1073741824, noc_l1_address_align_bytes = 16, pcie_address_align_bytes = 32, noc_dram_address_align_bytes = 32, l1_unreserved_base = 103712, erisc_l1_unreserved_base = 98304, dram_unreserved_base = 1920032, dram_unreserved_end = 1073136832, supported_data_types = [<f32>, <f16>, <bf16>, <bfp_f8>, <bfp_bf8>, <bfp_f4>, <bfp_bf4>, <bfp_f2>, <bfp_bf2>, <u32>, <u16>, <u8>, <si32>], supported_tile_sizes = [ 4x16,  16x16,  32x16,  4x32,  16x32,  32x32], dst_physical_size_tiles = 16, num_cbs = 64, num_compute_threads = 1, num_datamovement_threads = 2}, {arch = <wormhole_b0>, grid = 8x8, coord_translation_offsets = 18x18, l1_size = 1499136, num_dram_channels = 12, dram_channel_size = 1073741824, noc_l1_address_align_bytes = 16, pcie_address_align_bytes = 32, noc_dram_address_align_bytes = 32, l1_unreserved_base = 103712, erisc_l1_unreserved_base = 98304, dram_unreserved_base = 1920032, dram_unreserved_end = 1073136832, supported_data_types = [<f32>, <f16>, <bf16>, <bfp_f8>, <bfp_bf8>, <bfp_f4>, <bfp_bf4>, <bfp_f2>, <bfp_bf2>, <u32>, <u16>, <u8>, <si32>], supported_tile_sizes = [ 4x16,  16x16,  32x16,  4x32,  16x32,  32x32], dst_physical_size_tiles = 16, num_cbs = 64, num_compute_threads = 1, num_datamovement_threads = 2}, {arch = <wormhole_b0>, grid = 8x8, coord_translation_offsets = 18x18, l1_size = 1499136, num_dram_channels = 12, dram_channel_size = 1073741824, noc_l1_address_align_bytes = 16, pcie_address_align_bytes = 32, noc_dram_address_align_bytes = 32, l1_unreserved_base = 103712, erisc_l1_unreserved_base = 98304, dram_unreserved_base = 1920032, dram_unreserved_end = 1073136832, supported_data_types = [<f32>, <f16>, <bf16>, <bfp_f8>, <bfp_bf8>, <bfp_f4>, <bfp_bf4>, <bfp_f2>, <bfp_bf2>, <u32>, <u16>, <u8>, <si32>], supported_tile_sizes = [ 4x16,  16x16,  32x16,  4x32,  16x32,  32x32], dst_physical_size_tiles = 16, num_cbs = 64, num_compute_threads = 1, num_datamovement_threads = 2}, {arch = <wormhole_b0>, grid = 8x8, coord_translation_offsets = 18x18, l1_size = 1499136, num_dram_channels = 12, dram_channel_size = 1073741824, noc_l1_address_align_bytes = 16, pcie_address_align_bytes = 32, noc_dram_address_align_bytes = 32, l1_unreserved_base = 103712, erisc_l1_unreserved_base = 98304, dram_unreserved_base = 1920032, dram_unreserved_end = 1073136832, supported_data_types = [<f32>, <f16>, <bf16>, <bfp_f8>, <bfp_bf8>, <bfp_f4>, <bfp_bf4>, <bfp_f2>, <bfp_bf2>, <u32>, <u16>, <u8>, <si32>], supported_tile_sizes = [ 4x16,  16x16,  32x16,  4x32,  16x32,  32x32], dst_physical_size_tiles = 16, num_cbs = 64, num_compute_threads = 1, num_datamovement_threads = 2}, {arch = <wormhole_b0>, grid = 8x8, coord_translation_offsets = 18x18, l1_size = 1499136, num_dram_channels = 12, dram_channel_size = 1073741824, noc_l1_address_align_bytes = 16, pcie_address_align_bytes = 32, noc_dram_address_align_bytes = 32, l1_unreserved_base = 103712, erisc_l1_unreserved_base = 98304, dram_unreserved_base = 1920032, dram_unreserved_end = 1073154112, supported_data_types = [<f32>, <f16>, <bf16>, <bfp_f8>, <bfp_bf8>, <bfp_f4>, <bfp_bf4>, <bfp_f2>, <bfp_bf2>, <u32>, <u16>, <u8>, <si32>], supported_tile_sizes = [ 4x16,  16x16,  32x16,  4x32,  16x32,  32x32], dst_physical_size_tiles = 16, num_cbs = 64, num_compute_threads = 1, num_datamovement_threads = 2}, {arch = <wormhole_b0>, grid = 8x8, coord_translation_offsets = 18x18, l1_size = 1499136, num_dram_channels = 12, dram_channel_size = 1073741824, noc_l1_address_align_bytes = 16, pcie_address_align_bytes = 32, noc_dram_address_align_bytes = 32, l1_unreserved_base = 103712, erisc_l1_unreserved_base = 98304, dram_unreserved_base = 1920032, dram_unreserved_end = 1073154112, supported_data_types = [<f32>, <f16>, <bf16>, <bfp_f8>, <bfp_bf8>, <bfp_f4>, <bfp_bf4>, <bfp_f2>, <bfp_bf2>, <u32>, <u16>, <u8>, <si32>], supported_tile_sizes = [ 4x16,  16x16,  32x16,  4x32,  16x32,  32x32], dst_physical_size_tiles = 16, num_cbs = 64, num_compute_threads = 1, num_datamovement_threads = 2}, {arch = <wormhole_b0>, grid = 8x8, coord_translation_offsets = 18x18, l1_size = 1499136, num_dram_channels = 12, dram_channel_size = 1073741824, noc_l1_address_align_bytes = 16, pcie_address_align_bytes = 32, noc_dram_address_align_bytes = 32, l1_unreserved_base = 103712, erisc_l1_unreserved_base = 98304, dram_unreserved_base = 1920032, dram_unreserved_end = 1073154112, supported_data_types = [<f32>, <f16>, <bf16>, <bfp_f8>, <bfp_bf8>, <bfp_f4>, <bfp_bf4>, <bfp_f2>, <bfp_bf2>, <u32>, <u16>, <u8>, <si32>], supported_tile_sizes = [ 4x16,  16x16,  32x16,  4x32,  16x32,  32x32], dst_physical_size_tiles = 16, num_cbs = 64, num_compute_threads = 1, num_datamovement_threads = 2}, {arch = <wormhole_b0>, grid = 8x8, coord_translation_offsets = 18x18, l1_size = 1499136, num_dram_channels = 12, dram_channel_size = 1073741824, noc_l1_address_align_bytes = 16, pcie_address_align_bytes = 32, noc_dram_address_align_bytes = 32, l1_unreserved_base = 103712, erisc_l1_unreserved_base = 98304, dram_unreserved_base = 1920032, dram_unreserved_end = 1073154112, supported_data_types = [<f32>, <f16>, <bf16>, <bfp_f8>, <bfp_bf8>, <bfp_f4>, <bfp_bf4>, <bfp_f2>, <bfp_bf2>, <u32>, <u16>, <u8>, <si32>], supported_tile_sizes = [ 4x16,  16x16,  32x16,  4x32,  16x32,  32x32], dst_physical_size_tiles = 16, num_cbs = 64, num_compute_threads = 1, num_datamovement_threads = 2}], [0, 1, 2, 3, 4, 5, 6, 7], [1 : i32, 1 : i32, 1 : i32, 1 : i32, 0 : i32, 0 : i32, 0 : i32, 0 : i32], [ 0x0x0x0]>
#ttnn_layout = #ttnn.ttnn_layout<(d0, d1, d2, d3) -> (d0 * 1024 + d1 * 1024 + d2, d3), <1x1>, memref<2048x2x!ttcore.tile<32x32, bf16>, #dram>, <interleaved>>
#ttnn_layout1 = #ttnn.ttnn_layout<(d0, d1, d2, d3) -> (d0 * 1024 + d1 * 1024 + d2, d3), <1x1>, memref<512x2x!ttcore.tile<32x32, bf16>, #dram>, <interleaved>>
module @ReplicateShardedData.6 attributes {mhlo.cross_program_prefetches = [], mhlo.input_output_alias = [], mhlo.is_dynamic = false, mhlo.use_auto_spmd_partitioning = false, ttcore.meshes = #ttcore.meshes<[<"mesh" = 2x4>]>} {
  ttcore.device_module {
    builtin.module @ReplicateShardedData.6 attributes {mhlo.cross_program_prefetches = [], mhlo.input_output_alias = [], mhlo.is_dynamic = false, mhlo.use_auto_spmd_partitioning = false, ttcore.meshes = #ttcore.meshes<[<"mesh" = 2x4>]>, ttcore.system_desc = #system_desc} {
      ttcore.device @default_device = <workerGrid = #ttcore.grid<8x8, (d0, d1) -> (0, d0, d1)>, l1Map = (d0, d1, d2)[s0] -> (0, d0, d1, d2 + s0), dramMap = (d0, d1, d2)[s0, s1, s2, s3, s4, s5, s6] -> (0, 0, (((d0 * s1) * (s2 * (s3 * s6)) + d1 * (s2 * (s3 * s6)) + d2) floordiv s4) mod 12, ((((d0 * s1) * (s2 * (s3 * s6)) + d1 * (s2 * (s3 * s6)) + d2) floordiv s4) floordiv 12) * s4 + ((d0 * s1) * (s2 * (s3 * s6)) + d1 * (s2 * (s3 * s6)) + d2) mod s4 + s5), meshShape = 2x4, chipIds = [0, 1, 2, 3, 4, 5, 6, 7]> loc(#loc)
      func.func @main(%arg0: tensor<64x1x1024x64xbf16, #ttnn_layout> {ttcore.argument_type = #ttcore.argument_type<input>, ttcore.runtime_tensor_sharding = #ttcore<runtime_tensor_sharding shard_status = <presharded>, local_shape = tensor<16x1x1024x64xbf16>>} loc("p0.1")) -> (tensor<64x1x1024x64xbf16, #ttnn_layout> {ttcore.runtime_tensor_sharding = #ttcore<runtime_tensor_sharding shard_status = <unsharded>, local_shape = tensor<64x1x1024x64xbf16>>}) attributes {tt.function_type = "forward_device"} {
        %0 = "ttnn.get_device"() <{mesh_offset = #ttnn<mesh_offset 0x0>, mesh_shape = #ttnn<mesh_shape 2x4>}> : () -> !ttnn.device loc(#loc)
        %1 = "ttnn.mesh_shard"(%arg0, %0) <{shard_dims = array<i64: -1, 0>, shard_direction = #ttcore.shard_direction<full_to_shard>, shard_shape = array<i64: 4, 1, 1, 1>, shard_type = #ttcore.shard_type<identity>}> : (tensor<64x1x1024x64xbf16, #ttnn_layout>, !ttnn.device) -> tensor<16x1x1024x64xbf16, #ttnn_layout1> loc(#loc)
        "ttnn.deallocate"(%arg0) <{force = false}> : (tensor<64x1x1024x64xbf16, #ttnn_layout>) -> () loc(#loc)
        %2 = "ttnn.all_gather"(%1) <{all_gather_dim = 0 : si32, cluster_axis = 1 : ui32}> : (tensor<16x1x1024x64xbf16, #ttnn_layout1>) -> tensor<64x1x1024x64xbf16, #ttnn_layout> loc(#loc1)
        "ttnn.deallocate"(%1) <{force = false}> : (tensor<16x1x1024x64xbf16, #ttnn_layout1>) -> () loc(#loc1)
        return %2 : tensor<64x1x1024x64xbf16, #ttnn_layout> loc(#loc)
      } loc(#loc)
    } loc(#loc)
  } loc(#loc)
} loc(#loc)
#loc = loc(unknown)
------------------ END OF MLIR MODULE ------------------
2026-02-10 20:35:36.469 (  17.612s) [        C75E3480]loaded_executable_insta:262      1| LoadedExecutableInstance::PJRT_LoadedExecutable_GetExecutable
2026-02-10 20:35:36.469 (  17.612s) [        C75E3480]loaded_executable_insta:281      1| LoadedExecutableInstance::PJRT_LoadedExecutable_AddressableDevices
2026-02-10 20:35:36.469 (  17.613s) [        C75E3480]              stubs.inc:70    WARN| STUB: PJRT_Executable_GetCompiledMemoryStats
2026-02-10 20:35:36.469 (  17.613s) [        C75E3480]      error_instance.cc:52       1| ErrorInstance::PJRT_Error_Message
2026-02-10 20:35:36.469 (  17.613s) [        C75E3480]      error_instance.cc:61       1| ErrorInstance::PJRT_Error_GetCode
2026-02-10 20:35:36.469 (  17.613s) [        C75E3480]      error_instance.cc:46       1| ErrorInstance::PJRT_Error_Destroy
2026-02-10 20:35:36.469 (  17.613s) [        C75E3480] executable_instance.cc:108      1| ExecutableInstance::PJRT_Executable_OptimizedProgram
2026-02-10 20:35:36.469 (  17.613s) [        C75E3480] executable_instance.cc:108      1| ExecutableInstance::PJRT_Executable_OptimizedProgram
2026-02-10 20:35:36.472 (  17.615s) [        C75E3480] executable_instance.cc:108      1| ExecutableInstance::PJRT_Executable_OptimizedProgram
2026-02-10 20:35:36.472 (  17.615s) [        C75E3480] executable_instance.cc:108      1| ExecutableInstance::PJRT_Executable_OptimizedProgram
2026-02-10 20:35:36.474 (  17.617s) [        C75E3480]  device_description.cc:63       1| DeviceDescription::PJRT_DeviceDescription_Id
2026-02-10 20:35:36.474 (  17.617s) [        C75E3480]  device_description.cc:63       1| DeviceDescription::PJRT_DeviceDescription_Id
2026-02-10 20:35:36.474 (  17.617s) [        C75E3480]  device_description.cc:63       1| DeviceDescription::PJRT_DeviceDescription_Id
2026-02-10 20:35:36.474 (  17.617s) [        C75E3480]  device_description.cc:63       1| DeviceDescription::PJRT_DeviceDescription_Id
2026-02-10 20:35:36.474 (  17.617s) [        C75E3480]  device_description.cc:63       1| DeviceDescription::PJRT_DeviceDescription_Id
2026-02-10 20:35:36.474 (  17.617s) [        C75E3480]  device_description.cc:63       1| DeviceDescription::PJRT_DeviceDescription_Id
2026-02-10 20:35:36.474 (  17.617s) [        C75E3480]  device_description.cc:63       1| DeviceDescription::PJRT_DeviceDescription_Id
2026-02-10 20:35:36.474 (  17.617s) [        C75E3480]  device_description.cc:63       1| DeviceDescription::PJRT_DeviceDescription_Id
2026-02-10 20:35:36.474 (  17.617s) [        C75E3480]     buffer_instance.cc:549      1| BufferInstance::PJRT_Buffer_Device
2026-02-10 20:35:36.474 (  17.617s) [        C75E3480]     device_instance.cc:53       1| DeviceInstance::PJRT_Device_IsAddressable
2026-02-10 20:35:36.474 (  17.617s) [        C75E3480]     buffer_instance.cc:549      1| BufferInstance::PJRT_Buffer_Device
2026-02-10 20:35:36.474 (  17.617s) [        C75E3480]     device_instance.cc:53       1| DeviceInstance::PJRT_Device_IsAddressable
2026-02-10 20:35:36.474 (  17.617s) [        C75E3480]     buffer_instance.cc:549      1| BufferInstance::PJRT_Buffer_Device
2026-02-10 20:35:36.474 (  17.617s) [        C75E3480]     device_instance.cc:53       1| DeviceInstance::PJRT_Device_IsAddressable
2026-02-10 20:35:36.474 (  17.617s) [        C75E3480]     buffer_instance.cc:549      1| BufferInstance::PJRT_Buffer_Device
2026-02-10 20:35:36.474 (  17.617s) [        C75E3480]     device_instance.cc:53       1| DeviceInstance::PJRT_Device_IsAddressable
2026-02-10 20:35:36.474 (  17.617s) [        C75E3480]     buffer_instance.cc:549      1| BufferInstance::PJRT_Buffer_Device
2026-02-10 20:35:36.474 (  17.617s) [        C75E3480]     device_instance.cc:53       1| DeviceInstance::PJRT_Device_IsAddressable
2026-02-10 20:35:36.474 (  17.617s) [        C75E3480]     buffer_instance.cc:549      1| BufferInstance::PJRT_Buffer_Device
2026-02-10 20:35:36.474 (  17.617s) [        C75E3480]     device_instance.cc:53       1| DeviceInstance::PJRT_Device_IsAddressable
2026-02-10 20:35:36.474 (  17.617s) [        C75E3480]     buffer_instance.cc:549      1| BufferInstance::PJRT_Buffer_Device
2026-02-10 20:35:36.474 (  17.617s) [        C75E3480]     device_instance.cc:53       1| DeviceInstance::PJRT_Device_IsAddressable
2026-02-10 20:35:36.474 (  17.617s) [        C75E3480]     buffer_instance.cc:549      1| BufferInstance::PJRT_Buffer_Device
2026-02-10 20:35:36.474 (  17.617s) [        C75E3480]     device_instance.cc:53       1| DeviceInstance::PJRT_Device_IsAddressable
2026-02-10 20:35:36.474 (  17.617s) [        C75E3480] executable_instance.cc:145      1| ExecutableInstance::PJRT_Executable_NumOutputs
2026-02-10 20:35:36.474 (  17.617s) [        C75E3480]loaded_executable_insta:317      1| LoadedExecutableInstance::PJRT_LoadedExecutable_Execute
2026-02-10 20:35:36.474 (  17.617s) [        C75E3480]flatbuffer_loaded_execu:188      1| FlatbufferLoadedExecutableInstance::Execute
2026-02-10 20:35:36.474 (  17.617s) [        C75E3480]     client_instance.cc:384      1| ClientInstance::getOrCreateMeshDevice - reusing already opened mesh device [2, 4]
2026-02-10 20:35:36.474 (  17.617s) [        C75E3480]loaded_executable_insta:182      1| getInputRuntimeTensors: Device 0 Arg 0 BufferInstance UID=7f89e7c9dc70 shape=[16, 1, 1024, 64]
2026-02-10 20:35:36.474 (  17.617s) [        C75E3480]loaded_executable_insta:182      1| getInputRuntimeTensors: Device 1 Arg 0 BufferInstance UID=7f89e7c75560 shape=[16, 1, 1024, 64]
2026-02-10 20:35:36.474 (  17.617s) [        C75E3480]loaded_executable_insta:182      1| getInputRuntimeTensors: Device 2 Arg 0 BufferInstance UID=7f89e7c75660 shape=[16, 1, 1024, 64]
2026-02-10 20:35:36.474 (  17.617s) [        C75E3480]loaded_executable_insta:182      1| getInputRuntimeTensors: Device 3 Arg 0 BufferInstance UID=7f89e7c75760 shape=[16, 1, 1024, 64]
2026-02-10 20:35:36.474 (  17.617s) [        C75E3480]loaded_executable_insta:182      1| getInputRuntimeTensors: Device 4 Arg 0 BufferInstance UID=7f89e7c75860 shape=[16, 1, 1024, 64]
2026-02-10 20:35:36.474 (  17.617s) [        C75E3480]loaded_executable_insta:182      1| getInputRuntimeTensors: Device 5 Arg 0 BufferInstance UID=7f89e7c75df0 shape=[16, 1, 1024, 64]
2026-02-10 20:35:36.474 (  17.617s) [        C75E3480]loaded_executable_insta:182      1| getInputRuntimeTensors: Device 6 Arg 0 BufferInstance UID=7f89e7c75ef0 shape=[16, 1, 1024, 64]
2026-02-10 20:35:36.474 (  17.617s) [        C75E3480]loaded_executable_insta:182      1| getInputRuntimeTensors: Device 7 Arg 0 BufferInstance UID=7f89e7c75ff0 shape=[16, 1, 1024, 64]
2026-02-10 20:35:36.498 (  17.641s) [        C75E3480]flatbuffer_loaded_execu:119      1| Filled output at output_index 0 device_index 0 with shape [64, 1, 1024, 64] and UID 168
2026-02-10 20:35:36.498 (  17.641s) [        C75E3480]flatbuffer_loaded_execu:119      1| Filled output at output_index 0 device_index 1 with shape [64, 1, 1024, 64] and UID 169
2026-02-10 20:35:36.498 (  17.641s) [        C75E3480]flatbuffer_loaded_execu:119      1| Filled output at output_index 0 device_index 2 with shape [64, 1, 1024, 64] and UID 170
2026-02-10 20:35:36.498 (  17.641s) [        C75E3480]flatbuffer_loaded_execu:119      1| Filled output at output_index 0 device_index 3 with shape [64, 1, 1024, 64] and UID 171
2026-02-10 20:35:36.498 (  17.641s) [        C75E3480]flatbuffer_loaded_execu:119      1| Filled output at output_index 0 device_index 4 with shape [64, 1, 1024, 64] and UID 172
2026-02-10 20:35:36.498 (  17.641s) [        C75E3480]flatbuffer_loaded_execu:119      1| Filled output at output_index 0 device_index 5 with shape [64, 1, 1024, 64] and UID 173
2026-02-10 20:35:36.498 (  17.641s) [        C75E3480]flatbuffer_loaded_execu:119      1| Filled output at output_index 0 device_index 6 with shape [64, 1, 1024, 64] and UID 174
2026-02-10 20:35:36.498 (  17.641s) [        C75E3480]flatbuffer_loaded_execu:119      1| Filled output at output_index 0 device_index 7 with shape [64, 1, 1024, 64] and UID 175
2026-02-10 20:35:36.498 (  17.642s) [        C75E3480]      event_instance.cc:223      1| EventInstance::PJRT_Event_OnReady
2026-02-10 20:35:36.498 (  17.642s) [        C75E3480]      event_instance.cc:172      1| EventInstance::PJRT_Event_Destroy
2026-02-10 20:35:36.498 (  17.642s) [        C75E3480]      event_instance.cc:223      1| EventInstance::PJRT_Event_OnReady
2026-02-10 20:35:36.498 (  17.642s) [        C75E3480]      event_instance.cc:172      1| EventInstance::PJRT_Event_Destroy
2026-02-10 20:35:36.498 (  17.642s) [        C75E3480]      event_instance.cc:223      1| EventInstance::PJRT_Event_OnReady
2026-02-10 20:35:36.498 (  17.642s) [        C75E3480]      event_instance.cc:172      1| EventInstance::PJRT_Event_Destroy
2026-02-10 20:35:36.498 (  17.642s) [        C75E3480]      event_instance.cc:223      1| EventInstance::PJRT_Event_OnReady
2026-02-10 20:35:36.498 (  17.642s) [        C75E3480]      event_instance.cc:172      1| EventInstance::PJRT_Event_Destroy
2026-02-10 20:35:36.498 (  17.642s) [        C75E3480]      event_instance.cc:223      1| EventInstance::PJRT_Event_OnReady
2026-02-10 20:35:36.498 (  17.642s) [        C75E3480]      event_instance.cc:172      1| EventInstance::PJRT_Event_Destroy
2026-02-10 20:35:36.498 (  17.642s) [        C75E3480]      event_instance.cc:223      1| EventInstance::PJRT_Event_OnReady
2026-02-10 20:35:36.498 (  17.642s) [        C75E3480]      event_instance.cc:172      1| EventInstance::PJRT_Event_Destroy
2026-02-10 20:35:36.498 (  17.642s) [        C75E3480]      event_instance.cc:223      1| EventInstance::PJRT_Event_OnReady
2026-02-10 20:35:36.498 (  17.642s) [        C75E3480]      event_instance.cc:172      1| EventInstance::PJRT_Event_Destroy
2026-02-10 20:35:36.498 (  17.642s) [        C75E3480]      event_instance.cc:223      1| EventInstance::PJRT_Event_OnReady
2026-02-10 20:35:36.498 (  17.642s) [        C75E3480]      event_instance.cc:172      1| EventInstance::PJRT_Event_Destroy
2026-02-10 20:35:36.498 (  17.642s) [        C75E3480]     buffer_instance.cc:424      1| BufferInstance::PJRT_Buffer_Dimensions
2026-02-10 20:35:36.498 (  17.642s) [        C75E3480]     buffer_instance.cc:447      1| BufferInstance::PJRT_Buffer_DynamicDimensionIndices
2026-02-10 20:35:36.498 (  17.642s) [        C75E3480]     buffer_instance.cc:424      1| BufferInstance::PJRT_Buffer_Dimensions
2026-02-10 20:35:36.498 (  17.642s) [        C75E3480]     buffer_instance.cc:416      1| BufferInstance::PJRT_Buffer_ElementType
2026-02-10 20:35:36.498 (  17.642s) [        C75E3480]     buffer_instance.cc:424      1| BufferInstance::PJRT_Buffer_Dimensions
2026-02-10 20:35:36.498 (  17.642s) [        C75E3480]     buffer_instance.cc:447      1| BufferInstance::PJRT_Buffer_DynamicDimensionIndices
2026-02-10 20:35:36.498 (  17.642s) [        C75E3480]     buffer_instance.cc:424      1| BufferInstance::PJRT_Buffer_Dimensions
2026-02-10 20:35:36.498 (  17.642s) [        C75E3480]     buffer_instance.cc:416      1| BufferInstance::PJRT_Buffer_ElementType
2026-02-10 20:35:36.498 (  17.642s) [        C75E3480]     buffer_instance.cc:424      1| BufferInstance::PJRT_Buffer_Dimensions
2026-02-10 20:35:36.498 (  17.642s) [        C75E3480]     buffer_instance.cc:447      1| BufferInstance::PJRT_Buffer_DynamicDimensionIndices
2026-02-10 20:35:36.498 (  17.642s) [        C75E3480]     buffer_instance.cc:424      1| BufferInstance::PJRT_Buffer_Dimensions
2026-02-10 20:35:36.498 (  17.642s) [        C75E3480]     buffer_instance.cc:416      1| BufferInstance::PJRT_Buffer_ElementType
2026-02-10 20:35:36.498 (  17.642s) [        C75E3480]     buffer_instance.cc:424      1| BufferInstance::PJRT_Buffer_Dimensions
2026-02-10 20:35:36.498 (  17.642s) [        C75E3480]     buffer_instance.cc:447      1| BufferInstance::PJRT_Buffer_DynamicDimensionIndices
2026-02-10 20:35:36.498 (  17.642s) [        C75E3480]     buffer_instance.cc:424      1| BufferInstance::PJRT_Buffer_Dimensions
2026-02-10 20:35:36.498 (  17.642s) [        C75E3480]     buffer_instance.cc:416      1| BufferInstance::PJRT_Buffer_ElementType
2026-02-10 20:35:36.498 (  17.642s) [        C75E3480]     buffer_instance.cc:424      1| BufferInstance::PJRT_Buffer_Dimensions
2026-02-10 20:35:36.498 (  17.642s) [        C75E3480]     buffer_instance.cc:447      1| BufferInstance::PJRT_Buffer_DynamicDimensionIndices
2026-02-10 20:35:36.498 (  17.642s) [        C75E3480]     buffer_instance.cc:424      1| BufferInstance::PJRT_Buffer_Dimensions
2026-02-10 20:35:36.498 (  17.642s) [        C75E3480]     buffer_instance.cc:416      1| BufferInstance::PJRT_Buffer_ElementType
2026-02-10 20:35:36.498 (  17.642s) [        C75E3480]     buffer_instance.cc:424      1| BufferInstance::PJRT_Buffer_Dimensions
2026-02-10 20:35:36.498 (  17.642s) [        C75E3480]     buffer_instance.cc:447      1| BufferInstance::PJRT_Buffer_DynamicDimensionIndices
2026-02-10 20:35:36.498 (  17.642s) [        C75E3480]     buffer_instance.cc:424      1| BufferInstance::PJRT_Buffer_Dimensions
2026-02-10 20:35:36.498 (  17.642s) [        C75E3480]     buffer_instance.cc:416      1| BufferInstance::PJRT_Buffer_ElementType
2026-02-10 20:35:36.498 (  17.642s) [        C75E3480]     buffer_instance.cc:424      1| BufferInstance::PJRT_Buffer_Dimensions
2026-02-10 20:35:36.498 (  17.642s) [        C75E3480]     buffer_instance.cc:447      1| BufferInstance::PJRT_Buffer_DynamicDimensionIndices
2026-02-10 20:35:36.498 (  17.642s) [        C75E3480]     buffer_instance.cc:424      1| BufferInstance::PJRT_Buffer_Dimensions
2026-02-10 20:35:36.498 (  17.642s) [        C75E3480]     buffer_instance.cc:416      1| BufferInstance::PJRT_Buffer_ElementType
2026-02-10 20:35:36.498 (  17.642s) [        C75E3480]     buffer_instance.cc:424      1| BufferInstance::PJRT_Buffer_Dimensions
2026-02-10 20:35:36.498 (  17.642s) [        C75E3480]     buffer_instance.cc:447      1| BufferInstance::PJRT_Buffer_DynamicDimensionIndices
2026-02-10 20:35:36.498 (  17.642s) [        C75E3480]     buffer_instance.cc:424      1| BufferInstance::PJRT_Buffer_Dimensions
2026-02-10 20:35:36.498 (  17.642s) [        C75E3480]     buffer_instance.cc:416      1| BufferInstance::PJRT_Buffer_ElementType
2026-02-10 20:35:36.498 (  17.642s) [        C75E3480]     buffer_instance.cc:408      1| BufferInstance::PJRT_Buffer_Destroy
2026-02-10 20:35:36.498 (  17.642s) [        C75E3480]     buffer_instance.cc:408      1| BufferInstance::PJRT_Buffer_Destroy
2026-02-10 20:35:36.498 (  17.642s) [        C75E3480]     buffer_instance.cc:408      1| BufferInstance::PJRT_Buffer_Destroy
2026-02-10 20:35:36.498 (  17.642s) [        C75E3480]     buffer_instance.cc:408      1| BufferInstance::PJRT_Buffer_Destroy
2026-02-10 20:35:36.498 (  17.642s) [        C75E3480]     buffer_instance.cc:408      1| BufferInstance::PJRT_Buffer_Destroy
2026-02-10 20:35:36.498 (  17.642s) [        C75E3480]     buffer_instance.cc:408      1| BufferInstance::PJRT_Buffer_Destroy
2026-02-10 20:35:36.498 (  17.642s) [        C75E3480]     buffer_instance.cc:408      1| BufferInstance::PJRT_Buffer_Destroy
2026-02-10 20:35:36.498 (  17.642s) [        C75E3480] executable_instance.cc:60       1| ExecutableInstance::PJRT_Executable_Destroy
2026-02-10 20:35:36.498 (  17.642s) [        C75E3480]loaded_executable_insta:252      1| LoadedExecutableInstance::PJRT_LoadedExecutable_Destroy
2026-02-10 20:35:36.498 (  17.642s) [        C75E3480]loaded_executable_insta:46       1| Clearing program cache.
2026-02-10 20:35:36.499 (  17.642s) [        C75E3480]     buffer_instance.cc:435      1| BufferInstance::PJRT_Buffer_UnpaddedDimensions
2026-02-10 20:35:36.499 (  17.642s) [        C75E3480]     buffer_instance.cc:416      1| BufferInstance::PJRT_Buffer_ElementType
2026-02-10 20:35:36.499 (  17.642s) [        C75E3480]     buffer_instance.cc:424      1| BufferInstance::PJRT_Buffer_Dimensions
2026-02-10 20:35:36.499 (  17.643s) [        C75E3480]     buffer_instance.cc:457      1| BufferInstance::PJRT_Buffer_ToHostBuffer
2026-02-10 20:35:36.499 (  17.643s) [        C75E3480]      event_instance.cc:223      1| EventInstance::PJRT_Event_OnReady
2026-02-10 20:35:36.499 (  17.643s) [        C75E3480]     buffer_instance.cc:408      1| BufferInstance::PJRT_Buffer_Destroy
2026-02-10 20:35:36.513 (  17.656s) [        BF555640]              tensor.cc:120      1| Deleted tensor shard. Skipping PjrtTensor creation.
2026-02-10 20:35:36.513 (  17.656s) [        BF555640]              tensor.cc:120      1| Deleted tensor shard. Skipping PjrtTensor creation.
2026-02-10 20:35:36.513 (  17.656s) [        BF555640]              tensor.cc:120      1| Deleted tensor shard. Skipping PjrtTensor creation.
2026-02-10 20:35:36.513 (  17.656s) [        BF555640]              tensor.cc:120      1| Deleted tensor shard. Skipping PjrtTensor creation.
2026-02-10 20:35:36.513 (  17.656s) [        BF555640]              tensor.cc:120      1| Deleted tensor shard. Skipping PjrtTensor creation.
2026-02-10 20:35:36.513 (  17.656s) [        BF555640]              tensor.cc:120      1| Deleted tensor shard. Skipping PjrtTensor creation.
2026-02-10 20:35:36.513 (  17.656s) [        BF555640]              tensor.cc:120      1| Deleted tensor shard. Skipping PjrtTensor creation.
2026-02-10 20:35:36.513 (  17.657s) [        BED54640]      event_instance.cc:172      1| EventInstance::PJRT_Event_Destroy
[james] early init'd static cache
In early initialization, compressed_kv: torch.Size([64, 1, 1024, 512]) with id 0x7f8ec43d3ef0
In early initialization, k_pe: torch.Size([64, 1, 1024, 64]) with id 0x7f8ec43d3f50

[CACHE INSTRUMENTATION] Static cache structure:
  Number of layers: 1
  Layer 0:
    compressed_kv: torch.Size([64, 1, 1024, 512]), dtype=torch.bfloat16
    k_pe: torch.Size([64, 1, 1024, 64]), dtype=torch.bfloat16
    keys (alias): torch.Size([64, 1, 1024, 512]), dtype=torch.bfloat16
    values (alias): torch.Size([64, 1, 1024, 64]), dtype=torch.bfloat16

[DEVICE MOVEMENT] Moving args to device: cpu
  Tensor: id(cpu)=0x7f8ec43d3cb0, id(device)=0x7f8ec43d3cb0, shape=torch.Size([64, 1, 7168]), dtype=torch.bfloat16
  Tensor: id(cpu)=0x7f8ec43d3bf0, id(device)=0x7f8ec43d3bf0, shape=torch.Size([64, 1, 1, 1024]), dtype=torch.bfloat16
  Tensor: id(cpu)=0x7f8ec43d3d10, id(device)=0x7f8ec43d3d10, shape=torch.Size([1, 1]), dtype=torch.int64
  Object: id(cpu)=0x7f8ec42b9a50, id(device)=0x7f8ec42b9a50, type=MLACache
  Object: id(cpu)=0x92d720, id(device)=0x92d720, type=bool
  Object: id(cpu)=0x93f680, id(device)=0x93f680, type=bool
  Tensor: id(cpu)=0x7f8ec43d3d70, id(device)=0x7f8ec43d3d70, shape=torch.Size([1]), dtype=torch.int64
[DEVICE MOVEMENT] Completed


[DEVICE MOVEMENT] Moving args to device: xla:0
  Tensor: id(cpu)=0x7f8ec43d3cb0, id(device)=0x7f8ec43d3b30, shape=torch.Size([64, 1, 7168]), dtype=torch.bfloat16
  Tensor: id(cpu)=0x7f8ec43d3bf0, id(device)=0x7f8b68323530, shape=torch.Size([64, 1, 1, 1024]), dtype=torch.bfloat16
  Tensor: id(cpu)=0x7f8ec43d3d10, id(device)=0x7f8b68322c30, shape=torch.Size([1, 1]), dtype=torch.int64
  Object: id(cpu)=0x7f8ec42b9a50, id(device)=0x7f8ec42b9a50, type=MLACache
  Object: id(cpu)=0x92d720, id(device)=0x92d720, type=bool
  Object: id(cpu)=0x93f680, id(device)=0x93f680, type=bool
  Tensor: id(cpu)=0x7f8ec43d3d70, id(device)=0x7f8b683e6f30, shape=torch.Size([1]), dtype=torch.int64
[DEVICE MOVEMENT] Completed


[SHARD SPEC FN] get_shard_spec called for test_kimi_k2_attention_decode
  Number of args: 7
  args[0]: shape=torch.Size([64, 1, 7168]), dtype=torch.bfloat16, device=xla:0
  args[1]: shape=torch.Size([64, 1, 1, 1024]), dtype=torch.bfloat16, device=xla:0
  args[2]: shape=torch.Size([1, 1]), dtype=torch.int64, device=xla:0
  args[3]: MLACache with 1 layers
    Layer 0:
      compressed_kv: shape=torch.Size([64, 1, 1024, 512]), device=xla:0, id=0x7f8b683e5b50
      k_pe: shape=torch.Size([64, 1, 1024, 64]), device=xla:0, id=0x7f8b683e6db0
      keys (alias): id=0x7f8b683e5b50, same_as_compressed_kv=True
      values (alias): id=0x7f8b683e6db0, same_as_k_pe=True
  args[4]: bool = False
  args[5]: bool = True
  args[6]: shape=torch.Size([1]), dtype=torch.int64, device=xla:0

[SHARD SPEC FN] Cache tensor details via __getitem__:
  args[3][0][0] (compressed_kv): id=0x7f8b683e5b50, shape=torch.Size([64, 1, 1024, 512]), dtype=torch.bfloat16, device=xla:0
  args[3][0][1] (k_pe): id=0x7f8b683e6db0, shape=torch.Size([64, 1, 1024, 64]), dtype=torch.bfloat16, device=xla:0

[SHARD SPEC FN] Returning 9 shard specs:
  Tensor shape=torch.Size([64, 1, 7168]), dtype=torch.bfloat16 -> spec=('_axis_1', None, '_axis_0')
  Tensor shape=torch.Size([64, 1, 1, 1024]), dtype=torch.bfloat16 -> spec=('_axis_1', None, None, None)
  Tensor shape=torch.Size([64, 1, 1024, 512]), dtype=torch.bfloat16 -> spec=('_axis_1', None, None, None)
  Tensor shape=torch.Size([64, 1, 1024, 64]), dtype=torch.bfloat16 -> spec=('_axis_1', None, None, None)
  Tensor shape=torch.Size([12288, 1536]), dtype=torch.bfloat16 -> spec=('_axis_0', None)
  Tensor shape=torch.Size([16384, 512]), dtype=torch.bfloat16 -> spec=('_axis_0', None)
  Tensor shape=torch.Size([7168, 8192]), dtype=torch.bfloat16 -> spec=(None, '_axis_0')
  Tensor shape=torch.Size([1536, 7168]), dtype=torch.bfloat16 -> spec=(None, '_axis_0')
  Tensor shape=torch.Size([576, 7168]), dtype=torch.bfloat16 -> spec=(None, '_axis_0')
layer.keys is layer.compressed_kv: True
layer.values is layer.k_pe: True
id(layer.keys): 0x7f8b683e5b50
id(layer.compressed_kv): 0x7f8b683e5b50

================================================================================
[SHARD SPEC INSTRUMENTATION] Applying shard specs to 9 tensors
Mesh: {'device_ids': [0, 1, 2, 3, 4, 5, 6, 7], 'mesh_shape': (2, 4), 'axis_names': ('_axis_0', '_axis_1')}
================================================================================

[1] BEFORE mark_sharding:
    Tensor: unknown
    Object ID: 0x7f8ec43d3b30
    Shape: torch.Size([64, 1, 7168])
    Dtype: torch.bfloat16
    Device: xla:0
    Shard Spec (to apply): ('_axis_1', None, '_axis_0')
    Calling xs.mark_sharding with device=xla:0
    AFTER mark_sharding:
    XLA Sharding Spec: {devices=[4,1,2]<=[2,4]T(1,0)}

[2] BEFORE mark_sharding:
    Tensor: unknown
    Object ID: 0x7f8b68323530
    Shape: torch.Size([64, 1, 1, 1024])
    Dtype: torch.bfloat16
    Device: xla:0
    Shard Spec (to apply): ('_axis_1', None, None, None)
    Calling xs.mark_sharding with device=xla:0
    AFTER mark_sharding:
    XLA Sharding Spec: {devices=[4,1,1,1,2]<=[2,4]T(1,0) last_tile_dim_replicate}

[3] BEFORE mark_sharding:
    Tensor: unknown
    Object ID: 0x7f8b683e5b50
    Shape: torch.Size([64, 1, 1024, 512])
    Dtype: torch.bfloat16
    Device: xla:0
    Shard Spec (to apply): ('_axis_1', None, None, None)
    Calling xs.mark_sharding with device=xla:0
    AFTER mark_sharding:
    XLA Sharding Spec: {devices=[4,1,1,1,2]<=[2,4]T(1,0) last_tile_dim_replicate}

[4] BEFORE mark_sharding:
    Tensor: unknown
    Object ID: 0x7f8b683e6db0
    Shape: torch.Size([64, 1, 1024, 64])
    Dtype: torch.bfloat16
    Device: xla:0
    Shard Spec (to apply): ('_axis_1', None, None, None)
    Calling xs.mark_sharding with device=xla:0
    AFTER mark_sharding:
    XLA Sharding Spec: {devices=[4,1,1,1,2]<=[2,4]T(1,0) last_tile_dim_replicate}

[5] BEFORE mark_sharding:
    Tensor: model.q_b_proj.weight
    Object ID: 0x7f8b683e6e70
    Shape: torch.Size([12288, 1536])
    Dtype: torch.bfloat16
    Device: xla:0
    Shard Spec (to apply): ('_axis_0', None)
    Calling xs.mark_sharding with device=xla:0
    AFTER mark_sharding:
    XLA Sharding Spec: {devices=[2,1,4]<=[8] last_tile_dim_replicate}

[6] BEFORE mark_sharding:
    Tensor: model.kv_b_proj.weight
    Object ID: 0x7f8b683e4890
    Shape: torch.Size([16384, 512])
    Dtype: torch.bfloat16
    Device: xla:0
    Shard Spec (to apply): ('_axis_0', None)
    Calling xs.mark_sharding with device=xla:0
    AFTER mark_sharding:
    XLA Sharding Spec: {devices=[2,1,4]<=[8] last_tile_dim_replicate}

[7] BEFORE mark_sharding:
    Tensor: model.o_proj.weight
    Object ID: 0x7f8b683e5df0
    Shape: torch.Size([7168, 8192])
    Dtype: torch.bfloat16
    Device: xla:0
    Shard Spec (to apply): (None, '_axis_0')
    Calling xs.mark_sharding with device=xla:0
    AFTER mark_sharding:
    XLA Sharding Spec: {devices=[1,2,4]<=[8] last_tile_dim_replicate}

[8] BEFORE mark_sharding:
    Tensor: model.q_a_proj.weight
    Object ID: 0x7f8b683e76b0
    Shape: torch.Size([1536, 7168])
    Dtype: torch.bfloat16
    Device: xla:0
    Shard Spec (to apply): (None, '_axis_0')
    Calling xs.mark_sharding with device=xla:0
    AFTER mark_sharding:
    XLA Sharding Spec: {devices=[1,2,4]<=[8] last_tile_dim_replicate}

[9] BEFORE mark_sharding:
    Tensor: model.kv_a_proj_with_mqa.weight
    Object ID: 0x7f8b683e7290
    Shape: torch.Size([576, 7168])
    Dtype: torch.bfloat16
    Device: xla:0
    Shard Spec (to apply): (None, '_axis_0')
    Calling xs.mark_sharding with device=xla:0
    AFTER mark_sharding:
    XLA Sharding Spec: {devices=[1,2,4]<=[8] last_tile_dim_replicate}
================================================================================


[DEVICE MOVEMENT] Moving args to device: cpu
  Tensor: id(cpu)=0x7f8ebc486810, id(device)=0x7f8ebc2a6270, shape=torch.Size([64, 1, 7168]), dtype=torch.bfloat16
  Object: id(cpu)=0x93f100, id(device)=0x93f100, type=NoneType
  Object: id(cpu)=0x7f8ec42b9a50, id(device)=0x7f8ec42b9a50, type=MLACache
  Tensor: id(cpu)=0x7f8b68322b70, id(device)=0x7f8b68322b70, shape=torch.Size([64, 1, 7168]), dtype=torch.bfloat16
  Object: id(cpu)=0x93f100, id(device)=0x93f100, type=NoneType
  Object: id(cpu)=0x7f8ec42b9a50, id(device)=0x7f8ec42b9a50, type=MLACache
[DEVICE MOVEMENT] Completed

[james] converting to legacy cache for MLA cache
[james] converting to legacy cache for MLA cache
2026-02-10 20:35:37.133 (  18.276s) [        C75E3480]     buffer_instance.cc:408      1| BufferInstance::PJRT_Buffer_Destroy
2026-02-10 20:35:37.133 (  18.277s) [        C75E3480]     buffer_instance.cc:408      1| BufferInstance::PJRT_Buffer_Destroy
2026-02-10 20:35:37.133 (  18.277s) [        C75E3480]     buffer_instance.cc:408      1| BufferInstance::PJRT_Buffer_Destroy
2026-02-10 20:35:37.133 (  18.277s) [        C75E3480]     buffer_instance.cc:408      1| BufferInstance::PJRT_Buffer_Destroy
2026-02-10 20:35:37.133 (  18.277s) [        C75E3480]     buffer_instance.cc:408      1| BufferInstance::PJRT_Buffer_Destroy
2026-02-10 20:35:37.133 (  18.277s) [        C75E3480]     buffer_instance.cc:408      1| BufferInstance::PJRT_Buffer_Destroy
2026-02-10 20:35:37.133 (  18.277s) [        C75E3480]     buffer_instance.cc:408      1| BufferInstance::PJRT_Buffer_Destroy
2026-02-10 20:35:37.133 (  18.277s) [        C75E3480]     buffer_instance.cc:408      1| BufferInstance::PJRT_Buffer_Destroy
2026-02-10 20:35:37.133 (  18.277s) [        C75E3480]     buffer_instance.cc:408      1| BufferInstance::PJRT_Buffer_Destroy
2026-02-10 20:35:37.134 (  18.277s) [        C75E3480]     buffer_instance.cc:408      1| BufferInstance::PJRT_Buffer_Destroy
2026-02-10 20:35:37.134 (  18.277s) [        C75E3480]     buffer_instance.cc:408      1| BufferInstance::PJRT_Buffer_Destroy
2026-02-10 20:35:37.134 (  18.277s) [        C75E3480]     buffer_instance.cc:408      1| BufferInstance::PJRT_Buffer_Destroy
2026-02-10 20:35:37.134 (  18.277s) [        C75E3480]     buffer_instance.cc:408      1| BufferInstance::PJRT_Buffer_Destroy
2026-02-10 20:35:37.134 (  18.277s) [        C75E3480]     buffer_instance.cc:408      1| BufferInstance::PJRT_Buffer_Destroy
2026-02-10 20:35:37.134 (  18.278s) [        C75E3480]     buffer_instance.cc:408      1| BufferInstance::PJRT_Buffer_Destroy
2026-02-10 20:35:37.134 (  18.278s) [        C75E3480]     buffer_instance.cc:408      1| BufferInstance::PJRT_Buffer_Destroy

[DEVICE MOVEMENT] Moving args to device: cpu
  Tensor: id(cpu)=0x7f8ec56c7a70, id(device)=0x7f8ec56c7a70, shape=torch.Size([64, 1, 7168]), dtype=torch.float64
  Object: id(cpu)=0x93f100, id(device)=0x93f100, type=NoneType
  Tensor: id(cpu)=0x7f8ec56c79b0, id(device)=0x7f8ec56c79b0, shape=torch.Size([64, 1, 1024, 512]), dtype=torch.float64
  Tensor: id(cpu)=0x7f8ec43d37d0, id(device)=0x7f8ec43d37d0, shape=torch.Size([64, 1, 1024, 64]), dtype=torch.float64
  Tensor: id(cpu)=0x7f8b502304d0, id(device)=0x7f8b502304d0, shape=torch.Size([64, 1, 7168]), dtype=torch.float64
  Object: id(cpu)=0x93f100, id(device)=0x93f100, type=NoneType
  Tensor: id(cpu)=0x7f8ebc485550, id(device)=0x7f8ebc485550, shape=torch.Size([64, 1, 1024, 512]), dtype=torch.float64
  Tensor: id(cpu)=0x7f8ebc4863f0, id(device)=0x7f8ebc4863f0, shape=torch.Size([64, 1, 1024, 64]), dtype=torch.float64
[DEVICE MOVEMENT] Completed


[DEVICE MOVEMENT] Moving args to device: cpu
  Tensor: id(cpu)=0x7f8ec56c7a70, id(device)=0x7f8ec56c7a70, shape=torch.Size([64, 1, 7168]), dtype=torch.float64
  Object: id(cpu)=0x93f100, id(device)=0x93f100, type=NoneType
  Tensor: id(cpu)=0x7f8ec56c79b0, id(device)=0x7f8ec56c79b0, shape=torch.Size([64, 1, 1024, 512]), dtype=torch.float64
  Tensor: id(cpu)=0x7f8ec43d37d0, id(device)=0x7f8ec43d37d0, shape=torch.Size([64, 1, 1024, 64]), dtype=torch.float64
  Tensor: id(cpu)=0x7f8b502304d0, id(device)=0x7f8b502304d0, shape=torch.Size([64, 1, 7168]), dtype=torch.float64
  Object: id(cpu)=0x93f100, id(device)=0x93f100, type=NoneType
  Tensor: id(cpu)=0x7f8ebc485550, id(device)=0x7f8ebc485550, shape=torch.Size([64, 1, 1024, 512]), dtype=torch.float64
  Tensor: id(cpu)=0x7f8ebc4863f0, id(device)=0x7f8ebc4863f0, shape=torch.Size([64, 1, 1024, 64]), dtype=torch.float64
  Object: id(cpu)=0x7f8ec458f910, id(device)=0x7f8ec458f910, type=AtolConfig
[DEVICE MOVEMENT] Completed


[DEVICE MOVEMENT] Moving args to device: cpu
  Object: id(cpu)=0x7f8ec42bab50, id(device)=0x7f8ec42bab50, type=TorchComparisonEvaluator
  Tensor: id(cpu)=0x7f8ec56c7a70, id(device)=0x7f8ec56c7a70, shape=torch.Size([64, 1, 7168]), dtype=torch.float64
  Object: id(cpu)=0x93f100, id(device)=0x93f100, type=NoneType
  Tensor: id(cpu)=0x7f8ec56c79b0, id(device)=0x7f8ec56c79b0, shape=torch.Size([64, 1, 1024, 512]), dtype=torch.float64
  Tensor: id(cpu)=0x7f8ec43d37d0, id(device)=0x7f8ec43d37d0, shape=torch.Size([64, 1, 1024, 64]), dtype=torch.float64
  Tensor: id(cpu)=0x7f8b502304d0, id(device)=0x7f8b502304d0, shape=torch.Size([64, 1, 7168]), dtype=torch.float64
  Object: id(cpu)=0x93f100, id(device)=0x93f100, type=NoneType
  Tensor: id(cpu)=0x7f8ebc485550, id(device)=0x7f8ebc485550, shape=torch.Size([64, 1, 1024, 512]), dtype=torch.float64
  Tensor: id(cpu)=0x7f8ebc4863f0, id(device)=0x7f8ebc4863f0, shape=torch.Size([64, 1, 1024, 64]), dtype=torch.float64
  Object: id(cpu)=0x7f8ec458f950, id(device)=0x7f8ec458f950, type=PccConfig
[DEVICE MOVEMENT] Completed


[DEVICE MOVEMENT] Moving args to device: cpu
  Tensor: id(cpu)=0x7f8ec56c7a70, id(device)=0x7f8ec56c7a70, shape=torch.Size([64, 1, 7168]), dtype=torch.float64
  Tensor: id(cpu)=0x7f8b502304d0, id(device)=0x7f8b502304d0, shape=torch.Size([64, 1, 7168]), dtype=torch.float64
  Object: id(cpu)=0x7f8ec458f990, id(device)=0x7f8ec458f990, type=AllcloseConfig
[DEVICE MOVEMENT] Completed


[DEVICE MOVEMENT] Moving args to device: cpu
  Tensor: id(cpu)=0x7f8ec56c79b0, id(device)=0x7f8ec56c79b0, shape=torch.Size([64, 1, 1024, 512]), dtype=torch.float64
  Tensor: id(cpu)=0x7f8ebc485550, id(device)=0x7f8ebc485550, shape=torch.Size([64, 1, 1024, 512]), dtype=torch.float64
  Object: id(cpu)=0x7f8ec458f990, id(device)=0x7f8ec458f990, type=AllcloseConfig
[DEVICE MOVEMENT] Completed


[DEVICE MOVEMENT] Moving args to device: cpu
  Tensor: id(cpu)=0x7f8ec43d37d0, id(device)=0x7f8ec43d37d0, shape=torch.Size([64, 1, 1024, 64]), dtype=torch.float64
  Tensor: id(cpu)=0x7f8ebc4863f0, id(device)=0x7f8ebc4863f0, shape=torch.Size([64, 1, 1024, 64]), dtype=torch.float64
  Object: id(cpu)=0x7f8ec458f990, id(device)=0x7f8ec458f990, type=AllcloseConfig
[DEVICE MOVEMENT] Completed


[DEVICE MOVEMENT] Moving args to device: cpu
  Tensor: id(cpu)=0x7f8ec56c7a70, id(device)=0x7f8ec56c7a70, shape=torch.Size([64, 1, 7168]), dtype=torch.float64
  Object: id(cpu)=0x93f100, id(device)=0x93f100, type=NoneType
  Tensor: id(cpu)=0x7f8ec56c79b0, id(device)=0x7f8ec56c79b0, shape=torch.Size([64, 1, 1024, 512]), dtype=torch.float64
  Tensor: id(cpu)=0x7f8ec43d37d0, id(device)=0x7f8ec43d37d0, shape=torch.Size([64, 1, 1024, 64]), dtype=torch.float64
  Tensor: id(cpu)=0x7f8b502304d0, id(device)=0x7f8b502304d0, shape=torch.Size([64, 1, 7168]), dtype=torch.float64
  Object: id(cpu)=0x93f100, id(device)=0x93f100, type=NoneType
  Tensor: id(cpu)=0x7f8ebc485550, id(device)=0x7f8ebc485550, shape=torch.Size([64, 1, 1024, 512]), dtype=torch.float64
  Tensor: id(cpu)=0x7f8ebc4863f0, id(device)=0x7f8ebc4863f0, shape=torch.Size([64, 1, 1024, 64]), dtype=torch.float64
  Object: id(cpu)=0x7f8ec458f9d0, id(device)=0x7f8ec458f9d0, type=AllcloseConfig
[DEVICE MOVEMENT] Completed

PASSED

=============================== warnings summary ===============================
tests/torch/models/kimi_k2/test_kimi_k2.py::test_kimi_k2_attention_decode
  /localdev/jameszianxu/tt-xla/venv/lib/python3.11/site-packages/torch_xla/runtime.py:213: UserWarning: XLA_USE_SPMD is being deprecated. Use torch_xla.runtime.use_spmd() without setting XLA_USE_SPMD env-var.
    warnings.warn("XLA_USE_SPMD is being deprecated. "

-- Docs: https://docs.pytest.org/en/stable/how-to/capture-warnings.html
======================== 1 passed, 1 warning in 19.59s =========================
2026-02-10 20:35:40.554 (  21.697s) [        C75E3480]     buffer_instance.cc:408      1| BufferInstance::PJRT_Buffer_Destroy
2026-02-10 20:35:40.554 (  21.697s) [        C75E3480]     buffer_instance.cc:408      1| BufferInstance::PJRT_Buffer_Destroy
2026-02-10 20:35:40.554 (  21.697s) [        C75E3480]     buffer_instance.cc:408      1| BufferInstance::PJRT_Buffer_Destroy
2026-02-10 20:35:40.554 (  21.697s) [        C75E3480]     buffer_instance.cc:408      1| BufferInstance::PJRT_Buffer_Destroy
2026-02-10 20:35:40.554 (  21.697s) [        C75E3480]     buffer_instance.cc:408      1| BufferInstance::PJRT_Buffer_Destroy
2026-02-10 20:35:40.554 (  21.698s) [        C75E3480]     buffer_instance.cc:408      1| BufferInstance::PJRT_Buffer_Destroy
2026-02-10 20:35:40.554 (  21.698s) [        C75E3480]     buffer_instance.cc:408      1| BufferInstance::PJRT_Buffer_Destroy
2026-02-10 20:35:40.554 (  21.698s) [        C75E3480]     buffer_instance.cc:408      1| BufferInstance::PJRT_Buffer_Destroy
2026-02-10 20:35:40.554 (  21.698s) [        C75E3480]     buffer_instance.cc:408      1| BufferInstance::PJRT_Buffer_Destroy
2026-02-10 20:35:40.554 (  21.698s) [        C75E3480]     buffer_instance.cc:408      1| BufferInstance::PJRT_Buffer_Destroy
2026-02-10 20:35:40.554 (  21.698s) [        C75E3480]     buffer_instance.cc:408      1| BufferInstance::PJRT_Buffer_Destroy
2026-02-10 20:35:40.554 (  21.698s) [        C75E3480]     buffer_instance.cc:408      1| BufferInstance::PJRT_Buffer_Destroy
2026-02-10 20:35:40.554 (  21.698s) [        C75E3480]     buffer_instance.cc:408      1| BufferInstance::PJRT_Buffer_Destroy
2026-02-10 20:35:40.554 (  21.698s) [        C75E3480]     buffer_instance.cc:408      1| BufferInstance::PJRT_Buffer_Destroy
2026-02-10 20:35:40.554 (  21.698s) [        C75E3480]     buffer_instance.cc:408      1| BufferInstance::PJRT_Buffer_Destroy
2026-02-10 20:35:40.554 (  21.698s) [        C75E3480]     buffer_instance.cc:408      1| BufferInstance::PJRT_Buffer_Destroy
2026-02-10 20:35:40.554 (  21.698s) [        C75E3480]     buffer_instance.cc:408      1| BufferInstance::PJRT_Buffer_Destroy
2026-02-10 20:35:40.554 (  21.698s) [        C75E3480]     buffer_instance.cc:408      1| BufferInstance::PJRT_Buffer_Destroy
2026-02-10 20:35:40.554 (  21.698s) [        C75E3480]     buffer_instance.cc:408      1| BufferInstance::PJRT_Buffer_Destroy
2026-02-10 20:35:40.554 (  21.698s) [        C75E3480]     buffer_instance.cc:408      1| BufferInstance::PJRT_Buffer_Destroy
2026-02-10 20:35:40.554 (  21.698s) [        C75E3480]     buffer_instance.cc:408      1| BufferInstance::PJRT_Buffer_Destroy
2026-02-10 20:35:40.554 (  21.698s) [        C75E3480]     buffer_instance.cc:408      1| BufferInstance::PJRT_Buffer_Destroy
2026-02-10 20:35:40.554 (  21.698s) [        C75E3480]     buffer_instance.cc:408      1| BufferInstance::PJRT_Buffer_Destroy
2026-02-10 20:35:40.554 (  21.698s) [        C75E3480]     buffer_instance.cc:408      1| BufferInstance::PJRT_Buffer_Destroy
2026-02-10 20:35:40.554 (  21.698s) [        C75E3480]     buffer_instance.cc:408      1| BufferInstance::PJRT_Buffer_Destroy
2026-02-10 20:35:40.554 (  21.698s) [        C75E3480]     buffer_instance.cc:408      1| BufferInstance::PJRT_Buffer_Destroy
2026-02-10 20:35:40.554 (  21.698s) [        C75E3480]     buffer_instance.cc:408      1| BufferInstance::PJRT_Buffer_Destroy
2026-02-10 20:35:40.554 (  21.698s) [        C75E3480]     buffer_instance.cc:408      1| BufferInstance::PJRT_Buffer_Destroy
2026-02-10 20:35:40.554 (  21.698s) [        C75E3480]     buffer_instance.cc:408      1| BufferInstance::PJRT_Buffer_Destroy
2026-02-10 20:35:40.554 (  21.698s) [        C75E3480]     buffer_instance.cc:408      1| BufferInstance::PJRT_Buffer_Destroy
2026-02-10 20:35:40.554 (  21.698s) [        C75E3480]     buffer_instance.cc:408      1| BufferInstance::PJRT_Buffer_Destroy
2026-02-10 20:35:40.554 (  21.698s) [        C75E3480]     buffer_instance.cc:408      1| BufferInstance::PJRT_Buffer_Destroy
2026-02-10 20:35:40.554 (  21.698s) [        C75E3480]     buffer_instance.cc:408      1| BufferInstance::PJRT_Buffer_Destroy
2026-02-10 20:35:40.554 (  21.698s) [        C75E3480]     buffer_instance.cc:408      1| BufferInstance::PJRT_Buffer_Destroy
2026-02-10 20:35:40.554 (  21.698s) [        C75E3480]     buffer_instance.cc:408      1| BufferInstance::PJRT_Buffer_Destroy
2026-02-10 20:35:40.554 (  21.698s) [        C75E3480]     buffer_instance.cc:408      1| BufferInstance::PJRT_Buffer_Destroy
2026-02-10 20:35:40.554 (  21.698s) [        C75E3480]     buffer_instance.cc:408      1| BufferInstance::PJRT_Buffer_Destroy
2026-02-10 20:35:40.554 (  21.698s) [        C75E3480]     buffer_instance.cc:408      1| BufferInstance::PJRT_Buffer_Destroy
2026-02-10 20:35:40.554 (  21.698s) [        C75E3480]     buffer_instance.cc:408      1| BufferInstance::PJRT_Buffer_Destroy
2026-02-10 20:35:40.554 (  21.698s) [        C75E3480]     buffer_instance.cc:408      1| BufferInstance::PJRT_Buffer_Destroy
2026-02-10 20:35:40.554 (  21.698s) [        C75E3480]     buffer_instance.cc:408      1| BufferInstance::PJRT_Buffer_Destroy
2026-02-10 20:35:40.555 (  21.698s) [        C75E3480]     buffer_instance.cc:408      1| BufferInstance::PJRT_Buffer_Destroy
2026-02-10 20:35:40.555 (  21.698s) [        C75E3480]     buffer_instance.cc:408      1| BufferInstance::PJRT_Buffer_Destroy
2026-02-10 20:35:40.555 (  21.698s) [        C75E3480]     buffer_instance.cc:408      1| BufferInstance::PJRT_Buffer_Destroy
2026-02-10 20:35:40.555 (  21.698s) [        C75E3480]     buffer_instance.cc:408      1| BufferInstance::PJRT_Buffer_Destroy
2026-02-10 20:35:40.555 (  21.698s) [        C75E3480]     buffer_instance.cc:408      1| BufferInstance::PJRT_Buffer_Destroy
2026-02-10 20:35:40.555 (  21.698s) [        C75E3480]     buffer_instance.cc:408      1| BufferInstance::PJRT_Buffer_Destroy
2026-02-10 20:35:40.555 (  21.698s) [        C75E3480]     buffer_instance.cc:408      1| BufferInstance::PJRT_Buffer_Destroy
2026-02-10 20:35:40.555 (  21.698s) [        C75E3480]     buffer_instance.cc:408      1| BufferInstance::PJRT_Buffer_Destroy
2026-02-10 20:35:40.555 (  21.698s) [        C75E3480]     buffer_instance.cc:408      1| BufferInstance::PJRT_Buffer_Destroy
2026-02-10 20:35:40.555 (  21.699s) [        C75E3480]     buffer_instance.cc:408      1| BufferInstance::PJRT_Buffer_Destroy
2026-02-10 20:35:40.555 (  21.699s) [        C75E3480]     buffer_instance.cc:408      1| BufferInstance::PJRT_Buffer_Destroy
2026-02-10 20:35:40.555 (  21.699s) [        C75E3480]     buffer_instance.cc:408      1| BufferInstance::PJRT_Buffer_Destroy
2026-02-10 20:35:40.555 (  21.699s) [        C75E3480]     buffer_instance.cc:408      1| BufferInstance::PJRT_Buffer_Destroy
2026-02-10 20:35:40.555 (  21.699s) [        C75E3480]     buffer_instance.cc:408      1| BufferInstance::PJRT_Buffer_Destroy
2026-02-10 20:35:40.555 (  21.699s) [        C75E3480]     buffer_instance.cc:408      1| BufferInstance::PJRT_Buffer_Destroy
2026-02-10 20:35:40.555 (  21.699s) [        C75E3480]     buffer_instance.cc:408      1| BufferInstance::PJRT_Buffer_Destroy
2026-02-10 20:35:40.555 (  21.699s) [        C75E3480]     buffer_instance.cc:408      1| BufferInstance::PJRT_Buffer_Destroy
2026-02-10 20:35:40.555 (  21.699s) [        C75E3480]     buffer_instance.cc:408      1| BufferInstance::PJRT_Buffer_Destroy
2026-02-10 20:35:40.555 (  21.699s) [        C75E3480]     buffer_instance.cc:408      1| BufferInstance::PJRT_Buffer_Destroy
2026-02-10 20:35:40.555 (  21.699s) [        C75E3480]     buffer_instance.cc:408      1| BufferInstance::PJRT_Buffer_Destroy
2026-02-10 20:35:40.555 (  21.699s) [        C75E3480]     buffer_instance.cc:408      1| BufferInstance::PJRT_Buffer_Destroy
2026-02-10 20:35:40.556 (  21.699s) [        C75E3480]     buffer_instance.cc:408      1| BufferInstance::PJRT_Buffer_Destroy
2026-02-10 20:35:40.556 (  21.699s) [        C75E3480]     buffer_instance.cc:408      1| BufferInstance::PJRT_Buffer_Destroy
2026-02-10 20:35:40.556 (  21.699s) [        C75E3480]     buffer_instance.cc:408      1| BufferInstance::PJRT_Buffer_Destroy
2026-02-10 20:35:40.560 (  21.703s) [        C75E3480]     buffer_instance.cc:408      1| BufferInstance::PJRT_Buffer_Destroy
2026-02-10 20:35:40.563 (  21.706s) [        C75E3480]     buffer_instance.cc:408      1| BufferInstance::PJRT_Buffer_Destroy
2026-02-10 20:35:40.567 (  21.711s) [        C75E3480]     buffer_instance.cc:408      1| BufferInstance::PJRT_Buffer_Destroy
2026-02-10 20:35:40.571 (  21.714s) [        C75E3480]     buffer_instance.cc:408      1| BufferInstance::PJRT_Buffer_Destroy
2026-02-10 20:35:40.574 (  21.718s) [        C75E3480]     buffer_instance.cc:408      1| BufferInstance::PJRT_Buffer_Destroy
2026-02-10 20:35:40.578 (  21.722s) [        C75E3480]     buffer_instance.cc:408      1| BufferInstance::PJRT_Buffer_Destroy
2026-02-10 20:35:40.581 (  21.725s) [        C75E3480]     buffer_instance.cc:408      1| BufferInstance::PJRT_Buffer_Destroy
2026-02-10 20:35:40.585 (  21.728s) [        C75E3480]     buffer_instance.cc:408      1| BufferInstance::PJRT_Buffer_Destroy
2026-02-10 20:35:40.585 (  21.728s) [        C75E3480]     buffer_instance.cc:408      1| BufferInstance::PJRT_Buffer_Destroy
2026-02-10 20:35:40.585 (  21.728s) [        C75E3480]     buffer_instance.cc:408      1| BufferInstance::PJRT_Buffer_Destroy
2026-02-10 20:35:40.585 (  21.728s) [        C75E3480]     buffer_instance.cc:408      1| BufferInstance::PJRT_Buffer_Destroy
2026-02-10 20:35:40.585 (  21.729s) [        C75E3480]     buffer_instance.cc:408      1| BufferInstance::PJRT_Buffer_Destroy
2026-02-10 20:35:40.585 (  21.729s) [        C75E3480]     buffer_instance.cc:408      1| BufferInstance::PJRT_Buffer_Destroy
2026-02-10 20:35:40.585 (  21.729s) [        C75E3480]     buffer_instance.cc:408      1| BufferInstance::PJRT_Buffer_Destroy
2026-02-10 20:35:40.585 (  21.729s) [        C75E3480]     buffer_instance.cc:408      1| BufferInstance::PJRT_Buffer_Destroy
2026-02-10 20:35:40.585 (  21.729s) [        C75E3480]     buffer_instance.cc:408      1| BufferInstance::PJRT_Buffer_Destroy
2026-02-10 20:35:40.585 (  21.729s) [        C75E3480]     buffer_instance.cc:408      1| BufferInstance::PJRT_Buffer_Destroy
2026-02-10 20:35:40.585 (  21.729s) [        C75E3480]     buffer_instance.cc:408      1| BufferInstance::PJRT_Buffer_Destroy
2026-02-10 20:35:40.585 (  21.729s) [        C75E3480]     buffer_instance.cc:408      1| BufferInstance::PJRT_Buffer_Destroy
2026-02-10 20:35:40.585 (  21.729s) [        C75E3480]     buffer_instance.cc:408      1| BufferInstance::PJRT_Buffer_Destroy
2026-02-10 20:35:40.586 (  21.729s) [        C75E3480]     buffer_instance.cc:408      1| BufferInstance::PJRT_Buffer_Destroy
2026-02-10 20:35:40.586 (  21.729s) [        C75E3480]     buffer_instance.cc:408      1| BufferInstance::PJRT_Buffer_Destroy
2026-02-10 20:35:40.586 (  21.729s) [        C75E3480]     buffer_instance.cc:408      1| BufferInstance::PJRT_Buffer_Destroy
2026-02-10 20:35:40.586 (  21.729s) [        C75E3480]     buffer_instance.cc:408      1| BufferInstance::PJRT_Buffer_Destroy
2026-02-10 20:35:40.586 (  21.729s) [        C75E3480]     buffer_instance.cc:408      1| BufferInstance::PJRT_Buffer_Destroy
2026-02-10 20:35:40.586 (  21.729s) [        C75E3480]     buffer_instance.cc:408      1| BufferInstance::PJRT_Buffer_Destroy
2026-02-10 20:35:40.586 (  21.729s) [        C75E3480]     buffer_instance.cc:408      1| BufferInstance::PJRT_Buffer_Destroy
2026-02-10 20:35:40.586 (  21.729s) [        C75E3480]     buffer_instance.cc:408      1| BufferInstance::PJRT_Buffer_Destroy
2026-02-10 20:35:40.586 (  21.729s) [        C75E3480]     buffer_instance.cc:408      1| BufferInstance::PJRT_Buffer_Destroy
2026-02-10 20:35:40.586 (  21.730s) [        C75E3480]     buffer_instance.cc:408      1| BufferInstance::PJRT_Buffer_Destroy
2026-02-10 20:35:40.586 (  21.730s) [        C75E3480]     buffer_instance.cc:408      1| BufferInstance::PJRT_Buffer_Destroy
2026-02-10 20:35:40.586 (  21.730s) [        C75E3480]     buffer_instance.cc:408      1| BufferInstance::PJRT_Buffer_Destroy
2026-02-10 20:35:40.586 (  21.730s) [        C75E3480]     buffer_instance.cc:408      1| BufferInstance::PJRT_Buffer_Destroy
2026-02-10 20:35:40.586 (  21.730s) [        C75E3480]     buffer_instance.cc:408      1| BufferInstance::PJRT_Buffer_Destroy
2026-02-10 20:35:40.586 (  21.730s) [        C75E3480]     buffer_instance.cc:408      1| BufferInstance::PJRT_Buffer_Destroy
2026-02-10 20:35:40.586 (  21.730s) [        C75E3480]     buffer_instance.cc:408      1| BufferInstance::PJRT_Buffer_Destroy
2026-02-10 20:35:40.586 (  21.730s) [        C75E3480]     buffer_instance.cc:408      1| BufferInstance::PJRT_Buffer_Destroy
2026-02-10 20:35:40.586 (  21.730s) [        C75E3480]     buffer_instance.cc:408      1| BufferInstance::PJRT_Buffer_Destroy
2026-02-10 20:35:40.586 (  21.730s) [        C75E3480]     buffer_instance.cc:408      1| BufferInstance::PJRT_Buffer_Destroy
2026-02-10 20:35:40.587 (  21.730s) [        C75E3480]     buffer_instance.cc:408      1| BufferInstance::PJRT_Buffer_Destroy
2026-02-10 20:35:40.587 (  21.730s) [        C75E3480]     buffer_instance.cc:408      1| BufferInstance::PJRT_Buffer_Destroy
2026-02-10 20:35:40.587 (  21.730s) [        C75E3480]     buffer_instance.cc:408      1| BufferInstance::PJRT_Buffer_Destroy
2026-02-10 20:35:40.587 (  21.730s) [        C75E3480]     buffer_instance.cc:408      1| BufferInstance::PJRT_Buffer_Destroy
2026-02-10 20:35:40.587 (  21.730s) [        C75E3480]     buffer_instance.cc:408      1| BufferInstance::PJRT_Buffer_Destroy
2026-02-10 20:35:40.587 (  21.730s) [        C75E3480]     buffer_instance.cc:408      1| BufferInstance::PJRT_Buffer_Destroy
2026-02-10 20:35:40.587 (  21.730s) [        C75E3480]     buffer_instance.cc:408      1| BufferInstance::PJRT_Buffer_Destroy
2026-02-10 20:35:40.587 (  21.730s) [        C75E3480]     buffer_instance.cc:408      1| BufferInstance::PJRT_Buffer_Destroy
2026-02-10 20:35:40.587 (  21.730s) [        C75E3480]     buffer_instance.cc:408      1| BufferInstance::PJRT_Buffer_Destroy
2026-02-10 20:35:40.587 (  21.731s) [        C75E3480]     buffer_instance.cc:408      1| BufferInstance::PJRT_Buffer_Destroy
2026-02-10 20:35:40.587 (  21.731s) [        C75E3480]     buffer_instance.cc:408      1| BufferInstance::PJRT_Buffer_Destroy
2026-02-10 20:35:40.587 (  21.731s) [        C75E3480]     buffer_instance.cc:408      1| BufferInstance::PJRT_Buffer_Destroy
2026-02-10 20:35:40.587 (  21.731s) [        C75E3480]     buffer_instance.cc:408      1| BufferInstance::PJRT_Buffer_Destroy
2026-02-10 20:35:40.587 (  21.731s) [        C75E3480]     buffer_instance.cc:408      1| BufferInstance::PJRT_Buffer_Destroy
2026-02-10 20:35:40.587 (  21.731s) [        C75E3480]     buffer_instance.cc:408      1| BufferInstance::PJRT_Buffer_Destroy
2026-02-10 20:35:40.587 (  21.731s) [        C75E3480]     buffer_instance.cc:408      1| BufferInstance::PJRT_Buffer_Destroy
2026-02-10 20:35:40.778 (  21.922s) [        C75E3480]     client_instance.cc:193      1| ClientInstance::~ClientInstance
2026-02-10 20:35:40.778 (  21.922s) [        C75E3480]     client_instance.cc:467      1| Closing parent mesh.
